[0.018s] Invoking command in '/home/hug/turtlebot3_ws/src/turtlebot3_simulations_and_reality/build/turtlebot3_opentcs_simulations': /usr/bin/cmake --build /home/hug/turtlebot3_ws/src/turtlebot3_simulations_and_reality/build/turtlebot3_opentcs_simulations -- -j16 -l16
[0.057s] Invoked command in '/home/hug/turtlebot3_ws/src/turtlebot3_simulations_and_reality/build/turtlebot3_opentcs_simulations' returned '0': /usr/bin/cmake --build /home/hug/turtlebot3_ws/src/turtlebot3_simulations_and_reality/build/turtlebot3_opentcs_simulations -- -j16 -l16
[0.059s] Invoking command in '/home/hug/turtlebot3_ws/src/turtlebot3_simulations_and_reality/build/turtlebot3_opentcs_simulations': /usr/bin/cmake --install /home/hug/turtlebot3_ws/src/turtlebot3_simulations_and_reality/build/turtlebot3_opentcs_simulations
[0.073s] -- Install configuration: ""
[0.074s] -- Up-to-date: /home/hug/turtlebot3_ws/src/turtlebot3_simulations_and_reality/install/turtlebot3_opentcs_simulations/share/ament_index/resource_index/package_run_dependencies/turtlebot3_opentcs_simulations
[0.074s] -- Up-to-date: /home/hug/turtlebot3_ws/src/turtlebot3_simulations_and_reality/install/turtlebot3_opentcs_simulations/share/ament_index/resource_index/parent_prefix_path/turtlebot3_opentcs_simulations
[0.074s] -- Up-to-date: /home/hug/turtlebot3_ws/src/turtlebot3_simulations_and_reality/install/turtlebot3_opentcs_simulations/share/turtlebot3_opentcs_simulations/environment/ament_prefix_path.sh
[0.074s] -- Up-to-date: /home/hug/turtlebot3_ws/src/turtlebot3_simulations_and_reality/install/turtlebot3_opentcs_simulations/share/turtlebot3_opentcs_simulations/environment/ament_prefix_path.dsv
[0.074s] -- Up-to-date: /home/hug/turtlebot3_ws/src/turtlebot3_simulations_and_reality/install/turtlebot3_opentcs_simulations/share/turtlebot3_opentcs_simulations/environment/path.sh
[0.074s] -- Up-to-date: /home/hug/turtlebot3_ws/src/turtlebot3_simulations_and_reality/install/turtlebot3_opentcs_simulations/share/turtlebot3_opentcs_simulations/environment/path.dsv
[0.074s] -- Up-to-date: /home/hug/turtlebot3_ws/src/turtlebot3_simulations_and_reality/install/turtlebot3_opentcs_simulations/share/turtlebot3_opentcs_simulations/local_setup.bash
[0.074s] -- Up-to-date: /home/hug/turtlebot3_ws/src/turtlebot3_simulations_and_reality/install/turtlebot3_opentcs_simulations/share/turtlebot3_opentcs_simulations/local_setup.sh
[0.074s] -- Up-to-date: /home/hug/turtlebot3_ws/src/turtlebot3_simulations_and_reality/install/turtlebot3_opentcs_simulations/share/turtlebot3_opentcs_simulations/local_setup.zsh
[0.074s] -- Up-to-date: /home/hug/turtlebot3_ws/src/turtlebot3_simulations_and_reality/install/turtlebot3_opentcs_simulations/share/turtlebot3_opentcs_simulations/local_setup.dsv
[0.074s] -- Up-to-date: /home/hug/turtlebot3_ws/src/turtlebot3_simulations_and_reality/install/turtlebot3_opentcs_simulations/share/turtlebot3_opentcs_simulations/package.dsv
[0.074s] -- Up-to-date: /home/hug/turtlebot3_ws/src/turtlebot3_simulations_and_reality/install/turtlebot3_opentcs_simulations/share/ament_index/resource_index/packages/turtlebot3_opentcs_simulations
[0.074s] -- Up-to-date: /home/hug/turtlebot3_ws/src/turtlebot3_simulations_and_reality/install/turtlebot3_opentcs_simulations/share/turtlebot3_opentcs_simulations/cmake/turtlebot3_opentcs_simulationsConfig.cmake
[0.075s] -- Up-to-date: /home/hug/turtlebot3_ws/src/turtlebot3_simulations_and_reality/install/turtlebot3_opentcs_simulations/share/turtlebot3_opentcs_simulations/cmake/turtlebot3_opentcs_simulationsConfig-version.cmake
[0.075s] -- Up-to-date: /home/hug/turtlebot3_ws/src/turtlebot3_simulations_and_reality/install/turtlebot3_opentcs_simulations/share/turtlebot3_opentcs_simulations/package.xml
[0.075s] Invoked command in '/home/hug/turtlebot3_ws/src/turtlebot3_simulations_and_reality/build/turtlebot3_opentcs_simulations' returned '0': /usr/bin/cmake --install /home/hug/turtlebot3_ws/src/turtlebot3_simulations_and_reality/build/turtlebot3_opentcs_simulations
