[0.080s] DEBUG:colcon:Command line arguments: ['/usr/bin/colcon', 'build', '--symlink-install', '--packages-select', 'turtlebot3_drl_nav2_controller', '--cmake-args', '-DCMAKE_EXPORT_COMPILE_COMMANDS=ON']
[0.080s] DEBUG:colcon:Parsed command line arguments: Namespace(log_base=None, log_level=None, verb_name='build', build_base='build', install_base='install', merge_install=False, symlink_install=True, test_result_base=None, continue_on_error=False, executor='parallel', parallel_workers=16, event_handlers=None, ignore_user_meta=False, metas=['./colcon.meta'], base_paths=['.'], packages_ignore=None, packages_ignore_regex=None, paths=None, packages_up_to=None, packages_up_to_regex=None, packages_above=None, packages_above_and_dependencies=None, packages_above_depth=None, packages_select_by_dep=None, packages_skip_by_dep=None, packages_skip_up_to=None, packages_select_build_failed=False, packages_skip_build_finished=False, packages_select_test_failures=False, packages_skip_test_passed=False, packages_select=['turtlebot3_drl_nav2_controller'], packages_skip=None, packages_select_regex=None, packages_skip_regex=None, packages_start=None, packages_end=None, allow_overriding=[], cmake_args=['-DCMAKE_EXPORT_COMPILE_COMMANDS=ON'], cmake_target=None, cmake_target_skip_unavailable=False, cmake_clean_cache=False, cmake_clean_first=False, cmake_force_configure=False, ament_cmake_args=None, catkin_cmake_args=None, catkin_skip_building_tests=False, mixin_files=None, mixin=None, verb_parser=<colcon_mixin.mixin.mixin_argument.MixinArgumentDecorator object at 0x7d8e47395660>, verb_extension=<colcon_core.verb.build.BuildVerb object at 0x7d8e473aa680>, main=<bound method BuildVerb.main of <colcon_core.verb.build.BuildVerb object at 0x7d8e473aa680>>, mixin_verb=('build',))
[0.178s] Level 1:colcon.colcon_core.package_discovery:discover_packages(colcon_meta) check parameters
[0.179s] Level 1:colcon.colcon_core.package_discovery:discover_packages(recursive) check parameters
[0.179s] Level 1:colcon.colcon_core.package_discovery:discover_packages(ignore) check parameters
[0.179s] Level 1:colcon.colcon_core.package_discovery:discover_packages(path) check parameters
[0.179s] Level 1:colcon.colcon_core.package_discovery:discover_packages(colcon_meta) discover
[0.179s] Level 1:colcon.colcon_core.package_discovery:discover_packages(recursive) discover
[0.179s] INFO:colcon.colcon_core.package_discovery:Crawling recursively for packages in '/home/hug/tb3_sim_ws'
[0.179s] Level 1:colcon.colcon_core.package_identification:_identify(.) by extensions ['ignore', 'ignore_ament_install']
[0.179s] Level 1:colcon.colcon_core.package_identification:_identify(.) by extension 'ignore'
[0.179s] Level 1:colcon.colcon_core.package_identification:_identify(.) by extension 'ignore_ament_install'
[0.179s] Level 1:colcon.colcon_core.package_identification:_identify(.) by extensions ['colcon_pkg']
[0.179s] Level 1:colcon.colcon_core.package_identification:_identify(.) by extension 'colcon_pkg'
[0.179s] Level 1:colcon.colcon_core.package_identification:_identify(.) by extensions ['colcon_meta']
[0.179s] Level 1:colcon.colcon_core.package_identification:_identify(.) by extension 'colcon_meta'
[0.179s] Level 1:colcon.colcon_core.package_identification:_identify(.) by extensions ['ros']
[0.179s] Level 1:colcon.colcon_core.package_identification:_identify(.) by extension 'ros'
[0.186s] Level 1:colcon.colcon_core.package_identification:_identify(.) by extensions ['cmake', 'python']
[0.186s] Level 1:colcon.colcon_core.package_identification:_identify(.) by extension 'cmake'
[0.186s] Level 1:colcon.colcon_core.package_identification:_identify(.) by extension 'python'
[0.186s] Level 1:colcon.colcon_core.package_identification:_identify(.) by extensions ['python_setup_py']
[0.186s] Level 1:colcon.colcon_core.package_identification:_identify(.) by extension 'python_setup_py'
[0.186s] Level 1:colcon.colcon_core.package_identification:_identify(build) by extensions ['ignore', 'ignore_ament_install']
[0.186s] Level 1:colcon.colcon_core.package_identification:_identify(build) by extension 'ignore'
[0.186s] Level 1:colcon.colcon_core.package_identification:_identify(build) ignored
[0.187s] Level 1:colcon.colcon_core.package_identification:_identify(install) by extensions ['ignore', 'ignore_ament_install']
[0.187s] Level 1:colcon.colcon_core.package_identification:_identify(install) by extension 'ignore'
[0.187s] Level 1:colcon.colcon_core.package_identification:_identify(install) ignored
[0.187s] Level 1:colcon.colcon_core.package_identification:_identify(log) by extensions ['ignore', 'ignore_ament_install']
[0.187s] Level 1:colcon.colcon_core.package_identification:_identify(log) by extension 'ignore'
[0.187s] Level 1:colcon.colcon_core.package_identification:_identify(log) ignored
[0.187s] Level 1:colcon.colcon_core.package_identification:_identify(runs) by extensions ['ignore', 'ignore_ament_install']
[0.187s] Level 1:colcon.colcon_core.package_identification:_identify(runs) by extension 'ignore'
[0.187s] Level 1:colcon.colcon_core.package_identification:_identify(runs) by extension 'ignore_ament_install'
[0.187s] Level 1:colcon.colcon_core.package_identification:_identify(runs) by extensions ['colcon_pkg']
[0.187s] Level 1:colcon.colcon_core.package_identification:_identify(runs) by extension 'colcon_pkg'
[0.187s] Level 1:colcon.colcon_core.package_identification:_identify(runs) by extensions ['colcon_meta']
[0.187s] Level 1:colcon.colcon_core.package_identification:_identify(runs) by extension 'colcon_meta'
[0.187s] Level 1:colcon.colcon_core.package_identification:_identify(runs) by extensions ['ros']
[0.187s] Level 1:colcon.colcon_core.package_identification:_identify(runs) by extension 'ros'
[0.187s] Level 1:colcon.colcon_core.package_identification:_identify(runs) by extensions ['cmake', 'python']
[0.187s] Level 1:colcon.colcon_core.package_identification:_identify(runs) by extension 'cmake'
[0.187s] Level 1:colcon.colcon_core.package_identification:_identify(runs) by extension 'python'
[0.187s] Level 1:colcon.colcon_core.package_identification:_identify(runs) by extensions ['python_setup_py']
[0.187s] Level 1:colcon.colcon_core.package_identification:_identify(runs) by extension 'python_setup_py'
[0.187s] Level 1:colcon.colcon_core.package_identification:_identify(runs/gap_sac_20260428_231530) by extensions ['ignore', 'ignore_ament_install']
[0.187s] Level 1:colcon.colcon_core.package_identification:_identify(runs/gap_sac_20260428_231530) by extension 'ignore'
[0.187s] Level 1:colcon.colcon_core.package_identification:_identify(runs/gap_sac_20260428_231530) by extension 'ignore_ament_install'
[0.188s] Level 1:colcon.colcon_core.package_identification:_identify(runs/gap_sac_20260428_231530) by extensions ['colcon_pkg']
[0.188s] Level 1:colcon.colcon_core.package_identification:_identify(runs/gap_sac_20260428_231530) by extension 'colcon_pkg'
[0.188s] Level 1:colcon.colcon_core.package_identification:_identify(runs/gap_sac_20260428_231530) by extensions ['colcon_meta']
[0.188s] Level 1:colcon.colcon_core.package_identification:_identify(runs/gap_sac_20260428_231530) by extension 'colcon_meta'
[0.188s] Level 1:colcon.colcon_core.package_identification:_identify(runs/gap_sac_20260428_231530) by extensions ['ros']
[0.188s] Level 1:colcon.colcon_core.package_identification:_identify(runs/gap_sac_20260428_231530) by extension 'ros'
[0.188s] Level 1:colcon.colcon_core.package_identification:_identify(runs/gap_sac_20260428_231530) by extensions ['cmake', 'python']
[0.188s] Level 1:colcon.colcon_core.package_identification:_identify(runs/gap_sac_20260428_231530) by extension 'cmake'
[0.188s] Level 1:colcon.colcon_core.package_identification:_identify(runs/gap_sac_20260428_231530) by extension 'python'
[0.188s] Level 1:colcon.colcon_core.package_identification:_identify(runs/gap_sac_20260428_231530) by extensions ['python_setup_py']
[0.188s] Level 1:colcon.colcon_core.package_identification:_identify(runs/gap_sac_20260428_231530) by extension 'python_setup_py'
[0.188s] Level 1:colcon.colcon_core.package_identification:_identify(runs/gap_sac_20260428_233155) by extensions ['ignore', 'ignore_ament_install']
[0.188s] Level 1:colcon.colcon_core.package_identification:_identify(runs/gap_sac_20260428_233155) by extension 'ignore'
[0.188s] Level 1:colcon.colcon_core.package_identification:_identify(runs/gap_sac_20260428_233155) by extension 'ignore_ament_install'
[0.188s] Level 1:colcon.colcon_core.package_identification:_identify(runs/gap_sac_20260428_233155) by extensions ['colcon_pkg']
[0.188s] Level 1:colcon.colcon_core.package_identification:_identify(runs/gap_sac_20260428_233155) by extension 'colcon_pkg'
[0.188s] Level 1:colcon.colcon_core.package_identification:_identify(runs/gap_sac_20260428_233155) by extensions ['colcon_meta']
[0.188s] Level 1:colcon.colcon_core.package_identification:_identify(runs/gap_sac_20260428_233155) by extension 'colcon_meta'
[0.188s] Level 1:colcon.colcon_core.package_identification:_identify(runs/gap_sac_20260428_233155) by extensions ['ros']
[0.188s] Level 1:colcon.colcon_core.package_identification:_identify(runs/gap_sac_20260428_233155) by extension 'ros'
[0.188s] Level 1:colcon.colcon_core.package_identification:_identify(runs/gap_sac_20260428_233155) by extensions ['cmake', 'python']
[0.188s] Level 1:colcon.colcon_core.package_identification:_identify(runs/gap_sac_20260428_233155) by extension 'cmake'
[0.188s] Level 1:colcon.colcon_core.package_identification:_identify(runs/gap_sac_20260428_233155) by extension 'python'
[0.188s] Level 1:colcon.colcon_core.package_identification:_identify(runs/gap_sac_20260428_233155) by extensions ['python_setup_py']
[0.188s] Level 1:colcon.colcon_core.package_identification:_identify(runs/gap_sac_20260428_233155) by extension 'python_setup_py'
[0.188s] Level 1:colcon.colcon_core.package_identification:_identify(runs/gap_sac_20260428_234305) by extensions ['ignore', 'ignore_ament_install']
[0.188s] Level 1:colcon.colcon_core.package_identification:_identify(runs/gap_sac_20260428_234305) by extension 'ignore'
[0.188s] Level 1:colcon.colcon_core.package_identification:_identify(runs/gap_sac_20260428_234305) by extension 'ignore_ament_install'
[0.188s] Level 1:colcon.colcon_core.package_identification:_identify(runs/gap_sac_20260428_234305) by extensions ['colcon_pkg']
[0.188s] Level 1:colcon.colcon_core.package_identification:_identify(runs/gap_sac_20260428_234305) by extension 'colcon_pkg'
[0.189s] Level 1:colcon.colcon_core.package_identification:_identify(runs/gap_sac_20260428_234305) by extensions ['colcon_meta']
[0.189s] Level 1:colcon.colcon_core.package_identification:_identify(runs/gap_sac_20260428_234305) by extension 'colcon_meta'
[0.189s] Level 1:colcon.colcon_core.package_identification:_identify(runs/gap_sac_20260428_234305) by extensions ['ros']
[0.189s] Level 1:colcon.colcon_core.package_identification:_identify(runs/gap_sac_20260428_234305) by extension 'ros'
[0.189s] Level 1:colcon.colcon_core.package_identification:_identify(runs/gap_sac_20260428_234305) by extensions ['cmake', 'python']
[0.189s] Level 1:colcon.colcon_core.package_identification:_identify(runs/gap_sac_20260428_234305) by extension 'cmake'
[0.189s] Level 1:colcon.colcon_core.package_identification:_identify(runs/gap_sac_20260428_234305) by extension 'python'
[0.189s] Level 1:colcon.colcon_core.package_identification:_identify(runs/gap_sac_20260428_234305) by extensions ['python_setup_py']
[0.189s] Level 1:colcon.colcon_core.package_identification:_identify(runs/gap_sac_20260428_234305) by extension 'python_setup_py'
[0.189s] Level 1:colcon.colcon_core.package_identification:_identify(runs/gap_sac_20260428_235424) by extensions ['ignore', 'ignore_ament_install']
[0.189s] Level 1:colcon.colcon_core.package_identification:_identify(runs/gap_sac_20260428_235424) by extension 'ignore'
[0.189s] Level 1:colcon.colcon_core.package_identification:_identify(runs/gap_sac_20260428_235424) by extension 'ignore_ament_install'
[0.189s] Level 1:colcon.colcon_core.package_identification:_identify(runs/gap_sac_20260428_235424) by extensions ['colcon_pkg']
[0.189s] Level 1:colcon.colcon_core.package_identification:_identify(runs/gap_sac_20260428_235424) by extension 'colcon_pkg'
[0.189s] Level 1:colcon.colcon_core.package_identification:_identify(runs/gap_sac_20260428_235424) by extensions ['colcon_meta']
[0.189s] Level 1:colcon.colcon_core.package_identification:_identify(runs/gap_sac_20260428_235424) by extension 'colcon_meta'
[0.189s] Level 1:colcon.colcon_core.package_identification:_identify(runs/gap_sac_20260428_235424) by extensions ['ros']
[0.189s] Level 1:colcon.colcon_core.package_identification:_identify(runs/gap_sac_20260428_235424) by extension 'ros'
[0.189s] Level 1:colcon.colcon_core.package_identification:_identify(runs/gap_sac_20260428_235424) by extensions ['cmake', 'python']
[0.189s] Level 1:colcon.colcon_core.package_identification:_identify(runs/gap_sac_20260428_235424) by extension 'cmake'
[0.189s] Level 1:colcon.colcon_core.package_identification:_identify(runs/gap_sac_20260428_235424) by extension 'python'
[0.189s] Level 1:colcon.colcon_core.package_identification:_identify(runs/gap_sac_20260428_235424) by extensions ['python_setup_py']
[0.189s] Level 1:colcon.colcon_core.package_identification:_identify(runs/gap_sac_20260428_235424) by extension 'python_setup_py'
[0.189s] Level 1:colcon.colcon_core.package_identification:_identify(runs/gap_sac_20260429_002929) by extensions ['ignore', 'ignore_ament_install']
[0.189s] Level 1:colcon.colcon_core.package_identification:_identify(runs/gap_sac_20260429_002929) by extension 'ignore'
[0.189s] Level 1:colcon.colcon_core.package_identification:_identify(runs/gap_sac_20260429_002929) by extension 'ignore_ament_install'
[0.189s] Level 1:colcon.colcon_core.package_identification:_identify(runs/gap_sac_20260429_002929) by extensions ['colcon_pkg']
[0.189s] Level 1:colcon.colcon_core.package_identification:_identify(runs/gap_sac_20260429_002929) by extension 'colcon_pkg'
[0.189s] Level 1:colcon.colcon_core.package_identification:_identify(runs/gap_sac_20260429_002929) by extensions ['colcon_meta']
[0.189s] Level 1:colcon.colcon_core.package_identification:_identify(runs/gap_sac_20260429_002929) by extension 'colcon_meta'
[0.190s] Level 1:colcon.colcon_core.package_identification:_identify(runs/gap_sac_20260429_002929) by extensions ['ros']
[0.190s] Level 1:colcon.colcon_core.package_identification:_identify(runs/gap_sac_20260429_002929) by extension 'ros'
[0.190s] Level 1:colcon.colcon_core.package_identification:_identify(runs/gap_sac_20260429_002929) by extensions ['cmake', 'python']
[0.190s] Level 1:colcon.colcon_core.package_identification:_identify(runs/gap_sac_20260429_002929) by extension 'cmake'
[0.190s] Level 1:colcon.colcon_core.package_identification:_identify(runs/gap_sac_20260429_002929) by extension 'python'
[0.190s] Level 1:colcon.colcon_core.package_identification:_identify(runs/gap_sac_20260429_002929) by extensions ['python_setup_py']
[0.190s] Level 1:colcon.colcon_core.package_identification:_identify(runs/gap_sac_20260429_002929) by extension 'python_setup_py'
[0.190s] Level 1:colcon.colcon_core.package_identification:_identify(runs/gap_sac_20260429_004859) by extensions ['ignore', 'ignore_ament_install']
[0.190s] Level 1:colcon.colcon_core.package_identification:_identify(runs/gap_sac_20260429_004859) by extension 'ignore'
[0.190s] Level 1:colcon.colcon_core.package_identification:_identify(runs/gap_sac_20260429_004859) by extension 'ignore_ament_install'
[0.190s] Level 1:colcon.colcon_core.package_identification:_identify(runs/gap_sac_20260429_004859) by extensions ['colcon_pkg']
[0.190s] Level 1:colcon.colcon_core.package_identification:_identify(runs/gap_sac_20260429_004859) by extension 'colcon_pkg'
[0.190s] Level 1:colcon.colcon_core.package_identification:_identify(runs/gap_sac_20260429_004859) by extensions ['colcon_meta']
[0.190s] Level 1:colcon.colcon_core.package_identification:_identify(runs/gap_sac_20260429_004859) by extension 'colcon_meta'
[0.190s] Level 1:colcon.colcon_core.package_identification:_identify(runs/gap_sac_20260429_004859) by extensions ['ros']
[0.190s] Level 1:colcon.colcon_core.package_identification:_identify(runs/gap_sac_20260429_004859) by extension 'ros'
[0.190s] Level 1:colcon.colcon_core.package_identification:_identify(runs/gap_sac_20260429_004859) by extensions ['cmake', 'python']
[0.190s] Level 1:colcon.colcon_core.package_identification:_identify(runs/gap_sac_20260429_004859) by extension 'cmake'
[0.190s] Level 1:colcon.colcon_core.package_identification:_identify(runs/gap_sac_20260429_004859) by extension 'python'
[0.191s] Level 1:colcon.colcon_core.package_identification:_identify(runs/gap_sac_20260429_004859) by extensions ['python_setup_py']
[0.191s] Level 1:colcon.colcon_core.package_identification:_identify(runs/gap_sac_20260429_004859) by extension 'python_setup_py'
[0.191s] Level 1:colcon.colcon_core.package_identification:_identify(runs/gap_sac_20260429_075529) by extensions ['ignore', 'ignore_ament_install']
[0.191s] Level 1:colcon.colcon_core.package_identification:_identify(runs/gap_sac_20260429_075529) by extension 'ignore'
[0.191s] Level 1:colcon.colcon_core.package_identification:_identify(runs/gap_sac_20260429_075529) by extension 'ignore_ament_install'
[0.191s] Level 1:colcon.colcon_core.package_identification:_identify(runs/gap_sac_20260429_075529) by extensions ['colcon_pkg']
[0.191s] Level 1:colcon.colcon_core.package_identification:_identify(runs/gap_sac_20260429_075529) by extension 'colcon_pkg'
[0.191s] Level 1:colcon.colcon_core.package_identification:_identify(runs/gap_sac_20260429_075529) by extensions ['colcon_meta']
[0.191s] Level 1:colcon.colcon_core.package_identification:_identify(runs/gap_sac_20260429_075529) by extension 'colcon_meta'
[0.191s] Level 1:colcon.colcon_core.package_identification:_identify(runs/gap_sac_20260429_075529) by extensions ['ros']
[0.191s] Level 1:colcon.colcon_core.package_identification:_identify(runs/gap_sac_20260429_075529) by extension 'ros'
[0.191s] Level 1:colcon.colcon_core.package_identification:_identify(runs/gap_sac_20260429_075529) by extensions ['cmake', 'python']
[0.191s] Level 1:colcon.colcon_core.package_identification:_identify(runs/gap_sac_20260429_075529) by extension 'cmake'
[0.191s] Level 1:colcon.colcon_core.package_identification:_identify(runs/gap_sac_20260429_075529) by extension 'python'
[0.192s] Level 1:colcon.colcon_core.package_identification:_identify(runs/gap_sac_20260429_075529) by extensions ['python_setup_py']
[0.192s] Level 1:colcon.colcon_core.package_identification:_identify(runs/gap_sac_20260429_075529) by extension 'python_setup_py'
[0.192s] Level 1:colcon.colcon_core.package_identification:_identify(runs/gap_sac_20260429_093042) by extensions ['ignore', 'ignore_ament_install']
[0.192s] Level 1:colcon.colcon_core.package_identification:_identify(runs/gap_sac_20260429_093042) by extension 'ignore'
[0.192s] Level 1:colcon.colcon_core.package_identification:_identify(runs/gap_sac_20260429_093042) by extension 'ignore_ament_install'
[0.192s] Level 1:colcon.colcon_core.package_identification:_identify(runs/gap_sac_20260429_093042) by extensions ['colcon_pkg']
[0.192s] Level 1:colcon.colcon_core.package_identification:_identify(runs/gap_sac_20260429_093042) by extension 'colcon_pkg'
[0.192s] Level 1:colcon.colcon_core.package_identification:_identify(runs/gap_sac_20260429_093042) by extensions ['colcon_meta']
[0.192s] Level 1:colcon.colcon_core.package_identification:_identify(runs/gap_sac_20260429_093042) by extension 'colcon_meta'
[0.192s] Level 1:colcon.colcon_core.package_identification:_identify(runs/gap_sac_20260429_093042) by extensions ['ros']
[0.192s] Level 1:colcon.colcon_core.package_identification:_identify(runs/gap_sac_20260429_093042) by extension 'ros'
[0.192s] Level 1:colcon.colcon_core.package_identification:_identify(runs/gap_sac_20260429_093042) by extensions ['cmake', 'python']
[0.192s] Level 1:colcon.colcon_core.package_identification:_identify(runs/gap_sac_20260429_093042) by extension 'cmake'
[0.192s] Level 1:colcon.colcon_core.package_identification:_identify(runs/gap_sac_20260429_093042) by extension 'python'
[0.193s] Level 1:colcon.colcon_core.package_identification:_identify(runs/gap_sac_20260429_093042) by extensions ['python_setup_py']
[0.193s] Level 1:colcon.colcon_core.package_identification:_identify(runs/gap_sac_20260429_093042) by extension 'python_setup_py'
[0.193s] Level 1:colcon.colcon_core.package_identification:_identify(runs/gap_sac_20260429_102608) by extensions ['ignore', 'ignore_ament_install']
[0.193s] Level 1:colcon.colcon_core.package_identification:_identify(runs/gap_sac_20260429_102608) by extension 'ignore'
[0.193s] Level 1:colcon.colcon_core.package_identification:_identify(runs/gap_sac_20260429_102608) by extension 'ignore_ament_install'
[0.193s] Level 1:colcon.colcon_core.package_identification:_identify(runs/gap_sac_20260429_102608) by extensions ['colcon_pkg']
[0.193s] Level 1:colcon.colcon_core.package_identification:_identify(runs/gap_sac_20260429_102608) by extension 'colcon_pkg'
[0.193s] Level 1:colcon.colcon_core.package_identification:_identify(runs/gap_sac_20260429_102608) by extensions ['colcon_meta']
[0.193s] Level 1:colcon.colcon_core.package_identification:_identify(runs/gap_sac_20260429_102608) by extension 'colcon_meta'
[0.193s] Level 1:colcon.colcon_core.package_identification:_identify(runs/gap_sac_20260429_102608) by extensions ['ros']
[0.193s] Level 1:colcon.colcon_core.package_identification:_identify(runs/gap_sac_20260429_102608) by extension 'ros'
[0.193s] Level 1:colcon.colcon_core.package_identification:_identify(runs/gap_sac_20260429_102608) by extensions ['cmake', 'python']
[0.193s] Level 1:colcon.colcon_core.package_identification:_identify(runs/gap_sac_20260429_102608) by extension 'cmake'
[0.193s] Level 1:colcon.colcon_core.package_identification:_identify(runs/gap_sac_20260429_102608) by extension 'python'
[0.194s] Level 1:colcon.colcon_core.package_identification:_identify(runs/gap_sac_20260429_102608) by extensions ['python_setup_py']
[0.194s] Level 1:colcon.colcon_core.package_identification:_identify(runs/gap_sac_20260429_102608) by extension 'python_setup_py'
[0.194s] Level 1:colcon.colcon_core.package_identification:_identify(runs/gap_sac_20260430_103009) by extensions ['ignore', 'ignore_ament_install']
[0.194s] Level 1:colcon.colcon_core.package_identification:_identify(runs/gap_sac_20260430_103009) by extension 'ignore'
[0.194s] Level 1:colcon.colcon_core.package_identification:_identify(runs/gap_sac_20260430_103009) by extension 'ignore_ament_install'
[0.194s] Level 1:colcon.colcon_core.package_identification:_identify(runs/gap_sac_20260430_103009) by extensions ['colcon_pkg']
[0.194s] Level 1:colcon.colcon_core.package_identification:_identify(runs/gap_sac_20260430_103009) by extension 'colcon_pkg'
[0.194s] Level 1:colcon.colcon_core.package_identification:_identify(runs/gap_sac_20260430_103009) by extensions ['colcon_meta']
[0.194s] Level 1:colcon.colcon_core.package_identification:_identify(runs/gap_sac_20260430_103009) by extension 'colcon_meta'
[0.194s] Level 1:colcon.colcon_core.package_identification:_identify(runs/gap_sac_20260430_103009) by extensions ['ros']
[0.194s] Level 1:colcon.colcon_core.package_identification:_identify(runs/gap_sac_20260430_103009) by extension 'ros'
[0.194s] Level 1:colcon.colcon_core.package_identification:_identify(runs/gap_sac_20260430_103009) by extensions ['cmake', 'python']
[0.194s] Level 1:colcon.colcon_core.package_identification:_identify(runs/gap_sac_20260430_103009) by extension 'cmake'
[0.194s] Level 1:colcon.colcon_core.package_identification:_identify(runs/gap_sac_20260430_103009) by extension 'python'
[0.194s] Level 1:colcon.colcon_core.package_identification:_identify(runs/gap_sac_20260430_103009) by extensions ['python_setup_py']
[0.194s] Level 1:colcon.colcon_core.package_identification:_identify(runs/gap_sac_20260430_103009) by extension 'python_setup_py'
[0.194s] Level 1:colcon.colcon_core.package_identification:_identify(runs/gap_sac_20260430_234251) by extensions ['ignore', 'ignore_ament_install']
[0.194s] Level 1:colcon.colcon_core.package_identification:_identify(runs/gap_sac_20260430_234251) by extension 'ignore'
[0.194s] Level 1:colcon.colcon_core.package_identification:_identify(runs/gap_sac_20260430_234251) by extension 'ignore_ament_install'
[0.194s] Level 1:colcon.colcon_core.package_identification:_identify(runs/gap_sac_20260430_234251) by extensions ['colcon_pkg']
[0.194s] Level 1:colcon.colcon_core.package_identification:_identify(runs/gap_sac_20260430_234251) by extension 'colcon_pkg'
[0.194s] Level 1:colcon.colcon_core.package_identification:_identify(runs/gap_sac_20260430_234251) by extensions ['colcon_meta']
[0.194s] Level 1:colcon.colcon_core.package_identification:_identify(runs/gap_sac_20260430_234251) by extension 'colcon_meta'
[0.194s] Level 1:colcon.colcon_core.package_identification:_identify(runs/gap_sac_20260430_234251) by extensions ['ros']
[0.194s] Level 1:colcon.colcon_core.package_identification:_identify(runs/gap_sac_20260430_234251) by extension 'ros'
[0.194s] Level 1:colcon.colcon_core.package_identification:_identify(runs/gap_sac_20260430_234251) by extensions ['cmake', 'python']
[0.194s] Level 1:colcon.colcon_core.package_identification:_identify(runs/gap_sac_20260430_234251) by extension 'cmake'
[0.194s] Level 1:colcon.colcon_core.package_identification:_identify(runs/gap_sac_20260430_234251) by extension 'python'
[0.194s] Level 1:colcon.colcon_core.package_identification:_identify(runs/gap_sac_20260430_234251) by extensions ['python_setup_py']
[0.195s] Level 1:colcon.colcon_core.package_identification:_identify(runs/gap_sac_20260430_234251) by extension 'python_setup_py'
[0.195s] Level 1:colcon.colcon_core.package_identification:_identify(runs/gap_sac_20260502_145623) by extensions ['ignore', 'ignore_ament_install']
[0.195s] Level 1:colcon.colcon_core.package_identification:_identify(runs/gap_sac_20260502_145623) by extension 'ignore'
[0.195s] Level 1:colcon.colcon_core.package_identification:_identify(runs/gap_sac_20260502_145623) by extension 'ignore_ament_install'
[0.195s] Level 1:colcon.colcon_core.package_identification:_identify(runs/gap_sac_20260502_145623) by extensions ['colcon_pkg']
[0.195s] Level 1:colcon.colcon_core.package_identification:_identify(runs/gap_sac_20260502_145623) by extension 'colcon_pkg'
[0.195s] Level 1:colcon.colcon_core.package_identification:_identify(runs/gap_sac_20260502_145623) by extensions ['colcon_meta']
[0.195s] Level 1:colcon.colcon_core.package_identification:_identify(runs/gap_sac_20260502_145623) by extension 'colcon_meta'
[0.195s] Level 1:colcon.colcon_core.package_identification:_identify(runs/gap_sac_20260502_145623) by extensions ['ros']
[0.195s] Level 1:colcon.colcon_core.package_identification:_identify(runs/gap_sac_20260502_145623) by extension 'ros'
[0.195s] Level 1:colcon.colcon_core.package_identification:_identify(runs/gap_sac_20260502_145623) by extensions ['cmake', 'python']
[0.195s] Level 1:colcon.colcon_core.package_identification:_identify(runs/gap_sac_20260502_145623) by extension 'cmake'
[0.195s] Level 1:colcon.colcon_core.package_identification:_identify(runs/gap_sac_20260502_145623) by extension 'python'
[0.195s] Level 1:colcon.colcon_core.package_identification:_identify(runs/gap_sac_20260502_145623) by extensions ['python_setup_py']
[0.195s] Level 1:colcon.colcon_core.package_identification:_identify(runs/gap_sac_20260502_145623) by extension 'python_setup_py'
[0.195s] Level 1:colcon.colcon_core.package_identification:_identify(src) by extensions ['ignore', 'ignore_ament_install']
[0.195s] Level 1:colcon.colcon_core.package_identification:_identify(src) by extension 'ignore'
[0.195s] Level 1:colcon.colcon_core.package_identification:_identify(src) by extension 'ignore_ament_install'
[0.195s] Level 1:colcon.colcon_core.package_identification:_identify(src) by extensions ['colcon_pkg']
[0.195s] Level 1:colcon.colcon_core.package_identification:_identify(src) by extension 'colcon_pkg'
[0.195s] Level 1:colcon.colcon_core.package_identification:_identify(src) by extensions ['colcon_meta']
[0.195s] Level 1:colcon.colcon_core.package_identification:_identify(src) by extension 'colcon_meta'
[0.195s] Level 1:colcon.colcon_core.package_identification:_identify(src) by extensions ['ros']
[0.195s] Level 1:colcon.colcon_core.package_identification:_identify(src) by extension 'ros'
[0.195s] Level 1:colcon.colcon_core.package_identification:_identify(src) by extensions ['cmake', 'python']
[0.195s] Level 1:colcon.colcon_core.package_identification:_identify(src) by extension 'cmake'
[0.195s] Level 1:colcon.colcon_core.package_identification:_identify(src) by extension 'python'
[0.195s] Level 1:colcon.colcon_core.package_identification:_identify(src) by extensions ['python_setup_py']
[0.195s] Level 1:colcon.colcon_core.package_identification:_identify(src) by extension 'python_setup_py'
[0.195s] Level 1:colcon.colcon_core.package_identification:_identify(src/turtlebot3_drl_local_planner) by extensions ['ignore', 'ignore_ament_install']
[0.203s] Level 1:colcon.colcon_core.package_identification:_identify(src/turtlebot3_drl_local_planner) by extension 'ignore'
[0.203s] Level 1:colcon.colcon_core.package_identification:_identify(src/turtlebot3_drl_local_planner) by extension 'ignore_ament_install'
[0.203s] Level 1:colcon.colcon_core.package_identification:_identify(src/turtlebot3_drl_local_planner) by extensions ['colcon_pkg']
[0.203s] Level 1:colcon.colcon_core.package_identification:_identify(src/turtlebot3_drl_local_planner) by extension 'colcon_pkg'
[0.203s] Level 1:colcon.colcon_core.package_identification:_identify(src/turtlebot3_drl_local_planner) by extensions ['colcon_meta']
[0.203s] Level 1:colcon.colcon_core.package_identification:_identify(src/turtlebot3_drl_local_planner) by extension 'colcon_meta'
[0.203s] Level 1:colcon.colcon_core.package_identification:_identify(src/turtlebot3_drl_local_planner) by extensions ['ros']
[0.203s] Level 1:colcon.colcon_core.package_identification:_identify(src/turtlebot3_drl_local_planner) by extension 'ros'
[0.206s] DEBUG:colcon.colcon_core.package_identification:Package 'src/turtlebot3_drl_local_planner' with type 'ros.ament_python' and name 'turtlebot3_drl_local_planner'
[0.206s] Level 1:colcon.colcon_core.package_identification:_identify(src/turtlebot3_drl_nav2_controller) by extensions ['ignore', 'ignore_ament_install']
[0.206s] Level 1:colcon.colcon_core.package_identification:_identify(src/turtlebot3_drl_nav2_controller) by extension 'ignore'
[0.206s] Level 1:colcon.colcon_core.package_identification:_identify(src/turtlebot3_drl_nav2_controller) by extension 'ignore_ament_install'
[0.206s] Level 1:colcon.colcon_core.package_identification:_identify(src/turtlebot3_drl_nav2_controller) by extensions ['colcon_pkg']
[0.206s] Level 1:colcon.colcon_core.package_identification:_identify(src/turtlebot3_drl_nav2_controller) by extension 'colcon_pkg'
[0.206s] Level 1:colcon.colcon_core.package_identification:_identify(src/turtlebot3_drl_nav2_controller) by extensions ['colcon_meta']
[0.206s] Level 1:colcon.colcon_core.package_identification:_identify(src/turtlebot3_drl_nav2_controller) by extension 'colcon_meta'
[0.206s] Level 1:colcon.colcon_core.package_identification:_identify(src/turtlebot3_drl_nav2_controller) by extensions ['ros']
[0.206s] Level 1:colcon.colcon_core.package_identification:_identify(src/turtlebot3_drl_nav2_controller) by extension 'ros'
[0.207s] DEBUG:colcon.colcon_core.package_identification:Package 'src/turtlebot3_drl_nav2_controller' with type 'ros.ament_cmake' and name 'turtlebot3_drl_nav2_controller'
[0.207s] Level 1:colcon.colcon_core.package_identification:_identify(src/turtlebot3_gazebo) by extensions ['ignore', 'ignore_ament_install']
[0.207s] Level 1:colcon.colcon_core.package_identification:_identify(src/turtlebot3_gazebo) by extension 'ignore'
[0.207s] Level 1:colcon.colcon_core.package_identification:_identify(src/turtlebot3_gazebo) by extension 'ignore_ament_install'
[0.207s] Level 1:colcon.colcon_core.package_identification:_identify(src/turtlebot3_gazebo) by extensions ['colcon_pkg']
[0.207s] Level 1:colcon.colcon_core.package_identification:_identify(src/turtlebot3_gazebo) by extension 'colcon_pkg'
[0.207s] Level 1:colcon.colcon_core.package_identification:_identify(src/turtlebot3_gazebo) by extensions ['colcon_meta']
[0.207s] Level 1:colcon.colcon_core.package_identification:_identify(src/turtlebot3_gazebo) by extension 'colcon_meta'
[0.207s] Level 1:colcon.colcon_core.package_identification:_identify(src/turtlebot3_gazebo) by extensions ['ros']
[0.207s] Level 1:colcon.colcon_core.package_identification:_identify(src/turtlebot3_gazebo) by extension 'ros'
[0.208s] DEBUG:colcon.colcon_core.package_identification:Package 'src/turtlebot3_gazebo' with type 'ros.ament_cmake' and name 'turtlebot3_gazebo'
[0.208s] Level 1:colcon.colcon_core.package_discovery:discover_packages(recursive) using defaults
[0.208s] Level 1:colcon.colcon_core.package_discovery:discover_packages(ignore) discover
[0.208s] Level 1:colcon.colcon_core.package_discovery:discover_packages(ignore) using defaults
[0.208s] Level 1:colcon.colcon_core.package_discovery:discover_packages(path) discover
[0.208s] Level 1:colcon.colcon_core.package_discovery:discover_packages(path) using defaults
[0.220s] INFO:colcon.colcon_core.package_selection:Skipping not selected package 'turtlebot3_drl_local_planner' in 'src/turtlebot3_drl_local_planner'
[0.220s] INFO:colcon.colcon_core.package_selection:Skipping not selected package 'turtlebot3_gazebo' in 'src/turtlebot3_gazebo'
[0.221s] Level 1:colcon.colcon_core.package_discovery:discover_packages(prefix_path) check parameters
[0.221s] Level 1:colcon.colcon_core.package_discovery:discover_packages(prefix_path) discover
[0.222s] DEBUG:colcon.colcon_installed_package_information.package_discovery:Found 448 installed packages in /opt/ros/humble
[0.224s] Level 1:colcon.colcon_core.package_discovery:discover_packages(prefix_path) using defaults
[0.251s] Level 5:colcon.colcon_core.verb:set package 'turtlebot3_drl_nav2_controller' build argument 'cmake_args' from command line to '['-DCMAKE_EXPORT_COMPILE_COMMANDS=ON']'
[0.252s] Level 5:colcon.colcon_core.verb:set package 'turtlebot3_drl_nav2_controller' build argument 'cmake_target' from command line to 'None'
[0.252s] Level 5:colcon.colcon_core.verb:set package 'turtlebot3_drl_nav2_controller' build argument 'cmake_target_skip_unavailable' from command line to 'False'
[0.252s] Level 5:colcon.colcon_core.verb:set package 'turtlebot3_drl_nav2_controller' build argument 'cmake_clean_cache' from command line to 'False'
[0.252s] Level 5:colcon.colcon_core.verb:set package 'turtlebot3_drl_nav2_controller' build argument 'cmake_clean_first' from command line to 'False'
[0.252s] Level 5:colcon.colcon_core.verb:set package 'turtlebot3_drl_nav2_controller' build argument 'cmake_force_configure' from command line to 'False'
[0.252s] Level 5:colcon.colcon_core.verb:set package 'turtlebot3_drl_nav2_controller' build argument 'ament_cmake_args' from command line to 'None'
[0.252s] Level 5:colcon.colcon_core.verb:set package 'turtlebot3_drl_nav2_controller' build argument 'catkin_cmake_args' from command line to 'None'
[0.252s] Level 5:colcon.colcon_core.verb:set package 'turtlebot3_drl_nav2_controller' build argument 'catkin_skip_building_tests' from command line to 'False'
[0.252s] DEBUG:colcon.colcon_core.verb:Building package 'turtlebot3_drl_nav2_controller' with the following arguments: {'ament_cmake_args': None, 'build_base': '/home/hug/tb3_sim_ws/build/turtlebot3_drl_nav2_controller', 'catkin_cmake_args': None, 'catkin_skip_building_tests': False, 'cmake_args': ['-DCMAKE_EXPORT_COMPILE_COMMANDS=ON'], 'cmake_clean_cache': False, 'cmake_clean_first': False, 'cmake_force_configure': False, 'cmake_target': None, 'cmake_target_skip_unavailable': False, 'install_base': '/home/hug/tb3_sim_ws/install/turtlebot3_drl_nav2_controller', 'merge_install': False, 'path': '/home/hug/tb3_sim_ws/src/turtlebot3_drl_nav2_controller', 'symlink_install': True, 'test_result_base': None}
[0.252s] INFO:colcon.colcon_core.executor:Executing jobs using 'parallel' executor
[0.252s] DEBUG:colcon.colcon_parallel_executor.executor.parallel:run_until_complete
[0.253s] INFO:colcon.colcon_ros.task.ament_cmake.build:Building ROS package in '/home/hug/tb3_sim_ws/src/turtlebot3_drl_nav2_controller' with build type 'ament_cmake'
[0.253s] INFO:colcon.colcon_cmake.task.cmake.build:Building CMake package in '/home/hug/tb3_sim_ws/src/turtlebot3_drl_nav2_controller'
[0.254s] INFO:colcon.colcon_core.plugin_system:Skipping extension 'colcon_core.shell.bat': Not used on non-Windows systems
[0.254s] INFO:colcon.colcon_core.shell:Skip shell extension 'powershell' for command environment: Not usable outside of PowerShell
[0.254s] DEBUG:colcon.colcon_core.shell:Skip shell extension 'dsv' for command environment
[0.261s] DEBUG:colcon.colcon_core.event_handler.log_command:Invoking command in '/home/hug/tb3_sim_ws/build/turtlebot3_drl_nav2_controller': AMENT_PREFIX_PATH=/home/hug/tb3_sim_ws/install/turtlebot3_drl_local_planner:${AMENT_PREFIX_PATH} CMAKE_PREFIX_PATH=/opt/ros/humble PYTHONPATH=/home/hug/tb3_sim_ws/build/turtlebot3_drl_local_planner:/home/hug/tb3_sim_ws/install/turtlebot3_drl_local_planner/lib/python3.10/site-packages:${PYTHONPATH} /usr/bin/cmake /home/hug/tb3_sim_ws/src/turtlebot3_drl_nav2_controller -DCMAKE_EXPORT_COMPILE_COMMANDS=ON -DAMENT_CMAKE_SYMLINK_INSTALL=1 -DCMAKE_INSTALL_PREFIX=/home/hug/tb3_sim_ws/install/turtlebot3_drl_nav2_controller
[1.436s] DEBUG:colcon.colcon_core.event_handler.log_command:Invoked command in '/home/hug/tb3_sim_ws/build/turtlebot3_drl_nav2_controller' returned '0': AMENT_PREFIX_PATH=/home/hug/tb3_sim_ws/install/turtlebot3_drl_local_planner:${AMENT_PREFIX_PATH} CMAKE_PREFIX_PATH=/opt/ros/humble PYTHONPATH=/home/hug/tb3_sim_ws/build/turtlebot3_drl_local_planner:/home/hug/tb3_sim_ws/install/turtlebot3_drl_local_planner/lib/python3.10/site-packages:${PYTHONPATH} /usr/bin/cmake /home/hug/tb3_sim_ws/src/turtlebot3_drl_nav2_controller -DCMAKE_EXPORT_COMPILE_COMMANDS=ON -DAMENT_CMAKE_SYMLINK_INSTALL=1 -DCMAKE_INSTALL_PREFIX=/home/hug/tb3_sim_ws/install/turtlebot3_drl_nav2_controller
[1.437s] DEBUG:colcon.colcon_core.event_handler.log_command:Invoking command in '/home/hug/tb3_sim_ws/build/turtlebot3_drl_nav2_controller': AMENT_PREFIX_PATH=/home/hug/tb3_sim_ws/install/turtlebot3_drl_local_planner:${AMENT_PREFIX_PATH} CMAKE_PREFIX_PATH=/opt/ros/humble PYTHONPATH=/home/hug/tb3_sim_ws/build/turtlebot3_drl_local_planner:/home/hug/tb3_sim_ws/install/turtlebot3_drl_local_planner/lib/python3.10/site-packages:${PYTHONPATH} /usr/bin/cmake --build /home/hug/tb3_sim_ws/build/turtlebot3_drl_nav2_controller -- -j16 -l16
[1.673s] DEBUG:colcon.colcon_core.event_handler.log_command:Invoked command in '/home/hug/tb3_sim_ws/build/turtlebot3_drl_nav2_controller' returned '0': AMENT_PREFIX_PATH=/home/hug/tb3_sim_ws/install/turtlebot3_drl_local_planner:${AMENT_PREFIX_PATH} CMAKE_PREFIX_PATH=/opt/ros/humble PYTHONPATH=/home/hug/tb3_sim_ws/build/turtlebot3_drl_local_planner:/home/hug/tb3_sim_ws/install/turtlebot3_drl_local_planner/lib/python3.10/site-packages:${PYTHONPATH} /usr/bin/cmake --build /home/hug/tb3_sim_ws/build/turtlebot3_drl_nav2_controller -- -j16 -l16
[1.680s] DEBUG:colcon.colcon_core.event_handler.log_command:Invoking command in '/home/hug/tb3_sim_ws/build/turtlebot3_drl_nav2_controller': AMENT_PREFIX_PATH=/home/hug/tb3_sim_ws/install/turtlebot3_drl_local_planner:${AMENT_PREFIX_PATH} CMAKE_PREFIX_PATH=/opt/ros/humble PYTHONPATH=/home/hug/tb3_sim_ws/build/turtlebot3_drl_local_planner:/home/hug/tb3_sim_ws/install/turtlebot3_drl_local_planner/lib/python3.10/site-packages:${PYTHONPATH} /usr/bin/cmake --install /home/hug/tb3_sim_ws/build/turtlebot3_drl_nav2_controller
[1.733s] Level 1:colcon.colcon_core.environment:create_environment_scripts_only(turtlebot3_drl_nav2_controller)
[1.733s] DEBUG:colcon.colcon_core.event_handler.log_command:Invoked command in '/home/hug/tb3_sim_ws/build/turtlebot3_drl_nav2_controller' returned '0': AMENT_PREFIX_PATH=/home/hug/tb3_sim_ws/install/turtlebot3_drl_local_planner:${AMENT_PREFIX_PATH} CMAKE_PREFIX_PATH=/opt/ros/humble PYTHONPATH=/home/hug/tb3_sim_ws/build/turtlebot3_drl_local_planner:/home/hug/tb3_sim_ws/install/turtlebot3_drl_local_planner/lib/python3.10/site-packages:${PYTHONPATH} /usr/bin/cmake --install /home/hug/tb3_sim_ws/build/turtlebot3_drl_nav2_controller
[1.736s] Level 1:colcon.colcon_core.environment:checking '/home/hug/tb3_sim_ws/install/turtlebot3_drl_nav2_controller' for CMake module files
[1.737s] Level 1:colcon.colcon_core.environment:checking '/home/hug/tb3_sim_ws/install/turtlebot3_drl_nav2_controller' for CMake config files
[1.737s] Level 1:colcon.colcon_core.shell:create_environment_hook('turtlebot3_drl_nav2_controller', 'cmake_prefix_path')
[1.737s] INFO:colcon.colcon_core.shell:Creating environment hook '/home/hug/tb3_sim_ws/install/turtlebot3_drl_nav2_controller/share/turtlebot3_drl_nav2_controller/hook/cmake_prefix_path.ps1'
[1.738s] INFO:colcon.colcon_core.shell:Creating environment descriptor '/home/hug/tb3_sim_ws/install/turtlebot3_drl_nav2_controller/share/turtlebot3_drl_nav2_controller/hook/cmake_prefix_path.dsv'
[1.738s] INFO:colcon.colcon_core.shell:Creating environment hook '/home/hug/tb3_sim_ws/install/turtlebot3_drl_nav2_controller/share/turtlebot3_drl_nav2_controller/hook/cmake_prefix_path.sh'
[1.738s] Level 1:colcon.colcon_core.environment:checking '/home/hug/tb3_sim_ws/install/turtlebot3_drl_nav2_controller/lib'
[1.738s] Level 1:colcon.colcon_core.shell:create_environment_hook('turtlebot3_drl_nav2_controller', 'ld_library_path_lib')
[1.738s] INFO:colcon.colcon_core.shell:Creating environment hook '/home/hug/tb3_sim_ws/install/turtlebot3_drl_nav2_controller/share/turtlebot3_drl_nav2_controller/hook/ld_library_path_lib.ps1'
[1.739s] INFO:colcon.colcon_core.shell:Creating environment descriptor '/home/hug/tb3_sim_ws/install/turtlebot3_drl_nav2_controller/share/turtlebot3_drl_nav2_controller/hook/ld_library_path_lib.dsv'
[1.739s] INFO:colcon.colcon_core.shell:Creating environment hook '/home/hug/tb3_sim_ws/install/turtlebot3_drl_nav2_controller/share/turtlebot3_drl_nav2_controller/hook/ld_library_path_lib.sh'
[1.739s] Level 1:colcon.colcon_core.environment:checking '/home/hug/tb3_sim_ws/install/turtlebot3_drl_nav2_controller/bin'
[1.739s] Level 1:colcon.colcon_core.environment:checking '/home/hug/tb3_sim_ws/install/turtlebot3_drl_nav2_controller/lib/pkgconfig/turtlebot3_drl_nav2_controller.pc'
[1.739s] Level 1:colcon.colcon_core.environment:checking '/home/hug/tb3_sim_ws/install/turtlebot3_drl_nav2_controller/lib/python3.10/site-packages'
[1.739s] Level 1:colcon.colcon_core.environment:checking '/home/hug/tb3_sim_ws/install/turtlebot3_drl_nav2_controller/bin'
[1.740s] INFO:colcon.colcon_core.shell:Creating package script '/home/hug/tb3_sim_ws/install/turtlebot3_drl_nav2_controller/share/turtlebot3_drl_nav2_controller/package.ps1'
[1.740s] INFO:colcon.colcon_core.shell:Creating package descriptor '/home/hug/tb3_sim_ws/install/turtlebot3_drl_nav2_controller/share/turtlebot3_drl_nav2_controller/package.dsv'
[1.740s] INFO:colcon.colcon_core.shell:Creating package script '/home/hug/tb3_sim_ws/install/turtlebot3_drl_nav2_controller/share/turtlebot3_drl_nav2_controller/package.sh'
[1.741s] INFO:colcon.colcon_core.shell:Creating package script '/home/hug/tb3_sim_ws/install/turtlebot3_drl_nav2_controller/share/turtlebot3_drl_nav2_controller/package.bash'
[1.741s] INFO:colcon.colcon_core.shell:Creating package script '/home/hug/tb3_sim_ws/install/turtlebot3_drl_nav2_controller/share/turtlebot3_drl_nav2_controller/package.zsh'
[1.741s] Level 1:colcon.colcon_core.environment:create_file_with_runtime_dependencies(/home/hug/tb3_sim_ws/install/turtlebot3_drl_nav2_controller/share/colcon-core/packages/turtlebot3_drl_nav2_controller)
[1.742s] Level 1:colcon.colcon_core.environment:create_environment_scripts_only(turtlebot3_drl_nav2_controller)
[1.742s] Level 1:colcon.colcon_core.environment:checking '/home/hug/tb3_sim_ws/install/turtlebot3_drl_nav2_controller' for CMake module files
[1.742s] Level 1:colcon.colcon_core.environment:checking '/home/hug/tb3_sim_ws/install/turtlebot3_drl_nav2_controller' for CMake config files
[1.743s] Level 1:colcon.colcon_core.shell:create_environment_hook('turtlebot3_drl_nav2_controller', 'cmake_prefix_path')
[1.743s] INFO:colcon.colcon_core.shell:Creating environment hook '/home/hug/tb3_sim_ws/install/turtlebot3_drl_nav2_controller/share/turtlebot3_drl_nav2_controller/hook/cmake_prefix_path.ps1'
[1.743s] INFO:colcon.colcon_core.shell:Creating environment descriptor '/home/hug/tb3_sim_ws/install/turtlebot3_drl_nav2_controller/share/turtlebot3_drl_nav2_controller/hook/cmake_prefix_path.dsv'
[1.743s] INFO:colcon.colcon_core.shell:Creating environment hook '/home/hug/tb3_sim_ws/install/turtlebot3_drl_nav2_controller/share/turtlebot3_drl_nav2_controller/hook/cmake_prefix_path.sh'
[1.743s] Level 1:colcon.colcon_core.environment:checking '/home/hug/tb3_sim_ws/install/turtlebot3_drl_nav2_controller/lib'
[1.743s] Level 1:colcon.colcon_core.shell:create_environment_hook('turtlebot3_drl_nav2_controller', 'ld_library_path_lib')
[1.743s] INFO:colcon.colcon_core.shell:Creating environment hook '/home/hug/tb3_sim_ws/install/turtlebot3_drl_nav2_controller/share/turtlebot3_drl_nav2_controller/hook/ld_library_path_lib.ps1'
[1.744s] INFO:colcon.colcon_core.shell:Creating environment descriptor '/home/hug/tb3_sim_ws/install/turtlebot3_drl_nav2_controller/share/turtlebot3_drl_nav2_controller/hook/ld_library_path_lib.dsv'
[1.744s] INFO:colcon.colcon_core.shell:Creating environment hook '/home/hug/tb3_sim_ws/install/turtlebot3_drl_nav2_controller/share/turtlebot3_drl_nav2_controller/hook/ld_library_path_lib.sh'
[1.744s] Level 1:colcon.colcon_core.environment:checking '/home/hug/tb3_sim_ws/install/turtlebot3_drl_nav2_controller/bin'
[1.744s] Level 1:colcon.colcon_core.environment:checking '/home/hug/tb3_sim_ws/install/turtlebot3_drl_nav2_controller/lib/pkgconfig/turtlebot3_drl_nav2_controller.pc'
[1.744s] Level 1:colcon.colcon_core.environment:checking '/home/hug/tb3_sim_ws/install/turtlebot3_drl_nav2_controller/lib/python3.10/site-packages'
[1.744s] Level 1:colcon.colcon_core.environment:checking '/home/hug/tb3_sim_ws/install/turtlebot3_drl_nav2_controller/bin'
[1.744s] INFO:colcon.colcon_core.shell:Creating package script '/home/hug/tb3_sim_ws/install/turtlebot3_drl_nav2_controller/share/turtlebot3_drl_nav2_controller/package.ps1'
[1.745s] INFO:colcon.colcon_core.shell:Creating package descriptor '/home/hug/tb3_sim_ws/install/turtlebot3_drl_nav2_controller/share/turtlebot3_drl_nav2_controller/package.dsv'
[1.745s] INFO:colcon.colcon_core.shell:Creating package script '/home/hug/tb3_sim_ws/install/turtlebot3_drl_nav2_controller/share/turtlebot3_drl_nav2_controller/package.sh'
[1.745s] INFO:colcon.colcon_core.shell:Creating package script '/home/hug/tb3_sim_ws/install/turtlebot3_drl_nav2_controller/share/turtlebot3_drl_nav2_controller/package.bash'
[1.745s] INFO:colcon.colcon_core.shell:Creating package script '/home/hug/tb3_sim_ws/install/turtlebot3_drl_nav2_controller/share/turtlebot3_drl_nav2_controller/package.zsh'
[1.746s] Level 1:colcon.colcon_core.environment:create_file_with_runtime_dependencies(/home/hug/tb3_sim_ws/install/turtlebot3_drl_nav2_controller/share/colcon-core/packages/turtlebot3_drl_nav2_controller)
[1.746s] DEBUG:colcon.colcon_parallel_executor.executor.parallel:closing loop
[1.746s] DEBUG:colcon.colcon_parallel_executor.executor.parallel:loop closed
[1.746s] DEBUG:colcon.colcon_parallel_executor.executor.parallel:run_until_complete finished with '0'
[1.746s] DEBUG:colcon.colcon_core.event_reactor:joining thread
[1.751s] INFO:colcon.colcon_core.plugin_system:Skipping extension 'colcon_notification.desktop_notification.terminal_notifier': Not used on non-Darwin systems
[1.751s] INFO:colcon.colcon_core.plugin_system:Skipping extension 'colcon_notification.desktop_notification.win32': Not used on non-Windows systems
[1.751s] INFO:colcon.colcon_notification.desktop_notification:Sending desktop notification using 'notify2'
[1.763s] DEBUG:colcon.colcon_core.event_reactor:joined thread
[1.763s] INFO:colcon.colcon_core.shell:Creating prefix script '/home/hug/tb3_sim_ws/install/local_setup.ps1'
[1.764s] INFO:colcon.colcon_core.shell:Creating prefix util module '/home/hug/tb3_sim_ws/install/_local_setup_util_ps1.py'
[1.765s] INFO:colcon.colcon_core.shell:Creating prefix chain script '/home/hug/tb3_sim_ws/install/setup.ps1'
[1.765s] INFO:colcon.colcon_core.shell:Creating prefix script '/home/hug/tb3_sim_ws/install/local_setup.sh'
[1.765s] INFO:colcon.colcon_core.shell:Creating prefix util module '/home/hug/tb3_sim_ws/install/_local_setup_util_sh.py'
[1.766s] INFO:colcon.colcon_core.shell:Creating prefix chain script '/home/hug/tb3_sim_ws/install/setup.sh'
[1.766s] INFO:colcon.colcon_core.shell:Creating prefix script '/home/hug/tb3_sim_ws/install/local_setup.bash'
[1.766s] INFO:colcon.colcon_core.shell:Creating prefix chain script '/home/hug/tb3_sim_ws/install/setup.bash'
[1.767s] INFO:colcon.colcon_core.shell:Creating prefix script '/home/hug/tb3_sim_ws/install/local_setup.zsh'
[1.767s] INFO:colcon.colcon_core.shell:Creating prefix chain script '/home/hug/tb3_sim_ws/install/setup.zsh'
