running develop
running egg_info
creating turtlebot3_drl_local_planner.egg-info
writing turtlebot3_drl_local_planner.egg-info/PKG-INFO
writing dependency_links to turtlebot3_drl_local_planner.egg-info/dependency_links.txt
writing entry points to turtlebot3_drl_local_planner.egg-info/entry_points.txt
writing requirements to turtlebot3_drl_local_planner.egg-info/requires.txt
writing top-level names to turtlebot3_drl_local_planner.egg-info/top_level.txt
writing manifest file 'turtlebot3_drl_local_planner.egg-info/SOURCES.txt'
reading manifest file 'turtlebot3_drl_local_planner.egg-info/SOURCES.txt'
writing manifest file 'turtlebot3_drl_local_planner.egg-info/SOURCES.txt'
running build_ext
Creating /home/hug/tb3_sim_ws/install/turtlebot3_drl_local_planner/lib/python3.10/site-packages/turtlebot3-drl-local-planner.egg-link (link to .)
Installing drl_controller_node script to /home/hug/tb3_sim_ws/install/turtlebot3_drl_local_planner/lib/turtlebot3_drl_local_planner
Installing eval_policy script to /home/hug/tb3_sim_ws/install/turtlebot3_drl_local_planner/lib/turtlebot3_drl_local_planner
Installing export_policy script to /home/hug/tb3_sim_ws/install/turtlebot3_drl_local_planner/lib/turtlebot3_drl_local_planner
Installing train_gap_sac script to /home/hug/tb3_sim_ws/install/turtlebot3_drl_local_planner/lib/turtlebot3_drl_local_planner

Installed /home/hug/tb3_sim_ws/build/turtlebot3_drl_local_planner
running symlink_data
creating /home/hug/tb3_sim_ws/install/turtlebot3_drl_local_planner/share/ament_index
creating /home/hug/tb3_sim_ws/install/turtlebot3_drl_local_planner/share/ament_index/resource_index
creating /home/hug/tb3_sim_ws/install/turtlebot3_drl_local_planner/share/ament_index/resource_index/packages
symbolically linking /home/hug/tb3_sim_ws/build/turtlebot3_drl_local_planner/resource/turtlebot3_drl_local_planner -> /home/hug/tb3_sim_ws/install/turtlebot3_drl_local_planner/share/ament_index/resource_index/packages
symbolically linking /home/hug/tb3_sim_ws/build/turtlebot3_drl_local_planner/package.xml -> /home/hug/tb3_sim_ws/install/turtlebot3_drl_local_planner/share/turtlebot3_drl_local_planner
symbolically linking /home/hug/tb3_sim_ws/build/turtlebot3_drl_local_planner/README.md -> /home/hug/tb3_sim_ws/install/turtlebot3_drl_local_planner/share/turtlebot3_drl_local_planner
creating /home/hug/tb3_sim_ws/install/turtlebot3_drl_local_planner/share/turtlebot3_drl_local_planner/config
symbolically linking /home/hug/tb3_sim_ws/build/turtlebot3_drl_local_planner/config/gap_sac.yaml -> /home/hug/tb3_sim_ws/install/turtlebot3_drl_local_planner/share/turtlebot3_drl_local_planner/config
creating /home/hug/tb3_sim_ws/install/turtlebot3_drl_local_planner/share/turtlebot3_drl_local_planner/launch
symbolically linking /home/hug/tb3_sim_ws/build/turtlebot3_drl_local_planner/launch/drl_controller.launch.py -> /home/hug/tb3_sim_ws/install/turtlebot3_drl_local_planner/share/turtlebot3_drl_local_planner/launch
symbolically linking /home/hug/tb3_sim_ws/build/turtlebot3_drl_local_planner/launch/train_gap_sac.launch.py -> /home/hug/tb3_sim_ws/install/turtlebot3_drl_local_planner/share/turtlebot3_drl_local_planner/launch
symbolically linking /home/hug/tb3_sim_ws/build/turtlebot3_drl_local_planner/launch/eval_gap_sac.launch.py -> /home/hug/tb3_sim_ws/install/turtlebot3_drl_local_planner/share/turtlebot3_drl_local_planner/launch
