[0.605s] Invoking command in '/home/hug/tb3_sim_ws/build/turtlebot3_drl_local_planner': PYTHONPATH=/home/hug/tb3_sim_ws/build/turtlebot3_drl_local_planner/prefix_override:/usr/lib/python3/dist-packages/colcon_core/task/python/colcon_distutils_commands:/home/hug/tb3_sim_ws/install/turtlebot3_drl_local_planner/lib/python3.10/site-packages:${PYTHONPATH} /usr/bin/python3 -W ignore:setup.py install is deprecated -W ignore:easy_install command is deprecated setup.py develop --editable --build-directory /home/hug/tb3_sim_ws/build/turtlebot3_drl_local_planner/build --no-deps symlink_data
[0.753s] running develop
[0.845s] running egg_info
[0.846s] creating turtlebot3_drl_local_planner.egg-info
[0.846s] writing turtlebot3_drl_local_planner.egg-info/PKG-INFO
[0.846s] writing dependency_links to turtlebot3_drl_local_planner.egg-info/dependency_links.txt
[0.846s] writing entry points to turtlebot3_drl_local_planner.egg-info/entry_points.txt
[0.846s] writing requirements to turtlebot3_drl_local_planner.egg-info/requires.txt
[0.846s] writing top-level names to turtlebot3_drl_local_planner.egg-info/top_level.txt
[0.846s] writing manifest file 'turtlebot3_drl_local_planner.egg-info/SOURCES.txt'
[0.847s] reading manifest file 'turtlebot3_drl_local_planner.egg-info/SOURCES.txt'
[0.848s] writing manifest file 'turtlebot3_drl_local_planner.egg-info/SOURCES.txt'
[0.848s] running build_ext
[0.849s] Creating /home/hug/tb3_sim_ws/install/turtlebot3_drl_local_planner/lib/python3.10/site-packages/turtlebot3-drl-local-planner.egg-link (link to .)
[0.849s] Installing drl_controller_node script to /home/hug/tb3_sim_ws/install/turtlebot3_drl_local_planner/lib/turtlebot3_drl_local_planner
[0.849s] Installing eval_policy script to /home/hug/tb3_sim_ws/install/turtlebot3_drl_local_planner/lib/turtlebot3_drl_local_planner
[0.849s] Installing export_policy script to /home/hug/tb3_sim_ws/install/turtlebot3_drl_local_planner/lib/turtlebot3_drl_local_planner
[0.849s] Installing train_gap_sac script to /home/hug/tb3_sim_ws/install/turtlebot3_drl_local_planner/lib/turtlebot3_drl_local_planner
[0.849s] 
[0.849s] Installed /home/hug/tb3_sim_ws/build/turtlebot3_drl_local_planner
[0.849s] running symlink_data
[0.850s] creating /home/hug/tb3_sim_ws/install/turtlebot3_drl_local_planner/share/ament_index
[0.850s] creating /home/hug/tb3_sim_ws/install/turtlebot3_drl_local_planner/share/ament_index/resource_index
[0.850s] creating /home/hug/tb3_sim_ws/install/turtlebot3_drl_local_planner/share/ament_index/resource_index/packages
[0.850s] symbolically linking /home/hug/tb3_sim_ws/build/turtlebot3_drl_local_planner/resource/turtlebot3_drl_local_planner -> /home/hug/tb3_sim_ws/install/turtlebot3_drl_local_planner/share/ament_index/resource_index/packages
[0.850s] symbolically linking /home/hug/tb3_sim_ws/build/turtlebot3_drl_local_planner/package.xml -> /home/hug/tb3_sim_ws/install/turtlebot3_drl_local_planner/share/turtlebot3_drl_local_planner
[0.850s] symbolically linking /home/hug/tb3_sim_ws/build/turtlebot3_drl_local_planner/README.md -> /home/hug/tb3_sim_ws/install/turtlebot3_drl_local_planner/share/turtlebot3_drl_local_planner
[0.850s] creating /home/hug/tb3_sim_ws/install/turtlebot3_drl_local_planner/share/turtlebot3_drl_local_planner/config
[0.850s] symbolically linking /home/hug/tb3_sim_ws/build/turtlebot3_drl_local_planner/config/gap_sac.yaml -> /home/hug/tb3_sim_ws/install/turtlebot3_drl_local_planner/share/turtlebot3_drl_local_planner/config
[0.850s] creating /home/hug/tb3_sim_ws/install/turtlebot3_drl_local_planner/share/turtlebot3_drl_local_planner/launch
[0.850s] symbolically linking /home/hug/tb3_sim_ws/build/turtlebot3_drl_local_planner/launch/drl_controller.launch.py -> /home/hug/tb3_sim_ws/install/turtlebot3_drl_local_planner/share/turtlebot3_drl_local_planner/launch
[0.850s] symbolically linking /home/hug/tb3_sim_ws/build/turtlebot3_drl_local_planner/launch/train_gap_sac.launch.py -> /home/hug/tb3_sim_ws/install/turtlebot3_drl_local_planner/share/turtlebot3_drl_local_planner/launch
[0.850s] symbolically linking /home/hug/tb3_sim_ws/build/turtlebot3_drl_local_planner/launch/eval_gap_sac.launch.py -> /home/hug/tb3_sim_ws/install/turtlebot3_drl_local_planner/share/turtlebot3_drl_local_planner/launch
[0.867s] Invoked command in '/home/hug/tb3_sim_ws/build/turtlebot3_drl_local_planner' returned '0': PYTHONPATH=/home/hug/tb3_sim_ws/build/turtlebot3_drl_local_planner/prefix_override:/usr/lib/python3/dist-packages/colcon_core/task/python/colcon_distutils_commands:/home/hug/tb3_sim_ws/install/turtlebot3_drl_local_planner/lib/python3.10/site-packages:${PYTHONPATH} /usr/bin/python3 -W ignore:setup.py install is deprecated -W ignore:easy_install command is deprecated setup.py develop --editable --build-directory /home/hug/tb3_sim_ws/build/turtlebot3_drl_local_planner/build --no-deps symlink_data
