[0.016s] Invoking command in '/home/hug/turtlebot3_ws/src/turtlebot3_simulations_and_reality/build/turtlebot3_gazebo': CMAKE_PREFIX_PATH=/home/hug/opentcs_ws/install/opentcs_ros2:/opt/ros/humble /usr/bin/cmake --build /home/hug/turtlebot3_ws/src/turtlebot3_simulations_and_reality/build/turtlebot3_gazebo -- -j16 -l16
[0.059s] [  8%] [32mBuilding CXX object CMakeFiles/obstacles.dir/src/obstacles.cpp.o[0m
[0.061s] [ 25%] [32mBuilding CXX object CMakeFiles/traffic_light_plugin.dir/src/traffic_light_plugin.cpp.o[0m
[0.061s] [ 25%] [32mBuilding CXX object CMakeFiles/turtlebot3_drive.dir/src/turtlebot3_drive.cpp.o[0m
[0.065s] [ 41%] [32mBuilding CXX object CMakeFiles/obstacle2.dir/src/obstacle2.cpp.o[0m
[0.065s] [ 33%] [32mBuilding CXX object CMakeFiles/traffic_bar_plugin.dir/src/traffic_bar_plugin.cpp.o[0m
[0.065s] [ 50%] [32mBuilding CXX object CMakeFiles/obstacle1.dir/src/obstacle1.cpp.o[0m
[8.655s] [ 58%] [32m[1mLinking CXX executable turtlebot3_drive[0m
[9.131s] [ 58%] Built target turtlebot3_drive
[10.365s] [ 66%] [32m[1mLinking CXX shared library libtraffic_bar_plugin.so[0m
[10.415s] [ 75%] [32m[1mLinking CXX shared library libobstacle2.so[0m
[10.645s] [ 75%] Built target traffic_bar_plugin
[10.682s] [ 75%] Built target obstacle2
[10.692s] [ 83%] [32m[1mLinking CXX shared library libobstacle1.so[0m
[10.859s] [ 83%] Built target obstacle1
[11.492s] [ 91%] [32m[1mLinking CXX shared library libobstacles.so[0m
[11.649s] [ 91%] Built target obstacles
[12.235s] [100%] [32m[1mLinking CXX shared library libtraffic_light_plugin.so[0m
[12.419s] [100%] Built target traffic_light_plugin
[12.427s] Invoked command in '/home/hug/turtlebot3_ws/src/turtlebot3_simulations_and_reality/build/turtlebot3_gazebo' returned '0': CMAKE_PREFIX_PATH=/home/hug/opentcs_ws/install/opentcs_ros2:/opt/ros/humble /usr/bin/cmake --build /home/hug/turtlebot3_ws/src/turtlebot3_simulations_and_reality/build/turtlebot3_gazebo -- -j16 -l16
[12.428s] Invoking command in '/home/hug/turtlebot3_ws/src/turtlebot3_simulations_and_reality/build/turtlebot3_gazebo': CMAKE_PREFIX_PATH=/home/hug/opentcs_ws/install/opentcs_ros2:/opt/ros/humble /usr/bin/cmake --install /home/hug/turtlebot3_ws/src/turtlebot3_simulations_and_reality/build/turtlebot3_gazebo
[12.435s] -- Install configuration: ""
[12.435s] -- Installing: /home/hug/turtlebot3_ws/src/turtlebot3_simulations_and_reality/install/turtlebot3_gazebo/lib/turtlebot3_gazebo/turtlebot3_drive
[12.438s] -- Set runtime path of "/home/hug/turtlebot3_ws/src/turtlebot3_simulations_and_reality/install/turtlebot3_gazebo/lib/turtlebot3_gazebo/turtlebot3_drive" to ""
[12.438s] -- Installing: /home/hug/turtlebot3_ws/src/turtlebot3_simulations_and_reality/install/turtlebot3_gazebo/share/turtlebot3_gazebo//launch
[12.438s] -- Installing: /home/hug/turtlebot3_ws/src/turtlebot3_simulations_and_reality/install/turtlebot3_gazebo/share/turtlebot3_gazebo//launch/turtlebot3_dqn_stage3.launch.py
[12.438s] -- Installing: /home/hug/turtlebot3_ws/src/turtlebot3_simulations_and_reality/install/turtlebot3_gazebo/share/turtlebot3_gazebo//launch/turtlebot3_house.launch.py
[12.438s] -- Installing: /home/hug/turtlebot3_ws/src/turtlebot3_simulations_and_reality/install/turtlebot3_gazebo/share/turtlebot3_gazebo//launch/turtlebot3_autorace_2020.launch.py
[12.438s] -- Installing: /home/hug/turtlebot3_ws/src/turtlebot3_simulations_and_reality/install/turtlebot3_gazebo/share/turtlebot3_gazebo//launch/spawn_turtlebot3.launch.py
[12.438s] -- Installing: /home/hug/turtlebot3_ws/src/turtlebot3_simulations_and_reality/install/turtlebot3_gazebo/share/turtlebot3_gazebo//launch/robot_state_publisher.launch.py
[12.438s] -- Installing: /home/hug/turtlebot3_ws/src/turtlebot3_simulations_and_reality/install/turtlebot3_gazebo/share/turtlebot3_gazebo//launch/turtlebot3_dqn_stage2.launch.py
[12.438s] -- Installing: /home/hug/turtlebot3_ws/src/turtlebot3_simulations_and_reality/install/turtlebot3_gazebo/share/turtlebot3_gazebo//launch/multi_spawn_turtlebot3.launch.py
[12.438s] -- Installing: /home/hug/turtlebot3_ws/src/turtlebot3_simulations_and_reality/install/turtlebot3_gazebo/share/turtlebot3_gazebo//launch/turtlebot3_world.launch.py
[12.438s] -- Installing: /home/hug/turtlebot3_ws/src/turtlebot3_simulations_and_reality/install/turtlebot3_gazebo/share/turtlebot3_gazebo//launch/turtlebot3_dqn_stage1.launch.py
[12.438s] -- Installing: /home/hug/turtlebot3_ws/src/turtlebot3_simulations_and_reality/install/turtlebot3_gazebo/share/turtlebot3_gazebo//launch/empty_world.launch.py
[12.438s] -- Installing: /home/hug/turtlebot3_ws/src/turtlebot3_simulations_and_reality/install/turtlebot3_gazebo/share/turtlebot3_gazebo//launch/multi_robot.launch.py
[12.438s] -- Installing: /home/hug/turtlebot3_ws/src/turtlebot3_simulations_and_reality/install/turtlebot3_gazebo/share/turtlebot3_gazebo//launch/turtlebot3_dqn_stage4.launch.py
[12.438s] -- Installing: /home/hug/turtlebot3_ws/src/turtlebot3_simulations_and_reality/install/turtlebot3_gazebo/share/turtlebot3_gazebo//models
[12.438s] -- Installing: /home/hug/turtlebot3_ws/src/turtlebot3_simulations_and_reality/install/turtlebot3_gazebo/share/turtlebot3_gazebo//models/turtlebot3_waffle
[12.438s] -- Installing: /home/hug/turtlebot3_ws/src/turtlebot3_simulations_and_reality/install/turtlebot3_gazebo/share/turtlebot3_gazebo//models/turtlebot3_waffle/model.sdf
[12.439s] -- Installing: /home/hug/turtlebot3_ws/src/turtlebot3_simulations_and_reality/install/turtlebot3_gazebo/share/turtlebot3_gazebo//models/turtlebot3_waffle/model.config
[12.439s] -- Installing: /home/hug/turtlebot3_ws/src/turtlebot3_simulations_and_reality/install/turtlebot3_gazebo/share/turtlebot3_gazebo//models/turtlebot3_waffle/model-1_4.sdf
[12.439s] -- Installing: /home/hug/turtlebot3_ws/src/turtlebot3_simulations_and_reality/install/turtlebot3_gazebo/share/turtlebot3_gazebo//models/turtlebot3_burger_cam
[12.439s] -- Installing: /home/hug/turtlebot3_ws/src/turtlebot3_simulations_and_reality/install/turtlebot3_gazebo/share/turtlebot3_gazebo//models/turtlebot3_burger_cam/model.sdf
[12.439s] -- Installing: /home/hug/turtlebot3_ws/src/turtlebot3_simulations_and_reality/install/turtlebot3_gazebo/share/turtlebot3_gazebo//models/turtlebot3_burger_cam/model.config
[12.440s] -- Installing: /home/hug/turtlebot3_ws/src/turtlebot3_simulations_and_reality/install/turtlebot3_gazebo/share/turtlebot3_gazebo//models/turtlebot3_burger_cam/model-1_4.sdf
[12.440s] -- Installing: /home/hug/turtlebot3_ws/src/turtlebot3_simulations_and_reality/install/turtlebot3_gazebo/share/turtlebot3_gazebo//models/turtlebot3_burger
[12.440s] -- Installing: /home/hug/turtlebot3_ws/src/turtlebot3_simulations_and_reality/install/turtlebot3_gazebo/share/turtlebot3_gazebo//models/turtlebot3_burger/model.sdf
[12.440s] -- Installing: /home/hug/turtlebot3_ws/src/turtlebot3_simulations_and_reality/install/turtlebot3_gazebo/share/turtlebot3_gazebo//models/turtlebot3_burger/model.config
[12.440s] -- Installing: /home/hug/turtlebot3_ws/src/turtlebot3_simulations_and_reality/install/turtlebot3_gazebo/share/turtlebot3_gazebo//models/turtlebot3_burger/model-1_4.sdf
[12.440s] -- Installing: /home/hug/turtlebot3_ws/src/turtlebot3_simulations_and_reality/install/turtlebot3_gazebo/share/turtlebot3_gazebo//models/turtlebot3_autorace_2020
[12.440s] -- Installing: /home/hug/turtlebot3_ws/src/turtlebot3_simulations_and_reality/install/turtlebot3_gazebo/share/turtlebot3_gazebo//models/turtlebot3_autorace_2020/course
[12.441s] -- Installing: /home/hug/turtlebot3_ws/src/turtlebot3_simulations_and_reality/install/turtlebot3_gazebo/share/turtlebot3_gazebo//models/turtlebot3_autorace_2020/course/model.sdf
[12.441s] -- Installing: /home/hug/turtlebot3_ws/src/turtlebot3_simulations_and_reality/install/turtlebot3_gazebo/share/turtlebot3_gazebo//models/turtlebot3_autorace_2020/course/model.config
[12.441s] -- Installing: /home/hug/turtlebot3_ws/src/turtlebot3_simulations_and_reality/install/turtlebot3_gazebo/share/turtlebot3_gazebo//models/turtlebot3_autorace_2020/course/materials
[12.441s] -- Installing: /home/hug/turtlebot3_ws/src/turtlebot3_simulations_and_reality/install/turtlebot3_gazebo/share/turtlebot3_gazebo//models/turtlebot3_autorace_2020/course/materials/scripts
[12.441s] -- Installing: /home/hug/turtlebot3_ws/src/turtlebot3_simulations_and_reality/install/turtlebot3_gazebo/share/turtlebot3_gazebo//models/turtlebot3_autorace_2020/course/materials/scripts/course.material
[12.441s] -- Installing: /home/hug/turtlebot3_ws/src/turtlebot3_simulations_and_reality/install/turtlebot3_gazebo/share/turtlebot3_gazebo//models/turtlebot3_autorace_2020/course/materials/textures
[12.441s] -- Installing: /home/hug/turtlebot3_ws/src/turtlebot3_simulations_and_reality/install/turtlebot3_gazebo/share/turtlebot3_gazebo//models/turtlebot3_autorace_2020/course/materials/textures/course.png
[12.442s] -- Installing: /home/hug/turtlebot3_ws/src/turtlebot3_simulations_and_reality/install/turtlebot3_gazebo/share/turtlebot3_gazebo//models/turtlebot3_autorace_2020/traffic_right
[12.442s] -- Installing: /home/hug/turtlebot3_ws/src/turtlebot3_simulations_and_reality/install/turtlebot3_gazebo/share/turtlebot3_gazebo//models/turtlebot3_autorace_2020/traffic_right/model.sdf
[12.442s] -- Installing: /home/hug/turtlebot3_ws/src/turtlebot3_simulations_and_reality/install/turtlebot3_gazebo/share/turtlebot3_gazebo//models/turtlebot3_autorace_2020/traffic_right/model.config
[12.442s] -- Installing: /home/hug/turtlebot3_ws/src/turtlebot3_simulations_and_reality/install/turtlebot3_gazebo/share/turtlebot3_gazebo//models/turtlebot3_autorace_2020/traffic_right/materials
[12.442s] -- Installing: /home/hug/turtlebot3_ws/src/turtlebot3_simulations_and_reality/install/turtlebot3_gazebo/share/turtlebot3_gazebo//models/turtlebot3_autorace_2020/traffic_right/materials/scripts
[12.442s] -- Installing: /home/hug/turtlebot3_ws/src/turtlebot3_simulations_and_reality/install/turtlebot3_gazebo/share/turtlebot3_gazebo//models/turtlebot3_autorace_2020/traffic_right/materials/scripts/traffic_right.material
[12.442s] -- Installing: /home/hug/turtlebot3_ws/src/turtlebot3_simulations_and_reality/install/turtlebot3_gazebo/share/turtlebot3_gazebo//models/turtlebot3_autorace_2020/traffic_right/materials/textures
[12.442s] -- Installing: /home/hug/turtlebot3_ws/src/turtlebot3_simulations_and_reality/install/turtlebot3_gazebo/share/turtlebot3_gazebo//models/turtlebot3_autorace_2020/traffic_right/materials/textures/traffic_right.png
[12.443s] -- Installing: /home/hug/turtlebot3_ws/src/turtlebot3_simulations_and_reality/install/turtlebot3_gazebo/share/turtlebot3_gazebo//models/turtlebot3_autorace_2020/checker
[12.443s] -- Installing: /home/hug/turtlebot3_ws/src/turtlebot3_simulations_and_reality/install/turtlebot3_gazebo/share/turtlebot3_gazebo//models/turtlebot3_autorace_2020/checker/model.sdf
[12.443s] -- Installing: /home/hug/turtlebot3_ws/src/turtlebot3_simulations_and_reality/install/turtlebot3_gazebo/share/turtlebot3_gazebo//models/turtlebot3_autorace_2020/checker/model.config
[12.443s] -- Installing: /home/hug/turtlebot3_ws/src/turtlebot3_simulations_and_reality/install/turtlebot3_gazebo/share/turtlebot3_gazebo//models/turtlebot3_autorace_2020/checker/materials
[12.443s] -- Installing: /home/hug/turtlebot3_ws/src/turtlebot3_simulations_and_reality/install/turtlebot3_gazebo/share/turtlebot3_gazebo//models/turtlebot3_autorace_2020/checker/materials/scripts
[12.443s] -- Installing: /home/hug/turtlebot3_ws/src/turtlebot3_simulations_and_reality/install/turtlebot3_gazebo/share/turtlebot3_gazebo//models/turtlebot3_autorace_2020/checker/materials/scripts/checker.material
[12.443s] -- Installing: /home/hug/turtlebot3_ws/src/turtlebot3_simulations_and_reality/install/turtlebot3_gazebo/share/turtlebot3_gazebo//models/turtlebot3_autorace_2020/checker/materials/textures
[12.443s] -- Installing: /home/hug/turtlebot3_ws/src/turtlebot3_simulations_and_reality/install/turtlebot3_gazebo/share/turtlebot3_gazebo//models/turtlebot3_autorace_2020/checker/materials/textures/checker.png
[12.444s] -- Installing: /home/hug/turtlebot3_ws/src/turtlebot3_simulations_and_reality/install/turtlebot3_gazebo/share/turtlebot3_gazebo//models/turtlebot3_autorace_2020/checker/materials/checker.png
[12.444s] -- Installing: /home/hug/turtlebot3_ws/src/turtlebot3_simulations_and_reality/install/turtlebot3_gazebo/share/turtlebot3_gazebo//models/turtlebot3_autorace_2020/traffic_bar
[12.444s] -- Installing: /home/hug/turtlebot3_ws/src/turtlebot3_simulations_and_reality/install/turtlebot3_gazebo/share/turtlebot3_gazebo//models/turtlebot3_autorace_2020/traffic_bar/model.sdf
[12.444s] -- Installing: /home/hug/turtlebot3_ws/src/turtlebot3_simulations_and_reality/install/turtlebot3_gazebo/share/turtlebot3_gazebo//models/turtlebot3_autorace_2020/traffic_bar/model.config
[12.444s] -- Installing: /home/hug/turtlebot3_ws/src/turtlebot3_simulations_and_reality/install/turtlebot3_gazebo/share/turtlebot3_gazebo//models/turtlebot3_autorace_2020/traffic_bar/materials
[12.444s] -- Installing: /home/hug/turtlebot3_ws/src/turtlebot3_simulations_and_reality/install/turtlebot3_gazebo/share/turtlebot3_gazebo//models/turtlebot3_autorace_2020/traffic_bar/materials/scripts
[12.444s] -- Installing: /home/hug/turtlebot3_ws/src/turtlebot3_simulations_and_reality/install/turtlebot3_gazebo/share/turtlebot3_gazebo//models/turtlebot3_autorace_2020/traffic_bar/materials/scripts/traffic_bar.material
[12.444s] -- Installing: /home/hug/turtlebot3_ws/src/turtlebot3_simulations_and_reality/install/turtlebot3_gazebo/share/turtlebot3_gazebo//models/turtlebot3_autorace_2020/traffic_bar/materials/textures
[12.444s] -- Installing: /home/hug/turtlebot3_ws/src/turtlebot3_simulations_and_reality/install/turtlebot3_gazebo/share/turtlebot3_gazebo//models/turtlebot3_autorace_2020/traffic_bar/materials/textures/traffic_bar.png
[12.445s] -- Installing: /home/hug/turtlebot3_ws/src/turtlebot3_simulations_and_reality/install/turtlebot3_gazebo/share/turtlebot3_gazebo//models/turtlebot3_autorace_2020/traffic_noentry
[12.445s] -- Installing: /home/hug/turtlebot3_ws/src/turtlebot3_simulations_and_reality/install/turtlebot3_gazebo/share/turtlebot3_gazebo//models/turtlebot3_autorace_2020/traffic_noentry/model.sdf
[12.445s] -- Installing: /home/hug/turtlebot3_ws/src/turtlebot3_simulations_and_reality/install/turtlebot3_gazebo/share/turtlebot3_gazebo//models/turtlebot3_autorace_2020/traffic_noentry/model.config
[12.446s] -- Installing: /home/hug/turtlebot3_ws/src/turtlebot3_simulations_and_reality/install/turtlebot3_gazebo/share/turtlebot3_gazebo//models/turtlebot3_autorace_2020/traffic_noentry/materials
[12.446s] -- Installing: /home/hug/turtlebot3_ws/src/turtlebot3_simulations_and_reality/install/turtlebot3_gazebo/share/turtlebot3_gazebo//models/turtlebot3_autorace_2020/traffic_noentry/materials/scripts
[12.446s] -- Installing: /home/hug/turtlebot3_ws/src/turtlebot3_simulations_and_reality/install/turtlebot3_gazebo/share/turtlebot3_gazebo//models/turtlebot3_autorace_2020/traffic_noentry/materials/scripts/traffic_noentry.material
[12.446s] -- Installing: /home/hug/turtlebot3_ws/src/turtlebot3_simulations_and_reality/install/turtlebot3_gazebo/share/turtlebot3_gazebo//models/turtlebot3_autorace_2020/traffic_noentry/materials/textures
[12.446s] -- Installing: /home/hug/turtlebot3_ws/src/turtlebot3_simulations_and_reality/install/turtlebot3_gazebo/share/turtlebot3_gazebo//models/turtlebot3_autorace_2020/traffic_noentry/materials/textures/traffic_noentry.png
[12.447s] -- Installing: /home/hug/turtlebot3_ws/src/turtlebot3_simulations_and_reality/install/turtlebot3_gazebo/share/turtlebot3_gazebo//models/turtlebot3_autorace_2020/traffic_construction
[12.448s] -- Installing: /home/hug/turtlebot3_ws/src/turtlebot3_simulations_and_reality/install/turtlebot3_gazebo/share/turtlebot3_gazebo//models/turtlebot3_autorace_2020/traffic_construction/model.sdf
[12.448s] -- Installing: /home/hug/turtlebot3_ws/src/turtlebot3_simulations_and_reality/install/turtlebot3_gazebo/share/turtlebot3_gazebo//models/turtlebot3_autorace_2020/traffic_construction/model.config
[12.448s] -- Installing: /home/hug/turtlebot3_ws/src/turtlebot3_simulations_and_reality/install/turtlebot3_gazebo/share/turtlebot3_gazebo//models/turtlebot3_autorace_2020/traffic_construction/materials
[12.448s] -- Installing: /home/hug/turtlebot3_ws/src/turtlebot3_simulations_and_reality/install/turtlebot3_gazebo/share/turtlebot3_gazebo//models/turtlebot3_autorace_2020/traffic_construction/materials/scripts
[12.449s] -- Installing: /home/hug/turtlebot3_ws/src/turtlebot3_simulations_and_reality/install/turtlebot3_gazebo/share/turtlebot3_gazebo//models/turtlebot3_autorace_2020/traffic_construction/materials/scripts/traffic_construction.material
[12.449s] -- Installing: /home/hug/turtlebot3_ws/src/turtlebot3_simulations_and_reality/install/turtlebot3_gazebo/share/turtlebot3_gazebo//models/turtlebot3_autorace_2020/traffic_construction/materials/textures
[12.449s] -- Installing: /home/hug/turtlebot3_ws/src/turtlebot3_simulations_and_reality/install/turtlebot3_gazebo/share/turtlebot3_gazebo//models/turtlebot3_autorace_2020/traffic_construction/materials/textures/traffic_construction.png
[12.450s] -- Installing: /home/hug/turtlebot3_ws/src/turtlebot3_simulations_and_reality/install/turtlebot3_gazebo/share/turtlebot3_gazebo//models/turtlebot3_autorace_2020/traffic_parking
[12.450s] -- Installing: /home/hug/turtlebot3_ws/src/turtlebot3_simulations_and_reality/install/turtlebot3_gazebo/share/turtlebot3_gazebo//models/turtlebot3_autorace_2020/traffic_parking/model.sdf
[12.450s] -- Installing: /home/hug/turtlebot3_ws/src/turtlebot3_simulations_and_reality/install/turtlebot3_gazebo/share/turtlebot3_gazebo//models/turtlebot3_autorace_2020/traffic_parking/model.config
[12.451s] -- Installing: /home/hug/turtlebot3_ws/src/turtlebot3_simulations_and_reality/install/turtlebot3_gazebo/share/turtlebot3_gazebo//models/turtlebot3_autorace_2020/traffic_parking/materials
[12.451s] -- Installing: /home/hug/turtlebot3_ws/src/turtlebot3_simulations_and_reality/install/turtlebot3_gazebo/share/turtlebot3_gazebo//models/turtlebot3_autorace_2020/traffic_parking/materials/scripts
[12.451s] -- Installing: /home/hug/turtlebot3_ws/src/turtlebot3_simulations_and_reality/install/turtlebot3_gazebo/share/turtlebot3_gazebo//models/turtlebot3_autorace_2020/traffic_parking/materials/scripts/traffic_parking.material
[12.452s] -- Installing: /home/hug/turtlebot3_ws/src/turtlebot3_simulations_and_reality/install/turtlebot3_gazebo/share/turtlebot3_gazebo//models/turtlebot3_autorace_2020/traffic_parking/materials/textures
[12.452s] -- Installing: /home/hug/turtlebot3_ws/src/turtlebot3_simulations_and_reality/install/turtlebot3_gazebo/share/turtlebot3_gazebo//models/turtlebot3_autorace_2020/traffic_parking/materials/textures/traffic_parking.png
[12.452s] -- Installing: /home/hug/turtlebot3_ws/src/turtlebot3_simulations_and_reality/install/turtlebot3_gazebo/share/turtlebot3_gazebo//models/turtlebot3_autorace_2020/traffic_intersection
[12.452s] -- Installing: /home/hug/turtlebot3_ws/src/turtlebot3_simulations_and_reality/install/turtlebot3_gazebo/share/turtlebot3_gazebo//models/turtlebot3_autorace_2020/traffic_intersection/model.sdf
[12.452s] -- Installing: /home/hug/turtlebot3_ws/src/turtlebot3_simulations_and_reality/install/turtlebot3_gazebo/share/turtlebot3_gazebo//models/turtlebot3_autorace_2020/traffic_intersection/model.config
[12.453s] -- Installing: /home/hug/turtlebot3_ws/src/turtlebot3_simulations_and_reality/install/turtlebot3_gazebo/share/turtlebot3_gazebo//models/turtlebot3_autorace_2020/traffic_intersection/materials
[12.453s] -- Installing: /home/hug/turtlebot3_ws/src/turtlebot3_simulations_and_reality/install/turtlebot3_gazebo/share/turtlebot3_gazebo//models/turtlebot3_autorace_2020/traffic_intersection/materials/scripts
[12.453s] -- Installing: /home/hug/turtlebot3_ws/src/turtlebot3_simulations_and_reality/install/turtlebot3_gazebo/share/turtlebot3_gazebo//models/turtlebot3_autorace_2020/traffic_intersection/materials/scripts/traffic_intersection.material
[12.453s] -- Installing: /home/hug/turtlebot3_ws/src/turtlebot3_simulations_and_reality/install/turtlebot3_gazebo/share/turtlebot3_gazebo//models/turtlebot3_autorace_2020/traffic_intersection/materials/textures
[12.453s] -- Installing: /home/hug/turtlebot3_ws/src/turtlebot3_simulations_and_reality/install/turtlebot3_gazebo/share/turtlebot3_gazebo//models/turtlebot3_autorace_2020/traffic_intersection/materials/textures/traffic_intersection.png
[12.454s] -- Installing: /home/hug/turtlebot3_ws/src/turtlebot3_simulations_and_reality/install/turtlebot3_gazebo/share/turtlebot3_gazebo//models/turtlebot3_autorace_2020/traffic_pl_left
[12.454s] -- Installing: /home/hug/turtlebot3_ws/src/turtlebot3_simulations_and_reality/install/turtlebot3_gazebo/share/turtlebot3_gazebo//models/turtlebot3_autorace_2020/traffic_pl_left/model.sdf
[12.454s] -- Installing: /home/hug/turtlebot3_ws/src/turtlebot3_simulations_and_reality/install/turtlebot3_gazebo/share/turtlebot3_gazebo//models/turtlebot3_autorace_2020/traffic_pl_left/model.config
[12.454s] -- Installing: /home/hug/turtlebot3_ws/src/turtlebot3_simulations_and_reality/install/turtlebot3_gazebo/share/turtlebot3_gazebo//models/turtlebot3_autorace_2020/traffic_pl_left/materials
[12.454s] -- Installing: /home/hug/turtlebot3_ws/src/turtlebot3_simulations_and_reality/install/turtlebot3_gazebo/share/turtlebot3_gazebo//models/turtlebot3_autorace_2020/traffic_pl_left/materials/scripts
[12.455s] -- Installing: /home/hug/turtlebot3_ws/src/turtlebot3_simulations_and_reality/install/turtlebot3_gazebo/share/turtlebot3_gazebo//models/turtlebot3_autorace_2020/traffic_pl_left/materials/scripts/traffic_pl_left.material
[12.455s] -- Installing: /home/hug/turtlebot3_ws/src/turtlebot3_simulations_and_reality/install/turtlebot3_gazebo/share/turtlebot3_gazebo//models/turtlebot3_autorace_2020/traffic_pl_left/materials/textures
[12.455s] -- Installing: /home/hug/turtlebot3_ws/src/turtlebot3_simulations_and_reality/install/turtlebot3_gazebo/share/turtlebot3_gazebo//models/turtlebot3_autorace_2020/traffic_pl_left/materials/textures/traffic_pl_left.png
[12.455s] -- Installing: /home/hug/turtlebot3_ws/src/turtlebot3_simulations_and_reality/install/turtlebot3_gazebo/share/turtlebot3_gazebo//models/turtlebot3_autorace_2020/traffic_tunnel
[12.455s] -- Installing: /home/hug/turtlebot3_ws/src/turtlebot3_simulations_and_reality/install/turtlebot3_gazebo/share/turtlebot3_gazebo//models/turtlebot3_autorace_2020/traffic_tunnel/model.sdf
[12.455s] -- Installing: /home/hug/turtlebot3_ws/src/turtlebot3_simulations_and_reality/install/turtlebot3_gazebo/share/turtlebot3_gazebo//models/turtlebot3_autorace_2020/traffic_tunnel/model.config
[12.456s] -- Installing: /home/hug/turtlebot3_ws/src/turtlebot3_simulations_and_reality/install/turtlebot3_gazebo/share/turtlebot3_gazebo//models/turtlebot3_autorace_2020/traffic_tunnel/materials
[12.456s] -- Installing: /home/hug/turtlebot3_ws/src/turtlebot3_simulations_and_reality/install/turtlebot3_gazebo/share/turtlebot3_gazebo//models/turtlebot3_autorace_2020/traffic_tunnel/materials/scripts
[12.456s] -- Installing: /home/hug/turtlebot3_ws/src/turtlebot3_simulations_and_reality/install/turtlebot3_gazebo/share/turtlebot3_gazebo//models/turtlebot3_autorace_2020/traffic_tunnel/materials/scripts/tunnel.material
[12.456s] -- Installing: /home/hug/turtlebot3_ws/src/turtlebot3_simulations_and_reality/install/turtlebot3_gazebo/share/turtlebot3_gazebo//models/turtlebot3_autorace_2020/traffic_tunnel/materials/textures
[12.456s] -- Installing: /home/hug/turtlebot3_ws/src/turtlebot3_simulations_and_reality/install/turtlebot3_gazebo/share/turtlebot3_gazebo//models/turtlebot3_autorace_2020/traffic_tunnel/materials/textures/tunnel.png
[12.457s] -- Installing: /home/hug/turtlebot3_ws/src/turtlebot3_simulations_and_reality/install/turtlebot3_gazebo/share/turtlebot3_gazebo//models/turtlebot3_autorace_2020/traffic_stop
[12.457s] -- Installing: /home/hug/turtlebot3_ws/src/turtlebot3_simulations_and_reality/install/turtlebot3_gazebo/share/turtlebot3_gazebo//models/turtlebot3_autorace_2020/traffic_stop/model.sdf
[12.457s] -- Installing: /home/hug/turtlebot3_ws/src/turtlebot3_simulations_and_reality/install/turtlebot3_gazebo/share/turtlebot3_gazebo//models/turtlebot3_autorace_2020/traffic_stop/model.config
[12.457s] -- Installing: /home/hug/turtlebot3_ws/src/turtlebot3_simulations_and_reality/install/turtlebot3_gazebo/share/turtlebot3_gazebo//models/turtlebot3_autorace_2020/traffic_stop/materials
[12.457s] -- Installing: /home/hug/turtlebot3_ws/src/turtlebot3_simulations_and_reality/install/turtlebot3_gazebo/share/turtlebot3_gazebo//models/turtlebot3_autorace_2020/traffic_stop/materials/scripts
[12.457s] -- Installing: /home/hug/turtlebot3_ws/src/turtlebot3_simulations_and_reality/install/turtlebot3_gazebo/share/turtlebot3_gazebo//models/turtlebot3_autorace_2020/traffic_stop/materials/scripts/traffic_stop.material
[12.457s] -- Installing: /home/hug/turtlebot3_ws/src/turtlebot3_simulations_and_reality/install/turtlebot3_gazebo/share/turtlebot3_gazebo//models/turtlebot3_autorace_2020/traffic_stop/materials/textures
[12.457s] -- Installing: /home/hug/turtlebot3_ws/src/turtlebot3_simulations_and_reality/install/turtlebot3_gazebo/share/turtlebot3_gazebo//models/turtlebot3_autorace_2020/traffic_stop/materials/textures/traffic_stop.png
[12.458s] -- Installing: /home/hug/turtlebot3_ws/src/turtlebot3_simulations_and_reality/install/turtlebot3_gazebo/share/turtlebot3_gazebo//models/turtlebot3_autorace_2020/traffic_light
[12.458s] -- Installing: /home/hug/turtlebot3_ws/src/turtlebot3_simulations_and_reality/install/turtlebot3_gazebo/share/turtlebot3_gazebo//models/turtlebot3_autorace_2020/traffic_light/model.sdf
[12.458s] -- Installing: /home/hug/turtlebot3_ws/src/turtlebot3_simulations_and_reality/install/turtlebot3_gazebo/share/turtlebot3_gazebo//models/turtlebot3_autorace_2020/traffic_light/model.config
[12.458s] -- Installing: /home/hug/turtlebot3_ws/src/turtlebot3_simulations_and_reality/install/turtlebot3_gazebo/share/turtlebot3_gazebo//models/turtlebot3_autorace_2020/traffic_light/materials
[12.458s] -- Installing: /home/hug/turtlebot3_ws/src/turtlebot3_simulations_and_reality/install/turtlebot3_gazebo/share/turtlebot3_gazebo//models/turtlebot3_autorace_2020/traffic_light/materials/scripts
[12.458s] -- Installing: /home/hug/turtlebot3_ws/src/turtlebot3_simulations_and_reality/install/turtlebot3_gazebo/share/turtlebot3_gazebo//models/turtlebot3_autorace_2020/traffic_light/materials/scripts/traffic_light.material
[12.458s] -- Installing: /home/hug/turtlebot3_ws/src/turtlebot3_simulations_and_reality/install/turtlebot3_gazebo/share/turtlebot3_gazebo//models/turtlebot3_autorace_2020/traffic_light/materials/textures
[12.459s] -- Installing: /home/hug/turtlebot3_ws/src/turtlebot3_simulations_and_reality/install/turtlebot3_gazebo/share/turtlebot3_gazebo//models/turtlebot3_autorace_2020/traffic_light/materials/textures/traffic_light_yellow.png
[12.459s] -- Installing: /home/hug/turtlebot3_ws/src/turtlebot3_simulations_and_reality/install/turtlebot3_gazebo/share/turtlebot3_gazebo//models/turtlebot3_autorace_2020/traffic_light/materials/textures/traffic_light.png
[12.459s] -- Installing: /home/hug/turtlebot3_ws/src/turtlebot3_simulations_and_reality/install/turtlebot3_gazebo/share/turtlebot3_gazebo//models/turtlebot3_autorace_2020/traffic_light/materials/textures/traffic_light_green.png
[12.459s] -- Installing: /home/hug/turtlebot3_ws/src/turtlebot3_simulations_and_reality/install/turtlebot3_gazebo/share/turtlebot3_gazebo//models/turtlebot3_autorace_2020/traffic_light/materials/textures/traffic_light_red.png
[12.459s] -- Installing: /home/hug/turtlebot3_ws/src/turtlebot3_simulations_and_reality/install/turtlebot3_gazebo/share/turtlebot3_gazebo//models/turtlebot3_autorace_2020/traffic_left
[12.459s] -- Installing: /home/hug/turtlebot3_ws/src/turtlebot3_simulations_and_reality/install/turtlebot3_gazebo/share/turtlebot3_gazebo//models/turtlebot3_autorace_2020/traffic_left/model.sdf
[12.460s] -- Installing: /home/hug/turtlebot3_ws/src/turtlebot3_simulations_and_reality/install/turtlebot3_gazebo/share/turtlebot3_gazebo//models/turtlebot3_autorace_2020/traffic_left/model.config
[12.460s] -- Installing: /home/hug/turtlebot3_ws/src/turtlebot3_simulations_and_reality/install/turtlebot3_gazebo/share/turtlebot3_gazebo//models/turtlebot3_autorace_2020/traffic_left/materials
[12.460s] -- Installing: /home/hug/turtlebot3_ws/src/turtlebot3_simulations_and_reality/install/turtlebot3_gazebo/share/turtlebot3_gazebo//models/turtlebot3_autorace_2020/traffic_left/materials/scripts
[12.460s] -- Installing: /home/hug/turtlebot3_ws/src/turtlebot3_simulations_and_reality/install/turtlebot3_gazebo/share/turtlebot3_gazebo//models/turtlebot3_autorace_2020/traffic_left/materials/scripts/traffic_is_left.material
[12.460s] -- Installing: /home/hug/turtlebot3_ws/src/turtlebot3_simulations_and_reality/install/turtlebot3_gazebo/share/turtlebot3_gazebo//models/turtlebot3_autorace_2020/traffic_left/materials/textures
[12.460s] -- Installing: /home/hug/turtlebot3_ws/src/turtlebot3_simulations_and_reality/install/turtlebot3_gazebo/share/turtlebot3_gazebo//models/turtlebot3_autorace_2020/traffic_left/materials/textures/traffic_left.png
[12.460s] -- Installing: /home/hug/turtlebot3_ws/src/turtlebot3_simulations_and_reality/install/turtlebot3_gazebo/share/turtlebot3_gazebo//models/turtlebot3_house
[12.460s] -- Installing: /home/hug/turtlebot3_ws/src/turtlebot3_simulations_and_reality/install/turtlebot3_gazebo/share/turtlebot3_gazebo//models/turtlebot3_house/model.sdf
[12.461s] -- Installing: /home/hug/turtlebot3_ws/src/turtlebot3_simulations_and_reality/install/turtlebot3_gazebo/share/turtlebot3_gazebo//models/turtlebot3_house/model.config
[12.462s] -- Installing: /home/hug/turtlebot3_ws/src/turtlebot3_simulations_and_reality/install/turtlebot3_gazebo/share/turtlebot3_gazebo//models/turtlebot3_common
[12.462s] -- Installing: /home/hug/turtlebot3_ws/src/turtlebot3_simulations_and_reality/install/turtlebot3_gazebo/share/turtlebot3_gazebo//models/turtlebot3_common/model.config
[12.462s] -- Installing: /home/hug/turtlebot3_ws/src/turtlebot3_simulations_and_reality/install/turtlebot3_gazebo/share/turtlebot3_gazebo//models/turtlebot3_common/meshes
[12.462s] -- Installing: /home/hug/turtlebot3_ws/src/turtlebot3_simulations_and_reality/install/turtlebot3_gazebo/share/turtlebot3_gazebo//models/turtlebot3_common/meshes/bases
[12.462s] -- Installing: /home/hug/turtlebot3_ws/src/turtlebot3_simulations_and_reality/install/turtlebot3_gazebo/share/turtlebot3_gazebo//models/turtlebot3_common/meshes/bases/burger_base.stl
[12.467s] -- Installing: /home/hug/turtlebot3_ws/src/turtlebot3_simulations_and_reality/install/turtlebot3_gazebo/share/turtlebot3_gazebo//models/turtlebot3_common/meshes/bases/waffle_base.stl
[12.479s] -- Installing: /home/hug/turtlebot3_ws/src/turtlebot3_simulations_and_reality/install/turtlebot3_gazebo/share/turtlebot3_gazebo//models/turtlebot3_common/meshes/bases/waffle_pi_base.stl
[12.486s] -- Installing: /home/hug/turtlebot3_ws/src/turtlebot3_simulations_and_reality/install/turtlebot3_gazebo/share/turtlebot3_gazebo//models/turtlebot3_common/meshes/tire.dae
[12.486s] -- Installing: /home/hug/turtlebot3_ws/src/turtlebot3_simulations_and_reality/install/turtlebot3_gazebo/share/turtlebot3_gazebo//models/turtlebot3_common/meshes/burger_base.dae
[12.487s] -- Installing: /home/hug/turtlebot3_ws/src/turtlebot3_simulations_and_reality/install/turtlebot3_gazebo/share/turtlebot3_gazebo//models/turtlebot3_common/meshes/lds.dae
[12.487s] -- Installing: /home/hug/turtlebot3_ws/src/turtlebot3_simulations_and_reality/install/turtlebot3_gazebo/share/turtlebot3_gazebo//models/turtlebot3_common/meshes/waffle_pi_base.dae
[12.487s] -- Installing: /home/hug/turtlebot3_ws/src/turtlebot3_simulations_and_reality/install/turtlebot3_gazebo/share/turtlebot3_gazebo//models/turtlebot3_common/meshes/wheels
[12.487s] -- Installing: /home/hug/turtlebot3_ws/src/turtlebot3_simulations_and_reality/install/turtlebot3_gazebo/share/turtlebot3_gazebo//models/turtlebot3_common/meshes/wheels/right_tire.stl
[12.490s] -- Installing: /home/hug/turtlebot3_ws/src/turtlebot3_simulations_and_reality/install/turtlebot3_gazebo/share/turtlebot3_gazebo//models/turtlebot3_common/meshes/wheels/left_tire.stl
[12.492s] -- Installing: /home/hug/turtlebot3_ws/src/turtlebot3_simulations_and_reality/install/turtlebot3_gazebo/share/turtlebot3_gazebo//models/turtlebot3_common/meshes/r200.dae
[12.493s] -- Installing: /home/hug/turtlebot3_ws/src/turtlebot3_simulations_and_reality/install/turtlebot3_gazebo/share/turtlebot3_gazebo//models/turtlebot3_common/meshes/waffle_base.dae
[12.493s] -- Installing: /home/hug/turtlebot3_ws/src/turtlebot3_simulations_and_reality/install/turtlebot3_gazebo/share/turtlebot3_gazebo//models/turtlebot3_common/meshes/sensors
[12.493s] -- Installing: /home/hug/turtlebot3_ws/src/turtlebot3_simulations_and_reality/install/turtlebot3_gazebo/share/turtlebot3_gazebo//models/turtlebot3_common/meshes/sensors/astra.dae
[12.502s] -- Installing: /home/hug/turtlebot3_ws/src/turtlebot3_simulations_and_reality/install/turtlebot3_gazebo/share/turtlebot3_gazebo//models/turtlebot3_common/meshes/sensors/r200.jpg
[12.502s] -- Installing: /home/hug/turtlebot3_ws/src/turtlebot3_simulations_and_reality/install/turtlebot3_gazebo/share/turtlebot3_gazebo//models/turtlebot3_common/meshes/sensors/astra.jpg
[12.503s] -- Installing: /home/hug/turtlebot3_ws/src/turtlebot3_simulations_and_reality/install/turtlebot3_gazebo/share/turtlebot3_gazebo//models/turtlebot3_common/meshes/sensors/r200.dae
[12.504s] -- Installing: /home/hug/turtlebot3_ws/src/turtlebot3_simulations_and_reality/install/turtlebot3_gazebo/share/turtlebot3_gazebo//models/turtlebot3_common/meshes/sensors/lds.stl
[12.506s] -- Installing: /home/hug/turtlebot3_ws/src/turtlebot3_simulations_and_reality/install/turtlebot3_gazebo/share/turtlebot3_gazebo//models/turtlebot3_waffle_pi
[12.506s] -- Installing: /home/hug/turtlebot3_ws/src/turtlebot3_simulations_and_reality/install/turtlebot3_gazebo/share/turtlebot3_gazebo//models/turtlebot3_waffle_pi/model.sdf
[12.506s] -- Installing: /home/hug/turtlebot3_ws/src/turtlebot3_simulations_and_reality/install/turtlebot3_gazebo/share/turtlebot3_gazebo//models/turtlebot3_waffle_pi/model.config
[12.506s] -- Installing: /home/hug/turtlebot3_ws/src/turtlebot3_simulations_and_reality/install/turtlebot3_gazebo/share/turtlebot3_gazebo//models/turtlebot3_waffle_pi/model-1_4_.sdf
[12.506s] -- Installing: /home/hug/turtlebot3_ws/src/turtlebot3_simulations_and_reality/install/turtlebot3_gazebo/share/turtlebot3_gazebo//models/turtlebot3_dqn_world
[12.506s] -- Installing: /home/hug/turtlebot3_ws/src/turtlebot3_simulations_and_reality/install/turtlebot3_gazebo/share/turtlebot3_gazebo//models/turtlebot3_dqn_world/obstacle1
[12.506s] -- Installing: /home/hug/turtlebot3_ws/src/turtlebot3_simulations_and_reality/install/turtlebot3_gazebo/share/turtlebot3_gazebo//models/turtlebot3_dqn_world/obstacle1/model.sdf
[12.506s] -- Installing: /home/hug/turtlebot3_ws/src/turtlebot3_simulations_and_reality/install/turtlebot3_gazebo/share/turtlebot3_gazebo//models/turtlebot3_dqn_world/obstacle1/model.config
[12.507s] -- Installing: /home/hug/turtlebot3_ws/src/turtlebot3_simulations_and_reality/install/turtlebot3_gazebo/share/turtlebot3_gazebo//models/turtlebot3_dqn_world/model.sdf
[12.507s] -- Installing: /home/hug/turtlebot3_ws/src/turtlebot3_simulations_and_reality/install/turtlebot3_gazebo/share/turtlebot3_gazebo//models/turtlebot3_dqn_world/model.config
[12.507s] -- Installing: /home/hug/turtlebot3_ws/src/turtlebot3_simulations_and_reality/install/turtlebot3_gazebo/share/turtlebot3_gazebo//models/turtlebot3_dqn_world/goal_box
[12.507s] -- Installing: /home/hug/turtlebot3_ws/src/turtlebot3_simulations_and_reality/install/turtlebot3_gazebo/share/turtlebot3_gazebo//models/turtlebot3_dqn_world/goal_box/model.sdf
[12.507s] -- Installing: /home/hug/turtlebot3_ws/src/turtlebot3_simulations_and_reality/install/turtlebot3_gazebo/share/turtlebot3_gazebo//models/turtlebot3_dqn_world/goal_box/model.config
[12.507s] -- Installing: /home/hug/turtlebot3_ws/src/turtlebot3_simulations_and_reality/install/turtlebot3_gazebo/share/turtlebot3_gazebo//models/turtlebot3_dqn_world/obstacle2
[12.507s] -- Installing: /home/hug/turtlebot3_ws/src/turtlebot3_simulations_and_reality/install/turtlebot3_gazebo/share/turtlebot3_gazebo//models/turtlebot3_dqn_world/obstacle2/model.sdf
[12.508s] -- Installing: /home/hug/turtlebot3_ws/src/turtlebot3_simulations_and_reality/install/turtlebot3_gazebo/share/turtlebot3_gazebo//models/turtlebot3_dqn_world/obstacle2/model.config
[12.508s] -- Installing: /home/hug/turtlebot3_ws/src/turtlebot3_simulations_and_reality/install/turtlebot3_gazebo/share/turtlebot3_gazebo//models/turtlebot3_dqn_world/inner_walls
[12.508s] -- Installing: /home/hug/turtlebot3_ws/src/turtlebot3_simulations_and_reality/install/turtlebot3_gazebo/share/turtlebot3_gazebo//models/turtlebot3_dqn_world/inner_walls/model.sdf
[12.508s] -- Installing: /home/hug/turtlebot3_ws/src/turtlebot3_simulations_and_reality/install/turtlebot3_gazebo/share/turtlebot3_gazebo//models/turtlebot3_dqn_world/inner_walls/model.config
[12.508s] -- Installing: /home/hug/turtlebot3_ws/src/turtlebot3_simulations_and_reality/install/turtlebot3_gazebo/share/turtlebot3_gazebo//models/turtlebot3_dqn_world/obstacles
[12.508s] -- Installing: /home/hug/turtlebot3_ws/src/turtlebot3_simulations_and_reality/install/turtlebot3_gazebo/share/turtlebot3_gazebo//models/turtlebot3_dqn_world/obstacles/model.sdf
[12.509s] -- Installing: /home/hug/turtlebot3_ws/src/turtlebot3_simulations_and_reality/install/turtlebot3_gazebo/share/turtlebot3_gazebo//models/turtlebot3_dqn_world/obstacles/model.config
[12.509s] -- Installing: /home/hug/turtlebot3_ws/src/turtlebot3_simulations_and_reality/install/turtlebot3_gazebo/share/turtlebot3_gazebo//models/turtlebot3_world
[12.509s] -- Installing: /home/hug/turtlebot3_ws/src/turtlebot3_simulations_and_reality/install/turtlebot3_gazebo/share/turtlebot3_gazebo//models/turtlebot3_world/model.sdf
[12.509s] -- Installing: /home/hug/turtlebot3_ws/src/turtlebot3_simulations_and_reality/install/turtlebot3_gazebo/share/turtlebot3_gazebo//models/turtlebot3_world/model.config
[12.509s] -- Installing: /home/hug/turtlebot3_ws/src/turtlebot3_simulations_and_reality/install/turtlebot3_gazebo/share/turtlebot3_gazebo//models/turtlebot3_world/meshes
[12.509s] -- Installing: /home/hug/turtlebot3_ws/src/turtlebot3_simulations_and_reality/install/turtlebot3_gazebo/share/turtlebot3_gazebo//models/turtlebot3_world/meshes/wall.dae
[12.510s] -- Installing: /home/hug/turtlebot3_ws/src/turtlebot3_simulations_and_reality/install/turtlebot3_gazebo/share/turtlebot3_gazebo//models/turtlebot3_world/meshes/hexagon.dae
[12.510s] -- Installing: /home/hug/turtlebot3_ws/src/turtlebot3_simulations_and_reality/install/turtlebot3_gazebo/share/turtlebot3_gazebo//models/turtlebot3_world/model-1_4.sdf
[12.510s] -- Installing: /home/hug/turtlebot3_ws/src/turtlebot3_simulations_and_reality/install/turtlebot3_gazebo/share/turtlebot3_gazebo//rviz
[12.510s] -- Installing: /home/hug/turtlebot3_ws/src/turtlebot3_simulations_and_reality/install/turtlebot3_gazebo/share/turtlebot3_gazebo//rviz/tb3_gazebo.rviz
[12.510s] -- Installing: /home/hug/turtlebot3_ws/src/turtlebot3_simulations_and_reality/install/turtlebot3_gazebo/share/turtlebot3_gazebo//urdf
[12.510s] -- Installing: /home/hug/turtlebot3_ws/src/turtlebot3_simulations_and_reality/install/turtlebot3_gazebo/share/turtlebot3_gazebo//urdf/turtlebot3_waffle_pi.urdf
[12.511s] -- Installing: /home/hug/turtlebot3_ws/src/turtlebot3_simulations_and_reality/install/turtlebot3_gazebo/share/turtlebot3_gazebo//urdf/turtlebot3_burger_cam.urdf
[12.511s] -- Installing: /home/hug/turtlebot3_ws/src/turtlebot3_simulations_and_reality/install/turtlebot3_gazebo/share/turtlebot3_gazebo//urdf/common_properties.urdf
[12.511s] -- Installing: /home/hug/turtlebot3_ws/src/turtlebot3_simulations_and_reality/install/turtlebot3_gazebo/share/turtlebot3_gazebo//urdf/turtlebot3_burger.urdf
[12.511s] -- Installing: /home/hug/turtlebot3_ws/src/turtlebot3_simulations_and_reality/install/turtlebot3_gazebo/share/turtlebot3_gazebo//urdf/turtlebot3_waffle.urdf
[12.511s] -- Installing: /home/hug/turtlebot3_ws/src/turtlebot3_simulations_and_reality/install/turtlebot3_gazebo/share/turtlebot3_gazebo//worlds
[12.512s] -- Installing: /home/hug/turtlebot3_ws/src/turtlebot3_simulations_and_reality/install/turtlebot3_gazebo/share/turtlebot3_gazebo//worlds/turtlebot3_dqn_stage3.world
[12.512s] -- Installing: /home/hug/turtlebot3_ws/src/turtlebot3_simulations_and_reality/install/turtlebot3_gazebo/share/turtlebot3_gazebo//worlds/empty_world.world
[12.512s] -- Installing: /home/hug/turtlebot3_ws/src/turtlebot3_simulations_and_reality/install/turtlebot3_gazebo/share/turtlebot3_gazebo//worlds/turtlebot3_world.world
[12.512s] -- Installing: /home/hug/turtlebot3_ws/src/turtlebot3_simulations_and_reality/install/turtlebot3_gazebo/share/turtlebot3_gazebo//worlds/turtlebot3_house.world
[12.512s] -- Installing: /home/hug/turtlebot3_ws/src/turtlebot3_simulations_and_reality/install/turtlebot3_gazebo/share/turtlebot3_gazebo//worlds/turtlebot3_dqn_stage2.world
[12.512s] -- Installing: /home/hug/turtlebot3_ws/src/turtlebot3_simulations_and_reality/install/turtlebot3_gazebo/share/turtlebot3_gazebo//worlds/turtlebot3_autorace_2020.world
[12.513s] -- Installing: /home/hug/turtlebot3_ws/src/turtlebot3_simulations_and_reality/install/turtlebot3_gazebo/share/turtlebot3_gazebo//worlds/turtlebot3_dqn_stage4.world
[12.513s] -- Installing: /home/hug/turtlebot3_ws/src/turtlebot3_simulations_and_reality/install/turtlebot3_gazebo/share/turtlebot3_gazebo//worlds/turtlebot3_dqn_stage1.world
[12.513s] -- Installing: /home/hug/turtlebot3_ws/src/turtlebot3_simulations_and_reality/install/turtlebot3_gazebo/include/
[12.513s] -- Installing: /home/hug/turtlebot3_ws/src/turtlebot3_simulations_and_reality/install/turtlebot3_gazebo/include//turtlebot3_gazebo
[12.513s] -- Installing: /home/hug/turtlebot3_ws/src/turtlebot3_simulations_and_reality/install/turtlebot3_gazebo/include//turtlebot3_gazebo/traffic_bar_plugin.hpp
[12.513s] -- Installing: /home/hug/turtlebot3_ws/src/turtlebot3_simulations_and_reality/install/turtlebot3_gazebo/include//turtlebot3_gazebo/obstacle2.hpp
[12.513s] -- Installing: /home/hug/turtlebot3_ws/src/turtlebot3_simulations_and_reality/install/turtlebot3_gazebo/include//turtlebot3_gazebo/turtlebot3_drive.hpp
[12.513s] -- Installing: /home/hug/turtlebot3_ws/src/turtlebot3_simulations_and_reality/install/turtlebot3_gazebo/include//turtlebot3_gazebo/obstacle1.hpp
[12.513s] -- Installing: /home/hug/turtlebot3_ws/src/turtlebot3_simulations_and_reality/install/turtlebot3_gazebo/include//turtlebot3_gazebo/traffic_light_plugin.hpp
[12.513s] -- Installing: /home/hug/turtlebot3_ws/src/turtlebot3_simulations_and_reality/install/turtlebot3_gazebo/include//turtlebot3_gazebo/obstacles.hpp
[12.513s] -- Installing: /home/hug/turtlebot3_ws/src/turtlebot3_simulations_and_reality/install/turtlebot3_gazebo/share/ament_index/resource_index/package_run_dependencies/turtlebot3_gazebo
[12.513s] -- Installing: /home/hug/turtlebot3_ws/src/turtlebot3_simulations_and_reality/install/turtlebot3_gazebo/share/ament_index/resource_index/parent_prefix_path/turtlebot3_gazebo
[12.513s] -- Installing: /home/hug/turtlebot3_ws/src/turtlebot3_simulations_and_reality/install/turtlebot3_gazebo/share/turtlebot3_gazebo/environment/ament_prefix_path.sh
[12.514s] -- Installing: /home/hug/turtlebot3_ws/src/turtlebot3_simulations_and_reality/install/turtlebot3_gazebo/share/turtlebot3_gazebo/environment/ament_prefix_path.dsv
[12.514s] -- Installing: /home/hug/turtlebot3_ws/src/turtlebot3_simulations_and_reality/install/turtlebot3_gazebo/share/turtlebot3_gazebo/environment/path.sh
[12.514s] -- Installing: /home/hug/turtlebot3_ws/src/turtlebot3_simulations_and_reality/install/turtlebot3_gazebo/share/turtlebot3_gazebo/environment/path.dsv
[12.514s] -- Installing: /home/hug/turtlebot3_ws/src/turtlebot3_simulations_and_reality/install/turtlebot3_gazebo/share/turtlebot3_gazebo/local_setup.bash
[12.514s] -- Installing: /home/hug/turtlebot3_ws/src/turtlebot3_simulations_and_reality/install/turtlebot3_gazebo/share/turtlebot3_gazebo/local_setup.sh
[12.514s] -- Installing: /home/hug/turtlebot3_ws/src/turtlebot3_simulations_and_reality/install/turtlebot3_gazebo/share/turtlebot3_gazebo/local_setup.zsh
[12.514s] -- Installing: /home/hug/turtlebot3_ws/src/turtlebot3_simulations_and_reality/install/turtlebot3_gazebo/share/turtlebot3_gazebo/local_setup.dsv
[12.514s] -- Installing: /home/hug/turtlebot3_ws/src/turtlebot3_simulations_and_reality/install/turtlebot3_gazebo/share/turtlebot3_gazebo/package.dsv
[12.514s] -- Installing: /home/hug/turtlebot3_ws/src/turtlebot3_simulations_and_reality/install/turtlebot3_gazebo/share/ament_index/resource_index/packages/turtlebot3_gazebo
[12.514s] -- Installing: /home/hug/turtlebot3_ws/src/turtlebot3_simulations_and_reality/install/turtlebot3_gazebo/share/turtlebot3_gazebo/cmake/ament_cmake_export_include_directories-extras.cmake
[12.514s] -- Installing: /home/hug/turtlebot3_ws/src/turtlebot3_simulations_and_reality/install/turtlebot3_gazebo/share/turtlebot3_gazebo/cmake/ament_cmake_export_dependencies-extras.cmake
[12.514s] -- Installing: /home/hug/turtlebot3_ws/src/turtlebot3_simulations_and_reality/install/turtlebot3_gazebo/share/turtlebot3_gazebo/cmake/turtlebot3_gazeboConfig.cmake
[12.515s] -- Installing: /home/hug/turtlebot3_ws/src/turtlebot3_simulations_and_reality/install/turtlebot3_gazebo/share/turtlebot3_gazebo/cmake/turtlebot3_gazeboConfig-version.cmake
[12.515s] -- Installing: /home/hug/turtlebot3_ws/src/turtlebot3_simulations_and_reality/install/turtlebot3_gazebo/share/turtlebot3_gazebo/package.xml
[12.516s] Invoked command in '/home/hug/turtlebot3_ws/src/turtlebot3_simulations_and_reality/build/turtlebot3_gazebo' returned '0': CMAKE_PREFIX_PATH=/home/hug/opentcs_ws/install/opentcs_ros2:/opt/ros/humble /usr/bin/cmake --install /home/hug/turtlebot3_ws/src/turtlebot3_simulations_and_reality/build/turtlebot3_gazebo
