[0.657s] Invoking command in '/home/hug/tb3_sim_ws/build/turtlebot3_drl_local_planner': PYTHONPATH=/home/hug/tb3_sim_ws/build/turtlebot3_drl_local_planner/prefix_override:/usr/lib/python3/dist-packages/colcon_core/task/python/colcon_distutils_commands:/home/hug/tb3_sim_ws/install/turtlebot3_drl_local_planner/lib/python3.10/site-packages:${PYTHONPATH} /usr/bin/python3 -W ignore:setup.py install is deprecated -W ignore:easy_install command is deprecated setup.py develop --uninstall --editable --build-directory /home/hug/tb3_sim_ws/build/turtlebot3_drl_local_planner/build
[0.835s] running develop
[0.945s] Removing /home/hug/tb3_sim_ws/install/turtlebot3_drl_local_planner/lib/python3.10/site-packages/turtlebot3-drl-local-planner.egg-link (link to .)
[0.961s] Invoked command in '/home/hug/tb3_sim_ws/build/turtlebot3_drl_local_planner' returned '0': PYTHONPATH=/home/hug/tb3_sim_ws/build/turtlebot3_drl_local_planner/prefix_override:/usr/lib/python3/dist-packages/colcon_core/task/python/colcon_distutils_commands:/home/hug/tb3_sim_ws/install/turtlebot3_drl_local_planner/lib/python3.10/site-packages:${PYTHONPATH} /usr/bin/python3 -W ignore:setup.py install is deprecated -W ignore:easy_install command is deprecated setup.py develop --uninstall --editable --build-directory /home/hug/tb3_sim_ws/build/turtlebot3_drl_local_planner/build
[0.962s] Invoking command in '/home/hug/tb3_sim_ws/src/turtlebot3_drl_local_planner': PYTHONPATH=/home/hug/tb3_sim_ws/build/turtlebot3_drl_local_planner/prefix_override:/usr/lib/python3/dist-packages/colcon_core/task/python/colcon_distutils_commands:/home/hug/tb3_sim_ws/install/turtlebot3_drl_local_planner/lib/python3.10/site-packages:${PYTHONPATH} /usr/bin/python3 -W ignore:setup.py install is deprecated -W ignore:easy_install command is deprecated setup.py egg_info --egg-base ../../build/turtlebot3_drl_local_planner build --build-base /home/hug/tb3_sim_ws/build/turtlebot3_drl_local_planner/build install --record /home/hug/tb3_sim_ws/build/turtlebot3_drl_local_planner/install.log --single-version-externally-managed install_data --force
[1.128s] running egg_info
[1.129s] writing ../../build/turtlebot3_drl_local_planner/turtlebot3_drl_local_planner.egg-info/PKG-INFO
[1.129s] writing dependency_links to ../../build/turtlebot3_drl_local_planner/turtlebot3_drl_local_planner.egg-info/dependency_links.txt
[1.129s] writing entry points to ../../build/turtlebot3_drl_local_planner/turtlebot3_drl_local_planner.egg-info/entry_points.txt
[1.129s] writing requirements to ../../build/turtlebot3_drl_local_planner/turtlebot3_drl_local_planner.egg-info/requires.txt
[1.129s] writing top-level names to ../../build/turtlebot3_drl_local_planner/turtlebot3_drl_local_planner.egg-info/top_level.txt
[1.130s] reading manifest file '../../build/turtlebot3_drl_local_planner/turtlebot3_drl_local_planner.egg-info/SOURCES.txt'
[1.131s] writing manifest file '../../build/turtlebot3_drl_local_planner/turtlebot3_drl_local_planner.egg-info/SOURCES.txt'
[1.131s] running build
[1.132s] running build_py
[1.132s] running install
[1.132s] running install_lib
[1.133s] creating /home/hug/tb3_sim_ws/install/turtlebot3_drl_local_planner/lib/python3.10/site-packages/turtlebot3_drl_local_planner
[1.133s] creating /home/hug/tb3_sim_ws/install/turtlebot3_drl_local_planner/lib/python3.10/site-packages/turtlebot3_drl_local_planner/agents
[1.133s] copying /home/hug/tb3_sim_ws/build/turtlebot3_drl_local_planner/build/lib/turtlebot3_drl_local_planner/agents/prioritized_replay.py -> /home/hug/tb3_sim_ws/install/turtlebot3_drl_local_planner/lib/python3.10/site-packages/turtlebot3_drl_local_planner/agents
[1.134s] copying /home/hug/tb3_sim_ws/build/turtlebot3_drl_local_planner/build/lib/turtlebot3_drl_local_planner/agents/networks.py -> /home/hug/tb3_sim_ws/install/turtlebot3_drl_local_planner/lib/python3.10/site-packages/turtlebot3_drl_local_planner/agents
[1.134s] copying /home/hug/tb3_sim_ws/build/turtlebot3_drl_local_planner/build/lib/turtlebot3_drl_local_planner/agents/__init__.py -> /home/hug/tb3_sim_ws/install/turtlebot3_drl_local_planner/lib/python3.10/site-packages/turtlebot3_drl_local_planner/agents
[1.134s] copying /home/hug/tb3_sim_ws/build/turtlebot3_drl_local_planner/build/lib/turtlebot3_drl_local_planner/agents/gap_sac.py -> /home/hug/tb3_sim_ws/install/turtlebot3_drl_local_planner/lib/python3.10/site-packages/turtlebot3_drl_local_planner/agents
[1.134s] creating /home/hug/tb3_sim_ws/install/turtlebot3_drl_local_planner/lib/python3.10/site-packages/turtlebot3_drl_local_planner/envs
[1.134s] copying /home/hug/tb3_sim_ws/build/turtlebot3_drl_local_planner/build/lib/turtlebot3_drl_local_planner/envs/gazebo_nav_env.py -> /home/hug/tb3_sim_ws/install/turtlebot3_drl_local_planner/lib/python3.10/site-packages/turtlebot3_drl_local_planner/envs
[1.134s] copying /home/hug/tb3_sim_ws/build/turtlebot3_drl_local_planner/build/lib/turtlebot3_drl_local_planner/envs/__init__.py -> /home/hug/tb3_sim_ws/install/turtlebot3_drl_local_planner/lib/python3.10/site-packages/turtlebot3_drl_local_planner/envs
[1.134s] copying /home/hug/tb3_sim_ws/build/turtlebot3_drl_local_planner/build/lib/turtlebot3_drl_local_planner/__init__.py -> /home/hug/tb3_sim_ws/install/turtlebot3_drl_local_planner/lib/python3.10/site-packages/turtlebot3_drl_local_planner
[1.134s] creating /home/hug/tb3_sim_ws/install/turtlebot3_drl_local_planner/lib/python3.10/site-packages/turtlebot3_drl_local_planner/nodes
[1.134s] copying /home/hug/tb3_sim_ws/build/turtlebot3_drl_local_planner/build/lib/turtlebot3_drl_local_planner/nodes/drl_controller_node.py -> /home/hug/tb3_sim_ws/install/turtlebot3_drl_local_planner/lib/python3.10/site-packages/turtlebot3_drl_local_planner/nodes
[1.134s] copying /home/hug/tb3_sim_ws/build/turtlebot3_drl_local_planner/build/lib/turtlebot3_drl_local_planner/nodes/__init__.py -> /home/hug/tb3_sim_ws/install/turtlebot3_drl_local_planner/lib/python3.10/site-packages/turtlebot3_drl_local_planner/nodes
[1.134s] creating /home/hug/tb3_sim_ws/install/turtlebot3_drl_local_planner/lib/python3.10/site-packages/turtlebot3_drl_local_planner/utils
[1.134s] copying /home/hug/tb3_sim_ws/build/turtlebot3_drl_local_planner/build/lib/turtlebot3_drl_local_planner/utils/ros_gazebo.py -> /home/hug/tb3_sim_ws/install/turtlebot3_drl_local_planner/lib/python3.10/site-packages/turtlebot3_drl_local_planner/utils
[1.134s] copying /home/hug/tb3_sim_ws/build/turtlebot3_drl_local_planner/build/lib/turtlebot3_drl_local_planner/utils/scan_features.py -> /home/hug/tb3_sim_ws/install/turtlebot3_drl_local_planner/lib/python3.10/site-packages/turtlebot3_drl_local_planner/utils
[1.135s] copying /home/hug/tb3_sim_ws/build/turtlebot3_drl_local_planner/build/lib/turtlebot3_drl_local_planner/utils/geometry.py -> /home/hug/tb3_sim_ws/install/turtlebot3_drl_local_planner/lib/python3.10/site-packages/turtlebot3_drl_local_planner/utils
[1.135s] copying /home/hug/tb3_sim_ws/build/turtlebot3_drl_local_planner/build/lib/turtlebot3_drl_local_planner/utils/__init__.py -> /home/hug/tb3_sim_ws/install/turtlebot3_drl_local_planner/lib/python3.10/site-packages/turtlebot3_drl_local_planner/utils
[1.135s] copying /home/hug/tb3_sim_ws/build/turtlebot3_drl_local_planner/build/lib/turtlebot3_drl_local_planner/eval_shadow_compare.py -> /home/hug/tb3_sim_ws/install/turtlebot3_drl_local_planner/lib/python3.10/site-packages/turtlebot3_drl_local_planner
[1.135s] copying /home/hug/tb3_sim_ws/build/turtlebot3_drl_local_planner/build/lib/turtlebot3_drl_local_planner/train_gap_sac.py -> /home/hug/tb3_sim_ws/install/turtlebot3_drl_local_planner/lib/python3.10/site-packages/turtlebot3_drl_local_planner
[1.135s] copying /home/hug/tb3_sim_ws/build/turtlebot3_drl_local_planner/build/lib/turtlebot3_drl_local_planner/eval_policy.py -> /home/hug/tb3_sim_ws/install/turtlebot3_drl_local_planner/lib/python3.10/site-packages/turtlebot3_drl_local_planner
[1.135s] copying /home/hug/tb3_sim_ws/build/turtlebot3_drl_local_planner/build/lib/turtlebot3_drl_local_planner/export_policy.py -> /home/hug/tb3_sim_ws/install/turtlebot3_drl_local_planner/lib/python3.10/site-packages/turtlebot3_drl_local_planner
[1.135s] byte-compiling /home/hug/tb3_sim_ws/install/turtlebot3_drl_local_planner/lib/python3.10/site-packages/turtlebot3_drl_local_planner/agents/prioritized_replay.py to prioritized_replay.cpython-310.pyc
[1.135s] byte-compiling /home/hug/tb3_sim_ws/install/turtlebot3_drl_local_planner/lib/python3.10/site-packages/turtlebot3_drl_local_planner/agents/networks.py to networks.cpython-310.pyc
[1.136s] byte-compiling /home/hug/tb3_sim_ws/install/turtlebot3_drl_local_planner/lib/python3.10/site-packages/turtlebot3_drl_local_planner/agents/__init__.py to __init__.cpython-310.pyc
[1.136s] byte-compiling /home/hug/tb3_sim_ws/install/turtlebot3_drl_local_planner/lib/python3.10/site-packages/turtlebot3_drl_local_planner/agents/gap_sac.py to gap_sac.cpython-310.pyc
[1.137s] byte-compiling /home/hug/tb3_sim_ws/install/turtlebot3_drl_local_planner/lib/python3.10/site-packages/turtlebot3_drl_local_planner/envs/gazebo_nav_env.py to gazebo_nav_env.cpython-310.pyc
[1.141s] byte-compiling /home/hug/tb3_sim_ws/install/turtlebot3_drl_local_planner/lib/python3.10/site-packages/turtlebot3_drl_local_planner/envs/__init__.py to __init__.cpython-310.pyc
[1.141s] byte-compiling /home/hug/tb3_sim_ws/install/turtlebot3_drl_local_planner/lib/python3.10/site-packages/turtlebot3_drl_local_planner/__init__.py to __init__.cpython-310.pyc
[1.141s] byte-compiling /home/hug/tb3_sim_ws/install/turtlebot3_drl_local_planner/lib/python3.10/site-packages/turtlebot3_drl_local_planner/nodes/drl_controller_node.py to drl_controller_node.cpython-310.pyc
[1.144s] byte-compiling /home/hug/tb3_sim_ws/install/turtlebot3_drl_local_planner/lib/python3.10/site-packages/turtlebot3_drl_local_planner/nodes/__init__.py to __init__.cpython-310.pyc
[1.145s] byte-compiling /home/hug/tb3_sim_ws/install/turtlebot3_drl_local_planner/lib/python3.10/site-packages/turtlebot3_drl_local_planner/utils/ros_gazebo.py to ros_gazebo.cpython-310.pyc
[1.145s] byte-compiling /home/hug/tb3_sim_ws/install/turtlebot3_drl_local_planner/lib/python3.10/site-packages/turtlebot3_drl_local_planner/utils/scan_features.py to scan_features.cpython-310.pyc
[1.145s] byte-compiling /home/hug/tb3_sim_ws/install/turtlebot3_drl_local_planner/lib/python3.10/site-packages/turtlebot3_drl_local_planner/utils/geometry.py to geometry.cpython-310.pyc
[1.146s] byte-compiling /home/hug/tb3_sim_ws/install/turtlebot3_drl_local_planner/lib/python3.10/site-packages/turtlebot3_drl_local_planner/utils/__init__.py to __init__.cpython-310.pyc
[1.146s] byte-compiling /home/hug/tb3_sim_ws/install/turtlebot3_drl_local_planner/lib/python3.10/site-packages/turtlebot3_drl_local_planner/eval_shadow_compare.py to eval_shadow_compare.cpython-310.pyc
[1.146s] byte-compiling /home/hug/tb3_sim_ws/install/turtlebot3_drl_local_planner/lib/python3.10/site-packages/turtlebot3_drl_local_planner/train_gap_sac.py to train_gap_sac.cpython-310.pyc
[1.149s] byte-compiling /home/hug/tb3_sim_ws/install/turtlebot3_drl_local_planner/lib/python3.10/site-packages/turtlebot3_drl_local_planner/eval_policy.py to eval_policy.cpython-310.pyc
[1.149s] byte-compiling /home/hug/tb3_sim_ws/install/turtlebot3_drl_local_planner/lib/python3.10/site-packages/turtlebot3_drl_local_planner/export_policy.py to export_policy.cpython-310.pyc
[1.149s] running install_data
[1.149s] copying resource/turtlebot3_drl_local_planner -> /home/hug/tb3_sim_ws/install/turtlebot3_drl_local_planner/share/ament_index/resource_index/packages
[1.150s] copying package.xml -> /home/hug/tb3_sim_ws/install/turtlebot3_drl_local_planner/share/turtlebot3_drl_local_planner
[1.150s] copying README.md -> /home/hug/tb3_sim_ws/install/turtlebot3_drl_local_planner/share/turtlebot3_drl_local_planner
[1.150s] copying config/gap_sac.yaml -> /home/hug/tb3_sim_ws/install/turtlebot3_drl_local_planner/share/turtlebot3_drl_local_planner/config
[1.150s] copying launch/drl_nav2_replacement.launch.py -> /home/hug/tb3_sim_ws/install/turtlebot3_drl_local_planner/share/turtlebot3_drl_local_planner/launch
[1.150s] copying launch/drl_controller.launch.py -> /home/hug/tb3_sim_ws/install/turtlebot3_drl_local_planner/share/turtlebot3_drl_local_planner/launch
[1.150s] copying launch/train_gap_sac.launch.py -> /home/hug/tb3_sim_ws/install/turtlebot3_drl_local_planner/share/turtlebot3_drl_local_planner/launch
[1.150s] copying launch/eval_gap_sac.launch.py -> /home/hug/tb3_sim_ws/install/turtlebot3_drl_local_planner/share/turtlebot3_drl_local_planner/launch
[1.150s] running install_egg_info
[1.151s] Copying ../../build/turtlebot3_drl_local_planner/turtlebot3_drl_local_planner.egg-info to /home/hug/tb3_sim_ws/install/turtlebot3_drl_local_planner/lib/python3.10/site-packages/turtlebot3_drl_local_planner-0.1.0-py3.10.egg-info
[1.152s] running install_scripts
[1.164s] Installing drl_controller_node script to /home/hug/tb3_sim_ws/install/turtlebot3_drl_local_planner/lib/turtlebot3_drl_local_planner
[1.164s] Installing eval_policy script to /home/hug/tb3_sim_ws/install/turtlebot3_drl_local_planner/lib/turtlebot3_drl_local_planner
[1.164s] Installing eval_shadow_compare script to /home/hug/tb3_sim_ws/install/turtlebot3_drl_local_planner/lib/turtlebot3_drl_local_planner
[1.165s] Installing export_policy script to /home/hug/tb3_sim_ws/install/turtlebot3_drl_local_planner/lib/turtlebot3_drl_local_planner
[1.165s] Installing train_gap_sac script to /home/hug/tb3_sim_ws/install/turtlebot3_drl_local_planner/lib/turtlebot3_drl_local_planner
[1.165s] writing list of installed files to '/home/hug/tb3_sim_ws/build/turtlebot3_drl_local_planner/install.log'
[1.183s] Invoked command in '/home/hug/tb3_sim_ws/src/turtlebot3_drl_local_planner' returned '0': PYTHONPATH=/home/hug/tb3_sim_ws/build/turtlebot3_drl_local_planner/prefix_override:/usr/lib/python3/dist-packages/colcon_core/task/python/colcon_distutils_commands:/home/hug/tb3_sim_ws/install/turtlebot3_drl_local_planner/lib/python3.10/site-packages:${PYTHONPATH} /usr/bin/python3 -W ignore:setup.py install is deprecated -W ignore:easy_install command is deprecated setup.py egg_info --egg-base ../../build/turtlebot3_drl_local_planner build --build-base /home/hug/tb3_sim_ws/build/turtlebot3_drl_local_planner/build install --record /home/hug/tb3_sim_ws/build/turtlebot3_drl_local_planner/install.log --single-version-externally-managed install_data --force
