[0.008s] Invoking command in '/home/hug/tb3_sim_ws/build/turtlebot3_gazebo': CMAKE_PREFIX_PATH=/opt/ros/humble /usr/bin/cmake /home/hug/tb3_sim_ws/src/turtlebot3_gazebo -DCMAKE_INSTALL_PREFIX=/home/hug/tb3_sim_ws/install/turtlebot3_gazebo
[0.057s] -- The C compiler identification is GNU 11.4.0
[0.100s] -- The CXX compiler identification is GNU 11.4.0
[0.105s] -- Detecting C compiler ABI info
[0.167s] -- Detecting C compiler ABI info - done
[0.174s] -- Check for working C compiler: /usr/bin/cc - skipped
[0.174s] -- Detecting C compile features
[0.175s] -- Detecting C compile features - done
[0.178s] -- Detecting CXX compiler ABI info
[0.245s] -- Detecting CXX compiler ABI info - done
[0.253s] -- Check for working CXX compiler: /usr/bin/c++ - skipped
[0.253s] -- Detecting CXX compile features
[0.253s] -- Detecting CXX compile features - done
[0.256s] -- Found ament_cmake: 1.3.13 (/opt/ros/humble/share/ament_cmake/cmake)
[0.366s] -- Found Python3: /usr/bin/python3 (found version "3.10.12") found components: Interpreter 
[0.446s] [33mCMake Warning (dev) at /usr/share/cmake-3.22/Modules/FindPackageHandleStandardArgs.cmake:438 (message):
[0.446s]   The package name passed to `find_package_handle_standard_args` (PkgConfig)
[0.446s]   does not match the name of the calling package (gazebo).  This can lead to
[0.446s]   problems in calling code that expects `find_package` result variables
[0.446s]   (e.g., `_FOUND`) to follow a certain pattern.
[0.446s] Call Stack (most recent call first):
[0.446s]   /usr/share/cmake-3.22/Modules/FindPkgConfig.cmake:99 (find_package_handle_standard_args)
[0.446s]   /usr/lib/x86_64-linux-gnu/cmake/gazebo/gazebo-config.cmake:72 (include)
[0.446s]   CMakeLists.txt:23 (find_package)
[0.446s] This warning is for project developers.  Use -Wno-dev to suppress it.
[0.447s] [0m
[0.447s] -- Found PkgConfig: /usr/bin/pkg-config (found version "0.29.2") 
[0.450s] -- Checking for module 'bullet>=2.82'
[0.461s] --   Found bullet, version 3.05
[0.547s] -- Found fcl: /usr/include (found suitable version "0.7.0", minimum required is "0.5.0") 
[0.587s] -- Found assimp: /usr/include (found version "5.2.0") 
[0.598s] -- Found DART: /usr/include (Required is at least version "6.6") found components: dart 
[0.755s] -- Found Boost: /usr/lib/x86_64-linux-gnu/cmake/Boost-1.74.0/BoostConfig.cmake (found suitable version "1.74.0", minimum required is "1.40.0") found components: thread system filesystem program_options regex iostreams date_time 
[0.770s] -- Found Protobuf: /usr/lib/x86_64-linux-gnu/libprotobuf.so (found version "3.12.4") 
[0.773s] -- Looking for ignition-math6 -- found version 6.15.1
[0.778s] -- Searching for dependencies of ignition-math6
[0.779s] -- Looking for OGRE...
[0.779s] -- OGRE_PREFIX_WATCH changed.
[0.784s] -- Checking for module 'OGRE'
[0.794s] --   Found OGRE, version 1.9.0
[0.822s] -- Found Ogre Ghadamon (1.9.0)
[0.829s] -- Found OGRE: optimized;/usr/lib/x86_64-linux-gnu/libOgreMain.so;debug;/usr/lib/x86_64-linux-gnu/libOgreMain.so
[0.836s] -- Looking for OGRE_Paging...
[0.840s] -- Found OGRE_Paging: optimized;/usr/lib/x86_64-linux-gnu/libOgrePaging.so;debug;/usr/lib/x86_64-linux-gnu/libOgrePaging.so
[0.840s] -- Looking for OGRE_Terrain...
[0.843s] -- Found OGRE_Terrain: optimized;/usr/lib/x86_64-linux-gnu/libOgreTerrain.so;debug;/usr/lib/x86_64-linux-gnu/libOgreTerrain.so
[0.844s] -- Looking for OGRE_Property...
[0.846s] -- Found OGRE_Property: optimized;/usr/lib/x86_64-linux-gnu/libOgreProperty.so;debug;/usr/lib/x86_64-linux-gnu/libOgreProperty.so
[0.847s] -- Looking for OGRE_RTShaderSystem...
[0.850s] -- Found OGRE_RTShaderSystem: optimized;/usr/lib/x86_64-linux-gnu/libOgreRTShaderSystem.so;debug;/usr/lib/x86_64-linux-gnu/libOgreRTShaderSystem.so
[0.850s] -- Looking for OGRE_Volume...
[0.854s] -- Found OGRE_Volume: optimized;/usr/lib/x86_64-linux-gnu/libOgreVolume.so;debug;/usr/lib/x86_64-linux-gnu/libOgreVolume.so
[0.854s] -- Looking for OGRE_Overlay...
[0.858s] -- Found OGRE_Overlay: optimized;/usr/lib/x86_64-linux-gnu/libOgreOverlay.so;debug;/usr/lib/x86_64-linux-gnu/libOgreOverlay.so
[0.927s] -- Looking for ignition-math6 -- found version 6.15.1
[0.929s] -- Looking for ignition-transport8 -- found version 8.2.1
[0.929s] -- Searching for dependencies of ignition-transport8
[0.941s] -- Found Protobuf: /usr/lib/x86_64-linux-gnu/libprotobuf.so (found suitable version "3.12.4", minimum required is "3") 
[0.953s] -- Config-file not installed for ZeroMQ -- checking for pkg-config
[0.957s] -- Checking for module 'libzmq >= 4'
[0.969s] --   Found libzmq , version 4.3.4
[0.999s] -- Found ZeroMQ: TRUE (Required is at least version "4") 
[1.003s] -- Checking for module 'uuid'
[1.013s] --   Found uuid, version 2.37.2
[1.039s] -- Found UUID: TRUE  
[1.041s] -- Looking for ignition-msgs5 -- found version 5.8.1
[1.042s] -- Searching for dependencies of ignition-msgs5
[1.056s] -- Looking for ignition-math6 -- found version 6.15.1
[1.060s] -- Checking for module 'tinyxml2'
[1.070s] --   Found tinyxml2, version 9.0.0
[1.097s] -- Looking for ignition-msgs5 -- found version 5.8.1
[1.099s] -- Looking for ignition-common3 -- found version 3.14.0
[1.099s] -- Searching for dependencies of ignition-common3
[1.099s] -- Looking for dlfcn.h - found
[1.100s] -- Looking for libdl - found
[1.101s] -- Found DL: TRUE  
[1.112s] -- Found tinyobjloader: /usr/lib/x86_64-linux-gnu/cmake/tinyobjloader/tinyobjloader-config.cmake (found version "2.0.0") 
[1.112s] -- Searching for <ignition-common3> component [graphics]
[1.115s] -- Looking for ignition-common3-graphics -- found version 3.14.0
[1.115s] -- Searching for dependencies of ignition-common3-graphics
[1.116s] -- Looking for ignition-math6 -- found version 6.15.1
[1.118s] -- Looking for ignition-fuel_tools4 -- found version 4.4.0
[1.118s] -- Searching for dependencies of ignition-fuel_tools4
[1.182s] -- Found CURL: /usr/lib/x86_64-linux-gnu/libcurl.so (found version "7.81.0")  
[1.188s] -- Checking for module 'jsoncpp'
[1.198s] --   Found jsoncpp, version 1.9.5
[1.228s] -- Found JSONCPP: TRUE  
[1.233s] -- Checking for module 'libzip'
[1.243s] --   Found libzip, version 1.7.3
[1.282s] -- Found ZIP: TRUE  
[1.282s] -- Looking for ignition-common3 -- found version 3.14.0
[1.283s] -- Looking for ignition-math6 -- found version 6.15.1
[1.283s] -- Looking for ignition-msgs5 -- found version 5.8.1
[1.288s] -- Found gazebo_ros_pkgs: 3.9.0 (/opt/ros/humble/share/gazebo_ros_pkgs/cmake)
[1.289s] -- Found geometry_msgs: 4.9.1 (/opt/ros/humble/share/geometry_msgs/cmake)
[1.307s] -- Found rosidl_generator_c: 3.1.8 (/opt/ros/humble/share/rosidl_generator_c/cmake)
[1.314s] -- Found rosidl_adapter: 3.1.8 (/opt/ros/humble/share/rosidl_adapter/cmake)
[1.317s] -- Found rosidl_generator_cpp: 3.1.8 (/opt/ros/humble/share/rosidl_generator_cpp/cmake)
[1.325s] -- Using all available rosidl_typesupport_c: rosidl_typesupport_fastrtps_c;rosidl_typesupport_introspection_c
[1.334s] -- Using all available rosidl_typesupport_cpp: rosidl_typesupport_fastrtps_cpp;rosidl_typesupport_introspection_cpp
[1.357s] -- Found nav_msgs: 4.9.1 (/opt/ros/humble/share/nav_msgs/cmake)
[1.367s] -- Found rclcpp: 16.0.18 (/opt/ros/humble/share/rclcpp/cmake)
[1.389s] -- Found rmw_implementation_cmake: 6.1.2 (/opt/ros/humble/share/rmw_implementation_cmake/cmake)
[1.390s] -- Found rmw_cyclonedds_cpp: 1.3.4 (/opt/ros/humble/share/rmw_cyclonedds_cpp/cmake)
[1.402s] -- Using RMW implementation 'rmw_cyclonedds_cpp' as default
[1.408s] -- Found Threads: TRUE  
[1.432s] -- Found sensor_msgs: 4.9.1 (/opt/ros/humble/share/sensor_msgs/cmake)
[1.443s] -- Found tf2: 0.25.19 (/opt/ros/humble/share/tf2/cmake)
[1.488s] -- Configuring done
[1.512s] -- Generating done
[1.518s] -- Build files have been written to: /home/hug/tb3_sim_ws/build/turtlebot3_gazebo
[1.527s] Invoked command in '/home/hug/tb3_sim_ws/build/turtlebot3_gazebo' returned '0': CMAKE_PREFIX_PATH=/opt/ros/humble /usr/bin/cmake /home/hug/tb3_sim_ws/src/turtlebot3_gazebo -DCMAKE_INSTALL_PREFIX=/home/hug/tb3_sim_ws/install/turtlebot3_gazebo
[1.528s] Invoking command in '/home/hug/tb3_sim_ws/build/turtlebot3_gazebo': CMAKE_PREFIX_PATH=/opt/ros/humble /usr/bin/cmake --build /home/hug/tb3_sim_ws/build/turtlebot3_gazebo -- -j16 -l16
[1.567s] [  8%] [32mBuilding CXX object CMakeFiles/obstacles.dir/src/obstacles.cpp.o[0m
[1.567s] [ 16%] [32mBuilding CXX object CMakeFiles/obstacle2.dir/src/obstacle2.cpp.o[0m
[1.569s] [ 25%] [32mBuilding CXX object CMakeFiles/traffic_light_plugin.dir/src/traffic_light_plugin.cpp.o[0m
[1.569s] [ 33%] [32mBuilding CXX object CMakeFiles/obstacle1.dir/src/obstacle1.cpp.o[0m
[1.571s] [ 41%] [32mBuilding CXX object CMakeFiles/turtlebot3_drive.dir/src/turtlebot3_drive.cpp.o[0m
[1.571s] [ 50%] [32mBuilding CXX object CMakeFiles/traffic_bar_plugin.dir/src/traffic_bar_plugin.cpp.o[0m
[9.844s] [ 58%] [32m[1mLinking CXX shared library libobstacle1.so[0m
[10.066s] [ 58%] Built target obstacle1
[10.103s] [ 66%] [32m[1mLinking CXX shared library libtraffic_bar_plugin.so[0m
[10.275s] [ 66%] Built target traffic_bar_plugin
[10.336s] [ 75%] [32m[1mLinking CXX executable turtlebot3_drive[0m
[10.703s] [ 75%] Built target turtlebot3_drive
[11.036s] [ 83%] [32m[1mLinking CXX shared library libtraffic_light_plugin.so[0m
[11.038s] [ 91%] [32m[1mLinking CXX shared library libobstacle2.so[0m
[11.194s] [ 91%] Built target obstacle2
[11.231s] [ 91%] Built target traffic_light_plugin
[12.249s] [100%] [32m[1mLinking CXX shared library libobstacles.so[0m
[12.381s] [100%] Built target obstacles
[12.391s] Invoked command in '/home/hug/tb3_sim_ws/build/turtlebot3_gazebo' returned '0': CMAKE_PREFIX_PATH=/opt/ros/humble /usr/bin/cmake --build /home/hug/tb3_sim_ws/build/turtlebot3_gazebo -- -j16 -l16
[12.397s] Invoking command in '/home/hug/tb3_sim_ws/build/turtlebot3_gazebo': CMAKE_PREFIX_PATH=/opt/ros/humble /usr/bin/cmake --install /home/hug/tb3_sim_ws/build/turtlebot3_gazebo
[12.402s] -- Install configuration: ""
[12.402s] -- Installing: /home/hug/tb3_sim_ws/install/turtlebot3_gazebo/lib/turtlebot3_gazebo/turtlebot3_drive
[12.405s] -- Set runtime path of "/home/hug/tb3_sim_ws/install/turtlebot3_gazebo/lib/turtlebot3_gazebo/turtlebot3_drive" to ""
[12.405s] -- Installing: /home/hug/tb3_sim_ws/install/turtlebot3_gazebo/share/turtlebot3_gazebo//config
[12.405s] -- Installing: /home/hug/tb3_sim_ws/install/turtlebot3_gazebo/share/turtlebot3_gazebo//config/my_nav2_params.yaml
[12.405s] -- Installing: /home/hug/tb3_sim_ws/install/turtlebot3_gazebo/share/turtlebot3_gazebo//config/slam_sim.yaml
[12.405s] -- Installing: /home/hug/tb3_sim_ws/install/turtlebot3_gazebo/share/turtlebot3_gazebo//config/ekf.yaml
[12.405s] -- Installing: /home/hug/tb3_sim_ws/install/turtlebot3_gazebo/share/turtlebot3_gazebo//config/slam_handheld.yaml
[12.405s] -- Installing: /home/hug/tb3_sim_ws/install/turtlebot3_gazebo/share/turtlebot3_gazebo//config/nav2_sim_params.yaml
[12.405s] -- Installing: /home/hug/tb3_sim_ws/install/turtlebot3_gazebo/share/turtlebot3_gazebo//launch
[12.405s] -- Installing: /home/hug/tb3_sim_ws/install/turtlebot3_gazebo/share/turtlebot3_gazebo//launch/sim_slam.launch.py
[12.406s] -- Installing: /home/hug/tb3_sim_ws/install/turtlebot3_gazebo/share/turtlebot3_gazebo//launch/turtlebot3_dqn_stage3.launch.py
[12.406s] -- Installing: /home/hug/tb3_sim_ws/install/turtlebot3_gazebo/share/turtlebot3_gazebo//launch/turtlebot3_house.launch.py
[12.406s] -- Installing: /home/hug/tb3_sim_ws/install/turtlebot3_gazebo/share/turtlebot3_gazebo//launch/turtlebot3_autorace_2020.launch.py
[12.406s] -- Installing: /home/hug/tb3_sim_ws/install/turtlebot3_gazebo/share/turtlebot3_gazebo//launch/sim_bringup.launch.py
[12.406s] -- Installing: /home/hug/tb3_sim_ws/install/turtlebot3_gazebo/share/turtlebot3_gazebo//launch/spawn_turtlebot3.launch.py
[12.406s] -- Installing: /home/hug/tb3_sim_ws/install/turtlebot3_gazebo/share/turtlebot3_gazebo//launch/robot_state_publisher.launch.py
[12.406s] -- Installing: /home/hug/tb3_sim_ws/install/turtlebot3_gazebo/share/turtlebot3_gazebo//launch/handheld_slam.launch.py
[12.406s] -- Installing: /home/hug/tb3_sim_ws/install/turtlebot3_gazebo/share/turtlebot3_gazebo//launch/turtlebot3_dqn_stage2.launch.py
[12.406s] -- Installing: /home/hug/tb3_sim_ws/install/turtlebot3_gazebo/share/turtlebot3_gazebo//launch/multi_spawn_turtlebot3.launch.py
[12.406s] -- Installing: /home/hug/tb3_sim_ws/install/turtlebot3_gazebo/share/turtlebot3_gazebo//launch/sim_nav2.launch.py
[12.406s] -- Installing: /home/hug/tb3_sim_ws/install/turtlebot3_gazebo/share/turtlebot3_gazebo//launch/turtlebot3_world.launch.py
[12.406s] -- Installing: /home/hug/tb3_sim_ws/install/turtlebot3_gazebo/share/turtlebot3_gazebo//launch/turtlebot3_dqn_stage1.launch.py
[12.406s] -- Installing: /home/hug/tb3_sim_ws/install/turtlebot3_gazebo/share/turtlebot3_gazebo//launch/nav2_custom.launch.py
[12.406s] -- Installing: /home/hug/tb3_sim_ws/install/turtlebot3_gazebo/share/turtlebot3_gazebo//launch/empty_world.launch.py
[12.406s] -- Installing: /home/hug/tb3_sim_ws/install/turtlebot3_gazebo/share/turtlebot3_gazebo//launch/multi_robot.launch.py
[12.406s] -- Installing: /home/hug/tb3_sim_ws/install/turtlebot3_gazebo/share/turtlebot3_gazebo//launch/turtlebot3_dqn_stage4.launch.py
[12.406s] -- Installing: /home/hug/tb3_sim_ws/install/turtlebot3_gazebo/share/turtlebot3_gazebo//models
[12.406s] -- Installing: /home/hug/tb3_sim_ws/install/turtlebot3_gazebo/share/turtlebot3_gazebo//models/turtlebot3_waffle
[12.406s] -- Installing: /home/hug/tb3_sim_ws/install/turtlebot3_gazebo/share/turtlebot3_gazebo//models/turtlebot3_waffle/model.sdf
[12.406s] -- Installing: /home/hug/tb3_sim_ws/install/turtlebot3_gazebo/share/turtlebot3_gazebo//models/turtlebot3_waffle/model.config
[12.407s] -- Installing: /home/hug/tb3_sim_ws/install/turtlebot3_gazebo/share/turtlebot3_gazebo//models/turtlebot3_waffle/model-1_4.sdf
[12.407s] -- Installing: /home/hug/tb3_sim_ws/install/turtlebot3_gazebo/share/turtlebot3_gazebo//models/turtlebot3_burger_cam
[12.407s] -- Installing: /home/hug/tb3_sim_ws/install/turtlebot3_gazebo/share/turtlebot3_gazebo//models/turtlebot3_burger_cam/model.sdf
[12.407s] -- Installing: /home/hug/tb3_sim_ws/install/turtlebot3_gazebo/share/turtlebot3_gazebo//models/turtlebot3_burger_cam/model.config
[12.407s] -- Installing: /home/hug/tb3_sim_ws/install/turtlebot3_gazebo/share/turtlebot3_gazebo//models/turtlebot3_burger_cam/model-1_4.sdf
[12.407s] -- Installing: /home/hug/tb3_sim_ws/install/turtlebot3_gazebo/share/turtlebot3_gazebo//models/turtlebot3_burger
[12.407s] -- Installing: /home/hug/tb3_sim_ws/install/turtlebot3_gazebo/share/turtlebot3_gazebo//models/turtlebot3_burger/model.sdf
[12.407s] -- Installing: /home/hug/tb3_sim_ws/install/turtlebot3_gazebo/share/turtlebot3_gazebo//models/turtlebot3_burger/model.config
[12.407s] -- Installing: /home/hug/tb3_sim_ws/install/turtlebot3_gazebo/share/turtlebot3_gazebo//models/turtlebot3_burger/model-1_4.sdf
[12.407s] -- Installing: /home/hug/tb3_sim_ws/install/turtlebot3_gazebo/share/turtlebot3_gazebo//models/turtlebot3_autorace_2020
[12.407s] -- Installing: /home/hug/tb3_sim_ws/install/turtlebot3_gazebo/share/turtlebot3_gazebo//models/turtlebot3_autorace_2020/course
[12.407s] -- Installing: /home/hug/tb3_sim_ws/install/turtlebot3_gazebo/share/turtlebot3_gazebo//models/turtlebot3_autorace_2020/course/model.sdf
[12.407s] -- Installing: /home/hug/tb3_sim_ws/install/turtlebot3_gazebo/share/turtlebot3_gazebo//models/turtlebot3_autorace_2020/course/model.config
[12.407s] -- Installing: /home/hug/tb3_sim_ws/install/turtlebot3_gazebo/share/turtlebot3_gazebo//models/turtlebot3_autorace_2020/course/materials
[12.407s] -- Installing: /home/hug/tb3_sim_ws/install/turtlebot3_gazebo/share/turtlebot3_gazebo//models/turtlebot3_autorace_2020/course/materials/scripts
[12.407s] -- Installing: /home/hug/tb3_sim_ws/install/turtlebot3_gazebo/share/turtlebot3_gazebo//models/turtlebot3_autorace_2020/course/materials/scripts/course.material
[12.407s] -- Installing: /home/hug/tb3_sim_ws/install/turtlebot3_gazebo/share/turtlebot3_gazebo//models/turtlebot3_autorace_2020/course/materials/textures
[12.407s] -- Installing: /home/hug/tb3_sim_ws/install/turtlebot3_gazebo/share/turtlebot3_gazebo//models/turtlebot3_autorace_2020/course/materials/textures/course.png
[12.407s] -- Installing: /home/hug/tb3_sim_ws/install/turtlebot3_gazebo/share/turtlebot3_gazebo//models/turtlebot3_autorace_2020/traffic_right
[12.407s] -- Installing: /home/hug/tb3_sim_ws/install/turtlebot3_gazebo/share/turtlebot3_gazebo//models/turtlebot3_autorace_2020/traffic_right/model.sdf
[12.407s] -- Installing: /home/hug/tb3_sim_ws/install/turtlebot3_gazebo/share/turtlebot3_gazebo//models/turtlebot3_autorace_2020/traffic_right/model.config
[12.407s] -- Installing: /home/hug/tb3_sim_ws/install/turtlebot3_gazebo/share/turtlebot3_gazebo//models/turtlebot3_autorace_2020/traffic_right/materials
[12.407s] -- Installing: /home/hug/tb3_sim_ws/install/turtlebot3_gazebo/share/turtlebot3_gazebo//models/turtlebot3_autorace_2020/traffic_right/materials/scripts
[12.407s] -- Installing: /home/hug/tb3_sim_ws/install/turtlebot3_gazebo/share/turtlebot3_gazebo//models/turtlebot3_autorace_2020/traffic_right/materials/scripts/traffic_right.material
[12.408s] -- Installing: /home/hug/tb3_sim_ws/install/turtlebot3_gazebo/share/turtlebot3_gazebo//models/turtlebot3_autorace_2020/traffic_right/materials/textures
[12.408s] -- Installing: /home/hug/tb3_sim_ws/install/turtlebot3_gazebo/share/turtlebot3_gazebo//models/turtlebot3_autorace_2020/traffic_right/materials/textures/traffic_right.png
[12.408s] -- Installing: /home/hug/tb3_sim_ws/install/turtlebot3_gazebo/share/turtlebot3_gazebo//models/turtlebot3_autorace_2020/checker
[12.408s] -- Installing: /home/hug/tb3_sim_ws/install/turtlebot3_gazebo/share/turtlebot3_gazebo//models/turtlebot3_autorace_2020/checker/model.sdf
[12.408s] -- Installing: /home/hug/tb3_sim_ws/install/turtlebot3_gazebo/share/turtlebot3_gazebo//models/turtlebot3_autorace_2020/checker/model.config
[12.408s] -- Installing: /home/hug/tb3_sim_ws/install/turtlebot3_gazebo/share/turtlebot3_gazebo//models/turtlebot3_autorace_2020/checker/materials
[12.408s] -- Installing: /home/hug/tb3_sim_ws/install/turtlebot3_gazebo/share/turtlebot3_gazebo//models/turtlebot3_autorace_2020/checker/materials/scripts
[12.408s] -- Installing: /home/hug/tb3_sim_ws/install/turtlebot3_gazebo/share/turtlebot3_gazebo//models/turtlebot3_autorace_2020/checker/materials/scripts/checker.material
[12.408s] -- Installing: /home/hug/tb3_sim_ws/install/turtlebot3_gazebo/share/turtlebot3_gazebo//models/turtlebot3_autorace_2020/checker/materials/textures
[12.408s] -- Installing: /home/hug/tb3_sim_ws/install/turtlebot3_gazebo/share/turtlebot3_gazebo//models/turtlebot3_autorace_2020/checker/materials/textures/checker.png
[12.408s] -- Installing: /home/hug/tb3_sim_ws/install/turtlebot3_gazebo/share/turtlebot3_gazebo//models/turtlebot3_autorace_2020/checker/materials/checker.png
[12.408s] -- Installing: /home/hug/tb3_sim_ws/install/turtlebot3_gazebo/share/turtlebot3_gazebo//models/turtlebot3_autorace_2020/traffic_bar
[12.408s] -- Installing: /home/hug/tb3_sim_ws/install/turtlebot3_gazebo/share/turtlebot3_gazebo//models/turtlebot3_autorace_2020/traffic_bar/model.sdf
[12.408s] -- Installing: /home/hug/tb3_sim_ws/install/turtlebot3_gazebo/share/turtlebot3_gazebo//models/turtlebot3_autorace_2020/traffic_bar/model.config
[12.408s] -- Installing: /home/hug/tb3_sim_ws/install/turtlebot3_gazebo/share/turtlebot3_gazebo//models/turtlebot3_autorace_2020/traffic_bar/materials
[12.408s] -- Installing: /home/hug/tb3_sim_ws/install/turtlebot3_gazebo/share/turtlebot3_gazebo//models/turtlebot3_autorace_2020/traffic_bar/materials/scripts
[12.408s] -- Installing: /home/hug/tb3_sim_ws/install/turtlebot3_gazebo/share/turtlebot3_gazebo//models/turtlebot3_autorace_2020/traffic_bar/materials/scripts/traffic_bar.material
[12.408s] -- Installing: /home/hug/tb3_sim_ws/install/turtlebot3_gazebo/share/turtlebot3_gazebo//models/turtlebot3_autorace_2020/traffic_bar/materials/textures
[12.408s] -- Installing: /home/hug/tb3_sim_ws/install/turtlebot3_gazebo/share/turtlebot3_gazebo//models/turtlebot3_autorace_2020/traffic_bar/materials/textures/traffic_bar.png
[12.408s] -- Installing: /home/hug/tb3_sim_ws/install/turtlebot3_gazebo/share/turtlebot3_gazebo//models/turtlebot3_autorace_2020/traffic_noentry
[12.408s] -- Installing: /home/hug/tb3_sim_ws/install/turtlebot3_gazebo/share/turtlebot3_gazebo//models/turtlebot3_autorace_2020/traffic_noentry/model.sdf
[12.408s] -- Installing: /home/hug/tb3_sim_ws/install/turtlebot3_gazebo/share/turtlebot3_gazebo//models/turtlebot3_autorace_2020/traffic_noentry/model.config
[12.408s] -- Installing: /home/hug/tb3_sim_ws/install/turtlebot3_gazebo/share/turtlebot3_gazebo//models/turtlebot3_autorace_2020/traffic_noentry/materials
[12.408s] -- Installing: /home/hug/tb3_sim_ws/install/turtlebot3_gazebo/share/turtlebot3_gazebo//models/turtlebot3_autorace_2020/traffic_noentry/materials/scripts
[12.408s] -- Installing: /home/hug/tb3_sim_ws/install/turtlebot3_gazebo/share/turtlebot3_gazebo//models/turtlebot3_autorace_2020/traffic_noentry/materials/scripts/traffic_noentry.material
[12.408s] -- Installing: /home/hug/tb3_sim_ws/install/turtlebot3_gazebo/share/turtlebot3_gazebo//models/turtlebot3_autorace_2020/traffic_noentry/materials/textures
[12.408s] -- Installing: /home/hug/tb3_sim_ws/install/turtlebot3_gazebo/share/turtlebot3_gazebo//models/turtlebot3_autorace_2020/traffic_noentry/materials/textures/traffic_noentry.png
[12.408s] -- Installing: /home/hug/tb3_sim_ws/install/turtlebot3_gazebo/share/turtlebot3_gazebo//models/turtlebot3_autorace_2020/traffic_construction
[12.408s] -- Installing: /home/hug/tb3_sim_ws/install/turtlebot3_gazebo/share/turtlebot3_gazebo//models/turtlebot3_autorace_2020/traffic_construction/model.sdf
[12.408s] -- Installing: /home/hug/tb3_sim_ws/install/turtlebot3_gazebo/share/turtlebot3_gazebo//models/turtlebot3_autorace_2020/traffic_construction/model.config
[12.408s] -- Installing: /home/hug/tb3_sim_ws/install/turtlebot3_gazebo/share/turtlebot3_gazebo//models/turtlebot3_autorace_2020/traffic_construction/materials
[12.408s] -- Installing: /home/hug/tb3_sim_ws/install/turtlebot3_gazebo/share/turtlebot3_gazebo//models/turtlebot3_autorace_2020/traffic_construction/materials/scripts
[12.408s] -- Installing: /home/hug/tb3_sim_ws/install/turtlebot3_gazebo/share/turtlebot3_gazebo//models/turtlebot3_autorace_2020/traffic_construction/materials/scripts/traffic_construction.material
[12.408s] -- Installing: /home/hug/tb3_sim_ws/install/turtlebot3_gazebo/share/turtlebot3_gazebo//models/turtlebot3_autorace_2020/traffic_construction/materials/textures
[12.408s] -- Installing: /home/hug/tb3_sim_ws/install/turtlebot3_gazebo/share/turtlebot3_gazebo//models/turtlebot3_autorace_2020/traffic_construction/materials/textures/traffic_construction.png
[12.408s] -- Installing: /home/hug/tb3_sim_ws/install/turtlebot3_gazebo/share/turtlebot3_gazebo//models/turtlebot3_autorace_2020/traffic_parking
[12.409s] -- Installing: /home/hug/tb3_sim_ws/install/turtlebot3_gazebo/share/turtlebot3_gazebo//models/turtlebot3_autorace_2020/traffic_parking/model.sdf
[12.409s] -- Installing: /home/hug/tb3_sim_ws/install/turtlebot3_gazebo/share/turtlebot3_gazebo//models/turtlebot3_autorace_2020/traffic_parking/model.config
[12.409s] -- Installing: /home/hug/tb3_sim_ws/install/turtlebot3_gazebo/share/turtlebot3_gazebo//models/turtlebot3_autorace_2020/traffic_parking/materials
[12.409s] -- Installing: /home/hug/tb3_sim_ws/install/turtlebot3_gazebo/share/turtlebot3_gazebo//models/turtlebot3_autorace_2020/traffic_parking/materials/scripts
[12.409s] -- Installing: /home/hug/tb3_sim_ws/install/turtlebot3_gazebo/share/turtlebot3_gazebo//models/turtlebot3_autorace_2020/traffic_parking/materials/scripts/traffic_parking.material
[12.409s] -- Installing: /home/hug/tb3_sim_ws/install/turtlebot3_gazebo/share/turtlebot3_gazebo//models/turtlebot3_autorace_2020/traffic_parking/materials/textures
[12.409s] -- Installing: /home/hug/tb3_sim_ws/install/turtlebot3_gazebo/share/turtlebot3_gazebo//models/turtlebot3_autorace_2020/traffic_parking/materials/textures/traffic_parking.png
[12.409s] -- Installing: /home/hug/tb3_sim_ws/install/turtlebot3_gazebo/share/turtlebot3_gazebo//models/turtlebot3_autorace_2020/traffic_intersection
[12.409s] -- Installing: /home/hug/tb3_sim_ws/install/turtlebot3_gazebo/share/turtlebot3_gazebo//models/turtlebot3_autorace_2020/traffic_intersection/model.sdf
[12.409s] -- Installing: /home/hug/tb3_sim_ws/install/turtlebot3_gazebo/share/turtlebot3_gazebo//models/turtlebot3_autorace_2020/traffic_intersection/model.config
[12.409s] -- Installing: /home/hug/tb3_sim_ws/install/turtlebot3_gazebo/share/turtlebot3_gazebo//models/turtlebot3_autorace_2020/traffic_intersection/materials
[12.409s] -- Installing: /home/hug/tb3_sim_ws/install/turtlebot3_gazebo/share/turtlebot3_gazebo//models/turtlebot3_autorace_2020/traffic_intersection/materials/scripts
[12.409s] -- Installing: /home/hug/tb3_sim_ws/install/turtlebot3_gazebo/share/turtlebot3_gazebo//models/turtlebot3_autorace_2020/traffic_intersection/materials/scripts/traffic_intersection.material
[12.409s] -- Installing: /home/hug/tb3_sim_ws/install/turtlebot3_gazebo/share/turtlebot3_gazebo//models/turtlebot3_autorace_2020/traffic_intersection/materials/textures
[12.409s] -- Installing: /home/hug/tb3_sim_ws/install/turtlebot3_gazebo/share/turtlebot3_gazebo//models/turtlebot3_autorace_2020/traffic_intersection/materials/textures/traffic_intersection.png
[12.409s] -- Installing: /home/hug/tb3_sim_ws/install/turtlebot3_gazebo/share/turtlebot3_gazebo//models/turtlebot3_autorace_2020/traffic_pl_left
[12.409s] -- Installing: /home/hug/tb3_sim_ws/install/turtlebot3_gazebo/share/turtlebot3_gazebo//models/turtlebot3_autorace_2020/traffic_pl_left/model.sdf
[12.409s] -- Installing: /home/hug/tb3_sim_ws/install/turtlebot3_gazebo/share/turtlebot3_gazebo//models/turtlebot3_autorace_2020/traffic_pl_left/model.config
[12.409s] -- Installing: /home/hug/tb3_sim_ws/install/turtlebot3_gazebo/share/turtlebot3_gazebo//models/turtlebot3_autorace_2020/traffic_pl_left/materials
[12.409s] -- Installing: /home/hug/tb3_sim_ws/install/turtlebot3_gazebo/share/turtlebot3_gazebo//models/turtlebot3_autorace_2020/traffic_pl_left/materials/scripts
[12.409s] -- Installing: /home/hug/tb3_sim_ws/install/turtlebot3_gazebo/share/turtlebot3_gazebo//models/turtlebot3_autorace_2020/traffic_pl_left/materials/scripts/traffic_pl_left.material
[12.409s] -- Installing: /home/hug/tb3_sim_ws/install/turtlebot3_gazebo/share/turtlebot3_gazebo//models/turtlebot3_autorace_2020/traffic_pl_left/materials/textures
[12.409s] -- Installing: /home/hug/tb3_sim_ws/install/turtlebot3_gazebo/share/turtlebot3_gazebo//models/turtlebot3_autorace_2020/traffic_pl_left/materials/textures/traffic_pl_left.png
[12.409s] -- Installing: /home/hug/tb3_sim_ws/install/turtlebot3_gazebo/share/turtlebot3_gazebo//models/turtlebot3_autorace_2020/traffic_tunnel
[12.409s] -- Installing: /home/hug/tb3_sim_ws/install/turtlebot3_gazebo/share/turtlebot3_gazebo//models/turtlebot3_autorace_2020/traffic_tunnel/model.sdf
[12.409s] -- Installing: /home/hug/tb3_sim_ws/install/turtlebot3_gazebo/share/turtlebot3_gazebo//models/turtlebot3_autorace_2020/traffic_tunnel/model.config
[12.409s] -- Installing: /home/hug/tb3_sim_ws/install/turtlebot3_gazebo/share/turtlebot3_gazebo//models/turtlebot3_autorace_2020/traffic_tunnel/materials
[12.410s] -- Installing: /home/hug/tb3_sim_ws/install/turtlebot3_gazebo/share/turtlebot3_gazebo//models/turtlebot3_autorace_2020/traffic_tunnel/materials/scripts
[12.410s] -- Installing: /home/hug/tb3_sim_ws/install/turtlebot3_gazebo/share/turtlebot3_gazebo//models/turtlebot3_autorace_2020/traffic_tunnel/materials/scripts/tunnel.material
[12.410s] -- Installing: /home/hug/tb3_sim_ws/install/turtlebot3_gazebo/share/turtlebot3_gazebo//models/turtlebot3_autorace_2020/traffic_tunnel/materials/textures
[12.410s] -- Installing: /home/hug/tb3_sim_ws/install/turtlebot3_gazebo/share/turtlebot3_gazebo//models/turtlebot3_autorace_2020/traffic_tunnel/materials/textures/tunnel.png
[12.410s] -- Installing: /home/hug/tb3_sim_ws/install/turtlebot3_gazebo/share/turtlebot3_gazebo//models/turtlebot3_autorace_2020/traffic_stop
[12.410s] -- Installing: /home/hug/tb3_sim_ws/install/turtlebot3_gazebo/share/turtlebot3_gazebo//models/turtlebot3_autorace_2020/traffic_stop/model.sdf
[12.410s] -- Installing: /home/hug/tb3_sim_ws/install/turtlebot3_gazebo/share/turtlebot3_gazebo//models/turtlebot3_autorace_2020/traffic_stop/model.config
[12.410s] -- Installing: /home/hug/tb3_sim_ws/install/turtlebot3_gazebo/share/turtlebot3_gazebo//models/turtlebot3_autorace_2020/traffic_stop/materials
[12.410s] -- Installing: /home/hug/tb3_sim_ws/install/turtlebot3_gazebo/share/turtlebot3_gazebo//models/turtlebot3_autorace_2020/traffic_stop/materials/scripts
[12.410s] -- Installing: /home/hug/tb3_sim_ws/install/turtlebot3_gazebo/share/turtlebot3_gazebo//models/turtlebot3_autorace_2020/traffic_stop/materials/scripts/traffic_stop.material
[12.410s] -- Installing: /home/hug/tb3_sim_ws/install/turtlebot3_gazebo/share/turtlebot3_gazebo//models/turtlebot3_autorace_2020/traffic_stop/materials/textures
[12.410s] -- Installing: /home/hug/tb3_sim_ws/install/turtlebot3_gazebo/share/turtlebot3_gazebo//models/turtlebot3_autorace_2020/traffic_stop/materials/textures/traffic_stop.png
[12.410s] -- Installing: /home/hug/tb3_sim_ws/install/turtlebot3_gazebo/share/turtlebot3_gazebo//models/turtlebot3_autorace_2020/traffic_light
[12.410s] -- Installing: /home/hug/tb3_sim_ws/install/turtlebot3_gazebo/share/turtlebot3_gazebo//models/turtlebot3_autorace_2020/traffic_light/model.sdf
[12.410s] -- Installing: /home/hug/tb3_sim_ws/install/turtlebot3_gazebo/share/turtlebot3_gazebo//models/turtlebot3_autorace_2020/traffic_light/model.config
[12.410s] -- Installing: /home/hug/tb3_sim_ws/install/turtlebot3_gazebo/share/turtlebot3_gazebo//models/turtlebot3_autorace_2020/traffic_light/materials
[12.410s] -- Installing: /home/hug/tb3_sim_ws/install/turtlebot3_gazebo/share/turtlebot3_gazebo//models/turtlebot3_autorace_2020/traffic_light/materials/scripts
[12.410s] -- Installing: /home/hug/tb3_sim_ws/install/turtlebot3_gazebo/share/turtlebot3_gazebo//models/turtlebot3_autorace_2020/traffic_light/materials/scripts/traffic_light.material
[12.410s] -- Installing: /home/hug/tb3_sim_ws/install/turtlebot3_gazebo/share/turtlebot3_gazebo//models/turtlebot3_autorace_2020/traffic_light/materials/textures
[12.410s] -- Installing: /home/hug/tb3_sim_ws/install/turtlebot3_gazebo/share/turtlebot3_gazebo//models/turtlebot3_autorace_2020/traffic_light/materials/textures/traffic_light_yellow.png
[12.410s] -- Installing: /home/hug/tb3_sim_ws/install/turtlebot3_gazebo/share/turtlebot3_gazebo//models/turtlebot3_autorace_2020/traffic_light/materials/textures/traffic_light.png
[12.410s] -- Installing: /home/hug/tb3_sim_ws/install/turtlebot3_gazebo/share/turtlebot3_gazebo//models/turtlebot3_autorace_2020/traffic_light/materials/textures/traffic_light_green.png
[12.410s] -- Installing: /home/hug/tb3_sim_ws/install/turtlebot3_gazebo/share/turtlebot3_gazebo//models/turtlebot3_autorace_2020/traffic_light/materials/textures/traffic_light_red.png
[12.410s] -- Installing: /home/hug/tb3_sim_ws/install/turtlebot3_gazebo/share/turtlebot3_gazebo//models/turtlebot3_autorace_2020/traffic_left
[12.410s] -- Installing: /home/hug/tb3_sim_ws/install/turtlebot3_gazebo/share/turtlebot3_gazebo//models/turtlebot3_autorace_2020/traffic_left/model.sdf
[12.411s] -- Installing: /home/hug/tb3_sim_ws/install/turtlebot3_gazebo/share/turtlebot3_gazebo//models/turtlebot3_autorace_2020/traffic_left/model.config
[12.411s] -- Installing: /home/hug/tb3_sim_ws/install/turtlebot3_gazebo/share/turtlebot3_gazebo//models/turtlebot3_autorace_2020/traffic_left/materials
[12.411s] -- Installing: /home/hug/tb3_sim_ws/install/turtlebot3_gazebo/share/turtlebot3_gazebo//models/turtlebot3_autorace_2020/traffic_left/materials/scripts
[12.411s] -- Installing: /home/hug/tb3_sim_ws/install/turtlebot3_gazebo/share/turtlebot3_gazebo//models/turtlebot3_autorace_2020/traffic_left/materials/scripts/traffic_is_left.material
[12.411s] -- Installing: /home/hug/tb3_sim_ws/install/turtlebot3_gazebo/share/turtlebot3_gazebo//models/turtlebot3_autorace_2020/traffic_left/materials/textures
[12.411s] -- Installing: /home/hug/tb3_sim_ws/install/turtlebot3_gazebo/share/turtlebot3_gazebo//models/turtlebot3_autorace_2020/traffic_left/materials/textures/traffic_left.png
[12.411s] -- Installing: /home/hug/tb3_sim_ws/install/turtlebot3_gazebo/share/turtlebot3_gazebo//models/turtlebot3_house
[12.411s] -- Installing: /home/hug/tb3_sim_ws/install/turtlebot3_gazebo/share/turtlebot3_gazebo//models/turtlebot3_house/model.sdf
[12.411s] -- Installing: /home/hug/tb3_sim_ws/install/turtlebot3_gazebo/share/turtlebot3_gazebo//models/turtlebot3_house/model.config
[12.411s] -- Installing: /home/hug/tb3_sim_ws/install/turtlebot3_gazebo/share/turtlebot3_gazebo//models/turtlebot3_common
[12.411s] -- Installing: /home/hug/tb3_sim_ws/install/turtlebot3_gazebo/share/turtlebot3_gazebo//models/turtlebot3_common/model.config
[12.411s] -- Installing: /home/hug/tb3_sim_ws/install/turtlebot3_gazebo/share/turtlebot3_gazebo//models/turtlebot3_common/meshes
[12.411s] -- Installing: /home/hug/tb3_sim_ws/install/turtlebot3_gazebo/share/turtlebot3_gazebo//models/turtlebot3_common/meshes/bases
[12.411s] -- Installing: /home/hug/tb3_sim_ws/install/turtlebot3_gazebo/share/turtlebot3_gazebo//models/turtlebot3_common/meshes/bases/burger_base.stl
[12.414s] -- Installing: /home/hug/tb3_sim_ws/install/turtlebot3_gazebo/share/turtlebot3_gazebo//models/turtlebot3_common/meshes/bases/waffle_base.stl
[12.422s] -- Installing: /home/hug/tb3_sim_ws/install/turtlebot3_gazebo/share/turtlebot3_gazebo//models/turtlebot3_common/meshes/bases/waffle_pi_base.stl
[12.426s] -- Installing: /home/hug/tb3_sim_ws/install/turtlebot3_gazebo/share/turtlebot3_gazebo//models/turtlebot3_common/meshes/tire.dae
[12.426s] -- Installing: /home/hug/tb3_sim_ws/install/turtlebot3_gazebo/share/turtlebot3_gazebo//models/turtlebot3_common/meshes/burger_base.dae
[12.426s] -- Installing: /home/hug/tb3_sim_ws/install/turtlebot3_gazebo/share/turtlebot3_gazebo//models/turtlebot3_common/meshes/lds.dae
[12.426s] -- Installing: /home/hug/tb3_sim_ws/install/turtlebot3_gazebo/share/turtlebot3_gazebo//models/turtlebot3_common/meshes/waffle_pi_base.dae
[12.426s] -- Installing: /home/hug/tb3_sim_ws/install/turtlebot3_gazebo/share/turtlebot3_gazebo//models/turtlebot3_common/meshes/wheels
[12.426s] -- Installing: /home/hug/tb3_sim_ws/install/turtlebot3_gazebo/share/turtlebot3_gazebo//models/turtlebot3_common/meshes/wheels/right_tire.stl
[12.426s] -- Installing: /home/hug/tb3_sim_ws/install/turtlebot3_gazebo/share/turtlebot3_gazebo//models/turtlebot3_common/meshes/wheels/left_tire.stl
[12.427s] -- Installing: /home/hug/tb3_sim_ws/install/turtlebot3_gazebo/share/turtlebot3_gazebo//models/turtlebot3_common/meshes/r200.dae
[12.427s] -- Installing: /home/hug/tb3_sim_ws/install/turtlebot3_gazebo/share/turtlebot3_gazebo//models/turtlebot3_common/meshes/waffle_base.dae
[12.427s] -- Installing: /home/hug/tb3_sim_ws/install/turtlebot3_gazebo/share/turtlebot3_gazebo//models/turtlebot3_common/meshes/sensors
[12.427s] -- Installing: /home/hug/tb3_sim_ws/install/turtlebot3_gazebo/share/turtlebot3_gazebo//models/turtlebot3_common/meshes/sensors/astra.dae
[12.432s] -- Installing: /home/hug/tb3_sim_ws/install/turtlebot3_gazebo/share/turtlebot3_gazebo//models/turtlebot3_common/meshes/sensors/r200.jpg
[12.432s] -- Installing: /home/hug/tb3_sim_ws/install/turtlebot3_gazebo/share/turtlebot3_gazebo//models/turtlebot3_common/meshes/sensors/astra.jpg
[12.432s] -- Installing: /home/hug/tb3_sim_ws/install/turtlebot3_gazebo/share/turtlebot3_gazebo//models/turtlebot3_common/meshes/sensors/r200.dae
[12.432s] -- Installing: /home/hug/tb3_sim_ws/install/turtlebot3_gazebo/share/turtlebot3_gazebo//models/turtlebot3_common/meshes/sensors/lds.stl
[12.432s] -- Installing: /home/hug/tb3_sim_ws/install/turtlebot3_gazebo/share/turtlebot3_gazebo//models/turtlebot3_waffle_pi
[12.432s] -- Installing: /home/hug/tb3_sim_ws/install/turtlebot3_gazebo/share/turtlebot3_gazebo//models/turtlebot3_waffle_pi/model.sdf
[12.432s] -- Installing: /home/hug/tb3_sim_ws/install/turtlebot3_gazebo/share/turtlebot3_gazebo//models/turtlebot3_waffle_pi/model.config
[12.432s] -- Installing: /home/hug/tb3_sim_ws/install/turtlebot3_gazebo/share/turtlebot3_gazebo//models/turtlebot3_waffle_pi/model-1_4_.sdf
[12.432s] -- Installing: /home/hug/tb3_sim_ws/install/turtlebot3_gazebo/share/turtlebot3_gazebo//models/turtlebot3_dqn_world
[12.432s] -- Installing: /home/hug/tb3_sim_ws/install/turtlebot3_gazebo/share/turtlebot3_gazebo//models/turtlebot3_dqn_world/obstacle1
[12.432s] -- Installing: /home/hug/tb3_sim_ws/install/turtlebot3_gazebo/share/turtlebot3_gazebo//models/turtlebot3_dqn_world/obstacle1/model.sdf
[12.432s] -- Installing: /home/hug/tb3_sim_ws/install/turtlebot3_gazebo/share/turtlebot3_gazebo//models/turtlebot3_dqn_world/obstacle1/model.config
[12.432s] -- Installing: /home/hug/tb3_sim_ws/install/turtlebot3_gazebo/share/turtlebot3_gazebo//models/turtlebot3_dqn_world/model.sdf
[12.432s] -- Installing: /home/hug/tb3_sim_ws/install/turtlebot3_gazebo/share/turtlebot3_gazebo//models/turtlebot3_dqn_world/model.config
[12.433s] -- Installing: /home/hug/tb3_sim_ws/install/turtlebot3_gazebo/share/turtlebot3_gazebo//models/turtlebot3_dqn_world/goal_box
[12.433s] -- Installing: /home/hug/tb3_sim_ws/install/turtlebot3_gazebo/share/turtlebot3_gazebo//models/turtlebot3_dqn_world/goal_box/model.sdf
[12.433s] -- Installing: /home/hug/tb3_sim_ws/install/turtlebot3_gazebo/share/turtlebot3_gazebo//models/turtlebot3_dqn_world/goal_box/model.config
[12.433s] -- Installing: /home/hug/tb3_sim_ws/install/turtlebot3_gazebo/share/turtlebot3_gazebo//models/turtlebot3_dqn_world/obstacle2
[12.433s] -- Installing: /home/hug/tb3_sim_ws/install/turtlebot3_gazebo/share/turtlebot3_gazebo//models/turtlebot3_dqn_world/obstacle2/model.sdf
[12.433s] -- Installing: /home/hug/tb3_sim_ws/install/turtlebot3_gazebo/share/turtlebot3_gazebo//models/turtlebot3_dqn_world/obstacle2/model.config
[12.433s] -- Installing: /home/hug/tb3_sim_ws/install/turtlebot3_gazebo/share/turtlebot3_gazebo//models/turtlebot3_dqn_world/inner_walls
[12.433s] -- Installing: /home/hug/tb3_sim_ws/install/turtlebot3_gazebo/share/turtlebot3_gazebo//models/turtlebot3_dqn_world/inner_walls/model.sdf
[12.433s] -- Installing: /home/hug/tb3_sim_ws/install/turtlebot3_gazebo/share/turtlebot3_gazebo//models/turtlebot3_dqn_world/inner_walls/model.config
[12.433s] -- Installing: /home/hug/tb3_sim_ws/install/turtlebot3_gazebo/share/turtlebot3_gazebo//models/turtlebot3_dqn_world/obstacles
[12.433s] -- Installing: /home/hug/tb3_sim_ws/install/turtlebot3_gazebo/share/turtlebot3_gazebo//models/turtlebot3_dqn_world/obstacles/model.sdf
[12.433s] -- Installing: /home/hug/tb3_sim_ws/install/turtlebot3_gazebo/share/turtlebot3_gazebo//models/turtlebot3_dqn_world/obstacles/model.config
[12.433s] -- Installing: /home/hug/tb3_sim_ws/install/turtlebot3_gazebo/share/turtlebot3_gazebo//models/turtlebot3_world
[12.433s] -- Installing: /home/hug/tb3_sim_ws/install/turtlebot3_gazebo/share/turtlebot3_gazebo//models/turtlebot3_world/model.sdf
[12.433s] -- Installing: /home/hug/tb3_sim_ws/install/turtlebot3_gazebo/share/turtlebot3_gazebo//models/turtlebot3_world/model.config
[12.433s] -- Installing: /home/hug/tb3_sim_ws/install/turtlebot3_gazebo/share/turtlebot3_gazebo//models/turtlebot3_world/meshes
[12.433s] -- Installing: /home/hug/tb3_sim_ws/install/turtlebot3_gazebo/share/turtlebot3_gazebo//models/turtlebot3_world/meshes/wall.dae
[12.433s] -- Installing: /home/hug/tb3_sim_ws/install/turtlebot3_gazebo/share/turtlebot3_gazebo//models/turtlebot3_world/meshes/hexagon.dae
[12.433s] -- Installing: /home/hug/tb3_sim_ws/install/turtlebot3_gazebo/share/turtlebot3_gazebo//models/turtlebot3_world/model-1_4.sdf
[12.433s] -- Installing: /home/hug/tb3_sim_ws/install/turtlebot3_gazebo/share/turtlebot3_gazebo//rviz
[12.433s] -- Installing: /home/hug/tb3_sim_ws/install/turtlebot3_gazebo/share/turtlebot3_gazebo//rviz/tb3_gazebo.rviz
[12.433s] -- Installing: /home/hug/tb3_sim_ws/install/turtlebot3_gazebo/share/turtlebot3_gazebo//urdf
[12.433s] -- Installing: /home/hug/tb3_sim_ws/install/turtlebot3_gazebo/share/turtlebot3_gazebo//urdf/turtlebot3_waffle_pi.urdf
[12.433s] -- Installing: /home/hug/tb3_sim_ws/install/turtlebot3_gazebo/share/turtlebot3_gazebo//urdf/turtlebot3_burger_cam.urdf
[12.433s] -- Installing: /home/hug/tb3_sim_ws/install/turtlebot3_gazebo/share/turtlebot3_gazebo//urdf/common_properties.urdf
[12.433s] -- Installing: /home/hug/tb3_sim_ws/install/turtlebot3_gazebo/share/turtlebot3_gazebo//urdf/turtlebot3_burger.urdf
[12.433s] -- Installing: /home/hug/tb3_sim_ws/install/turtlebot3_gazebo/share/turtlebot3_gazebo//urdf/turtlebot3_waffle.urdf
[12.433s] -- Installing: /home/hug/tb3_sim_ws/install/turtlebot3_gazebo/share/turtlebot3_gazebo//worlds
[12.433s] -- Installing: /home/hug/tb3_sim_ws/install/turtlebot3_gazebo/share/turtlebot3_gazebo//worlds/turtlebot3_dqn_stage3.world
[12.433s] -- Installing: /home/hug/tb3_sim_ws/install/turtlebot3_gazebo/share/turtlebot3_gazebo//worlds/empty_world.world
[12.434s] -- Installing: /home/hug/tb3_sim_ws/install/turtlebot3_gazebo/share/turtlebot3_gazebo//worlds/turtlebot3_world.world
[12.434s] -- Installing: /home/hug/tb3_sim_ws/install/turtlebot3_gazebo/share/turtlebot3_gazebo//worlds/turtlebot3_house.world
[12.434s] -- Installing: /home/hug/tb3_sim_ws/install/turtlebot3_gazebo/share/turtlebot3_gazebo//worlds/turtlebot3_dqn_stage2.world
[12.434s] -- Installing: /home/hug/tb3_sim_ws/install/turtlebot3_gazebo/share/turtlebot3_gazebo//worlds/turtlebot3_autorace_2020.world
[12.434s] -- Installing: /home/hug/tb3_sim_ws/install/turtlebot3_gazebo/share/turtlebot3_gazebo//worlds/turtlebot3_dqn_stage4.world
[12.434s] -- Installing: /home/hug/tb3_sim_ws/install/turtlebot3_gazebo/share/turtlebot3_gazebo//worlds/turtlebot3_dqn_stage1.world
[12.434s] -- Installing: /home/hug/tb3_sim_ws/install/turtlebot3_gazebo/share/turtlebot3_gazebo/README.md
[12.434s] -- Installing: /home/hug/tb3_sim_ws/install/turtlebot3_gazebo/include/
[12.434s] -- Installing: /home/hug/tb3_sim_ws/install/turtlebot3_gazebo/include//turtlebot3_gazebo
[12.434s] -- Installing: /home/hug/tb3_sim_ws/install/turtlebot3_gazebo/include//turtlebot3_gazebo/traffic_bar_plugin.hpp
[12.434s] -- Installing: /home/hug/tb3_sim_ws/install/turtlebot3_gazebo/include//turtlebot3_gazebo/obstacle2.hpp
[12.434s] -- Installing: /home/hug/tb3_sim_ws/install/turtlebot3_gazebo/include//turtlebot3_gazebo/turtlebot3_drive.hpp
[12.434s] -- Installing: /home/hug/tb3_sim_ws/install/turtlebot3_gazebo/include//turtlebot3_gazebo/obstacle1.hpp
[12.434s] -- Installing: /home/hug/tb3_sim_ws/install/turtlebot3_gazebo/include//turtlebot3_gazebo/traffic_light_plugin.hpp
[12.434s] -- Installing: /home/hug/tb3_sim_ws/install/turtlebot3_gazebo/include//turtlebot3_gazebo/obstacles.hpp
[12.434s] -- Installing: /home/hug/tb3_sim_ws/install/turtlebot3_gazebo/share/ament_index/resource_index/package_run_dependencies/turtlebot3_gazebo
[12.434s] -- Installing: /home/hug/tb3_sim_ws/install/turtlebot3_gazebo/share/ament_index/resource_index/parent_prefix_path/turtlebot3_gazebo
[12.434s] -- Installing: /home/hug/tb3_sim_ws/install/turtlebot3_gazebo/share/turtlebot3_gazebo/environment/ament_prefix_path.sh
[12.434s] -- Installing: /home/hug/tb3_sim_ws/install/turtlebot3_gazebo/share/turtlebot3_gazebo/environment/ament_prefix_path.dsv
[12.434s] -- Installing: /home/hug/tb3_sim_ws/install/turtlebot3_gazebo/share/turtlebot3_gazebo/environment/path.sh
[12.435s] -- Installing: /home/hug/tb3_sim_ws/install/turtlebot3_gazebo/share/turtlebot3_gazebo/environment/path.dsv
[12.435s] -- Installing: /home/hug/tb3_sim_ws/install/turtlebot3_gazebo/share/turtlebot3_gazebo/local_setup.bash
[12.435s] -- Installing: /home/hug/tb3_sim_ws/install/turtlebot3_gazebo/share/turtlebot3_gazebo/local_setup.sh
[12.435s] -- Installing: /home/hug/tb3_sim_ws/install/turtlebot3_gazebo/share/turtlebot3_gazebo/local_setup.zsh
[12.435s] -- Installing: /home/hug/tb3_sim_ws/install/turtlebot3_gazebo/share/turtlebot3_gazebo/local_setup.dsv
[12.435s] -- Installing: /home/hug/tb3_sim_ws/install/turtlebot3_gazebo/share/turtlebot3_gazebo/package.dsv
[12.435s] -- Installing: /home/hug/tb3_sim_ws/install/turtlebot3_gazebo/share/ament_index/resource_index/packages/turtlebot3_gazebo
[12.435s] -- Installing: /home/hug/tb3_sim_ws/install/turtlebot3_gazebo/share/turtlebot3_gazebo/cmake/ament_cmake_export_include_directories-extras.cmake
[12.435s] -- Installing: /home/hug/tb3_sim_ws/install/turtlebot3_gazebo/share/turtlebot3_gazebo/cmake/ament_cmake_export_dependencies-extras.cmake
[12.435s] -- Installing: /home/hug/tb3_sim_ws/install/turtlebot3_gazebo/share/turtlebot3_gazebo/cmake/turtlebot3_gazeboConfig.cmake
[12.435s] -- Installing: /home/hug/tb3_sim_ws/install/turtlebot3_gazebo/share/turtlebot3_gazebo/cmake/turtlebot3_gazeboConfig-version.cmake
[12.435s] -- Installing: /home/hug/tb3_sim_ws/install/turtlebot3_gazebo/share/turtlebot3_gazebo/package.xml
[12.437s] Invoked command in '/home/hug/tb3_sim_ws/build/turtlebot3_gazebo' returned '0': CMAKE_PREFIX_PATH=/opt/ros/humble /usr/bin/cmake --install /home/hug/tb3_sim_ws/build/turtlebot3_gazebo
