[0.088s] DEBUG:colcon:Command line arguments: ['/usr/bin/colcon', 'build', '--symlink-install', '--packages-select', 'turtlebot3_drl_local_planner']
[0.088s] DEBUG:colcon:Parsed command line arguments: Namespace(log_base=None, log_level=None, verb_name='build', build_base='build', install_base='install', merge_install=False, symlink_install=True, test_result_base=None, continue_on_error=False, executor='parallel', parallel_workers=16, event_handlers=None, ignore_user_meta=False, metas=['./colcon.meta'], base_paths=['.'], packages_ignore=None, packages_ignore_regex=None, paths=None, packages_up_to=None, packages_up_to_regex=None, packages_above=None, packages_above_and_dependencies=None, packages_above_depth=None, packages_select_by_dep=None, packages_skip_by_dep=None, packages_skip_up_to=None, packages_select_build_failed=False, packages_skip_build_finished=False, packages_select_test_failures=False, packages_skip_test_passed=False, packages_select=['turtlebot3_drl_local_planner'], packages_skip=None, packages_select_regex=None, packages_skip_regex=None, packages_start=None, packages_end=None, allow_overriding=[], cmake_args=None, cmake_target=None, cmake_target_skip_unavailable=False, cmake_clean_cache=False, cmake_clean_first=False, cmake_force_configure=False, ament_cmake_args=None, catkin_cmake_args=None, catkin_skip_building_tests=False, mixin_files=None, mixin=None, verb_parser=<colcon_mixin.mixin.mixin_argument.MixinArgumentDecorator object at 0x7ad4a91afc10>, verb_extension=<colcon_core.verb.build.BuildVerb object at 0x7ad4a91b1270>, main=<bound method BuildVerb.main of <colcon_core.verb.build.BuildVerb object at 0x7ad4a91b1270>>, mixin_verb=('build',))
[0.193s] Level 1:colcon.colcon_core.package_discovery:discover_packages(colcon_meta) check parameters
[0.194s] Level 1:colcon.colcon_core.package_discovery:discover_packages(recursive) check parameters
[0.194s] Level 1:colcon.colcon_core.package_discovery:discover_packages(ignore) check parameters
[0.194s] Level 1:colcon.colcon_core.package_discovery:discover_packages(path) check parameters
[0.194s] Level 1:colcon.colcon_core.package_discovery:discover_packages(colcon_meta) discover
[0.194s] Level 1:colcon.colcon_core.package_discovery:discover_packages(recursive) discover
[0.194s] INFO:colcon.colcon_core.package_discovery:Crawling recursively for packages in '/home/hug/tb3_sim_ws'
[0.194s] Level 1:colcon.colcon_core.package_identification:_identify(.) by extensions ['ignore', 'ignore_ament_install']
[0.194s] Level 1:colcon.colcon_core.package_identification:_identify(.) by extension 'ignore'
[0.194s] Level 1:colcon.colcon_core.package_identification:_identify(.) by extension 'ignore_ament_install'
[0.194s] Level 1:colcon.colcon_core.package_identification:_identify(.) by extensions ['colcon_pkg']
[0.194s] Level 1:colcon.colcon_core.package_identification:_identify(.) by extension 'colcon_pkg'
[0.194s] Level 1:colcon.colcon_core.package_identification:_identify(.) by extensions ['colcon_meta']
[0.194s] Level 1:colcon.colcon_core.package_identification:_identify(.) by extension 'colcon_meta'
[0.194s] Level 1:colcon.colcon_core.package_identification:_identify(.) by extensions ['ros']
[0.194s] Level 1:colcon.colcon_core.package_identification:_identify(.) by extension 'ros'
[0.201s] Level 1:colcon.colcon_core.package_identification:_identify(.) by extensions ['cmake', 'python']
[0.201s] Level 1:colcon.colcon_core.package_identification:_identify(.) by extension 'cmake'
[0.201s] Level 1:colcon.colcon_core.package_identification:_identify(.) by extension 'python'
[0.201s] Level 1:colcon.colcon_core.package_identification:_identify(.) by extensions ['python_setup_py']
[0.201s] Level 1:colcon.colcon_core.package_identification:_identify(.) by extension 'python_setup_py'
[0.202s] Level 1:colcon.colcon_core.package_identification:_identify(build) by extensions ['ignore', 'ignore_ament_install']
[0.202s] Level 1:colcon.colcon_core.package_identification:_identify(build) by extension 'ignore'
[0.202s] Level 1:colcon.colcon_core.package_identification:_identify(build) ignored
[0.202s] Level 1:colcon.colcon_core.package_identification:_identify(install) by extensions ['ignore', 'ignore_ament_install']
[0.202s] Level 1:colcon.colcon_core.package_identification:_identify(install) by extension 'ignore'
[0.202s] Level 1:colcon.colcon_core.package_identification:_identify(install) ignored
[0.202s] Level 1:colcon.colcon_core.package_identification:_identify(log) by extensions ['ignore', 'ignore_ament_install']
[0.202s] Level 1:colcon.colcon_core.package_identification:_identify(log) by extension 'ignore'
[0.202s] Level 1:colcon.colcon_core.package_identification:_identify(log) ignored
[0.202s] Level 1:colcon.colcon_core.package_identification:_identify(runs) by extensions ['ignore', 'ignore_ament_install']
[0.202s] Level 1:colcon.colcon_core.package_identification:_identify(runs) by extension 'ignore'
[0.202s] Level 1:colcon.colcon_core.package_identification:_identify(runs) by extension 'ignore_ament_install'
[0.202s] Level 1:colcon.colcon_core.package_identification:_identify(runs) by extensions ['colcon_pkg']
[0.202s] Level 1:colcon.colcon_core.package_identification:_identify(runs) by extension 'colcon_pkg'
[0.202s] Level 1:colcon.colcon_core.package_identification:_identify(runs) by extensions ['colcon_meta']
[0.202s] Level 1:colcon.colcon_core.package_identification:_identify(runs) by extension 'colcon_meta'
[0.202s] Level 1:colcon.colcon_core.package_identification:_identify(runs) by extensions ['ros']
[0.202s] Level 1:colcon.colcon_core.package_identification:_identify(runs) by extension 'ros'
[0.202s] Level 1:colcon.colcon_core.package_identification:_identify(runs) by extensions ['cmake', 'python']
[0.202s] Level 1:colcon.colcon_core.package_identification:_identify(runs) by extension 'cmake'
[0.202s] Level 1:colcon.colcon_core.package_identification:_identify(runs) by extension 'python'
[0.202s] Level 1:colcon.colcon_core.package_identification:_identify(runs) by extensions ['python_setup_py']
[0.202s] Level 1:colcon.colcon_core.package_identification:_identify(runs) by extension 'python_setup_py'
[0.202s] Level 1:colcon.colcon_core.package_identification:_identify(runs/gap_sac_20260428_231530) by extensions ['ignore', 'ignore_ament_install']
[0.202s] Level 1:colcon.colcon_core.package_identification:_identify(runs/gap_sac_20260428_231530) by extension 'ignore'
[0.202s] Level 1:colcon.colcon_core.package_identification:_identify(runs/gap_sac_20260428_231530) by extension 'ignore_ament_install'
[0.202s] Level 1:colcon.colcon_core.package_identification:_identify(runs/gap_sac_20260428_231530) by extensions ['colcon_pkg']
[0.202s] Level 1:colcon.colcon_core.package_identification:_identify(runs/gap_sac_20260428_231530) by extension 'colcon_pkg'
[0.202s] Level 1:colcon.colcon_core.package_identification:_identify(runs/gap_sac_20260428_231530) by extensions ['colcon_meta']
[0.202s] Level 1:colcon.colcon_core.package_identification:_identify(runs/gap_sac_20260428_231530) by extension 'colcon_meta'
[0.202s] Level 1:colcon.colcon_core.package_identification:_identify(runs/gap_sac_20260428_231530) by extensions ['ros']
[0.202s] Level 1:colcon.colcon_core.package_identification:_identify(runs/gap_sac_20260428_231530) by extension 'ros'
[0.203s] Level 1:colcon.colcon_core.package_identification:_identify(runs/gap_sac_20260428_231530) by extensions ['cmake', 'python']
[0.203s] Level 1:colcon.colcon_core.package_identification:_identify(runs/gap_sac_20260428_231530) by extension 'cmake'
[0.203s] Level 1:colcon.colcon_core.package_identification:_identify(runs/gap_sac_20260428_231530) by extension 'python'
[0.203s] Level 1:colcon.colcon_core.package_identification:_identify(runs/gap_sac_20260428_231530) by extensions ['python_setup_py']
[0.203s] Level 1:colcon.colcon_core.package_identification:_identify(runs/gap_sac_20260428_231530) by extension 'python_setup_py'
[0.203s] Level 1:colcon.colcon_core.package_identification:_identify(runs/gap_sac_20260428_233155) by extensions ['ignore', 'ignore_ament_install']
[0.203s] Level 1:colcon.colcon_core.package_identification:_identify(runs/gap_sac_20260428_233155) by extension 'ignore'
[0.203s] Level 1:colcon.colcon_core.package_identification:_identify(runs/gap_sac_20260428_233155) by extension 'ignore_ament_install'
[0.203s] Level 1:colcon.colcon_core.package_identification:_identify(runs/gap_sac_20260428_233155) by extensions ['colcon_pkg']
[0.203s] Level 1:colcon.colcon_core.package_identification:_identify(runs/gap_sac_20260428_233155) by extension 'colcon_pkg'
[0.203s] Level 1:colcon.colcon_core.package_identification:_identify(runs/gap_sac_20260428_233155) by extensions ['colcon_meta']
[0.203s] Level 1:colcon.colcon_core.package_identification:_identify(runs/gap_sac_20260428_233155) by extension 'colcon_meta'
[0.203s] Level 1:colcon.colcon_core.package_identification:_identify(runs/gap_sac_20260428_233155) by extensions ['ros']
[0.203s] Level 1:colcon.colcon_core.package_identification:_identify(runs/gap_sac_20260428_233155) by extension 'ros'
[0.203s] Level 1:colcon.colcon_core.package_identification:_identify(runs/gap_sac_20260428_233155) by extensions ['cmake', 'python']
[0.203s] Level 1:colcon.colcon_core.package_identification:_identify(runs/gap_sac_20260428_233155) by extension 'cmake'
[0.203s] Level 1:colcon.colcon_core.package_identification:_identify(runs/gap_sac_20260428_233155) by extension 'python'
[0.203s] Level 1:colcon.colcon_core.package_identification:_identify(runs/gap_sac_20260428_233155) by extensions ['python_setup_py']
[0.203s] Level 1:colcon.colcon_core.package_identification:_identify(runs/gap_sac_20260428_233155) by extension 'python_setup_py'
[0.203s] Level 1:colcon.colcon_core.package_identification:_identify(runs/gap_sac_20260428_234305) by extensions ['ignore', 'ignore_ament_install']
[0.203s] Level 1:colcon.colcon_core.package_identification:_identify(runs/gap_sac_20260428_234305) by extension 'ignore'
[0.203s] Level 1:colcon.colcon_core.package_identification:_identify(runs/gap_sac_20260428_234305) by extension 'ignore_ament_install'
[0.203s] Level 1:colcon.colcon_core.package_identification:_identify(runs/gap_sac_20260428_234305) by extensions ['colcon_pkg']
[0.203s] Level 1:colcon.colcon_core.package_identification:_identify(runs/gap_sac_20260428_234305) by extension 'colcon_pkg'
[0.203s] Level 1:colcon.colcon_core.package_identification:_identify(runs/gap_sac_20260428_234305) by extensions ['colcon_meta']
[0.203s] Level 1:colcon.colcon_core.package_identification:_identify(runs/gap_sac_20260428_234305) by extension 'colcon_meta'
[0.203s] Level 1:colcon.colcon_core.package_identification:_identify(runs/gap_sac_20260428_234305) by extensions ['ros']
[0.203s] Level 1:colcon.colcon_core.package_identification:_identify(runs/gap_sac_20260428_234305) by extension 'ros'
[0.203s] Level 1:colcon.colcon_core.package_identification:_identify(runs/gap_sac_20260428_234305) by extensions ['cmake', 'python']
[0.203s] Level 1:colcon.colcon_core.package_identification:_identify(runs/gap_sac_20260428_234305) by extension 'cmake'
[0.203s] Level 1:colcon.colcon_core.package_identification:_identify(runs/gap_sac_20260428_234305) by extension 'python'
[0.203s] Level 1:colcon.colcon_core.package_identification:_identify(runs/gap_sac_20260428_234305) by extensions ['python_setup_py']
[0.203s] Level 1:colcon.colcon_core.package_identification:_identify(runs/gap_sac_20260428_234305) by extension 'python_setup_py'
[0.203s] Level 1:colcon.colcon_core.package_identification:_identify(runs/gap_sac_20260428_235424) by extensions ['ignore', 'ignore_ament_install']
[0.203s] Level 1:colcon.colcon_core.package_identification:_identify(runs/gap_sac_20260428_235424) by extension 'ignore'
[0.203s] Level 1:colcon.colcon_core.package_identification:_identify(runs/gap_sac_20260428_235424) by extension 'ignore_ament_install'
[0.203s] Level 1:colcon.colcon_core.package_identification:_identify(runs/gap_sac_20260428_235424) by extensions ['colcon_pkg']
[0.203s] Level 1:colcon.colcon_core.package_identification:_identify(runs/gap_sac_20260428_235424) by extension 'colcon_pkg'
[0.203s] Level 1:colcon.colcon_core.package_identification:_identify(runs/gap_sac_20260428_235424) by extensions ['colcon_meta']
[0.203s] Level 1:colcon.colcon_core.package_identification:_identify(runs/gap_sac_20260428_235424) by extension 'colcon_meta'
[0.203s] Level 1:colcon.colcon_core.package_identification:_identify(runs/gap_sac_20260428_235424) by extensions ['ros']
[0.203s] Level 1:colcon.colcon_core.package_identification:_identify(runs/gap_sac_20260428_235424) by extension 'ros'
[0.203s] Level 1:colcon.colcon_core.package_identification:_identify(runs/gap_sac_20260428_235424) by extensions ['cmake', 'python']
[0.203s] Level 1:colcon.colcon_core.package_identification:_identify(runs/gap_sac_20260428_235424) by extension 'cmake'
[0.203s] Level 1:colcon.colcon_core.package_identification:_identify(runs/gap_sac_20260428_235424) by extension 'python'
[0.203s] Level 1:colcon.colcon_core.package_identification:_identify(runs/gap_sac_20260428_235424) by extensions ['python_setup_py']
[0.203s] Level 1:colcon.colcon_core.package_identification:_identify(runs/gap_sac_20260428_235424) by extension 'python_setup_py'
[0.204s] Level 1:colcon.colcon_core.package_identification:_identify(runs/gap_sac_20260429_002929) by extensions ['ignore', 'ignore_ament_install']
[0.204s] Level 1:colcon.colcon_core.package_identification:_identify(runs/gap_sac_20260429_002929) by extension 'ignore'
[0.204s] Level 1:colcon.colcon_core.package_identification:_identify(runs/gap_sac_20260429_002929) by extension 'ignore_ament_install'
[0.204s] Level 1:colcon.colcon_core.package_identification:_identify(runs/gap_sac_20260429_002929) by extensions ['colcon_pkg']
[0.204s] Level 1:colcon.colcon_core.package_identification:_identify(runs/gap_sac_20260429_002929) by extension 'colcon_pkg'
[0.204s] Level 1:colcon.colcon_core.package_identification:_identify(runs/gap_sac_20260429_002929) by extensions ['colcon_meta']
[0.204s] Level 1:colcon.colcon_core.package_identification:_identify(runs/gap_sac_20260429_002929) by extension 'colcon_meta'
[0.204s] Level 1:colcon.colcon_core.package_identification:_identify(runs/gap_sac_20260429_002929) by extensions ['ros']
[0.204s] Level 1:colcon.colcon_core.package_identification:_identify(runs/gap_sac_20260429_002929) by extension 'ros'
[0.204s] Level 1:colcon.colcon_core.package_identification:_identify(runs/gap_sac_20260429_002929) by extensions ['cmake', 'python']
[0.204s] Level 1:colcon.colcon_core.package_identification:_identify(runs/gap_sac_20260429_002929) by extension 'cmake'
[0.204s] Level 1:colcon.colcon_core.package_identification:_identify(runs/gap_sac_20260429_002929) by extension 'python'
[0.204s] Level 1:colcon.colcon_core.package_identification:_identify(runs/gap_sac_20260429_002929) by extensions ['python_setup_py']
[0.204s] Level 1:colcon.colcon_core.package_identification:_identify(runs/gap_sac_20260429_002929) by extension 'python_setup_py'
[0.204s] Level 1:colcon.colcon_core.package_identification:_identify(runs/gap_sac_20260429_004859) by extensions ['ignore', 'ignore_ament_install']
[0.204s] Level 1:colcon.colcon_core.package_identification:_identify(runs/gap_sac_20260429_004859) by extension 'ignore'
[0.204s] Level 1:colcon.colcon_core.package_identification:_identify(runs/gap_sac_20260429_004859) by extension 'ignore_ament_install'
[0.204s] Level 1:colcon.colcon_core.package_identification:_identify(runs/gap_sac_20260429_004859) by extensions ['colcon_pkg']
[0.204s] Level 1:colcon.colcon_core.package_identification:_identify(runs/gap_sac_20260429_004859) by extension 'colcon_pkg'
[0.204s] Level 1:colcon.colcon_core.package_identification:_identify(runs/gap_sac_20260429_004859) by extensions ['colcon_meta']
[0.204s] Level 1:colcon.colcon_core.package_identification:_identify(runs/gap_sac_20260429_004859) by extension 'colcon_meta'
[0.204s] Level 1:colcon.colcon_core.package_identification:_identify(runs/gap_sac_20260429_004859) by extensions ['ros']
[0.204s] Level 1:colcon.colcon_core.package_identification:_identify(runs/gap_sac_20260429_004859) by extension 'ros'
[0.204s] Level 1:colcon.colcon_core.package_identification:_identify(runs/gap_sac_20260429_004859) by extensions ['cmake', 'python']
[0.204s] Level 1:colcon.colcon_core.package_identification:_identify(runs/gap_sac_20260429_004859) by extension 'cmake'
[0.204s] Level 1:colcon.colcon_core.package_identification:_identify(runs/gap_sac_20260429_004859) by extension 'python'
[0.204s] Level 1:colcon.colcon_core.package_identification:_identify(runs/gap_sac_20260429_004859) by extensions ['python_setup_py']
[0.204s] Level 1:colcon.colcon_core.package_identification:_identify(runs/gap_sac_20260429_004859) by extension 'python_setup_py'
[0.204s] Level 1:colcon.colcon_core.package_identification:_identify(runs/gap_sac_20260429_075529) by extensions ['ignore', 'ignore_ament_install']
[0.204s] Level 1:colcon.colcon_core.package_identification:_identify(runs/gap_sac_20260429_075529) by extension 'ignore'
[0.204s] Level 1:colcon.colcon_core.package_identification:_identify(runs/gap_sac_20260429_075529) by extension 'ignore_ament_install'
[0.204s] Level 1:colcon.colcon_core.package_identification:_identify(runs/gap_sac_20260429_075529) by extensions ['colcon_pkg']
[0.204s] Level 1:colcon.colcon_core.package_identification:_identify(runs/gap_sac_20260429_075529) by extension 'colcon_pkg'
[0.204s] Level 1:colcon.colcon_core.package_identification:_identify(runs/gap_sac_20260429_075529) by extensions ['colcon_meta']
[0.204s] Level 1:colcon.colcon_core.package_identification:_identify(runs/gap_sac_20260429_075529) by extension 'colcon_meta'
[0.204s] Level 1:colcon.colcon_core.package_identification:_identify(runs/gap_sac_20260429_075529) by extensions ['ros']
[0.204s] Level 1:colcon.colcon_core.package_identification:_identify(runs/gap_sac_20260429_075529) by extension 'ros'
[0.204s] Level 1:colcon.colcon_core.package_identification:_identify(runs/gap_sac_20260429_075529) by extensions ['cmake', 'python']
[0.204s] Level 1:colcon.colcon_core.package_identification:_identify(runs/gap_sac_20260429_075529) by extension 'cmake'
[0.204s] Level 1:colcon.colcon_core.package_identification:_identify(runs/gap_sac_20260429_075529) by extension 'python'
[0.204s] Level 1:colcon.colcon_core.package_identification:_identify(runs/gap_sac_20260429_075529) by extensions ['python_setup_py']
[0.204s] Level 1:colcon.colcon_core.package_identification:_identify(runs/gap_sac_20260429_075529) by extension 'python_setup_py'
[0.204s] Level 1:colcon.colcon_core.package_identification:_identify(runs/gap_sac_20260429_093042) by extensions ['ignore', 'ignore_ament_install']
[0.204s] Level 1:colcon.colcon_core.package_identification:_identify(runs/gap_sac_20260429_093042) by extension 'ignore'
[0.205s] Level 1:colcon.colcon_core.package_identification:_identify(runs/gap_sac_20260429_093042) by extension 'ignore_ament_install'
[0.205s] Level 1:colcon.colcon_core.package_identification:_identify(runs/gap_sac_20260429_093042) by extensions ['colcon_pkg']
[0.205s] Level 1:colcon.colcon_core.package_identification:_identify(runs/gap_sac_20260429_093042) by extension 'colcon_pkg'
[0.205s] Level 1:colcon.colcon_core.package_identification:_identify(runs/gap_sac_20260429_093042) by extensions ['colcon_meta']
[0.205s] Level 1:colcon.colcon_core.package_identification:_identify(runs/gap_sac_20260429_093042) by extension 'colcon_meta'
[0.205s] Level 1:colcon.colcon_core.package_identification:_identify(runs/gap_sac_20260429_093042) by extensions ['ros']
[0.205s] Level 1:colcon.colcon_core.package_identification:_identify(runs/gap_sac_20260429_093042) by extension 'ros'
[0.205s] Level 1:colcon.colcon_core.package_identification:_identify(runs/gap_sac_20260429_093042) by extensions ['cmake', 'python']
[0.205s] Level 1:colcon.colcon_core.package_identification:_identify(runs/gap_sac_20260429_093042) by extension 'cmake'
[0.205s] Level 1:colcon.colcon_core.package_identification:_identify(runs/gap_sac_20260429_093042) by extension 'python'
[0.205s] Level 1:colcon.colcon_core.package_identification:_identify(runs/gap_sac_20260429_093042) by extensions ['python_setup_py']
[0.205s] Level 1:colcon.colcon_core.package_identification:_identify(runs/gap_sac_20260429_093042) by extension 'python_setup_py'
[0.205s] Level 1:colcon.colcon_core.package_identification:_identify(src) by extensions ['ignore', 'ignore_ament_install']
[0.205s] Level 1:colcon.colcon_core.package_identification:_identify(src) by extension 'ignore'
[0.205s] Level 1:colcon.colcon_core.package_identification:_identify(src) by extension 'ignore_ament_install'
[0.205s] Level 1:colcon.colcon_core.package_identification:_identify(src) by extensions ['colcon_pkg']
[0.205s] Level 1:colcon.colcon_core.package_identification:_identify(src) by extension 'colcon_pkg'
[0.205s] Level 1:colcon.colcon_core.package_identification:_identify(src) by extensions ['colcon_meta']
[0.205s] Level 1:colcon.colcon_core.package_identification:_identify(src) by extension 'colcon_meta'
[0.205s] Level 1:colcon.colcon_core.package_identification:_identify(src) by extensions ['ros']
[0.205s] Level 1:colcon.colcon_core.package_identification:_identify(src) by extension 'ros'
[0.205s] Level 1:colcon.colcon_core.package_identification:_identify(src) by extensions ['cmake', 'python']
[0.205s] Level 1:colcon.colcon_core.package_identification:_identify(src) by extension 'cmake'
[0.205s] Level 1:colcon.colcon_core.package_identification:_identify(src) by extension 'python'
[0.205s] Level 1:colcon.colcon_core.package_identification:_identify(src) by extensions ['python_setup_py']
[0.205s] Level 1:colcon.colcon_core.package_identification:_identify(src) by extension 'python_setup_py'
[0.205s] Level 1:colcon.colcon_core.package_identification:_identify(src/turtlebot3_drl_local_planner) by extensions ['ignore', 'ignore_ament_install']
[0.205s] Level 1:colcon.colcon_core.package_identification:_identify(src/turtlebot3_drl_local_planner) by extension 'ignore'
[0.205s] Level 1:colcon.colcon_core.package_identification:_identify(src/turtlebot3_drl_local_planner) by extension 'ignore_ament_install'
[0.205s] Level 1:colcon.colcon_core.package_identification:_identify(src/turtlebot3_drl_local_planner) by extensions ['colcon_pkg']
[0.205s] Level 1:colcon.colcon_core.package_identification:_identify(src/turtlebot3_drl_local_planner) by extension 'colcon_pkg'
[0.205s] Level 1:colcon.colcon_core.package_identification:_identify(src/turtlebot3_drl_local_planner) by extensions ['colcon_meta']
[0.205s] Level 1:colcon.colcon_core.package_identification:_identify(src/turtlebot3_drl_local_planner) by extension 'colcon_meta'
[0.205s] Level 1:colcon.colcon_core.package_identification:_identify(src/turtlebot3_drl_local_planner) by extensions ['ros']
[0.205s] Level 1:colcon.colcon_core.package_identification:_identify(src/turtlebot3_drl_local_planner) by extension 'ros'
[0.216s] DEBUG:colcon.colcon_core.package_identification:Package 'src/turtlebot3_drl_local_planner' with type 'ros.ament_python' and name 'turtlebot3_drl_local_planner'
[0.216s] Level 1:colcon.colcon_core.package_identification:_identify(src/turtlebot3_gazebo) by extensions ['ignore', 'ignore_ament_install']
[0.216s] Level 1:colcon.colcon_core.package_identification:_identify(src/turtlebot3_gazebo) by extension 'ignore'
[0.216s] Level 1:colcon.colcon_core.package_identification:_identify(src/turtlebot3_gazebo) by extension 'ignore_ament_install'
[0.216s] Level 1:colcon.colcon_core.package_identification:_identify(src/turtlebot3_gazebo) by extensions ['colcon_pkg']
[0.216s] Level 1:colcon.colcon_core.package_identification:_identify(src/turtlebot3_gazebo) by extension 'colcon_pkg'
[0.216s] Level 1:colcon.colcon_core.package_identification:_identify(src/turtlebot3_gazebo) by extensions ['colcon_meta']
[0.216s] Level 1:colcon.colcon_core.package_identification:_identify(src/turtlebot3_gazebo) by extension 'colcon_meta'
[0.216s] Level 1:colcon.colcon_core.package_identification:_identify(src/turtlebot3_gazebo) by extensions ['ros']
[0.216s] Level 1:colcon.colcon_core.package_identification:_identify(src/turtlebot3_gazebo) by extension 'ros'
[0.217s] DEBUG:colcon.colcon_core.package_identification:Package 'src/turtlebot3_gazebo' with type 'ros.ament_cmake' and name 'turtlebot3_gazebo'
[0.217s] Level 1:colcon.colcon_core.package_discovery:discover_packages(recursive) using defaults
[0.217s] Level 1:colcon.colcon_core.package_discovery:discover_packages(ignore) discover
[0.217s] Level 1:colcon.colcon_core.package_discovery:discover_packages(ignore) using defaults
[0.217s] Level 1:colcon.colcon_core.package_discovery:discover_packages(path) discover
[0.217s] Level 1:colcon.colcon_core.package_discovery:discover_packages(path) using defaults
[0.231s] INFO:colcon.colcon_core.package_selection:Skipping not selected package 'turtlebot3_gazebo' in 'src/turtlebot3_gazebo'
[0.231s] Level 1:colcon.colcon_core.package_discovery:discover_packages(prefix_path) check parameters
[0.231s] Level 1:colcon.colcon_core.package_discovery:discover_packages(prefix_path) discover
[0.233s] DEBUG:colcon.colcon_installed_package_information.package_discovery:Found 448 installed packages in /opt/ros/humble
[0.234s] Level 1:colcon.colcon_core.package_discovery:discover_packages(prefix_path) using defaults
[0.264s] Level 5:colcon.colcon_core.verb:set package 'turtlebot3_drl_local_planner' build argument 'cmake_args' from command line to 'None'
[0.264s] Level 5:colcon.colcon_core.verb:set package 'turtlebot3_drl_local_planner' build argument 'cmake_target' from command line to 'None'
[0.264s] Level 5:colcon.colcon_core.verb:set package 'turtlebot3_drl_local_planner' build argument 'cmake_target_skip_unavailable' from command line to 'False'
[0.264s] Level 5:colcon.colcon_core.verb:set package 'turtlebot3_drl_local_planner' build argument 'cmake_clean_cache' from command line to 'False'
[0.264s] Level 5:colcon.colcon_core.verb:set package 'turtlebot3_drl_local_planner' build argument 'cmake_clean_first' from command line to 'False'
[0.264s] Level 5:colcon.colcon_core.verb:set package 'turtlebot3_drl_local_planner' build argument 'cmake_force_configure' from command line to 'False'
[0.264s] Level 5:colcon.colcon_core.verb:set package 'turtlebot3_drl_local_planner' build argument 'ament_cmake_args' from command line to 'None'
[0.264s] Level 5:colcon.colcon_core.verb:set package 'turtlebot3_drl_local_planner' build argument 'catkin_cmake_args' from command line to 'None'
[0.264s] Level 5:colcon.colcon_core.verb:set package 'turtlebot3_drl_local_planner' build argument 'catkin_skip_building_tests' from command line to 'False'
[0.264s] DEBUG:colcon.colcon_core.verb:Building package 'turtlebot3_drl_local_planner' with the following arguments: {'ament_cmake_args': None, 'build_base': '/home/hug/tb3_sim_ws/build/turtlebot3_drl_local_planner', 'catkin_cmake_args': None, 'catkin_skip_building_tests': False, 'cmake_args': None, 'cmake_clean_cache': False, 'cmake_clean_first': False, 'cmake_force_configure': False, 'cmake_target': None, 'cmake_target_skip_unavailable': False, 'install_base': '/home/hug/tb3_sim_ws/install/turtlebot3_drl_local_planner', 'merge_install': False, 'path': '/home/hug/tb3_sim_ws/src/turtlebot3_drl_local_planner', 'symlink_install': True, 'test_result_base': None}
[0.264s] INFO:colcon.colcon_core.executor:Executing jobs using 'parallel' executor
[0.265s] DEBUG:colcon.colcon_parallel_executor.executor.parallel:run_until_complete
[0.265s] INFO:colcon.colcon_ros.task.ament_python.build:Building ROS package in '/home/hug/tb3_sim_ws/src/turtlebot3_drl_local_planner' with build type 'ament_python'
[0.265s] Level 1:colcon.colcon_core.shell:create_environment_hook('turtlebot3_drl_local_planner', 'ament_prefix_path')
[0.267s] INFO:colcon.colcon_core.plugin_system:Skipping extension 'colcon_core.shell.bat': Not used on non-Windows systems
[0.267s] INFO:colcon.colcon_core.shell:Creating environment hook '/home/hug/tb3_sim_ws/install/turtlebot3_drl_local_planner/share/turtlebot3_drl_local_planner/hook/ament_prefix_path.ps1'
[0.267s] INFO:colcon.colcon_core.shell:Creating environment descriptor '/home/hug/tb3_sim_ws/install/turtlebot3_drl_local_planner/share/turtlebot3_drl_local_planner/hook/ament_prefix_path.dsv'
[0.267s] INFO:colcon.colcon_core.shell:Creating environment hook '/home/hug/tb3_sim_ws/install/turtlebot3_drl_local_planner/share/turtlebot3_drl_local_planner/hook/ament_prefix_path.sh'
[0.268s] INFO:colcon.colcon_core.shell:Skip shell extension 'powershell' for command environment: Not usable outside of PowerShell
[0.268s] DEBUG:colcon.colcon_core.shell:Skip shell extension 'dsv' for command environment
[0.441s] INFO:colcon.colcon_core.task.python.build:Building Python package in '/home/hug/tb3_sim_ws/src/turtlebot3_drl_local_planner'
[0.441s] INFO:colcon.colcon_core.shell:Skip shell extension 'powershell' for command environment: Not usable outside of PowerShell
[0.441s] DEBUG:colcon.colcon_core.shell:Skip shell extension 'dsv' for command environment
[0.672s] DEBUG:colcon.colcon_core.event_handler.log_command:Invoking command in '/home/hug/tb3_sim_ws/build/turtlebot3_drl_local_planner': PYTHONPATH=/home/hug/tb3_sim_ws/build/turtlebot3_drl_local_planner/prefix_override:/usr/lib/python3/dist-packages/colcon_core/task/python/colcon_distutils_commands:/home/hug/tb3_sim_ws/install/turtlebot3_drl_local_planner/lib/python3.10/site-packages:${PYTHONPATH} /usr/bin/python3 -W ignore:setup.py install is deprecated -W ignore:easy_install command is deprecated setup.py develop --editable --build-directory /home/hug/tb3_sim_ws/build/turtlebot3_drl_local_planner/build --no-deps symlink_data
[0.999s] Level 1:colcon.colcon_core.shell:create_environment_hook('turtlebot3_drl_local_planner', 'pythonpath_develop')
[1.000s] INFO:colcon.colcon_core.shell:Creating environment hook '/home/hug/tb3_sim_ws/build/turtlebot3_drl_local_planner/share/turtlebot3_drl_local_planner/hook/pythonpath_develop.ps1'
[1.000s] DEBUG:colcon.colcon_core.event_handler.log_command:Invoked command in '/home/hug/tb3_sim_ws/build/turtlebot3_drl_local_planner' returned '0': PYTHONPATH=/home/hug/tb3_sim_ws/build/turtlebot3_drl_local_planner/prefix_override:/usr/lib/python3/dist-packages/colcon_core/task/python/colcon_distutils_commands:/home/hug/tb3_sim_ws/install/turtlebot3_drl_local_planner/lib/python3.10/site-packages:${PYTHONPATH} /usr/bin/python3 -W ignore:setup.py install is deprecated -W ignore:easy_install command is deprecated setup.py develop --editable --build-directory /home/hug/tb3_sim_ws/build/turtlebot3_drl_local_planner/build --no-deps symlink_data
[1.001s] INFO:colcon.colcon_core.shell:Creating environment descriptor '/home/hug/tb3_sim_ws/build/turtlebot3_drl_local_planner/share/turtlebot3_drl_local_planner/hook/pythonpath_develop.dsv'
[1.001s] INFO:colcon.colcon_core.shell:Creating environment hook '/home/hug/tb3_sim_ws/build/turtlebot3_drl_local_planner/share/turtlebot3_drl_local_planner/hook/pythonpath_develop.sh'
[1.004s] Level 1:colcon.colcon_core.environment:checking '/home/hug/tb3_sim_ws/install/turtlebot3_drl_local_planner' for CMake module files
[1.004s] Level 1:colcon.colcon_core.environment:checking '/home/hug/tb3_sim_ws/install/turtlebot3_drl_local_planner' for CMake config files
[1.004s] Level 1:colcon.colcon_core.environment:checking '/home/hug/tb3_sim_ws/install/turtlebot3_drl_local_planner/lib'
[1.004s] Level 1:colcon.colcon_core.environment:checking '/home/hug/tb3_sim_ws/install/turtlebot3_drl_local_planner/bin'
[1.004s] Level 1:colcon.colcon_core.environment:checking '/home/hug/tb3_sim_ws/install/turtlebot3_drl_local_planner/lib/pkgconfig/turtlebot3_drl_local_planner.pc'
[1.005s] Level 1:colcon.colcon_core.environment:checking '/home/hug/tb3_sim_ws/install/turtlebot3_drl_local_planner/lib/python3.10/site-packages'
[1.005s] Level 1:colcon.colcon_core.shell:create_environment_hook('turtlebot3_drl_local_planner', 'pythonpath')
[1.005s] INFO:colcon.colcon_core.shell:Creating environment hook '/home/hug/tb3_sim_ws/install/turtlebot3_drl_local_planner/share/turtlebot3_drl_local_planner/hook/pythonpath.ps1'
[1.005s] INFO:colcon.colcon_core.shell:Creating environment descriptor '/home/hug/tb3_sim_ws/install/turtlebot3_drl_local_planner/share/turtlebot3_drl_local_planner/hook/pythonpath.dsv'
[1.005s] INFO:colcon.colcon_core.shell:Creating environment hook '/home/hug/tb3_sim_ws/install/turtlebot3_drl_local_planner/share/turtlebot3_drl_local_planner/hook/pythonpath.sh'
[1.005s] Level 1:colcon.colcon_core.environment:checking '/home/hug/tb3_sim_ws/install/turtlebot3_drl_local_planner/bin'
[1.005s] Level 1:colcon.colcon_core.environment:create_environment_scripts_only(turtlebot3_drl_local_planner)
[1.006s] INFO:colcon.colcon_core.shell:Creating package script '/home/hug/tb3_sim_ws/install/turtlebot3_drl_local_planner/share/turtlebot3_drl_local_planner/package.ps1'
[1.006s] INFO:colcon.colcon_core.shell:Creating package descriptor '/home/hug/tb3_sim_ws/install/turtlebot3_drl_local_planner/share/turtlebot3_drl_local_planner/package.dsv'
[1.006s] INFO:colcon.colcon_core.shell:Creating package script '/home/hug/tb3_sim_ws/install/turtlebot3_drl_local_planner/share/turtlebot3_drl_local_planner/package.sh'
[1.007s] INFO:colcon.colcon_core.shell:Creating package script '/home/hug/tb3_sim_ws/install/turtlebot3_drl_local_planner/share/turtlebot3_drl_local_planner/package.bash'
[1.007s] INFO:colcon.colcon_core.shell:Creating package script '/home/hug/tb3_sim_ws/install/turtlebot3_drl_local_planner/share/turtlebot3_drl_local_planner/package.zsh'
[1.008s] Level 1:colcon.colcon_core.environment:create_file_with_runtime_dependencies(/home/hug/tb3_sim_ws/install/turtlebot3_drl_local_planner/share/colcon-core/packages/turtlebot3_drl_local_planner)
[1.008s] DEBUG:colcon.colcon_parallel_executor.executor.parallel:closing loop
[1.008s] DEBUG:colcon.colcon_parallel_executor.executor.parallel:loop closed
[1.008s] DEBUG:colcon.colcon_parallel_executor.executor.parallel:run_until_complete finished with '0'
[1.008s] DEBUG:colcon.colcon_core.event_reactor:joining thread
[1.016s] INFO:colcon.colcon_core.plugin_system:Skipping extension 'colcon_notification.desktop_notification.terminal_notifier': Not used on non-Darwin systems
[1.017s] INFO:colcon.colcon_core.plugin_system:Skipping extension 'colcon_notification.desktop_notification.win32': Not used on non-Windows systems
[1.017s] INFO:colcon.colcon_notification.desktop_notification:Sending desktop notification using 'notify2'
[1.028s] DEBUG:colcon.colcon_core.event_reactor:joined thread
[1.028s] INFO:colcon.colcon_core.shell:Creating prefix script '/home/hug/tb3_sim_ws/install/local_setup.ps1'
[1.029s] INFO:colcon.colcon_core.shell:Creating prefix util module '/home/hug/tb3_sim_ws/install/_local_setup_util_ps1.py'
[1.031s] INFO:colcon.colcon_core.shell:Creating prefix chain script '/home/hug/tb3_sim_ws/install/setup.ps1'
[1.032s] INFO:colcon.colcon_core.shell:Creating prefix script '/home/hug/tb3_sim_ws/install/local_setup.sh'
[1.032s] INFO:colcon.colcon_core.shell:Creating prefix util module '/home/hug/tb3_sim_ws/install/_local_setup_util_sh.py'
[1.033s] INFO:colcon.colcon_core.shell:Creating prefix chain script '/home/hug/tb3_sim_ws/install/setup.sh'
[1.034s] INFO:colcon.colcon_core.shell:Creating prefix script '/home/hug/tb3_sim_ws/install/local_setup.bash'
[1.035s] INFO:colcon.colcon_core.shell:Creating prefix chain script '/home/hug/tb3_sim_ws/install/setup.bash'
[1.035s] INFO:colcon.colcon_core.shell:Creating prefix script '/home/hug/tb3_sim_ws/install/local_setup.zsh'
[1.036s] INFO:colcon.colcon_core.shell:Creating prefix chain script '/home/hug/tb3_sim_ws/install/setup.zsh'
