[0.217s] DEBUG:colcon:Command line arguments: ['/usr/bin/colcon', 'build']
[0.217s] DEBUG:colcon:Parsed command line arguments: Namespace(log_base=None, log_level=None, verb_name='build', build_base='build', install_base='install', merge_install=False, symlink_install=False, test_result_base=None, continue_on_error=False, executor='parallel', parallel_workers=16, event_handlers=None, ignore_user_meta=False, metas=['./colcon.meta'], base_paths=['.'], packages_ignore=None, packages_ignore_regex=None, paths=None, packages_up_to=None, packages_up_to_regex=None, packages_above=None, packages_above_and_dependencies=None, packages_above_depth=None, packages_select_by_dep=None, packages_skip_by_dep=None, packages_skip_up_to=None, packages_select_build_failed=False, packages_skip_build_finished=False, packages_select_test_failures=False, packages_skip_test_passed=False, packages_select=None, packages_skip=None, packages_select_regex=None, packages_skip_regex=None, packages_start=None, packages_end=None, allow_overriding=[], cmake_args=None, cmake_target=None, cmake_target_skip_unavailable=False, cmake_clean_cache=False, cmake_clean_first=False, cmake_force_configure=False, ament_cmake_args=None, catkin_cmake_args=None, catkin_skip_building_tests=False, mixin_files=None, mixin=None, verb_parser=<colcon_mixin.mixin.mixin_argument.MixinArgumentDecorator object at 0x7c592369f2b0>, verb_extension=<colcon_core.verb.build.BuildVerb object at 0x7c592369f790>, main=<bound method BuildVerb.main of <colcon_core.verb.build.BuildVerb object at 0x7c592369f790>>, mixin_verb=('build',))
[0.498s] Level 1:colcon.colcon_core.package_discovery:discover_packages(colcon_meta) check parameters
[0.499s] Level 1:colcon.colcon_core.package_discovery:discover_packages(recursive) check parameters
[0.499s] Level 1:colcon.colcon_core.package_discovery:discover_packages(ignore) check parameters
[0.499s] Level 1:colcon.colcon_core.package_discovery:discover_packages(path) check parameters
[0.499s] Level 1:colcon.colcon_core.package_discovery:discover_packages(colcon_meta) discover
[0.499s] Level 1:colcon.colcon_core.package_discovery:discover_packages(recursive) discover
[0.499s] INFO:colcon.colcon_core.package_discovery:Crawling recursively for packages in '/home/hug/turtlebot3_ws/src/turtlebot3_simulations_and_reality/turtlebot3_opentcs_reality'
[0.499s] Level 1:colcon.colcon_core.package_identification:_identify(.) by extensions ['ignore', 'ignore_ament_install']
[0.499s] Level 1:colcon.colcon_core.package_identification:_identify(.) by extension 'ignore'
[0.499s] Level 1:colcon.colcon_core.package_identification:_identify(.) by extension 'ignore_ament_install'
[0.499s] Level 1:colcon.colcon_core.package_identification:_identify(.) by extensions ['colcon_pkg']
[0.499s] Level 1:colcon.colcon_core.package_identification:_identify(.) by extension 'colcon_pkg'
[0.499s] Level 1:colcon.colcon_core.package_identification:_identify(.) by extensions ['colcon_meta']
[0.499s] Level 1:colcon.colcon_core.package_identification:_identify(.) by extension 'colcon_meta'
[0.499s] Level 1:colcon.colcon_core.package_identification:_identify(.) by extensions ['ros']
[0.499s] Level 1:colcon.colcon_core.package_identification:_identify(.) by extension 'ros'
[0.513s] DEBUG:colcon.colcon_core.package_identification:Package '.' with type 'ros.ament_cmake' and name 'turtlebot3_simulations'
[0.513s] Level 1:colcon.colcon_core.package_discovery:discover_packages(recursive) using defaults
[0.513s] Level 1:colcon.colcon_core.package_discovery:discover_packages(ignore) discover
[0.513s] Level 1:colcon.colcon_core.package_discovery:discover_packages(ignore) using defaults
[0.513s] Level 1:colcon.colcon_core.package_discovery:discover_packages(path) discover
[0.513s] Level 1:colcon.colcon_core.package_discovery:discover_packages(path) using defaults
[0.543s] Level 1:colcon.colcon_core.package_discovery:discover_packages(prefix_path) check parameters
[0.543s] Level 1:colcon.colcon_core.package_discovery:discover_packages(prefix_path) discover
[0.547s] DEBUG:colcon.colcon_installed_package_information.package_discovery:Found 1 installed packages in /home/hug/opentcs_ws/install
[0.548s] DEBUG:colcon.colcon_installed_package_information.package_discovery:Found 447 installed packages in /opt/ros/humble
[0.549s] Level 1:colcon.colcon_core.package_discovery:discover_packages(prefix_path) using defaults
[0.582s] Level 5:colcon.colcon_core.verb:set package 'turtlebot3_simulations' build argument 'cmake_args' from command line to 'None'
[0.582s] Level 5:colcon.colcon_core.verb:set package 'turtlebot3_simulations' build argument 'cmake_target' from command line to 'None'
[0.582s] Level 5:colcon.colcon_core.verb:set package 'turtlebot3_simulations' build argument 'cmake_target_skip_unavailable' from command line to 'False'
[0.582s] Level 5:colcon.colcon_core.verb:set package 'turtlebot3_simulations' build argument 'cmake_clean_cache' from command line to 'False'
[0.582s] Level 5:colcon.colcon_core.verb:set package 'turtlebot3_simulations' build argument 'cmake_clean_first' from command line to 'False'
[0.582s] Level 5:colcon.colcon_core.verb:set package 'turtlebot3_simulations' build argument 'cmake_force_configure' from command line to 'False'
[0.582s] Level 5:colcon.colcon_core.verb:set package 'turtlebot3_simulations' build argument 'ament_cmake_args' from command line to 'None'
[0.582s] Level 5:colcon.colcon_core.verb:set package 'turtlebot3_simulations' build argument 'catkin_cmake_args' from command line to 'None'
[0.582s] Level 5:colcon.colcon_core.verb:set package 'turtlebot3_simulations' build argument 'catkin_skip_building_tests' from command line to 'False'
[0.582s] DEBUG:colcon.colcon_core.verb:Building package 'turtlebot3_simulations' with the following arguments: {'ament_cmake_args': None, 'build_base': '/home/hug/turtlebot3_ws/src/turtlebot3_simulations_and_reality/turtlebot3_opentcs_reality/build/turtlebot3_simulations', 'catkin_cmake_args': None, 'catkin_skip_building_tests': False, 'cmake_args': None, 'cmake_clean_cache': False, 'cmake_clean_first': False, 'cmake_force_configure': False, 'cmake_target': None, 'cmake_target_skip_unavailable': False, 'install_base': '/home/hug/turtlebot3_ws/src/turtlebot3_simulations_and_reality/turtlebot3_opentcs_reality/install/turtlebot3_simulations', 'merge_install': False, 'path': '/home/hug/turtlebot3_ws/src/turtlebot3_simulations_and_reality/turtlebot3_opentcs_reality', 'symlink_install': False, 'test_result_base': None}
[0.582s] INFO:colcon.colcon_core.executor:Executing jobs using 'parallel' executor
[0.583s] DEBUG:colcon.colcon_parallel_executor.executor.parallel:run_until_complete
[0.583s] INFO:colcon.colcon_ros.task.ament_cmake.build:Building ROS package in '/home/hug/turtlebot3_ws/src/turtlebot3_simulations_and_reality/turtlebot3_opentcs_reality' with build type 'ament_cmake'
[0.583s] INFO:colcon.colcon_cmake.task.cmake.build:Building CMake package in '/home/hug/turtlebot3_ws/src/turtlebot3_simulations_and_reality/turtlebot3_opentcs_reality'
[0.590s] INFO:colcon.colcon_core.plugin_system:Skipping extension 'colcon_core.shell.bat': Not used on non-Windows systems
[0.590s] INFO:colcon.colcon_core.shell:Skip shell extension 'powershell' for command environment: Not usable outside of PowerShell
[0.590s] DEBUG:colcon.colcon_core.shell:Skip shell extension 'dsv' for command environment
[0.598s] DEBUG:colcon.colcon_core.event_handler.log_command:Invoking command in '/home/hug/turtlebot3_ws/src/turtlebot3_simulations_and_reality/turtlebot3_opentcs_reality/build/turtlebot3_simulations': CMAKE_PREFIX_PATH=/home/hug/opentcs_ws/install/opentcs_ros2:/opt/ros/humble /usr/bin/cmake /home/hug/turtlebot3_ws/src/turtlebot3_simulations_and_reality/turtlebot3_opentcs_reality -DCMAKE_INSTALL_PREFIX=/home/hug/turtlebot3_ws/src/turtlebot3_simulations_and_reality/turtlebot3_opentcs_reality/install/turtlebot3_simulations
[0.606s] DEBUG:colcon.colcon_core.event_handler.log_command:Invoked command in '/home/hug/turtlebot3_ws/src/turtlebot3_simulations_and_reality/turtlebot3_opentcs_reality/build/turtlebot3_simulations' returned '1': CMAKE_PREFIX_PATH=/home/hug/opentcs_ws/install/opentcs_ros2:/opt/ros/humble /usr/bin/cmake /home/hug/turtlebot3_ws/src/turtlebot3_simulations_and_reality/turtlebot3_opentcs_reality -DCMAKE_INSTALL_PREFIX=/home/hug/turtlebot3_ws/src/turtlebot3_simulations_and_reality/turtlebot3_opentcs_reality/install/turtlebot3_simulations
[0.606s] Level 1:colcon.colcon_core.environment:create_environment_scripts_only(turtlebot3_simulations)
[0.612s] Level 1:colcon.colcon_core.environment:checking '/home/hug/turtlebot3_ws/src/turtlebot3_simulations_and_reality/turtlebot3_opentcs_reality/install/turtlebot3_simulations' for CMake module files
[0.612s] Level 1:colcon.colcon_core.environment:checking '/home/hug/turtlebot3_ws/src/turtlebot3_simulations_and_reality/turtlebot3_opentcs_reality/install/turtlebot3_simulations' for CMake config files
[0.612s] Level 1:colcon.colcon_core.environment:checking '/home/hug/turtlebot3_ws/src/turtlebot3_simulations_and_reality/turtlebot3_opentcs_reality/install/turtlebot3_simulations/bin'
[0.612s] Level 1:colcon.colcon_core.environment:checking '/home/hug/turtlebot3_ws/src/turtlebot3_simulations_and_reality/turtlebot3_opentcs_reality/install/turtlebot3_simulations/lib/pkgconfig/turtlebot3_simulations.pc'
[0.613s] Level 1:colcon.colcon_core.environment:checking '/home/hug/turtlebot3_ws/src/turtlebot3_simulations_and_reality/turtlebot3_opentcs_reality/install/turtlebot3_simulations/lib/python3.10/site-packages'
[0.613s] Level 1:colcon.colcon_core.environment:checking '/home/hug/turtlebot3_ws/src/turtlebot3_simulations_and_reality/turtlebot3_opentcs_reality/install/turtlebot3_simulations/bin'
[0.613s] INFO:colcon.colcon_core.shell:Creating package script '/home/hug/turtlebot3_ws/src/turtlebot3_simulations_and_reality/turtlebot3_opentcs_reality/install/turtlebot3_simulations/share/turtlebot3_simulations/package.ps1'
[0.614s] INFO:colcon.colcon_core.shell:Creating package descriptor '/home/hug/turtlebot3_ws/src/turtlebot3_simulations_and_reality/turtlebot3_opentcs_reality/install/turtlebot3_simulations/share/turtlebot3_simulations/package.dsv'
[0.615s] INFO:colcon.colcon_core.shell:Creating package script '/home/hug/turtlebot3_ws/src/turtlebot3_simulations_and_reality/turtlebot3_opentcs_reality/install/turtlebot3_simulations/share/turtlebot3_simulations/package.sh'
[0.616s] INFO:colcon.colcon_core.shell:Creating package script '/home/hug/turtlebot3_ws/src/turtlebot3_simulations_and_reality/turtlebot3_opentcs_reality/install/turtlebot3_simulations/share/turtlebot3_simulations/package.bash'
[0.617s] INFO:colcon.colcon_core.shell:Creating package script '/home/hug/turtlebot3_ws/src/turtlebot3_simulations_and_reality/turtlebot3_opentcs_reality/install/turtlebot3_simulations/share/turtlebot3_simulations/package.zsh'
[0.617s] Level 1:colcon.colcon_core.environment:create_file_with_runtime_dependencies(/home/hug/turtlebot3_ws/src/turtlebot3_simulations_and_reality/turtlebot3_opentcs_reality/install/turtlebot3_simulations/share/colcon-core/packages/turtlebot3_simulations)
[0.628s] DEBUG:colcon.colcon_parallel_executor.executor.parallel:closing loop
[0.628s] DEBUG:colcon.colcon_parallel_executor.executor.parallel:loop closed
[0.628s] DEBUG:colcon.colcon_parallel_executor.executor.parallel:run_until_complete finished with '1'
[0.628s] DEBUG:colcon.colcon_core.event_reactor:joining thread
[0.637s] INFO:colcon.colcon_core.plugin_system:Skipping extension 'colcon_notification.desktop_notification.terminal_notifier': Not used on non-Darwin systems
[0.637s] INFO:colcon.colcon_core.plugin_system:Skipping extension 'colcon_notification.desktop_notification.win32': Not used on non-Windows systems
[0.637s] INFO:colcon.colcon_notification.desktop_notification:Sending desktop notification using 'notify2'
[0.654s] DEBUG:colcon.colcon_core.event_reactor:joined thread
[0.654s] INFO:colcon.colcon_core.shell:Creating prefix script '/home/hug/turtlebot3_ws/src/turtlebot3_simulations_and_reality/turtlebot3_opentcs_reality/install/local_setup.ps1'
[0.656s] INFO:colcon.colcon_core.shell:Creating prefix util module '/home/hug/turtlebot3_ws/src/turtlebot3_simulations_and_reality/turtlebot3_opentcs_reality/install/_local_setup_util_ps1.py'
[0.657s] INFO:colcon.colcon_core.shell:Creating prefix chain script '/home/hug/turtlebot3_ws/src/turtlebot3_simulations_and_reality/turtlebot3_opentcs_reality/install/setup.ps1'
[0.659s] INFO:colcon.colcon_core.shell:Creating prefix script '/home/hug/turtlebot3_ws/src/turtlebot3_simulations_and_reality/turtlebot3_opentcs_reality/install/local_setup.sh'
[0.660s] INFO:colcon.colcon_core.shell:Creating prefix util module '/home/hug/turtlebot3_ws/src/turtlebot3_simulations_and_reality/turtlebot3_opentcs_reality/install/_local_setup_util_sh.py'
[0.663s] INFO:colcon.colcon_core.shell:Creating prefix chain script '/home/hug/turtlebot3_ws/src/turtlebot3_simulations_and_reality/turtlebot3_opentcs_reality/install/setup.sh'
[0.664s] INFO:colcon.colcon_core.shell:Creating prefix script '/home/hug/turtlebot3_ws/src/turtlebot3_simulations_and_reality/turtlebot3_opentcs_reality/install/local_setup.bash'
[0.665s] INFO:colcon.colcon_core.shell:Creating prefix chain script '/home/hug/turtlebot3_ws/src/turtlebot3_simulations_and_reality/turtlebot3_opentcs_reality/install/setup.bash'
[0.666s] INFO:colcon.colcon_core.shell:Creating prefix script '/home/hug/turtlebot3_ws/src/turtlebot3_simulations_and_reality/turtlebot3_opentcs_reality/install/local_setup.zsh'
[0.667s] INFO:colcon.colcon_core.shell:Creating prefix chain script '/home/hug/turtlebot3_ws/src/turtlebot3_simulations_and_reality/turtlebot3_opentcs_reality/install/setup.zsh'
