[0.369s] Invoking command in '/home/hug/tb3_sim_ws/build/turtlebot3_drl_local_planner': PYTHONPATH=/home/hug/tb3_sim_ws/build/turtlebot3_drl_local_planner/prefix_override:/usr/lib/python3/dist-packages/colcon_core/task/python/colcon_distutils_commands:/home/hug/tb3_sim_ws/install/turtlebot3_drl_local_planner/lib/python3.10/site-packages:${PYTHONPATH} /usr/bin/python3 -W ignore:setup.py install is deprecated -W ignore:easy_install command is deprecated setup.py develop --editable --build-directory /home/hug/tb3_sim_ws/build/turtlebot3_drl_local_planner/build --no-deps symlink_data
[0.517s] running develop
[0.611s] running egg_info
[0.611s] writing turtlebot3_drl_local_planner.egg-info/PKG-INFO
[0.611s] writing dependency_links to turtlebot3_drl_local_planner.egg-info/dependency_links.txt
[0.611s] writing entry points to turtlebot3_drl_local_planner.egg-info/entry_points.txt
[0.611s] writing requirements to turtlebot3_drl_local_planner.egg-info/requires.txt
[0.611s] writing top-level names to turtlebot3_drl_local_planner.egg-info/top_level.txt
[0.612s] reading manifest file 'turtlebot3_drl_local_planner.egg-info/SOURCES.txt'
[0.613s] writing manifest file 'turtlebot3_drl_local_planner.egg-info/SOURCES.txt'
[0.614s] running build_ext
[0.614s] Creating /home/hug/tb3_sim_ws/install/turtlebot3_drl_local_planner/lib/python3.10/site-packages/turtlebot3-drl-local-planner.egg-link (link to .)
[0.614s] Installing drl_controller_node script to /home/hug/tb3_sim_ws/install/turtlebot3_drl_local_planner/lib/turtlebot3_drl_local_planner
[0.614s] Installing eval_policy script to /home/hug/tb3_sim_ws/install/turtlebot3_drl_local_planner/lib/turtlebot3_drl_local_planner
[0.614s] Installing export_policy script to /home/hug/tb3_sim_ws/install/turtlebot3_drl_local_planner/lib/turtlebot3_drl_local_planner
[0.614s] Installing train_gap_sac script to /home/hug/tb3_sim_ws/install/turtlebot3_drl_local_planner/lib/turtlebot3_drl_local_planner
[0.615s] 
[0.615s] Installed /home/hug/tb3_sim_ws/build/turtlebot3_drl_local_planner
[0.615s] running symlink_data
[0.630s] Invoked command in '/home/hug/tb3_sim_ws/build/turtlebot3_drl_local_planner' returned '0': PYTHONPATH=/home/hug/tb3_sim_ws/build/turtlebot3_drl_local_planner/prefix_override:/usr/lib/python3/dist-packages/colcon_core/task/python/colcon_distutils_commands:/home/hug/tb3_sim_ws/install/turtlebot3_drl_local_planner/lib/python3.10/site-packages:${PYTHONPATH} /usr/bin/python3 -W ignore:setup.py install is deprecated -W ignore:easy_install command is deprecated setup.py develop --editable --build-directory /home/hug/tb3_sim_ws/build/turtlebot3_drl_local_planner/build --no-deps symlink_data
