[0.079s] DEBUG:colcon:Command line arguments: ['/usr/bin/colcon', 'build', '--symlink-install', '--packages-select', 'turtlebot3_drl_nav2_controller', 'turtlebot3_drl_local_planner', 'turtlebot3_gazebo']
[0.079s] DEBUG:colcon:Parsed command line arguments: Namespace(log_base=None, log_level=None, verb_name='build', build_base='build', install_base='install', merge_install=False, symlink_install=True, test_result_base=None, continue_on_error=False, executor='parallel', parallel_workers=16, event_handlers=None, ignore_user_meta=False, metas=['./colcon.meta'], base_paths=['.'], packages_ignore=None, packages_ignore_regex=None, paths=None, packages_up_to=None, packages_up_to_regex=None, packages_above=None, packages_above_and_dependencies=None, packages_above_depth=None, packages_select_by_dep=None, packages_skip_by_dep=None, packages_skip_up_to=None, packages_select_build_failed=False, packages_skip_build_finished=False, packages_select_test_failures=False, packages_skip_test_passed=False, packages_select=['turtlebot3_drl_nav2_controller', 'turtlebot3_drl_local_planner', 'turtlebot3_gazebo'], packages_skip=None, packages_select_regex=None, packages_skip_regex=None, packages_start=None, packages_end=None, allow_overriding=[], cmake_args=None, cmake_target=None, cmake_target_skip_unavailable=False, cmake_clean_cache=False, cmake_clean_first=False, cmake_force_configure=False, ament_cmake_args=None, catkin_cmake_args=None, catkin_skip_building_tests=False, mixin_files=None, mixin=None, verb_parser=<colcon_mixin.mixin.mixin_argument.MixinArgumentDecorator object at 0x78ed16699660>, verb_extension=<colcon_core.verb.build.BuildVerb object at 0x78ed166b2680>, main=<bound method BuildVerb.main of <colcon_core.verb.build.BuildVerb object at 0x78ed166b2680>>, mixin_verb=('build',))
[0.180s] Level 1:colcon.colcon_core.package_discovery:discover_packages(colcon_meta) check parameters
[0.180s] Level 1:colcon.colcon_core.package_discovery:discover_packages(recursive) check parameters
[0.180s] Level 1:colcon.colcon_core.package_discovery:discover_packages(ignore) check parameters
[0.180s] Level 1:colcon.colcon_core.package_discovery:discover_packages(path) check parameters
[0.180s] Level 1:colcon.colcon_core.package_discovery:discover_packages(colcon_meta) discover
[0.180s] Level 1:colcon.colcon_core.package_discovery:discover_packages(recursive) discover
[0.180s] INFO:colcon.colcon_core.package_discovery:Crawling recursively for packages in '/home/hug/tb3_sim_ws'
[0.180s] Level 1:colcon.colcon_core.package_identification:_identify(.) by extensions ['ignore', 'ignore_ament_install']
[0.180s] Level 1:colcon.colcon_core.package_identification:_identify(.) by extension 'ignore'
[0.180s] Level 1:colcon.colcon_core.package_identification:_identify(.) by extension 'ignore_ament_install'
[0.180s] Level 1:colcon.colcon_core.package_identification:_identify(.) by extensions ['colcon_pkg']
[0.180s] Level 1:colcon.colcon_core.package_identification:_identify(.) by extension 'colcon_pkg'
[0.180s] Level 1:colcon.colcon_core.package_identification:_identify(.) by extensions ['colcon_meta']
[0.180s] Level 1:colcon.colcon_core.package_identification:_identify(.) by extension 'colcon_meta'
[0.180s] Level 1:colcon.colcon_core.package_identification:_identify(.) by extensions ['ros']
[0.180s] Level 1:colcon.colcon_core.package_identification:_identify(.) by extension 'ros'
[0.187s] Level 1:colcon.colcon_core.package_identification:_identify(.) by extensions ['cmake', 'python']
[0.187s] Level 1:colcon.colcon_core.package_identification:_identify(.) by extension 'cmake'
[0.187s] Level 1:colcon.colcon_core.package_identification:_identify(.) by extension 'python'
[0.187s] Level 1:colcon.colcon_core.package_identification:_identify(.) by extensions ['python_setup_py']
[0.187s] Level 1:colcon.colcon_core.package_identification:_identify(.) by extension 'python_setup_py'
[0.187s] Level 1:colcon.colcon_core.package_identification:_identify(build) by extensions ['ignore', 'ignore_ament_install']
[0.187s] Level 1:colcon.colcon_core.package_identification:_identify(build) by extension 'ignore'
[0.187s] Level 1:colcon.colcon_core.package_identification:_identify(build) ignored
[0.187s] Level 1:colcon.colcon_core.package_identification:_identify(install) by extensions ['ignore', 'ignore_ament_install']
[0.187s] Level 1:colcon.colcon_core.package_identification:_identify(install) by extension 'ignore'
[0.187s] Level 1:colcon.colcon_core.package_identification:_identify(install) ignored
[0.187s] Level 1:colcon.colcon_core.package_identification:_identify(log) by extensions ['ignore', 'ignore_ament_install']
[0.187s] Level 1:colcon.colcon_core.package_identification:_identify(log) by extension 'ignore'
[0.187s] Level 1:colcon.colcon_core.package_identification:_identify(log) ignored
[0.188s] Level 1:colcon.colcon_core.package_identification:_identify(runs) by extensions ['ignore', 'ignore_ament_install']
[0.188s] Level 1:colcon.colcon_core.package_identification:_identify(runs) by extension 'ignore'
[0.188s] Level 1:colcon.colcon_core.package_identification:_identify(runs) by extension 'ignore_ament_install'
[0.188s] Level 1:colcon.colcon_core.package_identification:_identify(runs) by extensions ['colcon_pkg']
[0.188s] Level 1:colcon.colcon_core.package_identification:_identify(runs) by extension 'colcon_pkg'
[0.188s] Level 1:colcon.colcon_core.package_identification:_identify(runs) by extensions ['colcon_meta']
[0.188s] Level 1:colcon.colcon_core.package_identification:_identify(runs) by extension 'colcon_meta'
[0.188s] Level 1:colcon.colcon_core.package_identification:_identify(runs) by extensions ['ros']
[0.188s] Level 1:colcon.colcon_core.package_identification:_identify(runs) by extension 'ros'
[0.188s] Level 1:colcon.colcon_core.package_identification:_identify(runs) by extensions ['cmake', 'python']
[0.188s] Level 1:colcon.colcon_core.package_identification:_identify(runs) by extension 'cmake'
[0.188s] Level 1:colcon.colcon_core.package_identification:_identify(runs) by extension 'python'
[0.188s] Level 1:colcon.colcon_core.package_identification:_identify(runs) by extensions ['python_setup_py']
[0.188s] Level 1:colcon.colcon_core.package_identification:_identify(runs) by extension 'python_setup_py'
[0.188s] Level 1:colcon.colcon_core.package_identification:_identify(runs/gap_sac_20260428_231530) by extensions ['ignore', 'ignore_ament_install']
[0.188s] Level 1:colcon.colcon_core.package_identification:_identify(runs/gap_sac_20260428_231530) by extension 'ignore'
[0.188s] Level 1:colcon.colcon_core.package_identification:_identify(runs/gap_sac_20260428_231530) by extension 'ignore_ament_install'
[0.188s] Level 1:colcon.colcon_core.package_identification:_identify(runs/gap_sac_20260428_231530) by extensions ['colcon_pkg']
[0.188s] Level 1:colcon.colcon_core.package_identification:_identify(runs/gap_sac_20260428_231530) by extension 'colcon_pkg'
[0.188s] Level 1:colcon.colcon_core.package_identification:_identify(runs/gap_sac_20260428_231530) by extensions ['colcon_meta']
[0.188s] Level 1:colcon.colcon_core.package_identification:_identify(runs/gap_sac_20260428_231530) by extension 'colcon_meta'
[0.188s] Level 1:colcon.colcon_core.package_identification:_identify(runs/gap_sac_20260428_231530) by extensions ['ros']
[0.188s] Level 1:colcon.colcon_core.package_identification:_identify(runs/gap_sac_20260428_231530) by extension 'ros'
[0.188s] Level 1:colcon.colcon_core.package_identification:_identify(runs/gap_sac_20260428_231530) by extensions ['cmake', 'python']
[0.188s] Level 1:colcon.colcon_core.package_identification:_identify(runs/gap_sac_20260428_231530) by extension 'cmake'
[0.188s] Level 1:colcon.colcon_core.package_identification:_identify(runs/gap_sac_20260428_231530) by extension 'python'
[0.188s] Level 1:colcon.colcon_core.package_identification:_identify(runs/gap_sac_20260428_231530) by extensions ['python_setup_py']
[0.188s] Level 1:colcon.colcon_core.package_identification:_identify(runs/gap_sac_20260428_231530) by extension 'python_setup_py'
[0.188s] Level 1:colcon.colcon_core.package_identification:_identify(runs/gap_sac_20260428_233155) by extensions ['ignore', 'ignore_ament_install']
[0.188s] Level 1:colcon.colcon_core.package_identification:_identify(runs/gap_sac_20260428_233155) by extension 'ignore'
[0.188s] Level 1:colcon.colcon_core.package_identification:_identify(runs/gap_sac_20260428_233155) by extension 'ignore_ament_install'
[0.188s] Level 1:colcon.colcon_core.package_identification:_identify(runs/gap_sac_20260428_233155) by extensions ['colcon_pkg']
[0.188s] Level 1:colcon.colcon_core.package_identification:_identify(runs/gap_sac_20260428_233155) by extension 'colcon_pkg'
[0.188s] Level 1:colcon.colcon_core.package_identification:_identify(runs/gap_sac_20260428_233155) by extensions ['colcon_meta']
[0.188s] Level 1:colcon.colcon_core.package_identification:_identify(runs/gap_sac_20260428_233155) by extension 'colcon_meta'
[0.188s] Level 1:colcon.colcon_core.package_identification:_identify(runs/gap_sac_20260428_233155) by extensions ['ros']
[0.188s] Level 1:colcon.colcon_core.package_identification:_identify(runs/gap_sac_20260428_233155) by extension 'ros'
[0.188s] Level 1:colcon.colcon_core.package_identification:_identify(runs/gap_sac_20260428_233155) by extensions ['cmake', 'python']
[0.188s] Level 1:colcon.colcon_core.package_identification:_identify(runs/gap_sac_20260428_233155) by extension 'cmake'
[0.188s] Level 1:colcon.colcon_core.package_identification:_identify(runs/gap_sac_20260428_233155) by extension 'python'
[0.188s] Level 1:colcon.colcon_core.package_identification:_identify(runs/gap_sac_20260428_233155) by extensions ['python_setup_py']
[0.188s] Level 1:colcon.colcon_core.package_identification:_identify(runs/gap_sac_20260428_233155) by extension 'python_setup_py'
[0.188s] Level 1:colcon.colcon_core.package_identification:_identify(runs/gap_sac_20260428_234305) by extensions ['ignore', 'ignore_ament_install']
[0.189s] Level 1:colcon.colcon_core.package_identification:_identify(runs/gap_sac_20260428_234305) by extension 'ignore'
[0.189s] Level 1:colcon.colcon_core.package_identification:_identify(runs/gap_sac_20260428_234305) by extension 'ignore_ament_install'
[0.189s] Level 1:colcon.colcon_core.package_identification:_identify(runs/gap_sac_20260428_234305) by extensions ['colcon_pkg']
[0.189s] Level 1:colcon.colcon_core.package_identification:_identify(runs/gap_sac_20260428_234305) by extension 'colcon_pkg'
[0.189s] Level 1:colcon.colcon_core.package_identification:_identify(runs/gap_sac_20260428_234305) by extensions ['colcon_meta']
[0.189s] Level 1:colcon.colcon_core.package_identification:_identify(runs/gap_sac_20260428_234305) by extension 'colcon_meta'
[0.189s] Level 1:colcon.colcon_core.package_identification:_identify(runs/gap_sac_20260428_234305) by extensions ['ros']
[0.189s] Level 1:colcon.colcon_core.package_identification:_identify(runs/gap_sac_20260428_234305) by extension 'ros'
[0.189s] Level 1:colcon.colcon_core.package_identification:_identify(runs/gap_sac_20260428_234305) by extensions ['cmake', 'python']
[0.189s] Level 1:colcon.colcon_core.package_identification:_identify(runs/gap_sac_20260428_234305) by extension 'cmake'
[0.189s] Level 1:colcon.colcon_core.package_identification:_identify(runs/gap_sac_20260428_234305) by extension 'python'
[0.189s] Level 1:colcon.colcon_core.package_identification:_identify(runs/gap_sac_20260428_234305) by extensions ['python_setup_py']
[0.189s] Level 1:colcon.colcon_core.package_identification:_identify(runs/gap_sac_20260428_234305) by extension 'python_setup_py'
[0.189s] Level 1:colcon.colcon_core.package_identification:_identify(runs/gap_sac_20260428_235424) by extensions ['ignore', 'ignore_ament_install']
[0.189s] Level 1:colcon.colcon_core.package_identification:_identify(runs/gap_sac_20260428_235424) by extension 'ignore'
[0.189s] Level 1:colcon.colcon_core.package_identification:_identify(runs/gap_sac_20260428_235424) by extension 'ignore_ament_install'
[0.189s] Level 1:colcon.colcon_core.package_identification:_identify(runs/gap_sac_20260428_235424) by extensions ['colcon_pkg']
[0.189s] Level 1:colcon.colcon_core.package_identification:_identify(runs/gap_sac_20260428_235424) by extension 'colcon_pkg'
[0.189s] Level 1:colcon.colcon_core.package_identification:_identify(runs/gap_sac_20260428_235424) by extensions ['colcon_meta']
[0.189s] Level 1:colcon.colcon_core.package_identification:_identify(runs/gap_sac_20260428_235424) by extension 'colcon_meta'
[0.189s] Level 1:colcon.colcon_core.package_identification:_identify(runs/gap_sac_20260428_235424) by extensions ['ros']
[0.189s] Level 1:colcon.colcon_core.package_identification:_identify(runs/gap_sac_20260428_235424) by extension 'ros'
[0.189s] Level 1:colcon.colcon_core.package_identification:_identify(runs/gap_sac_20260428_235424) by extensions ['cmake', 'python']
[0.189s] Level 1:colcon.colcon_core.package_identification:_identify(runs/gap_sac_20260428_235424) by extension 'cmake'
[0.189s] Level 1:colcon.colcon_core.package_identification:_identify(runs/gap_sac_20260428_235424) by extension 'python'
[0.189s] Level 1:colcon.colcon_core.package_identification:_identify(runs/gap_sac_20260428_235424) by extensions ['python_setup_py']
[0.189s] Level 1:colcon.colcon_core.package_identification:_identify(runs/gap_sac_20260428_235424) by extension 'python_setup_py'
[0.189s] Level 1:colcon.colcon_core.package_identification:_identify(runs/gap_sac_20260429_002929) by extensions ['ignore', 'ignore_ament_install']
[0.189s] Level 1:colcon.colcon_core.package_identification:_identify(runs/gap_sac_20260429_002929) by extension 'ignore'
[0.189s] Level 1:colcon.colcon_core.package_identification:_identify(runs/gap_sac_20260429_002929) by extension 'ignore_ament_install'
[0.189s] Level 1:colcon.colcon_core.package_identification:_identify(runs/gap_sac_20260429_002929) by extensions ['colcon_pkg']
[0.189s] Level 1:colcon.colcon_core.package_identification:_identify(runs/gap_sac_20260429_002929) by extension 'colcon_pkg'
[0.189s] Level 1:colcon.colcon_core.package_identification:_identify(runs/gap_sac_20260429_002929) by extensions ['colcon_meta']
[0.189s] Level 1:colcon.colcon_core.package_identification:_identify(runs/gap_sac_20260429_002929) by extension 'colcon_meta'
[0.189s] Level 1:colcon.colcon_core.package_identification:_identify(runs/gap_sac_20260429_002929) by extensions ['ros']
[0.189s] Level 1:colcon.colcon_core.package_identification:_identify(runs/gap_sac_20260429_002929) by extension 'ros'
[0.189s] Level 1:colcon.colcon_core.package_identification:_identify(runs/gap_sac_20260429_002929) by extensions ['cmake', 'python']
[0.189s] Level 1:colcon.colcon_core.package_identification:_identify(runs/gap_sac_20260429_002929) by extension 'cmake'
[0.189s] Level 1:colcon.colcon_core.package_identification:_identify(runs/gap_sac_20260429_002929) by extension 'python'
[0.189s] Level 1:colcon.colcon_core.package_identification:_identify(runs/gap_sac_20260429_002929) by extensions ['python_setup_py']
[0.189s] Level 1:colcon.colcon_core.package_identification:_identify(runs/gap_sac_20260429_002929) by extension 'python_setup_py'
[0.189s] Level 1:colcon.colcon_core.package_identification:_identify(runs/gap_sac_20260429_004859) by extensions ['ignore', 'ignore_ament_install']
[0.189s] Level 1:colcon.colcon_core.package_identification:_identify(runs/gap_sac_20260429_004859) by extension 'ignore'
[0.189s] Level 1:colcon.colcon_core.package_identification:_identify(runs/gap_sac_20260429_004859) by extension 'ignore_ament_install'
[0.189s] Level 1:colcon.colcon_core.package_identification:_identify(runs/gap_sac_20260429_004859) by extensions ['colcon_pkg']
[0.189s] Level 1:colcon.colcon_core.package_identification:_identify(runs/gap_sac_20260429_004859) by extension 'colcon_pkg'
[0.190s] Level 1:colcon.colcon_core.package_identification:_identify(runs/gap_sac_20260429_004859) by extensions ['colcon_meta']
[0.190s] Level 1:colcon.colcon_core.package_identification:_identify(runs/gap_sac_20260429_004859) by extension 'colcon_meta'
[0.190s] Level 1:colcon.colcon_core.package_identification:_identify(runs/gap_sac_20260429_004859) by extensions ['ros']
[0.190s] Level 1:colcon.colcon_core.package_identification:_identify(runs/gap_sac_20260429_004859) by extension 'ros'
[0.190s] Level 1:colcon.colcon_core.package_identification:_identify(runs/gap_sac_20260429_004859) by extensions ['cmake', 'python']
[0.190s] Level 1:colcon.colcon_core.package_identification:_identify(runs/gap_sac_20260429_004859) by extension 'cmake'
[0.190s] Level 1:colcon.colcon_core.package_identification:_identify(runs/gap_sac_20260429_004859) by extension 'python'
[0.190s] Level 1:colcon.colcon_core.package_identification:_identify(runs/gap_sac_20260429_004859) by extensions ['python_setup_py']
[0.190s] Level 1:colcon.colcon_core.package_identification:_identify(runs/gap_sac_20260429_004859) by extension 'python_setup_py'
[0.190s] Level 1:colcon.colcon_core.package_identification:_identify(runs/gap_sac_20260429_075529) by extensions ['ignore', 'ignore_ament_install']
[0.190s] Level 1:colcon.colcon_core.package_identification:_identify(runs/gap_sac_20260429_075529) by extension 'ignore'
[0.190s] Level 1:colcon.colcon_core.package_identification:_identify(runs/gap_sac_20260429_075529) by extension 'ignore_ament_install'
[0.190s] Level 1:colcon.colcon_core.package_identification:_identify(runs/gap_sac_20260429_075529) by extensions ['colcon_pkg']
[0.190s] Level 1:colcon.colcon_core.package_identification:_identify(runs/gap_sac_20260429_075529) by extension 'colcon_pkg'
[0.190s] Level 1:colcon.colcon_core.package_identification:_identify(runs/gap_sac_20260429_075529) by extensions ['colcon_meta']
[0.190s] Level 1:colcon.colcon_core.package_identification:_identify(runs/gap_sac_20260429_075529) by extension 'colcon_meta'
[0.190s] Level 1:colcon.colcon_core.package_identification:_identify(runs/gap_sac_20260429_075529) by extensions ['ros']
[0.190s] Level 1:colcon.colcon_core.package_identification:_identify(runs/gap_sac_20260429_075529) by extension 'ros'
[0.190s] Level 1:colcon.colcon_core.package_identification:_identify(runs/gap_sac_20260429_075529) by extensions ['cmake', 'python']
[0.190s] Level 1:colcon.colcon_core.package_identification:_identify(runs/gap_sac_20260429_075529) by extension 'cmake'
[0.190s] Level 1:colcon.colcon_core.package_identification:_identify(runs/gap_sac_20260429_075529) by extension 'python'
[0.190s] Level 1:colcon.colcon_core.package_identification:_identify(runs/gap_sac_20260429_075529) by extensions ['python_setup_py']
[0.190s] Level 1:colcon.colcon_core.package_identification:_identify(runs/gap_sac_20260429_075529) by extension 'python_setup_py'
[0.190s] Level 1:colcon.colcon_core.package_identification:_identify(runs/gap_sac_20260429_093042) by extensions ['ignore', 'ignore_ament_install']
[0.190s] Level 1:colcon.colcon_core.package_identification:_identify(runs/gap_sac_20260429_093042) by extension 'ignore'
[0.190s] Level 1:colcon.colcon_core.package_identification:_identify(runs/gap_sac_20260429_093042) by extension 'ignore_ament_install'
[0.190s] Level 1:colcon.colcon_core.package_identification:_identify(runs/gap_sac_20260429_093042) by extensions ['colcon_pkg']
[0.190s] Level 1:colcon.colcon_core.package_identification:_identify(runs/gap_sac_20260429_093042) by extension 'colcon_pkg'
[0.190s] Level 1:colcon.colcon_core.package_identification:_identify(runs/gap_sac_20260429_093042) by extensions ['colcon_meta']
[0.190s] Level 1:colcon.colcon_core.package_identification:_identify(runs/gap_sac_20260429_093042) by extension 'colcon_meta'
[0.190s] Level 1:colcon.colcon_core.package_identification:_identify(runs/gap_sac_20260429_093042) by extensions ['ros']
[0.190s] Level 1:colcon.colcon_core.package_identification:_identify(runs/gap_sac_20260429_093042) by extension 'ros'
[0.190s] Level 1:colcon.colcon_core.package_identification:_identify(runs/gap_sac_20260429_093042) by extensions ['cmake', 'python']
[0.190s] Level 1:colcon.colcon_core.package_identification:_identify(runs/gap_sac_20260429_093042) by extension 'cmake'
[0.190s] Level 1:colcon.colcon_core.package_identification:_identify(runs/gap_sac_20260429_093042) by extension 'python'
[0.190s] Level 1:colcon.colcon_core.package_identification:_identify(runs/gap_sac_20260429_093042) by extensions ['python_setup_py']
[0.190s] Level 1:colcon.colcon_core.package_identification:_identify(runs/gap_sac_20260429_093042) by extension 'python_setup_py'
[0.190s] Level 1:colcon.colcon_core.package_identification:_identify(runs/gap_sac_20260429_102608) by extensions ['ignore', 'ignore_ament_install']
[0.190s] Level 1:colcon.colcon_core.package_identification:_identify(runs/gap_sac_20260429_102608) by extension 'ignore'
[0.190s] Level 1:colcon.colcon_core.package_identification:_identify(runs/gap_sac_20260429_102608) by extension 'ignore_ament_install'
[0.190s] Level 1:colcon.colcon_core.package_identification:_identify(runs/gap_sac_20260429_102608) by extensions ['colcon_pkg']
[0.190s] Level 1:colcon.colcon_core.package_identification:_identify(runs/gap_sac_20260429_102608) by extension 'colcon_pkg'
[0.190s] Level 1:colcon.colcon_core.package_identification:_identify(runs/gap_sac_20260429_102608) by extensions ['colcon_meta']
[0.190s] Level 1:colcon.colcon_core.package_identification:_identify(runs/gap_sac_20260429_102608) by extension 'colcon_meta'
[0.190s] Level 1:colcon.colcon_core.package_identification:_identify(runs/gap_sac_20260429_102608) by extensions ['ros']
[0.190s] Level 1:colcon.colcon_core.package_identification:_identify(runs/gap_sac_20260429_102608) by extension 'ros'
[0.191s] Level 1:colcon.colcon_core.package_identification:_identify(runs/gap_sac_20260429_102608) by extensions ['cmake', 'python']
[0.191s] Level 1:colcon.colcon_core.package_identification:_identify(runs/gap_sac_20260429_102608) by extension 'cmake'
[0.191s] Level 1:colcon.colcon_core.package_identification:_identify(runs/gap_sac_20260429_102608) by extension 'python'
[0.191s] Level 1:colcon.colcon_core.package_identification:_identify(runs/gap_sac_20260429_102608) by extensions ['python_setup_py']
[0.191s] Level 1:colcon.colcon_core.package_identification:_identify(runs/gap_sac_20260429_102608) by extension 'python_setup_py'
[0.191s] Level 1:colcon.colcon_core.package_identification:_identify(runs/gap_sac_20260430_103009) by extensions ['ignore', 'ignore_ament_install']
[0.191s] Level 1:colcon.colcon_core.package_identification:_identify(runs/gap_sac_20260430_103009) by extension 'ignore'
[0.191s] Level 1:colcon.colcon_core.package_identification:_identify(runs/gap_sac_20260430_103009) by extension 'ignore_ament_install'
[0.191s] Level 1:colcon.colcon_core.package_identification:_identify(runs/gap_sac_20260430_103009) by extensions ['colcon_pkg']
[0.191s] Level 1:colcon.colcon_core.package_identification:_identify(runs/gap_sac_20260430_103009) by extension 'colcon_pkg'
[0.191s] Level 1:colcon.colcon_core.package_identification:_identify(runs/gap_sac_20260430_103009) by extensions ['colcon_meta']
[0.191s] Level 1:colcon.colcon_core.package_identification:_identify(runs/gap_sac_20260430_103009) by extension 'colcon_meta'
[0.191s] Level 1:colcon.colcon_core.package_identification:_identify(runs/gap_sac_20260430_103009) by extensions ['ros']
[0.191s] Level 1:colcon.colcon_core.package_identification:_identify(runs/gap_sac_20260430_103009) by extension 'ros'
[0.191s] Level 1:colcon.colcon_core.package_identification:_identify(runs/gap_sac_20260430_103009) by extensions ['cmake', 'python']
[0.191s] Level 1:colcon.colcon_core.package_identification:_identify(runs/gap_sac_20260430_103009) by extension 'cmake'
[0.191s] Level 1:colcon.colcon_core.package_identification:_identify(runs/gap_sac_20260430_103009) by extension 'python'
[0.191s] Level 1:colcon.colcon_core.package_identification:_identify(runs/gap_sac_20260430_103009) by extensions ['python_setup_py']
[0.191s] Level 1:colcon.colcon_core.package_identification:_identify(runs/gap_sac_20260430_103009) by extension 'python_setup_py'
[0.191s] Level 1:colcon.colcon_core.package_identification:_identify(runs/gap_sac_20260430_234251) by extensions ['ignore', 'ignore_ament_install']
[0.191s] Level 1:colcon.colcon_core.package_identification:_identify(runs/gap_sac_20260430_234251) by extension 'ignore'
[0.191s] Level 1:colcon.colcon_core.package_identification:_identify(runs/gap_sac_20260430_234251) by extension 'ignore_ament_install'
[0.191s] Level 1:colcon.colcon_core.package_identification:_identify(runs/gap_sac_20260430_234251) by extensions ['colcon_pkg']
[0.191s] Level 1:colcon.colcon_core.package_identification:_identify(runs/gap_sac_20260430_234251) by extension 'colcon_pkg'
[0.191s] Level 1:colcon.colcon_core.package_identification:_identify(runs/gap_sac_20260430_234251) by extensions ['colcon_meta']
[0.191s] Level 1:colcon.colcon_core.package_identification:_identify(runs/gap_sac_20260430_234251) by extension 'colcon_meta'
[0.191s] Level 1:colcon.colcon_core.package_identification:_identify(runs/gap_sac_20260430_234251) by extensions ['ros']
[0.191s] Level 1:colcon.colcon_core.package_identification:_identify(runs/gap_sac_20260430_234251) by extension 'ros'
[0.191s] Level 1:colcon.colcon_core.package_identification:_identify(runs/gap_sac_20260430_234251) by extensions ['cmake', 'python']
[0.191s] Level 1:colcon.colcon_core.package_identification:_identify(runs/gap_sac_20260430_234251) by extension 'cmake'
[0.191s] Level 1:colcon.colcon_core.package_identification:_identify(runs/gap_sac_20260430_234251) by extension 'python'
[0.191s] Level 1:colcon.colcon_core.package_identification:_identify(runs/gap_sac_20260430_234251) by extensions ['python_setup_py']
[0.191s] Level 1:colcon.colcon_core.package_identification:_identify(runs/gap_sac_20260430_234251) by extension 'python_setup_py'
[0.191s] Level 1:colcon.colcon_core.package_identification:_identify(runs/gap_sac_20260502_145623) by extensions ['ignore', 'ignore_ament_install']
[0.191s] Level 1:colcon.colcon_core.package_identification:_identify(runs/gap_sac_20260502_145623) by extension 'ignore'
[0.191s] Level 1:colcon.colcon_core.package_identification:_identify(runs/gap_sac_20260502_145623) by extension 'ignore_ament_install'
[0.191s] Level 1:colcon.colcon_core.package_identification:_identify(runs/gap_sac_20260502_145623) by extensions ['colcon_pkg']
[0.191s] Level 1:colcon.colcon_core.package_identification:_identify(runs/gap_sac_20260502_145623) by extension 'colcon_pkg'
[0.191s] Level 1:colcon.colcon_core.package_identification:_identify(runs/gap_sac_20260502_145623) by extensions ['colcon_meta']
[0.191s] Level 1:colcon.colcon_core.package_identification:_identify(runs/gap_sac_20260502_145623) by extension 'colcon_meta'
[0.191s] Level 1:colcon.colcon_core.package_identification:_identify(runs/gap_sac_20260502_145623) by extensions ['ros']
[0.191s] Level 1:colcon.colcon_core.package_identification:_identify(runs/gap_sac_20260502_145623) by extension 'ros'
[0.191s] Level 1:colcon.colcon_core.package_identification:_identify(runs/gap_sac_20260502_145623) by extensions ['cmake', 'python']
[0.191s] Level 1:colcon.colcon_core.package_identification:_identify(runs/gap_sac_20260502_145623) by extension 'cmake'
[0.191s] Level 1:colcon.colcon_core.package_identification:_identify(runs/gap_sac_20260502_145623) by extension 'python'
[0.192s] Level 1:colcon.colcon_core.package_identification:_identify(runs/gap_sac_20260502_145623) by extensions ['python_setup_py']
[0.192s] Level 1:colcon.colcon_core.package_identification:_identify(runs/gap_sac_20260502_145623) by extension 'python_setup_py'
[0.192s] Level 1:colcon.colcon_core.package_identification:_identify(src) by extensions ['ignore', 'ignore_ament_install']
[0.192s] Level 1:colcon.colcon_core.package_identification:_identify(src) by extension 'ignore'
[0.192s] Level 1:colcon.colcon_core.package_identification:_identify(src) by extension 'ignore_ament_install'
[0.192s] Level 1:colcon.colcon_core.package_identification:_identify(src) by extensions ['colcon_pkg']
[0.192s] Level 1:colcon.colcon_core.package_identification:_identify(src) by extension 'colcon_pkg'
[0.192s] Level 1:colcon.colcon_core.package_identification:_identify(src) by extensions ['colcon_meta']
[0.192s] Level 1:colcon.colcon_core.package_identification:_identify(src) by extension 'colcon_meta'
[0.192s] Level 1:colcon.colcon_core.package_identification:_identify(src) by extensions ['ros']
[0.192s] Level 1:colcon.colcon_core.package_identification:_identify(src) by extension 'ros'
[0.192s] Level 1:colcon.colcon_core.package_identification:_identify(src) by extensions ['cmake', 'python']
[0.192s] Level 1:colcon.colcon_core.package_identification:_identify(src) by extension 'cmake'
[0.192s] Level 1:colcon.colcon_core.package_identification:_identify(src) by extension 'python'
[0.192s] Level 1:colcon.colcon_core.package_identification:_identify(src) by extensions ['python_setup_py']
[0.192s] Level 1:colcon.colcon_core.package_identification:_identify(src) by extension 'python_setup_py'
[0.192s] Level 1:colcon.colcon_core.package_identification:_identify(src/turtlebot3_drl_local_planner) by extensions ['ignore', 'ignore_ament_install']
[0.198s] Level 1:colcon.colcon_core.package_identification:_identify(src/turtlebot3_drl_local_planner) by extension 'ignore'
[0.198s] Level 1:colcon.colcon_core.package_identification:_identify(src/turtlebot3_drl_local_planner) by extension 'ignore_ament_install'
[0.198s] Level 1:colcon.colcon_core.package_identification:_identify(src/turtlebot3_drl_local_planner) by extensions ['colcon_pkg']
[0.198s] Level 1:colcon.colcon_core.package_identification:_identify(src/turtlebot3_drl_local_planner) by extension 'colcon_pkg'
[0.198s] Level 1:colcon.colcon_core.package_identification:_identify(src/turtlebot3_drl_local_planner) by extensions ['colcon_meta']
[0.198s] Level 1:colcon.colcon_core.package_identification:_identify(src/turtlebot3_drl_local_planner) by extension 'colcon_meta'
[0.198s] Level 1:colcon.colcon_core.package_identification:_identify(src/turtlebot3_drl_local_planner) by extensions ['ros']
[0.198s] Level 1:colcon.colcon_core.package_identification:_identify(src/turtlebot3_drl_local_planner) by extension 'ros'
[0.200s] DEBUG:colcon.colcon_core.package_identification:Package 'src/turtlebot3_drl_local_planner' with type 'ros.ament_python' and name 'turtlebot3_drl_local_planner'
[0.200s] Level 1:colcon.colcon_core.package_identification:_identify(src/turtlebot3_drl_nav2_controller) by extensions ['ignore', 'ignore_ament_install']
[0.200s] Level 1:colcon.colcon_core.package_identification:_identify(src/turtlebot3_drl_nav2_controller) by extension 'ignore'
[0.200s] Level 1:colcon.colcon_core.package_identification:_identify(src/turtlebot3_drl_nav2_controller) by extension 'ignore_ament_install'
[0.201s] Level 1:colcon.colcon_core.package_identification:_identify(src/turtlebot3_drl_nav2_controller) by extensions ['colcon_pkg']
[0.201s] Level 1:colcon.colcon_core.package_identification:_identify(src/turtlebot3_drl_nav2_controller) by extension 'colcon_pkg'
[0.201s] Level 1:colcon.colcon_core.package_identification:_identify(src/turtlebot3_drl_nav2_controller) by extensions ['colcon_meta']
[0.201s] Level 1:colcon.colcon_core.package_identification:_identify(src/turtlebot3_drl_nav2_controller) by extension 'colcon_meta'
[0.201s] Level 1:colcon.colcon_core.package_identification:_identify(src/turtlebot3_drl_nav2_controller) by extensions ['ros']
[0.201s] Level 1:colcon.colcon_core.package_identification:_identify(src/turtlebot3_drl_nav2_controller) by extension 'ros'
[0.201s] DEBUG:colcon.colcon_core.package_identification:Package 'src/turtlebot3_drl_nav2_controller' with type 'ros.ament_cmake' and name 'turtlebot3_drl_nav2_controller'
[0.202s] Level 1:colcon.colcon_core.package_identification:_identify(src/turtlebot3_gazebo) by extensions ['ignore', 'ignore_ament_install']
[0.202s] Level 1:colcon.colcon_core.package_identification:_identify(src/turtlebot3_gazebo) by extension 'ignore'
[0.202s] Level 1:colcon.colcon_core.package_identification:_identify(src/turtlebot3_gazebo) by extension 'ignore_ament_install'
[0.202s] Level 1:colcon.colcon_core.package_identification:_identify(src/turtlebot3_gazebo) by extensions ['colcon_pkg']
[0.202s] Level 1:colcon.colcon_core.package_identification:_identify(src/turtlebot3_gazebo) by extension 'colcon_pkg'
[0.202s] Level 1:colcon.colcon_core.package_identification:_identify(src/turtlebot3_gazebo) by extensions ['colcon_meta']
[0.202s] Level 1:colcon.colcon_core.package_identification:_identify(src/turtlebot3_gazebo) by extension 'colcon_meta'
[0.202s] Level 1:colcon.colcon_core.package_identification:_identify(src/turtlebot3_gazebo) by extensions ['ros']
[0.202s] Level 1:colcon.colcon_core.package_identification:_identify(src/turtlebot3_gazebo) by extension 'ros'
[0.202s] DEBUG:colcon.colcon_core.package_identification:Package 'src/turtlebot3_gazebo' with type 'ros.ament_cmake' and name 'turtlebot3_gazebo'
[0.202s] Level 1:colcon.colcon_core.package_discovery:discover_packages(recursive) using defaults
[0.202s] Level 1:colcon.colcon_core.package_discovery:discover_packages(ignore) discover
[0.202s] Level 1:colcon.colcon_core.package_discovery:discover_packages(ignore) using defaults
[0.202s] Level 1:colcon.colcon_core.package_discovery:discover_packages(path) discover
[0.202s] Level 1:colcon.colcon_core.package_discovery:discover_packages(path) using defaults
[0.216s] Level 1:colcon.colcon_core.package_discovery:discover_packages(prefix_path) check parameters
[0.216s] Level 1:colcon.colcon_core.package_discovery:discover_packages(prefix_path) discover
[0.218s] DEBUG:colcon.colcon_installed_package_information.package_discovery:Found 448 installed packages in /opt/ros/humble
[0.219s] Level 1:colcon.colcon_core.package_discovery:discover_packages(prefix_path) using defaults
[0.247s] WARNING:colcon.colcon_core.package_selection:Some selected packages are already built in one or more underlay workspaces:
	'turtlebot3_gazebo' is in: /opt/ros/humble
If a package in a merged underlay workspace is overridden and it installs headers, then all packages in the overlay must sort their include directories by workspace order. Failure to do so may result in build failures or undefined behavior at run time.
If the overridden package is used by another package in any underlay, then the overriding package in the overlay must be API and ABI compatible or undefined behavior at run time may occur.

If you understand the risks and want to override a package anyways, add the following to the command line:
	--allow-overriding turtlebot3_gazebo

This may be promoted to an error in a future release of colcon-override-check.
[0.247s] Level 5:colcon.colcon_core.verb:set package 'turtlebot3_drl_local_planner' build argument 'cmake_args' from command line to 'None'
[0.247s] Level 5:colcon.colcon_core.verb:set package 'turtlebot3_drl_local_planner' build argument 'cmake_target' from command line to 'None'
[0.247s] Level 5:colcon.colcon_core.verb:set package 'turtlebot3_drl_local_planner' build argument 'cmake_target_skip_unavailable' from command line to 'False'
[0.247s] Level 5:colcon.colcon_core.verb:set package 'turtlebot3_drl_local_planner' build argument 'cmake_clean_cache' from command line to 'False'
[0.247s] Level 5:colcon.colcon_core.verb:set package 'turtlebot3_drl_local_planner' build argument 'cmake_clean_first' from command line to 'False'
[0.247s] Level 5:colcon.colcon_core.verb:set package 'turtlebot3_drl_local_planner' build argument 'cmake_force_configure' from command line to 'False'
[0.247s] Level 5:colcon.colcon_core.verb:set package 'turtlebot3_drl_local_planner' build argument 'ament_cmake_args' from command line to 'None'
[0.247s] Level 5:colcon.colcon_core.verb:set package 'turtlebot3_drl_local_planner' build argument 'catkin_cmake_args' from command line to 'None'
[0.247s] Level 5:colcon.colcon_core.verb:set package 'turtlebot3_drl_local_planner' build argument 'catkin_skip_building_tests' from command line to 'False'
[0.247s] DEBUG:colcon.colcon_core.verb:Building package 'turtlebot3_drl_local_planner' with the following arguments: {'ament_cmake_args': None, 'build_base': '/home/hug/tb3_sim_ws/build/turtlebot3_drl_local_planner', 'catkin_cmake_args': None, 'catkin_skip_building_tests': False, 'cmake_args': None, 'cmake_clean_cache': False, 'cmake_clean_first': False, 'cmake_force_configure': False, 'cmake_target': None, 'cmake_target_skip_unavailable': False, 'install_base': '/home/hug/tb3_sim_ws/install/turtlebot3_drl_local_planner', 'merge_install': False, 'path': '/home/hug/tb3_sim_ws/src/turtlebot3_drl_local_planner', 'symlink_install': True, 'test_result_base': None}
[0.248s] Level 5:colcon.colcon_core.verb:set package 'turtlebot3_gazebo' build argument 'cmake_args' from command line to 'None'
[0.248s] Level 5:colcon.colcon_core.verb:set package 'turtlebot3_gazebo' build argument 'cmake_target' from command line to 'None'
[0.248s] Level 5:colcon.colcon_core.verb:set package 'turtlebot3_gazebo' build argument 'cmake_target_skip_unavailable' from command line to 'False'
[0.248s] Level 5:colcon.colcon_core.verb:set package 'turtlebot3_gazebo' build argument 'cmake_clean_cache' from command line to 'False'
[0.248s] Level 5:colcon.colcon_core.verb:set package 'turtlebot3_gazebo' build argument 'cmake_clean_first' from command line to 'False'
[0.248s] Level 5:colcon.colcon_core.verb:set package 'turtlebot3_gazebo' build argument 'cmake_force_configure' from command line to 'False'
[0.248s] Level 5:colcon.colcon_core.verb:set package 'turtlebot3_gazebo' build argument 'ament_cmake_args' from command line to 'None'
[0.248s] Level 5:colcon.colcon_core.verb:set package 'turtlebot3_gazebo' build argument 'catkin_cmake_args' from command line to 'None'
[0.248s] Level 5:colcon.colcon_core.verb:set package 'turtlebot3_gazebo' build argument 'catkin_skip_building_tests' from command line to 'False'
[0.248s] DEBUG:colcon.colcon_core.verb:Building package 'turtlebot3_gazebo' with the following arguments: {'ament_cmake_args': None, 'build_base': '/home/hug/tb3_sim_ws/build/turtlebot3_gazebo', 'catkin_cmake_args': None, 'catkin_skip_building_tests': False, 'cmake_args': None, 'cmake_clean_cache': False, 'cmake_clean_first': False, 'cmake_force_configure': False, 'cmake_target': None, 'cmake_target_skip_unavailable': False, 'install_base': '/home/hug/tb3_sim_ws/install/turtlebot3_gazebo', 'merge_install': False, 'path': '/home/hug/tb3_sim_ws/src/turtlebot3_gazebo', 'symlink_install': True, 'test_result_base': None}
[0.248s] Level 5:colcon.colcon_core.verb:set package 'turtlebot3_drl_nav2_controller' build argument 'cmake_args' from command line to 'None'
[0.248s] Level 5:colcon.colcon_core.verb:set package 'turtlebot3_drl_nav2_controller' build argument 'cmake_target' from command line to 'None'
[0.248s] Level 5:colcon.colcon_core.verb:set package 'turtlebot3_drl_nav2_controller' build argument 'cmake_target_skip_unavailable' from command line to 'False'
[0.248s] Level 5:colcon.colcon_core.verb:set package 'turtlebot3_drl_nav2_controller' build argument 'cmake_clean_cache' from command line to 'False'
[0.248s] Level 5:colcon.colcon_core.verb:set package 'turtlebot3_drl_nav2_controller' build argument 'cmake_clean_first' from command line to 'False'
[0.248s] Level 5:colcon.colcon_core.verb:set package 'turtlebot3_drl_nav2_controller' build argument 'cmake_force_configure' from command line to 'False'
[0.248s] Level 5:colcon.colcon_core.verb:set package 'turtlebot3_drl_nav2_controller' build argument 'ament_cmake_args' from command line to 'None'
[0.248s] Level 5:colcon.colcon_core.verb:set package 'turtlebot3_drl_nav2_controller' build argument 'catkin_cmake_args' from command line to 'None'
[0.248s] Level 5:colcon.colcon_core.verb:set package 'turtlebot3_drl_nav2_controller' build argument 'catkin_skip_building_tests' from command line to 'False'
[0.248s] DEBUG:colcon.colcon_core.verb:Building package 'turtlebot3_drl_nav2_controller' with the following arguments: {'ament_cmake_args': None, 'build_base': '/home/hug/tb3_sim_ws/build/turtlebot3_drl_nav2_controller', 'catkin_cmake_args': None, 'catkin_skip_building_tests': False, 'cmake_args': None, 'cmake_clean_cache': False, 'cmake_clean_first': False, 'cmake_force_configure': False, 'cmake_target': None, 'cmake_target_skip_unavailable': False, 'install_base': '/home/hug/tb3_sim_ws/install/turtlebot3_drl_nav2_controller', 'merge_install': False, 'path': '/home/hug/tb3_sim_ws/src/turtlebot3_drl_nav2_controller', 'symlink_install': True, 'test_result_base': None}
[0.248s] INFO:colcon.colcon_core.executor:Executing jobs using 'parallel' executor
[0.249s] DEBUG:colcon.colcon_parallel_executor.executor.parallel:run_until_complete
[0.249s] INFO:colcon.colcon_ros.task.ament_python.build:Building ROS package in '/home/hug/tb3_sim_ws/src/turtlebot3_drl_local_planner' with build type 'ament_python'
[0.249s] Level 1:colcon.colcon_core.shell:create_environment_hook('turtlebot3_drl_local_planner', 'ament_prefix_path')
[0.251s] INFO:colcon.colcon_core.plugin_system:Skipping extension 'colcon_core.shell.bat': Not used on non-Windows systems
[0.251s] INFO:colcon.colcon_core.shell:Creating environment hook '/home/hug/tb3_sim_ws/install/turtlebot3_drl_local_planner/share/turtlebot3_drl_local_planner/hook/ament_prefix_path.ps1'
[0.251s] INFO:colcon.colcon_core.shell:Creating environment descriptor '/home/hug/tb3_sim_ws/install/turtlebot3_drl_local_planner/share/turtlebot3_drl_local_planner/hook/ament_prefix_path.dsv'
[0.251s] INFO:colcon.colcon_core.shell:Creating environment hook '/home/hug/tb3_sim_ws/install/turtlebot3_drl_local_planner/share/turtlebot3_drl_local_planner/hook/ament_prefix_path.sh'
[0.252s] INFO:colcon.colcon_core.shell:Skip shell extension 'powershell' for command environment: Not usable outside of PowerShell
[0.252s] DEBUG:colcon.colcon_core.shell:Skip shell extension 'dsv' for command environment
[0.254s] INFO:colcon.colcon_ros.task.ament_cmake.build:Building ROS package in '/home/hug/tb3_sim_ws/src/turtlebot3_gazebo' with build type 'ament_cmake'
[0.254s] INFO:colcon.colcon_cmake.task.cmake.build:Building CMake package in '/home/hug/tb3_sim_ws/src/turtlebot3_gazebo'
[0.254s] INFO:colcon.colcon_core.shell:Skip shell extension 'powershell' for command environment: Not usable outside of PowerShell
[0.254s] DEBUG:colcon.colcon_core.shell:Skip shell extension 'dsv' for command environment
[0.414s] INFO:colcon.colcon_core.task.python.build:Building Python package in '/home/hug/tb3_sim_ws/src/turtlebot3_drl_local_planner'
[0.415s] INFO:colcon.colcon_core.shell:Skip shell extension 'powershell' for command environment: Not usable outside of PowerShell
[0.415s] DEBUG:colcon.colcon_core.shell:Skip shell extension 'dsv' for command environment
[0.420s] DEBUG:colcon.colcon_core.event_handler.log_command:Invoking command in '/home/hug/tb3_sim_ws/build/turtlebot3_gazebo': CMAKE_PREFIX_PATH=/opt/ros/humble /usr/bin/cmake --build /home/hug/tb3_sim_ws/build/turtlebot3_gazebo -- -j16 -l16
[0.488s] DEBUG:colcon.colcon_core.event_handler.log_command:Invoked command in '/home/hug/tb3_sim_ws/build/turtlebot3_gazebo' returned '0': CMAKE_PREFIX_PATH=/opt/ros/humble /usr/bin/cmake --build /home/hug/tb3_sim_ws/build/turtlebot3_gazebo -- -j16 -l16
[0.494s] DEBUG:colcon.colcon_core.event_handler.log_command:Invoking command in '/home/hug/tb3_sim_ws/build/turtlebot3_gazebo': CMAKE_PREFIX_PATH=/opt/ros/humble /usr/bin/cmake --install /home/hug/tb3_sim_ws/build/turtlebot3_gazebo
[0.522s] Level 1:colcon.colcon_core.environment:create_environment_scripts_only(turtlebot3_gazebo)
[0.522s] DEBUG:colcon.colcon_core.event_handler.log_command:Invoked command in '/home/hug/tb3_sim_ws/build/turtlebot3_gazebo' returned '0': CMAKE_PREFIX_PATH=/opt/ros/humble /usr/bin/cmake --install /home/hug/tb3_sim_ws/build/turtlebot3_gazebo
[0.526s] Level 1:colcon.colcon_core.environment:checking '/home/hug/tb3_sim_ws/install/turtlebot3_gazebo' for CMake module files
[0.526s] Level 1:colcon.colcon_core.environment:checking '/home/hug/tb3_sim_ws/install/turtlebot3_gazebo' for CMake config files
[0.529s] Level 1:colcon.colcon_core.shell:create_environment_hook('turtlebot3_gazebo', 'cmake_prefix_path')
[0.529s] INFO:colcon.colcon_core.shell:Creating environment hook '/home/hug/tb3_sim_ws/install/turtlebot3_gazebo/share/turtlebot3_gazebo/hook/cmake_prefix_path.ps1'
[0.529s] INFO:colcon.colcon_core.shell:Creating environment descriptor '/home/hug/tb3_sim_ws/install/turtlebot3_gazebo/share/turtlebot3_gazebo/hook/cmake_prefix_path.dsv'
[0.529s] INFO:colcon.colcon_core.shell:Creating environment hook '/home/hug/tb3_sim_ws/install/turtlebot3_gazebo/share/turtlebot3_gazebo/hook/cmake_prefix_path.sh'
[0.530s] Level 1:colcon.colcon_core.environment:checking '/home/hug/tb3_sim_ws/install/turtlebot3_gazebo/lib'
[0.530s] Level 1:colcon.colcon_core.environment:checking '/home/hug/tb3_sim_ws/install/turtlebot3_gazebo/bin'
[0.530s] Level 1:colcon.colcon_core.environment:checking '/home/hug/tb3_sim_ws/install/turtlebot3_gazebo/lib/pkgconfig/turtlebot3_gazebo.pc'
[0.530s] Level 1:colcon.colcon_core.environment:checking '/home/hug/tb3_sim_ws/install/turtlebot3_gazebo/lib/python3.10/site-packages'
[0.530s] Level 1:colcon.colcon_core.environment:checking '/home/hug/tb3_sim_ws/install/turtlebot3_gazebo/bin'
[0.530s] INFO:colcon.colcon_core.shell:Creating package script '/home/hug/tb3_sim_ws/install/turtlebot3_gazebo/share/turtlebot3_gazebo/package.ps1'
[0.531s] INFO:colcon.colcon_core.shell:Creating package descriptor '/home/hug/tb3_sim_ws/install/turtlebot3_gazebo/share/turtlebot3_gazebo/package.dsv'
[0.531s] INFO:colcon.colcon_core.shell:Creating package script '/home/hug/tb3_sim_ws/install/turtlebot3_gazebo/share/turtlebot3_gazebo/package.sh'
[0.532s] INFO:colcon.colcon_core.shell:Creating package script '/home/hug/tb3_sim_ws/install/turtlebot3_gazebo/share/turtlebot3_gazebo/package.bash'
[0.532s] INFO:colcon.colcon_core.shell:Creating package script '/home/hug/tb3_sim_ws/install/turtlebot3_gazebo/share/turtlebot3_gazebo/package.zsh'
[0.532s] Level 1:colcon.colcon_core.environment:create_file_with_runtime_dependencies(/home/hug/tb3_sim_ws/install/turtlebot3_gazebo/share/colcon-core/packages/turtlebot3_gazebo)
[0.533s] Level 1:colcon.colcon_core.environment:create_environment_scripts_only(turtlebot3_gazebo)
[0.533s] Level 1:colcon.colcon_core.environment:checking '/home/hug/tb3_sim_ws/install/turtlebot3_gazebo' for CMake module files
[0.533s] Level 1:colcon.colcon_core.environment:checking '/home/hug/tb3_sim_ws/install/turtlebot3_gazebo' for CMake config files
[0.534s] Level 1:colcon.colcon_core.shell:create_environment_hook('turtlebot3_gazebo', 'cmake_prefix_path')
[0.534s] INFO:colcon.colcon_core.shell:Creating environment hook '/home/hug/tb3_sim_ws/install/turtlebot3_gazebo/share/turtlebot3_gazebo/hook/cmake_prefix_path.ps1'
[0.534s] INFO:colcon.colcon_core.shell:Creating environment descriptor '/home/hug/tb3_sim_ws/install/turtlebot3_gazebo/share/turtlebot3_gazebo/hook/cmake_prefix_path.dsv'
[0.535s] INFO:colcon.colcon_core.shell:Creating environment hook '/home/hug/tb3_sim_ws/install/turtlebot3_gazebo/share/turtlebot3_gazebo/hook/cmake_prefix_path.sh'
[0.535s] Level 1:colcon.colcon_core.environment:checking '/home/hug/tb3_sim_ws/install/turtlebot3_gazebo/lib'
[0.535s] Level 1:colcon.colcon_core.environment:checking '/home/hug/tb3_sim_ws/install/turtlebot3_gazebo/bin'
[0.535s] Level 1:colcon.colcon_core.environment:checking '/home/hug/tb3_sim_ws/install/turtlebot3_gazebo/lib/pkgconfig/turtlebot3_gazebo.pc'
[0.535s] Level 1:colcon.colcon_core.environment:checking '/home/hug/tb3_sim_ws/install/turtlebot3_gazebo/lib/python3.10/site-packages'
[0.535s] Level 1:colcon.colcon_core.environment:checking '/home/hug/tb3_sim_ws/install/turtlebot3_gazebo/bin'
[0.535s] INFO:colcon.colcon_core.shell:Creating package script '/home/hug/tb3_sim_ws/install/turtlebot3_gazebo/share/turtlebot3_gazebo/package.ps1'
[0.536s] INFO:colcon.colcon_core.shell:Creating package descriptor '/home/hug/tb3_sim_ws/install/turtlebot3_gazebo/share/turtlebot3_gazebo/package.dsv'
[0.536s] INFO:colcon.colcon_core.shell:Creating package script '/home/hug/tb3_sim_ws/install/turtlebot3_gazebo/share/turtlebot3_gazebo/package.sh'
[0.536s] INFO:colcon.colcon_core.shell:Creating package script '/home/hug/tb3_sim_ws/install/turtlebot3_gazebo/share/turtlebot3_gazebo/package.bash'
[0.536s] INFO:colcon.colcon_core.shell:Creating package script '/home/hug/tb3_sim_ws/install/turtlebot3_gazebo/share/turtlebot3_gazebo/package.zsh'
[0.536s] Level 1:colcon.colcon_core.environment:create_file_with_runtime_dependencies(/home/hug/tb3_sim_ws/install/turtlebot3_gazebo/share/colcon-core/packages/turtlebot3_gazebo)
[0.632s] DEBUG:colcon.colcon_core.event_handler.log_command:Invoking command in '/home/hug/tb3_sim_ws/build/turtlebot3_drl_local_planner': PYTHONPATH=/home/hug/tb3_sim_ws/build/turtlebot3_drl_local_planner/prefix_override:/usr/lib/python3/dist-packages/colcon_core/task/python/colcon_distutils_commands:/home/hug/tb3_sim_ws/install/turtlebot3_drl_local_planner/lib/python3.10/site-packages:${PYTHONPATH} /usr/bin/python3 -W ignore:setup.py install is deprecated -W ignore:easy_install command is deprecated setup.py develop --editable --build-directory /home/hug/tb3_sim_ws/build/turtlebot3_drl_local_planner/build --no-deps symlink_data
[0.915s] Level 1:colcon.colcon_core.shell:create_environment_hook('turtlebot3_drl_local_planner', 'pythonpath_develop')
[0.915s] INFO:colcon.colcon_core.shell:Creating environment hook '/home/hug/tb3_sim_ws/build/turtlebot3_drl_local_planner/share/turtlebot3_drl_local_planner/hook/pythonpath_develop.ps1'
[0.916s] DEBUG:colcon.colcon_core.event_handler.log_command:Invoked command in '/home/hug/tb3_sim_ws/build/turtlebot3_drl_local_planner' returned '0': PYTHONPATH=/home/hug/tb3_sim_ws/build/turtlebot3_drl_local_planner/prefix_override:/usr/lib/python3/dist-packages/colcon_core/task/python/colcon_distutils_commands:/home/hug/tb3_sim_ws/install/turtlebot3_drl_local_planner/lib/python3.10/site-packages:${PYTHONPATH} /usr/bin/python3 -W ignore:setup.py install is deprecated -W ignore:easy_install command is deprecated setup.py develop --editable --build-directory /home/hug/tb3_sim_ws/build/turtlebot3_drl_local_planner/build --no-deps symlink_data
[0.916s] INFO:colcon.colcon_core.shell:Creating environment descriptor '/home/hug/tb3_sim_ws/build/turtlebot3_drl_local_planner/share/turtlebot3_drl_local_planner/hook/pythonpath_develop.dsv'
[0.916s] INFO:colcon.colcon_core.shell:Creating environment hook '/home/hug/tb3_sim_ws/build/turtlebot3_drl_local_planner/share/turtlebot3_drl_local_planner/hook/pythonpath_develop.sh'
[0.917s] Level 1:colcon.colcon_core.environment:checking '/home/hug/tb3_sim_ws/install/turtlebot3_drl_local_planner' for CMake module files
[0.917s] Level 1:colcon.colcon_core.environment:checking '/home/hug/tb3_sim_ws/install/turtlebot3_drl_local_planner' for CMake config files
[0.917s] Level 1:colcon.colcon_core.environment:checking '/home/hug/tb3_sim_ws/install/turtlebot3_drl_local_planner/lib'
[0.917s] Level 1:colcon.colcon_core.environment:checking '/home/hug/tb3_sim_ws/install/turtlebot3_drl_local_planner/bin'
[0.917s] Level 1:colcon.colcon_core.environment:checking '/home/hug/tb3_sim_ws/install/turtlebot3_drl_local_planner/lib/pkgconfig/turtlebot3_drl_local_planner.pc'
[0.918s] Level 1:colcon.colcon_core.environment:checking '/home/hug/tb3_sim_ws/install/turtlebot3_drl_local_planner/lib/python3.10/site-packages'
[0.918s] Level 1:colcon.colcon_core.shell:create_environment_hook('turtlebot3_drl_local_planner', 'pythonpath')
[0.918s] INFO:colcon.colcon_core.shell:Creating environment hook '/home/hug/tb3_sim_ws/install/turtlebot3_drl_local_planner/share/turtlebot3_drl_local_planner/hook/pythonpath.ps1'
[0.918s] INFO:colcon.colcon_core.shell:Creating environment descriptor '/home/hug/tb3_sim_ws/install/turtlebot3_drl_local_planner/share/turtlebot3_drl_local_planner/hook/pythonpath.dsv'
[0.918s] INFO:colcon.colcon_core.shell:Creating environment hook '/home/hug/tb3_sim_ws/install/turtlebot3_drl_local_planner/share/turtlebot3_drl_local_planner/hook/pythonpath.sh'
[0.919s] Level 1:colcon.colcon_core.environment:checking '/home/hug/tb3_sim_ws/install/turtlebot3_drl_local_planner/bin'
[0.919s] Level 1:colcon.colcon_core.environment:create_environment_scripts_only(turtlebot3_drl_local_planner)
[0.919s] INFO:colcon.colcon_core.shell:Creating package script '/home/hug/tb3_sim_ws/install/turtlebot3_drl_local_planner/share/turtlebot3_drl_local_planner/package.ps1'
[0.919s] INFO:colcon.colcon_core.shell:Creating package descriptor '/home/hug/tb3_sim_ws/install/turtlebot3_drl_local_planner/share/turtlebot3_drl_local_planner/package.dsv'
[0.919s] INFO:colcon.colcon_core.shell:Creating package script '/home/hug/tb3_sim_ws/install/turtlebot3_drl_local_planner/share/turtlebot3_drl_local_planner/package.sh'
[0.919s] INFO:colcon.colcon_core.shell:Creating package script '/home/hug/tb3_sim_ws/install/turtlebot3_drl_local_planner/share/turtlebot3_drl_local_planner/package.bash'
[0.920s] INFO:colcon.colcon_core.shell:Creating package script '/home/hug/tb3_sim_ws/install/turtlebot3_drl_local_planner/share/turtlebot3_drl_local_planner/package.zsh'
[0.920s] Level 1:colcon.colcon_core.environment:create_file_with_runtime_dependencies(/home/hug/tb3_sim_ws/install/turtlebot3_drl_local_planner/share/colcon-core/packages/turtlebot3_drl_local_planner)
[0.920s] INFO:colcon.colcon_ros.task.ament_cmake.build:Building ROS package in '/home/hug/tb3_sim_ws/src/turtlebot3_drl_nav2_controller' with build type 'ament_cmake'
[0.920s] INFO:colcon.colcon_cmake.task.cmake.build:Building CMake package in '/home/hug/tb3_sim_ws/src/turtlebot3_drl_nav2_controller'
[0.920s] INFO:colcon.colcon_core.shell:Skip shell extension 'powershell' for command environment: Not usable outside of PowerShell
[0.920s] DEBUG:colcon.colcon_core.shell:Skip shell extension 'dsv' for command environment
[0.927s] DEBUG:colcon.colcon_core.event_handler.log_command:Invoking command in '/home/hug/tb3_sim_ws/build/turtlebot3_drl_nav2_controller': AMENT_PREFIX_PATH=/home/hug/tb3_sim_ws/install/turtlebot3_drl_local_planner:${AMENT_PREFIX_PATH} CMAKE_PREFIX_PATH=/opt/ros/humble PYTHONPATH=/home/hug/tb3_sim_ws/build/turtlebot3_drl_local_planner:/home/hug/tb3_sim_ws/install/turtlebot3_drl_local_planner/lib/python3.10/site-packages:${PYTHONPATH} /usr/bin/cmake --build /home/hug/tb3_sim_ws/build/turtlebot3_drl_nav2_controller -- -j16 -l16
[4.626s] DEBUG:colcon.colcon_core.event_handler.log_command:Invoked command in '/home/hug/tb3_sim_ws/build/turtlebot3_drl_nav2_controller' returned '2': AMENT_PREFIX_PATH=/home/hug/tb3_sim_ws/install/turtlebot3_drl_local_planner:${AMENT_PREFIX_PATH} CMAKE_PREFIX_PATH=/opt/ros/humble PYTHONPATH=/home/hug/tb3_sim_ws/build/turtlebot3_drl_local_planner:/home/hug/tb3_sim_ws/install/turtlebot3_drl_local_planner/lib/python3.10/site-packages:${PYTHONPATH} /usr/bin/cmake --build /home/hug/tb3_sim_ws/build/turtlebot3_drl_nav2_controller -- -j16 -l16
[4.627s] Level 1:colcon.colcon_core.environment:create_environment_scripts_only(turtlebot3_drl_nav2_controller)
[4.627s] Level 1:colcon.colcon_core.environment:checking '/home/hug/tb3_sim_ws/install/turtlebot3_drl_nav2_controller' for CMake module files
[4.627s] Level 1:colcon.colcon_core.environment:checking '/home/hug/tb3_sim_ws/install/turtlebot3_drl_nav2_controller' for CMake config files
[4.628s] Level 1:colcon.colcon_core.environment:checking '/home/hug/tb3_sim_ws/install/turtlebot3_drl_nav2_controller/bin'
[4.628s] Level 1:colcon.colcon_core.environment:checking '/home/hug/tb3_sim_ws/install/turtlebot3_drl_nav2_controller/lib/pkgconfig/turtlebot3_drl_nav2_controller.pc'
[4.628s] Level 1:colcon.colcon_core.environment:checking '/home/hug/tb3_sim_ws/install/turtlebot3_drl_nav2_controller/lib/python3.10/site-packages'
[4.628s] Level 1:colcon.colcon_core.environment:checking '/home/hug/tb3_sim_ws/install/turtlebot3_drl_nav2_controller/bin'
[4.628s] INFO:colcon.colcon_core.shell:Creating package script '/home/hug/tb3_sim_ws/install/turtlebot3_drl_nav2_controller/share/turtlebot3_drl_nav2_controller/package.ps1'
[4.629s] INFO:colcon.colcon_core.shell:Creating package descriptor '/home/hug/tb3_sim_ws/install/turtlebot3_drl_nav2_controller/share/turtlebot3_drl_nav2_controller/package.dsv'
[4.629s] INFO:colcon.colcon_core.shell:Creating package script '/home/hug/tb3_sim_ws/install/turtlebot3_drl_nav2_controller/share/turtlebot3_drl_nav2_controller/package.sh'
[4.629s] INFO:colcon.colcon_core.shell:Creating package script '/home/hug/tb3_sim_ws/install/turtlebot3_drl_nav2_controller/share/turtlebot3_drl_nav2_controller/package.bash'
[4.629s] INFO:colcon.colcon_core.shell:Creating package script '/home/hug/tb3_sim_ws/install/turtlebot3_drl_nav2_controller/share/turtlebot3_drl_nav2_controller/package.zsh'
[4.630s] Level 1:colcon.colcon_core.environment:create_file_with_runtime_dependencies(/home/hug/tb3_sim_ws/install/turtlebot3_drl_nav2_controller/share/colcon-core/packages/turtlebot3_drl_nav2_controller)
[4.640s] DEBUG:colcon.colcon_parallel_executor.executor.parallel:closing loop
[4.640s] DEBUG:colcon.colcon_parallel_executor.executor.parallel:loop closed
[4.640s] DEBUG:colcon.colcon_parallel_executor.executor.parallel:run_until_complete finished with '2'
[4.640s] DEBUG:colcon.colcon_core.event_reactor:joining thread
[4.645s] INFO:colcon.colcon_core.plugin_system:Skipping extension 'colcon_notification.desktop_notification.terminal_notifier': Not used on non-Darwin systems
[4.645s] INFO:colcon.colcon_core.plugin_system:Skipping extension 'colcon_notification.desktop_notification.win32': Not used on non-Windows systems
[4.645s] INFO:colcon.colcon_notification.desktop_notification:Sending desktop notification using 'notify2'
[4.654s] DEBUG:colcon.colcon_core.event_reactor:joined thread
[4.654s] INFO:colcon.colcon_core.shell:Creating prefix script '/home/hug/tb3_sim_ws/install/local_setup.ps1'
[4.655s] INFO:colcon.colcon_core.shell:Creating prefix util module '/home/hug/tb3_sim_ws/install/_local_setup_util_ps1.py'
[4.655s] INFO:colcon.colcon_core.shell:Creating prefix chain script '/home/hug/tb3_sim_ws/install/setup.ps1'
[4.656s] INFO:colcon.colcon_core.shell:Creating prefix script '/home/hug/tb3_sim_ws/install/local_setup.sh'
[4.656s] INFO:colcon.colcon_core.shell:Creating prefix util module '/home/hug/tb3_sim_ws/install/_local_setup_util_sh.py'
[4.656s] INFO:colcon.colcon_core.shell:Creating prefix chain script '/home/hug/tb3_sim_ws/install/setup.sh'
[4.657s] INFO:colcon.colcon_core.shell:Creating prefix script '/home/hug/tb3_sim_ws/install/local_setup.bash'
[4.657s] INFO:colcon.colcon_core.shell:Creating prefix chain script '/home/hug/tb3_sim_ws/install/setup.bash'
[4.657s] INFO:colcon.colcon_core.shell:Creating prefix script '/home/hug/tb3_sim_ws/install/local_setup.zsh'
[4.658s] INFO:colcon.colcon_core.shell:Creating prefix chain script '/home/hug/tb3_sim_ws/install/setup.zsh'
