[0.008s] Invoking command in '/home/hug/turtlebot3_ws/src/turtlebot3_simulations_and_reality/turtlebot3_opentcs_simulations/build/turtlebot3_simulations': /usr/bin/cmake /home/hug/turtlebot3_ws/src/turtlebot3_simulations_and_reality/turtlebot3_opentcs_simulations -DCMAKE_INSTALL_PREFIX=/home/hug/turtlebot3_ws/src/turtlebot3_simulations_and_reality/turtlebot3_opentcs_simulations/install/turtlebot3_simulations
[0.195s] -- The C compiler identification is GNU 11.4.0
[0.326s] -- The CXX compiler identification is GNU 11.4.0
[0.340s] -- Detecting C compiler ABI info
[0.408s] -- Detecting C compiler ABI info - done
[0.418s] -- Check for working C compiler: /usr/bin/cc - skipped
[0.418s] -- Detecting C compile features
[0.419s] -- Detecting C compile features - done
[0.423s] -- Detecting CXX compiler ABI info
[0.484s] -- Detecting CXX compiler ABI info - done
[0.488s] -- Check for working CXX compiler: /usr/bin/c++ - skipped
[0.488s] -- Detecting CXX compile features
[0.488s] -- Detecting CXX compile features - done
[0.497s] -- Found ament_cmake: 1.3.12 (/opt/ros/humble/share/ament_cmake/cmake)
[0.616s] -- Found Python3: /usr/bin/python3 (found version "3.10.12") found components: Interpreter 
[0.703s] [0mCMake Error: File /home/hug/turtlebot3_ws/src/turtlebot3_simulations_and_reality/turtlebot3_opentcs_simulations/package.xml does not exist.[0m
[0.703s] [31mCMake Error at /opt/ros/humble/share/ament_cmake_core/cmake/core/stamp.cmake:24 (configure_file):
[0.703s]   configure_file Problem configuring file
[0.703s] Call Stack (most recent call first):
[0.703s]   /opt/ros/humble/share/ament_cmake_core/cmake/core/ament_package_xml.cmake:73 (stamp)
[0.703s]   /opt/ros/humble/share/ament_cmake_core/cmake/core/ament_package_xml.cmake:49 (_ament_package_xml)
[0.703s]   /opt/ros/humble/share/ament_cmake_core/cmake/core/ament_package.cmake:63 (ament_package_xml)
[0.704s]   CMakeLists.txt:9 (ament_package)
[0.704s] 
[0.704s] [0m
[0.708s] -- Configuring incomplete, errors occurred!
[0.708s] See also "/home/hug/turtlebot3_ws/src/turtlebot3_simulations_and_reality/turtlebot3_opentcs_simulations/build/turtlebot3_simulations/CMakeFiles/CMakeOutput.log".
[0.715s] Invoked command in '/home/hug/turtlebot3_ws/src/turtlebot3_simulations_and_reality/turtlebot3_opentcs_simulations/build/turtlebot3_simulations' returned '1': /usr/bin/cmake /home/hug/turtlebot3_ws/src/turtlebot3_simulations_and_reality/turtlebot3_opentcs_simulations -DCMAKE_INSTALL_PREFIX=/home/hug/turtlebot3_ws/src/turtlebot3_simulations_and_reality/turtlebot3_opentcs_simulations/install/turtlebot3_simulations
