[0.574s] Invoking command in '/home/hug/tb3_sim_ws/build/turtlebot3_drl_local_planner': PYTHONPATH=/home/hug/tb3_sim_ws/build/turtlebot3_drl_local_planner/prefix_override:/usr/lib/python3/dist-packages/colcon_core/task/python/colcon_distutils_commands:/home/hug/tb3_sim_ws/install/turtlebot3_drl_local_planner/lib/python3.10/site-packages:${PYTHONPATH} /usr/bin/python3 -W ignore:setup.py install is deprecated -W ignore:easy_install command is deprecated setup.py develop --editable --build-directory /home/hug/tb3_sim_ws/build/turtlebot3_drl_local_planner/build --no-deps symlink_data --force
[0.718s] running develop
[0.814s] running egg_info
[0.814s] writing turtlebot3_drl_local_planner.egg-info/PKG-INFO
[0.814s] writing dependency_links to turtlebot3_drl_local_planner.egg-info/dependency_links.txt
[0.814s] writing entry points to turtlebot3_drl_local_planner.egg-info/entry_points.txt
[0.814s] writing requirements to turtlebot3_drl_local_planner.egg-info/requires.txt
[0.814s] writing top-level names to turtlebot3_drl_local_planner.egg-info/top_level.txt
[0.815s] reading manifest file 'turtlebot3_drl_local_planner.egg-info/SOURCES.txt'
[0.817s] writing manifest file 'turtlebot3_drl_local_planner.egg-info/SOURCES.txt'
[0.817s] running build_ext
[0.817s] Creating /home/hug/tb3_sim_ws/install/turtlebot3_drl_local_planner/lib/python3.10/site-packages/turtlebot3-drl-local-planner.egg-link (link to .)
[0.818s] Installing drl_controller_node script to /home/hug/tb3_sim_ws/install/turtlebot3_drl_local_planner/lib/turtlebot3_drl_local_planner
[0.818s] Installing eval_policy script to /home/hug/tb3_sim_ws/install/turtlebot3_drl_local_planner/lib/turtlebot3_drl_local_planner
[0.818s] Installing eval_shadow_compare script to /home/hug/tb3_sim_ws/install/turtlebot3_drl_local_planner/lib/turtlebot3_drl_local_planner
[0.818s] Installing export_policy script to /home/hug/tb3_sim_ws/install/turtlebot3_drl_local_planner/lib/turtlebot3_drl_local_planner
[0.818s] Installing train_gap_sac script to /home/hug/tb3_sim_ws/install/turtlebot3_drl_local_planner/lib/turtlebot3_drl_local_planner
[0.818s] 
[0.818s] Installed /home/hug/tb3_sim_ws/build/turtlebot3_drl_local_planner
[0.818s] running symlink_data
[0.818s] symbolically linking /home/hug/tb3_sim_ws/build/turtlebot3_drl_local_planner/resource/turtlebot3_drl_local_planner -> /home/hug/tb3_sim_ws/install/turtlebot3_drl_local_planner/share/ament_index/resource_index/packages
[0.818s] symbolically linking /home/hug/tb3_sim_ws/build/turtlebot3_drl_local_planner/package.xml -> /home/hug/tb3_sim_ws/install/turtlebot3_drl_local_planner/share/turtlebot3_drl_local_planner
[0.818s] symbolically linking /home/hug/tb3_sim_ws/build/turtlebot3_drl_local_planner/README.md -> /home/hug/tb3_sim_ws/install/turtlebot3_drl_local_planner/share/turtlebot3_drl_local_planner
[0.818s] symbolically linking /home/hug/tb3_sim_ws/build/turtlebot3_drl_local_planner/config/gap_sac.yaml -> /home/hug/tb3_sim_ws/install/turtlebot3_drl_local_planner/share/turtlebot3_drl_local_planner/config
[0.818s] symbolically linking /home/hug/tb3_sim_ws/build/turtlebot3_drl_local_planner/launch/drl_nav2_replacement.launch.py -> /home/hug/tb3_sim_ws/install/turtlebot3_drl_local_planner/share/turtlebot3_drl_local_planner/launch
[0.818s] symbolically linking /home/hug/tb3_sim_ws/build/turtlebot3_drl_local_planner/launch/drl_controller.launch.py -> /home/hug/tb3_sim_ws/install/turtlebot3_drl_local_planner/share/turtlebot3_drl_local_planner/launch
[0.818s] symbolically linking /home/hug/tb3_sim_ws/build/turtlebot3_drl_local_planner/launch/train_gap_sac.launch.py -> /home/hug/tb3_sim_ws/install/turtlebot3_drl_local_planner/share/turtlebot3_drl_local_planner/launch
[0.819s] symbolically linking /home/hug/tb3_sim_ws/build/turtlebot3_drl_local_planner/launch/eval_gap_sac.launch.py -> /home/hug/tb3_sim_ws/install/turtlebot3_drl_local_planner/share/turtlebot3_drl_local_planner/launch
[0.835s] Invoked command in '/home/hug/tb3_sim_ws/build/turtlebot3_drl_local_planner' returned '0': PYTHONPATH=/home/hug/tb3_sim_ws/build/turtlebot3_drl_local_planner/prefix_override:/usr/lib/python3/dist-packages/colcon_core/task/python/colcon_distutils_commands:/home/hug/tb3_sim_ws/install/turtlebot3_drl_local_planner/lib/python3.10/site-packages:${PYTHONPATH} /usr/bin/python3 -W ignore:setup.py install is deprecated -W ignore:easy_install command is deprecated setup.py develop --editable --build-directory /home/hug/tb3_sim_ws/build/turtlebot3_drl_local_planner/build --no-deps symlink_data --force
