[0.158s] Invoking command in '/home/hug/tb3_sim_ws/build/turtlebot3_gazebo': CMAKE_PREFIX_PATH=/opt/ros/humble /usr/bin/cmake /home/hug/tb3_sim_ws/src/turtlebot3_gazebo -DAMENT_CMAKE_SYMLINK_INSTALL=1 -DCMAKE_INSTALL_PREFIX=/home/hug/tb3_sim_ws/install/turtlebot3_gazebo
[0.168s] -- Found ament_cmake: 1.3.13 (/opt/ros/humble/share/ament_cmake/cmake)
[0.268s] -- Override CMake install command with custom implementation using symlinks instead of copying resources
[0.278s] CMake Warning (dev) at /usr/share/cmake-3.22/Modules/FindPackageHandleStandardArgs.cmake:438 (message):
[0.278s]   The package name passed to `find_package_handle_standard_args` (PkgConfig)
[0.279s]   does not match the name of the calling package (gazebo).  This can lead to
[0.279s]   problems in calling code that expects `find_package` result variables
[0.279s]   (e.g., `_FOUND`) to follow a certain pattern.
[0.279s] Call Stack (most recent call first):
[0.279s]   /usr/share/cmake-3.22/Modules/FindPkgConfig.cmake:99 (find_package_handle_standard_args)
[0.279s]   /usr/lib/x86_64-linux-gnu/cmake/gazebo/gazebo-config.cmake:72 (include)
[0.279s]   CMakeLists.txt:23 (find_package)
[0.279s] This warning is for project developers.  Use -Wno-dev to suppress it.
[0.279s] 
[0.297s] -- Found DART: /usr/include (Required is at least version "6.6") found components: dart 
[0.319s] -- Found Protobuf: /usr/lib/x86_64-linux-gnu/libprotobuf.so (found version "3.12.4") 
[0.320s] -- Looking for ignition-math6 -- found version 6.15.1
[0.324s] -- Searching for dependencies of ignition-math6
[0.325s] -- Looking for OGRE...
[0.329s] -- Found Ogre Ghadamon (1.9.0)
[0.329s] -- Found OGRE: optimized;/usr/lib/x86_64-linux-gnu/libOgreMain.so;debug;/usr/lib/x86_64-linux-gnu/libOgreMain.so
[0.339s] -- Looking for OGRE_Paging...
[0.339s] -- Found OGRE_Paging: optimized;/usr/lib/x86_64-linux-gnu/libOgrePaging.so;debug;/usr/lib/x86_64-linux-gnu/libOgrePaging.so
[0.339s] -- Looking for OGRE_Terrain...
[0.339s] -- Found OGRE_Terrain: optimized;/usr/lib/x86_64-linux-gnu/libOgreTerrain.so;debug;/usr/lib/x86_64-linux-gnu/libOgreTerrain.so
[0.339s] -- Looking for OGRE_Property...
[0.339s] -- Found OGRE_Property: optimized;/usr/lib/x86_64-linux-gnu/libOgreProperty.so;debug;/usr/lib/x86_64-linux-gnu/libOgreProperty.so
[0.339s] -- Looking for OGRE_RTShaderSystem...
[0.339s] -- Found OGRE_RTShaderSystem: optimized;/usr/lib/x86_64-linux-gnu/libOgreRTShaderSystem.so;debug;/usr/lib/x86_64-linux-gnu/libOgreRTShaderSystem.so
[0.339s] -- Looking for OGRE_Volume...
[0.339s] -- Found OGRE_Volume: optimized;/usr/lib/x86_64-linux-gnu/libOgreVolume.so;debug;/usr/lib/x86_64-linux-gnu/libOgreVolume.so
[0.339s] -- Looking for OGRE_Overlay...
[0.339s] -- Found OGRE_Overlay: optimized;/usr/lib/x86_64-linux-gnu/libOgreOverlay.so;debug;/usr/lib/x86_64-linux-gnu/libOgreOverlay.so
[0.405s] -- Looking for ignition-math6 -- found version 6.15.1
[0.405s] -- Looking for ignition-transport8 -- found version 8.2.1
[0.405s] -- Searching for dependencies of ignition-transport8
[0.418s] -- Found Protobuf: /usr/lib/x86_64-linux-gnu/libprotobuf.so (found suitable version "3.12.4", minimum required is "3") 
[0.430s] -- Config-file not installed for ZeroMQ -- checking for pkg-config
[0.434s] -- Checking for module 'libzmq >= 4'
[0.445s] --   Found libzmq , version 4.3.4
[0.493s] -- Checking for module 'uuid'
[0.511s] --   Found uuid, version 2.37.2
[0.549s] -- Looking for ignition-msgs5 -- found version 5.8.1
[0.550s] -- Searching for dependencies of ignition-msgs5
[0.566s] -- Looking for ignition-math6 -- found version 6.15.1
[0.571s] -- Checking for module 'tinyxml2'
[0.581s] --   Found tinyxml2, version 9.0.0
[0.609s] -- Looking for ignition-msgs5 -- found version 5.8.1
[0.609s] -- Looking for ignition-common3 -- found version 3.14.0
[0.610s] -- Searching for dependencies of ignition-common3
[0.610s] -- Looking for dlfcn.h - found
[0.610s] -- Looking for libdl - found
[0.620s] -- Searching for <ignition-common3> component [graphics]
[0.620s] -- Looking for ignition-common3-graphics -- found version 3.14.0
[0.620s] -- Searching for dependencies of ignition-common3-graphics
[0.621s] -- Looking for ignition-math6 -- found version 6.15.1
[0.622s] -- Looking for ignition-fuel_tools4 -- found version 4.4.0
[0.622s] -- Searching for dependencies of ignition-fuel_tools4
[0.652s] -- Checking for module 'jsoncpp'
[0.662s] --   Found jsoncpp, version 1.9.5
[0.691s] -- Checking for module 'libzip'
[0.700s] --   Found libzip, version 1.7.3
[0.725s] -- Looking for ignition-common3 -- found version 3.14.0
[0.726s] -- Looking for ignition-math6 -- found version 6.15.1
[0.726s] -- Looking for ignition-msgs5 -- found version 5.8.1
[0.727s] -- Found gazebo_ros_pkgs: 3.9.0 (/opt/ros/humble/share/gazebo_ros_pkgs/cmake)
[0.727s] -- Found geometry_msgs: 4.9.1 (/opt/ros/humble/share/geometry_msgs/cmake)
[0.738s] -- Found rosidl_generator_c: 3.1.8 (/opt/ros/humble/share/rosidl_generator_c/cmake)
[0.739s] -- Found rosidl_adapter: 3.1.8 (/opt/ros/humble/share/rosidl_adapter/cmake)
[0.743s] -- Found rosidl_generator_cpp: 3.1.8 (/opt/ros/humble/share/rosidl_generator_cpp/cmake)
[0.748s] -- Using all available rosidl_typesupport_c: rosidl_typesupport_fastrtps_c;rosidl_typesupport_introspection_c
[0.755s] -- Using all available rosidl_typesupport_cpp: rosidl_typesupport_fastrtps_cpp;rosidl_typesupport_introspection_cpp
[0.776s] -- Found nav_msgs: 4.9.1 (/opt/ros/humble/share/nav_msgs/cmake)
[0.785s] -- Found rclcpp: 16.0.18 (/opt/ros/humble/share/rclcpp/cmake)
[0.800s] -- Found rmw_implementation_cmake: 6.1.2 (/opt/ros/humble/share/rmw_implementation_cmake/cmake)
[0.801s] -- Found rmw_cyclonedds_cpp: 1.3.4 (/opt/ros/humble/share/rmw_cyclonedds_cpp/cmake)
[0.812s] -- Using RMW implementation 'rmw_cyclonedds_cpp' as default
[0.833s] -- Found sensor_msgs: 4.9.1 (/opt/ros/humble/share/sensor_msgs/cmake)
[0.843s] -- Found tf2: 0.25.19 (/opt/ros/humble/share/tf2/cmake)
[0.890s] -- Configuring done
[0.918s] -- Generating done
[0.924s] -- Build files have been written to: /home/hug/tb3_sim_ws/build/turtlebot3_gazebo
[0.931s] Invoked command in '/home/hug/tb3_sim_ws/build/turtlebot3_gazebo' returned '0': CMAKE_PREFIX_PATH=/opt/ros/humble /usr/bin/cmake /home/hug/tb3_sim_ws/src/turtlebot3_gazebo -DAMENT_CMAKE_SYMLINK_INSTALL=1 -DCMAKE_INSTALL_PREFIX=/home/hug/tb3_sim_ws/install/turtlebot3_gazebo
[0.933s] Invoking command in '/home/hug/tb3_sim_ws/build/turtlebot3_gazebo': CMAKE_PREFIX_PATH=/opt/ros/humble /usr/bin/cmake --build /home/hug/tb3_sim_ws/build/turtlebot3_gazebo -- -j16 -l16
[0.970s] Consolidate compiler generated dependencies of target turtlebot3_drive
[0.976s] Consolidate compiler generated dependencies of target traffic_light_plugin
[0.981s] Consolidate compiler generated dependencies of target obstacle1
[0.981s] [  8%] Linking CXX executable turtlebot3_drive
[0.987s] Consolidate compiler generated dependencies of target traffic_bar_plugin
[0.987s] Consolidate compiler generated dependencies of target obstacle2
[0.987s] Consolidate compiler generated dependencies of target obstacles
[0.994s] [ 25%] Built target traffic_light_plugin
[0.999s] [ 41%] Built target obstacle1
[1.005s] [ 75%] Built target traffic_bar_plugin
[1.005s] [ 75%] Built target obstacles
[1.010s] [ 91%] Built target obstacle2
[1.316s] [100%] Built target turtlebot3_drive
[1.326s] Invoked command in '/home/hug/tb3_sim_ws/build/turtlebot3_gazebo' returned '0': CMAKE_PREFIX_PATH=/opt/ros/humble /usr/bin/cmake --build /home/hug/tb3_sim_ws/build/turtlebot3_gazebo -- -j16 -l16
[1.333s] Invoking command in '/home/hug/tb3_sim_ws/build/turtlebot3_gazebo': CMAKE_PREFIX_PATH=/opt/ros/humble /usr/bin/cmake --install /home/hug/tb3_sim_ws/build/turtlebot3_gazebo
[1.340s] -- Install configuration: ""
[1.340s] -- Execute custom install script
[1.341s] -- Symlinking: /home/hug/tb3_sim_ws/install/turtlebot3_gazebo/lib/turtlebot3_gazebo/turtlebot3_drive
[1.348s] -- Symlinking: /home/hug/tb3_sim_ws/install/turtlebot3_gazebo/share/turtlebot3_gazebo//config/ekf.yaml
[1.356s] -- Symlinking: /home/hug/tb3_sim_ws/install/turtlebot3_gazebo/share/turtlebot3_gazebo//config/my_nav2_params.yaml
[1.363s] -- Symlinking: /home/hug/tb3_sim_ws/install/turtlebot3_gazebo/share/turtlebot3_gazebo//config/nav2_sim_params.yaml
[1.371s] -- Symlinking: /home/hug/tb3_sim_ws/install/turtlebot3_gazebo/share/turtlebot3_gazebo//config/slam_handheld.yaml
[1.380s] -- Symlinking: /home/hug/tb3_sim_ws/install/turtlebot3_gazebo/share/turtlebot3_gazebo//config/slam_sim.yaml
[1.388s] -- Symlinking: /home/hug/tb3_sim_ws/install/turtlebot3_gazebo/share/turtlebot3_gazebo//launch/empty_world.launch.py
[1.396s] -- Symlinking: /home/hug/tb3_sim_ws/install/turtlebot3_gazebo/share/turtlebot3_gazebo//launch/handheld_slam.launch.py
[1.402s] -- Symlinking: /home/hug/tb3_sim_ws/install/turtlebot3_gazebo/share/turtlebot3_gazebo//launch/multi_robot.launch.py
[1.409s] -- Symlinking: /home/hug/tb3_sim_ws/install/turtlebot3_gazebo/share/turtlebot3_gazebo//launch/multi_spawn_turtlebot3.launch.py
[1.417s] -- Symlinking: /home/hug/tb3_sim_ws/install/turtlebot3_gazebo/share/turtlebot3_gazebo//launch/nav2_custom.launch.py
[1.426s] -- Symlinking: /home/hug/tb3_sim_ws/install/turtlebot3_gazebo/share/turtlebot3_gazebo//launch/robot_state_publisher.launch.py
[1.434s] -- Symlinking: /home/hug/tb3_sim_ws/install/turtlebot3_gazebo/share/turtlebot3_gazebo//launch/sim_bringup.launch.py
[1.441s] -- Symlinking: /home/hug/tb3_sim_ws/install/turtlebot3_gazebo/share/turtlebot3_gazebo//launch/sim_nav2.launch.py
[1.450s] -- Symlinking: /home/hug/tb3_sim_ws/install/turtlebot3_gazebo/share/turtlebot3_gazebo//launch/sim_slam.launch.py
[1.457s] -- Symlinking: /home/hug/tb3_sim_ws/install/turtlebot3_gazebo/share/turtlebot3_gazebo//launch/spawn_turtlebot3.launch.py
[1.465s] -- Symlinking: /home/hug/tb3_sim_ws/install/turtlebot3_gazebo/share/turtlebot3_gazebo//launch/turtlebot3_autorace_2020.launch.py
[1.476s] -- Symlinking: /home/hug/tb3_sim_ws/install/turtlebot3_gazebo/share/turtlebot3_gazebo//launch/turtlebot3_dqn_stage1.launch.py
[1.482s] -- Symlinking: /home/hug/tb3_sim_ws/install/turtlebot3_gazebo/share/turtlebot3_gazebo//launch/turtlebot3_dqn_stage2.launch.py
[1.491s] -- Symlinking: /home/hug/tb3_sim_ws/install/turtlebot3_gazebo/share/turtlebot3_gazebo//launch/turtlebot3_dqn_stage3.launch.py
[1.500s] -- Symlinking: /home/hug/tb3_sim_ws/install/turtlebot3_gazebo/share/turtlebot3_gazebo//launch/turtlebot3_dqn_stage4.launch.py
[1.508s] -- Symlinking: /home/hug/tb3_sim_ws/install/turtlebot3_gazebo/share/turtlebot3_gazebo//launch/turtlebot3_house.launch.py
[1.517s] -- Symlinking: /home/hug/tb3_sim_ws/install/turtlebot3_gazebo/share/turtlebot3_gazebo//launch/turtlebot3_world.launch.py
[1.528s] -- Symlinking: /home/hug/tb3_sim_ws/install/turtlebot3_gazebo/share/turtlebot3_gazebo//models/turtlebot3_autorace_2020/checker/materials/checker.png
[1.537s] -- Symlinking: /home/hug/tb3_sim_ws/install/turtlebot3_gazebo/share/turtlebot3_gazebo//models/turtlebot3_autorace_2020/checker/materials/scripts/checker.material
[1.543s] -- Symlinking: /home/hug/tb3_sim_ws/install/turtlebot3_gazebo/share/turtlebot3_gazebo//models/turtlebot3_autorace_2020/checker/materials/textures/checker.png
[1.552s] -- Symlinking: /home/hug/tb3_sim_ws/install/turtlebot3_gazebo/share/turtlebot3_gazebo//models/turtlebot3_autorace_2020/checker/model.config
[1.561s] -- Symlinking: /home/hug/tb3_sim_ws/install/turtlebot3_gazebo/share/turtlebot3_gazebo//models/turtlebot3_autorace_2020/checker/model.sdf
[1.569s] -- Symlinking: /home/hug/tb3_sim_ws/install/turtlebot3_gazebo/share/turtlebot3_gazebo//models/turtlebot3_autorace_2020/course/materials/scripts/course.material
[1.575s] -- Symlinking: /home/hug/tb3_sim_ws/install/turtlebot3_gazebo/share/turtlebot3_gazebo//models/turtlebot3_autorace_2020/course/materials/textures/course.png
[1.581s] -- Symlinking: /home/hug/tb3_sim_ws/install/turtlebot3_gazebo/share/turtlebot3_gazebo//models/turtlebot3_autorace_2020/course/model.config
[1.589s] -- Symlinking: /home/hug/tb3_sim_ws/install/turtlebot3_gazebo/share/turtlebot3_gazebo//models/turtlebot3_autorace_2020/course/model.sdf
[1.598s] -- Symlinking: /home/hug/tb3_sim_ws/install/turtlebot3_gazebo/share/turtlebot3_gazebo//models/turtlebot3_autorace_2020/traffic_bar/materials/scripts/traffic_bar.material
[1.607s] -- Symlinking: /home/hug/tb3_sim_ws/install/turtlebot3_gazebo/share/turtlebot3_gazebo//models/turtlebot3_autorace_2020/traffic_bar/materials/textures/traffic_bar.png
[1.614s] -- Symlinking: /home/hug/tb3_sim_ws/install/turtlebot3_gazebo/share/turtlebot3_gazebo//models/turtlebot3_autorace_2020/traffic_bar/model.config
[1.622s] -- Symlinking: /home/hug/tb3_sim_ws/install/turtlebot3_gazebo/share/turtlebot3_gazebo//models/turtlebot3_autorace_2020/traffic_bar/model.sdf
[1.628s] -- Symlinking: /home/hug/tb3_sim_ws/install/turtlebot3_gazebo/share/turtlebot3_gazebo//models/turtlebot3_autorace_2020/traffic_construction/materials/scripts/traffic_construction.material
[1.636s] -- Symlinking: /home/hug/tb3_sim_ws/install/turtlebot3_gazebo/share/turtlebot3_gazebo//models/turtlebot3_autorace_2020/traffic_construction/materials/textures/traffic_construction.png
[1.645s] -- Symlinking: /home/hug/tb3_sim_ws/install/turtlebot3_gazebo/share/turtlebot3_gazebo//models/turtlebot3_autorace_2020/traffic_construction/model.config
[1.650s] -- Symlinking: /home/hug/tb3_sim_ws/install/turtlebot3_gazebo/share/turtlebot3_gazebo//models/turtlebot3_autorace_2020/traffic_construction/model.sdf
[1.658s] -- Symlinking: /home/hug/tb3_sim_ws/install/turtlebot3_gazebo/share/turtlebot3_gazebo//models/turtlebot3_autorace_2020/traffic_intersection/materials/scripts/traffic_intersection.material
[1.666s] -- Symlinking: /home/hug/tb3_sim_ws/install/turtlebot3_gazebo/share/turtlebot3_gazebo//models/turtlebot3_autorace_2020/traffic_intersection/materials/textures/traffic_intersection.png
[1.674s] -- Symlinking: /home/hug/tb3_sim_ws/install/turtlebot3_gazebo/share/turtlebot3_gazebo//models/turtlebot3_autorace_2020/traffic_intersection/model.config
[1.684s] -- Symlinking: /home/hug/tb3_sim_ws/install/turtlebot3_gazebo/share/turtlebot3_gazebo//models/turtlebot3_autorace_2020/traffic_intersection/model.sdf
[1.692s] -- Symlinking: /home/hug/tb3_sim_ws/install/turtlebot3_gazebo/share/turtlebot3_gazebo//models/turtlebot3_autorace_2020/traffic_left/materials/scripts/traffic_is_left.material
[1.700s] -- Symlinking: /home/hug/tb3_sim_ws/install/turtlebot3_gazebo/share/turtlebot3_gazebo//models/turtlebot3_autorace_2020/traffic_left/materials/textures/traffic_left.png
[1.707s] -- Symlinking: /home/hug/tb3_sim_ws/install/turtlebot3_gazebo/share/turtlebot3_gazebo//models/turtlebot3_autorace_2020/traffic_left/model.config
[1.714s] -- Symlinking: /home/hug/tb3_sim_ws/install/turtlebot3_gazebo/share/turtlebot3_gazebo//models/turtlebot3_autorace_2020/traffic_left/model.sdf
[1.722s] -- Symlinking: /home/hug/tb3_sim_ws/install/turtlebot3_gazebo/share/turtlebot3_gazebo//models/turtlebot3_autorace_2020/traffic_light/materials/scripts/traffic_light.material
[1.730s] -- Symlinking: /home/hug/tb3_sim_ws/install/turtlebot3_gazebo/share/turtlebot3_gazebo//models/turtlebot3_autorace_2020/traffic_light/materials/textures/traffic_light.png
[1.738s] -- Symlinking: /home/hug/tb3_sim_ws/install/turtlebot3_gazebo/share/turtlebot3_gazebo//models/turtlebot3_autorace_2020/traffic_light/materials/textures/traffic_light_green.png
[1.745s] -- Symlinking: /home/hug/tb3_sim_ws/install/turtlebot3_gazebo/share/turtlebot3_gazebo//models/turtlebot3_autorace_2020/traffic_light/materials/textures/traffic_light_red.png
[1.753s] -- Symlinking: /home/hug/tb3_sim_ws/install/turtlebot3_gazebo/share/turtlebot3_gazebo//models/turtlebot3_autorace_2020/traffic_light/materials/textures/traffic_light_yellow.png
[1.761s] -- Symlinking: /home/hug/tb3_sim_ws/install/turtlebot3_gazebo/share/turtlebot3_gazebo//models/turtlebot3_autorace_2020/traffic_light/model.config
[1.767s] -- Symlinking: /home/hug/tb3_sim_ws/install/turtlebot3_gazebo/share/turtlebot3_gazebo//models/turtlebot3_autorace_2020/traffic_light/model.sdf
[1.775s] -- Symlinking: /home/hug/tb3_sim_ws/install/turtlebot3_gazebo/share/turtlebot3_gazebo//models/turtlebot3_autorace_2020/traffic_noentry/materials/scripts/traffic_noentry.material
[1.782s] -- Symlinking: /home/hug/tb3_sim_ws/install/turtlebot3_gazebo/share/turtlebot3_gazebo//models/turtlebot3_autorace_2020/traffic_noentry/materials/textures/traffic_noentry.png
[1.788s] -- Symlinking: /home/hug/tb3_sim_ws/install/turtlebot3_gazebo/share/turtlebot3_gazebo//models/turtlebot3_autorace_2020/traffic_noentry/model.config
[1.795s] -- Symlinking: /home/hug/tb3_sim_ws/install/turtlebot3_gazebo/share/turtlebot3_gazebo//models/turtlebot3_autorace_2020/traffic_noentry/model.sdf
[1.800s] -- Symlinking: /home/hug/tb3_sim_ws/install/turtlebot3_gazebo/share/turtlebot3_gazebo//models/turtlebot3_autorace_2020/traffic_parking/materials/scripts/traffic_parking.material
[1.805s] -- Symlinking: /home/hug/tb3_sim_ws/install/turtlebot3_gazebo/share/turtlebot3_gazebo//models/turtlebot3_autorace_2020/traffic_parking/materials/textures/traffic_parking.png
[1.813s] -- Symlinking: /home/hug/tb3_sim_ws/install/turtlebot3_gazebo/share/turtlebot3_gazebo//models/turtlebot3_autorace_2020/traffic_parking/model.config
[1.819s] -- Symlinking: /home/hug/tb3_sim_ws/install/turtlebot3_gazebo/share/turtlebot3_gazebo//models/turtlebot3_autorace_2020/traffic_parking/model.sdf
[1.826s] -- Symlinking: /home/hug/tb3_sim_ws/install/turtlebot3_gazebo/share/turtlebot3_gazebo//models/turtlebot3_autorace_2020/traffic_pl_left/materials/scripts/traffic_pl_left.material
[1.831s] -- Symlinking: /home/hug/tb3_sim_ws/install/turtlebot3_gazebo/share/turtlebot3_gazebo//models/turtlebot3_autorace_2020/traffic_pl_left/materials/textures/traffic_pl_left.png
[1.837s] -- Symlinking: /home/hug/tb3_sim_ws/install/turtlebot3_gazebo/share/turtlebot3_gazebo//models/turtlebot3_autorace_2020/traffic_pl_left/model.config
[1.845s] -- Symlinking: /home/hug/tb3_sim_ws/install/turtlebot3_gazebo/share/turtlebot3_gazebo//models/turtlebot3_autorace_2020/traffic_pl_left/model.sdf
[1.855s] -- Symlinking: /home/hug/tb3_sim_ws/install/turtlebot3_gazebo/share/turtlebot3_gazebo//models/turtlebot3_autorace_2020/traffic_right/materials/scripts/traffic_right.material
[1.862s] -- Symlinking: /home/hug/tb3_sim_ws/install/turtlebot3_gazebo/share/turtlebot3_gazebo//models/turtlebot3_autorace_2020/traffic_right/materials/textures/traffic_right.png
[1.869s] -- Symlinking: /home/hug/tb3_sim_ws/install/turtlebot3_gazebo/share/turtlebot3_gazebo//models/turtlebot3_autorace_2020/traffic_right/model.config
[1.875s] -- Symlinking: /home/hug/tb3_sim_ws/install/turtlebot3_gazebo/share/turtlebot3_gazebo//models/turtlebot3_autorace_2020/traffic_right/model.sdf
[1.881s] -- Symlinking: /home/hug/tb3_sim_ws/install/turtlebot3_gazebo/share/turtlebot3_gazebo//models/turtlebot3_autorace_2020/traffic_stop/materials/scripts/traffic_stop.material
[1.888s] -- Symlinking: /home/hug/tb3_sim_ws/install/turtlebot3_gazebo/share/turtlebot3_gazebo//models/turtlebot3_autorace_2020/traffic_stop/materials/textures/traffic_stop.png
[1.894s] -- Symlinking: /home/hug/tb3_sim_ws/install/turtlebot3_gazebo/share/turtlebot3_gazebo//models/turtlebot3_autorace_2020/traffic_stop/model.config
[1.903s] -- Symlinking: /home/hug/tb3_sim_ws/install/turtlebot3_gazebo/share/turtlebot3_gazebo//models/turtlebot3_autorace_2020/traffic_stop/model.sdf
[1.909s] -- Symlinking: /home/hug/tb3_sim_ws/install/turtlebot3_gazebo/share/turtlebot3_gazebo//models/turtlebot3_autorace_2020/traffic_tunnel/materials/scripts/tunnel.material
[1.916s] -- Symlinking: /home/hug/tb3_sim_ws/install/turtlebot3_gazebo/share/turtlebot3_gazebo//models/turtlebot3_autorace_2020/traffic_tunnel/materials/textures/tunnel.png
[1.923s] -- Symlinking: /home/hug/tb3_sim_ws/install/turtlebot3_gazebo/share/turtlebot3_gazebo//models/turtlebot3_autorace_2020/traffic_tunnel/model.config
[1.931s] -- Symlinking: /home/hug/tb3_sim_ws/install/turtlebot3_gazebo/share/turtlebot3_gazebo//models/turtlebot3_autorace_2020/traffic_tunnel/model.sdf
[1.941s] -- Symlinking: /home/hug/tb3_sim_ws/install/turtlebot3_gazebo/share/turtlebot3_gazebo//models/turtlebot3_burger/model-1_4.sdf
[1.948s] -- Symlinking: /home/hug/tb3_sim_ws/install/turtlebot3_gazebo/share/turtlebot3_gazebo//models/turtlebot3_burger/model.config
[1.955s] -- Symlinking: /home/hug/tb3_sim_ws/install/turtlebot3_gazebo/share/turtlebot3_gazebo//models/turtlebot3_burger/model.sdf
[1.964s] -- Symlinking: /home/hug/tb3_sim_ws/install/turtlebot3_gazebo/share/turtlebot3_gazebo//models/turtlebot3_burger_cam/model-1_4.sdf
[1.971s] -- Symlinking: /home/hug/tb3_sim_ws/install/turtlebot3_gazebo/share/turtlebot3_gazebo//models/turtlebot3_burger_cam/model.config
[1.979s] -- Symlinking: /home/hug/tb3_sim_ws/install/turtlebot3_gazebo/share/turtlebot3_gazebo//models/turtlebot3_burger_cam/model.sdf
[1.987s] -- Symlinking: /home/hug/tb3_sim_ws/install/turtlebot3_gazebo/share/turtlebot3_gazebo//models/turtlebot3_common/meshes/bases/burger_base.stl
[1.995s] -- Symlinking: /home/hug/tb3_sim_ws/install/turtlebot3_gazebo/share/turtlebot3_gazebo//models/turtlebot3_common/meshes/bases/waffle_base.stl
[2.005s] -- Symlinking: /home/hug/tb3_sim_ws/install/turtlebot3_gazebo/share/turtlebot3_gazebo//models/turtlebot3_common/meshes/bases/waffle_pi_base.stl
[2.015s] -- Symlinking: /home/hug/tb3_sim_ws/install/turtlebot3_gazebo/share/turtlebot3_gazebo//models/turtlebot3_common/meshes/burger_base.dae
[2.022s] -- Symlinking: /home/hug/tb3_sim_ws/install/turtlebot3_gazebo/share/turtlebot3_gazebo//models/turtlebot3_common/meshes/lds.dae
[2.029s] -- Symlinking: /home/hug/tb3_sim_ws/install/turtlebot3_gazebo/share/turtlebot3_gazebo//models/turtlebot3_common/meshes/r200.dae
[2.037s] -- Symlinking: /home/hug/tb3_sim_ws/install/turtlebot3_gazebo/share/turtlebot3_gazebo//models/turtlebot3_common/meshes/sensors/astra.dae
[2.046s] -- Symlinking: /home/hug/tb3_sim_ws/install/turtlebot3_gazebo/share/turtlebot3_gazebo//models/turtlebot3_common/meshes/sensors/astra.jpg
[2.054s] -- Symlinking: /home/hug/tb3_sim_ws/install/turtlebot3_gazebo/share/turtlebot3_gazebo//models/turtlebot3_common/meshes/sensors/lds.stl
[2.062s] -- Symlinking: /home/hug/tb3_sim_ws/install/turtlebot3_gazebo/share/turtlebot3_gazebo//models/turtlebot3_common/meshes/sensors/r200.dae
[2.071s] -- Symlinking: /home/hug/tb3_sim_ws/install/turtlebot3_gazebo/share/turtlebot3_gazebo//models/turtlebot3_common/meshes/sensors/r200.jpg
[2.080s] -- Symlinking: /home/hug/tb3_sim_ws/install/turtlebot3_gazebo/share/turtlebot3_gazebo//models/turtlebot3_common/meshes/tire.dae
[2.087s] -- Symlinking: /home/hug/tb3_sim_ws/install/turtlebot3_gazebo/share/turtlebot3_gazebo//models/turtlebot3_common/meshes/waffle_base.dae
[2.094s] -- Symlinking: /home/hug/tb3_sim_ws/install/turtlebot3_gazebo/share/turtlebot3_gazebo//models/turtlebot3_common/meshes/waffle_pi_base.dae
[2.103s] -- Symlinking: /home/hug/tb3_sim_ws/install/turtlebot3_gazebo/share/turtlebot3_gazebo//models/turtlebot3_common/meshes/wheels/left_tire.stl
[2.112s] -- Symlinking: /home/hug/tb3_sim_ws/install/turtlebot3_gazebo/share/turtlebot3_gazebo//models/turtlebot3_common/meshes/wheels/right_tire.stl
[2.121s] -- Symlinking: /home/hug/tb3_sim_ws/install/turtlebot3_gazebo/share/turtlebot3_gazebo//models/turtlebot3_common/model.config
[2.129s] -- Symlinking: /home/hug/tb3_sim_ws/install/turtlebot3_gazebo/share/turtlebot3_gazebo//models/turtlebot3_dqn_world/goal_box/model.config
[2.137s] -- Symlinking: /home/hug/tb3_sim_ws/install/turtlebot3_gazebo/share/turtlebot3_gazebo//models/turtlebot3_dqn_world/goal_box/model.sdf
[2.143s] -- Symlinking: /home/hug/tb3_sim_ws/install/turtlebot3_gazebo/share/turtlebot3_gazebo//models/turtlebot3_dqn_world/inner_walls/model.config
[2.150s] -- Symlinking: /home/hug/tb3_sim_ws/install/turtlebot3_gazebo/share/turtlebot3_gazebo//models/turtlebot3_dqn_world/inner_walls/model.sdf
[2.157s] -- Symlinking: /home/hug/tb3_sim_ws/install/turtlebot3_gazebo/share/turtlebot3_gazebo//models/turtlebot3_dqn_world/model.config
[2.163s] -- Symlinking: /home/hug/tb3_sim_ws/install/turtlebot3_gazebo/share/turtlebot3_gazebo//models/turtlebot3_dqn_world/model.sdf
[2.170s] -- Symlinking: /home/hug/tb3_sim_ws/install/turtlebot3_gazebo/share/turtlebot3_gazebo//models/turtlebot3_dqn_world/obstacle1/model.config
[2.177s] -- Symlinking: /home/hug/tb3_sim_ws/install/turtlebot3_gazebo/share/turtlebot3_gazebo//models/turtlebot3_dqn_world/obstacle1/model.sdf
[2.184s] -- Symlinking: /home/hug/tb3_sim_ws/install/turtlebot3_gazebo/share/turtlebot3_gazebo//models/turtlebot3_dqn_world/obstacle2/model.config
[2.192s] -- Symlinking: /home/hug/tb3_sim_ws/install/turtlebot3_gazebo/share/turtlebot3_gazebo//models/turtlebot3_dqn_world/obstacle2/model.sdf
[2.197s] -- Symlinking: /home/hug/tb3_sim_ws/install/turtlebot3_gazebo/share/turtlebot3_gazebo//models/turtlebot3_dqn_world/obstacles/model.config
[2.204s] -- Symlinking: /home/hug/tb3_sim_ws/install/turtlebot3_gazebo/share/turtlebot3_gazebo//models/turtlebot3_dqn_world/obstacles/model.sdf
[2.211s] -- Symlinking: /home/hug/tb3_sim_ws/install/turtlebot3_gazebo/share/turtlebot3_gazebo//models/turtlebot3_house/model.config
[2.218s] -- Symlinking: /home/hug/tb3_sim_ws/install/turtlebot3_gazebo/share/turtlebot3_gazebo//models/turtlebot3_house/model.sdf
[2.225s] -- Symlinking: /home/hug/tb3_sim_ws/install/turtlebot3_gazebo/share/turtlebot3_gazebo//models/turtlebot3_waffle/model-1_4.sdf
[2.231s] -- Symlinking: /home/hug/tb3_sim_ws/install/turtlebot3_gazebo/share/turtlebot3_gazebo//models/turtlebot3_waffle/model.config
[2.236s] -- Symlinking: /home/hug/tb3_sim_ws/install/turtlebot3_gazebo/share/turtlebot3_gazebo//models/turtlebot3_waffle/model.sdf
[2.244s] -- Symlinking: /home/hug/tb3_sim_ws/install/turtlebot3_gazebo/share/turtlebot3_gazebo//models/turtlebot3_waffle_pi/model-1_4_.sdf
[2.251s] -- Symlinking: /home/hug/tb3_sim_ws/install/turtlebot3_gazebo/share/turtlebot3_gazebo//models/turtlebot3_waffle_pi/model.config
[2.258s] -- Symlinking: /home/hug/tb3_sim_ws/install/turtlebot3_gazebo/share/turtlebot3_gazebo//models/turtlebot3_waffle_pi/model.sdf
[2.264s] -- Symlinking: /home/hug/tb3_sim_ws/install/turtlebot3_gazebo/share/turtlebot3_gazebo//models/turtlebot3_world/meshes/hexagon.dae
[2.269s] -- Symlinking: /home/hug/tb3_sim_ws/install/turtlebot3_gazebo/share/turtlebot3_gazebo//models/turtlebot3_world/meshes/wall.dae
[2.277s] -- Symlinking: /home/hug/tb3_sim_ws/install/turtlebot3_gazebo/share/turtlebot3_gazebo//models/turtlebot3_world/model-1_4.sdf
[2.285s] -- Symlinking: /home/hug/tb3_sim_ws/install/turtlebot3_gazebo/share/turtlebot3_gazebo//models/turtlebot3_world/model.config
[2.293s] -- Symlinking: /home/hug/tb3_sim_ws/install/turtlebot3_gazebo/share/turtlebot3_gazebo//models/turtlebot3_world/model.sdf
[2.301s] -- Symlinking: /home/hug/tb3_sim_ws/install/turtlebot3_gazebo/share/turtlebot3_gazebo//rviz/tb3_gazebo.rviz
[2.308s] -- Symlinking: /home/hug/tb3_sim_ws/install/turtlebot3_gazebo/share/turtlebot3_gazebo//rviz/tb3_slam_map.rviz
[2.316s] -- Symlinking: /home/hug/tb3_sim_ws/install/turtlebot3_gazebo/share/turtlebot3_gazebo//urdf/common_properties.urdf
[2.323s] -- Symlinking: /home/hug/tb3_sim_ws/install/turtlebot3_gazebo/share/turtlebot3_gazebo//urdf/turtlebot3_burger.urdf
[2.329s] -- Symlinking: /home/hug/tb3_sim_ws/install/turtlebot3_gazebo/share/turtlebot3_gazebo//urdf/turtlebot3_burger_cam.urdf
[2.334s] -- Symlinking: /home/hug/tb3_sim_ws/install/turtlebot3_gazebo/share/turtlebot3_gazebo//urdf/turtlebot3_waffle.urdf
[2.343s] -- Symlinking: /home/hug/tb3_sim_ws/install/turtlebot3_gazebo/share/turtlebot3_gazebo//urdf/turtlebot3_waffle_pi.urdf
[2.349s] -- Symlinking: /home/hug/tb3_sim_ws/install/turtlebot3_gazebo/share/turtlebot3_gazebo//worlds/empty_world.world
[2.356s] -- Symlinking: /home/hug/tb3_sim_ws/install/turtlebot3_gazebo/share/turtlebot3_gazebo//worlds/turtlebot3_autorace_2020.world
[2.364s] -- Symlinking: /home/hug/tb3_sim_ws/install/turtlebot3_gazebo/share/turtlebot3_gazebo//worlds/turtlebot3_dqn_stage1.world
[2.371s] -- Symlinking: /home/hug/tb3_sim_ws/install/turtlebot3_gazebo/share/turtlebot3_gazebo//worlds/turtlebot3_dqn_stage2.world
[2.377s] -- Symlinking: /home/hug/tb3_sim_ws/install/turtlebot3_gazebo/share/turtlebot3_gazebo//worlds/turtlebot3_dqn_stage3.world
[2.382s] -- Symlinking: /home/hug/tb3_sim_ws/install/turtlebot3_gazebo/share/turtlebot3_gazebo//worlds/turtlebot3_dqn_stage4.world
[2.388s] -- Symlinking: /home/hug/tb3_sim_ws/install/turtlebot3_gazebo/share/turtlebot3_gazebo//worlds/turtlebot3_house.world
[2.394s] -- Symlinking: /home/hug/tb3_sim_ws/install/turtlebot3_gazebo/share/turtlebot3_gazebo//worlds/turtlebot3_world.world
[2.400s] -- Symlinking: /home/hug/tb3_sim_ws/install/turtlebot3_gazebo/share/turtlebot3_gazebo//README.md
[2.407s] -- Symlinking: /home/hug/tb3_sim_ws/install/turtlebot3_gazebo/include//turtlebot3_gazebo/obstacle1.hpp
[2.413s] -- Symlinking: /home/hug/tb3_sim_ws/install/turtlebot3_gazebo/include//turtlebot3_gazebo/obstacle2.hpp
[2.421s] -- Symlinking: /home/hug/tb3_sim_ws/install/turtlebot3_gazebo/include//turtlebot3_gazebo/obstacles.hpp
[2.429s] -- Symlinking: /home/hug/tb3_sim_ws/install/turtlebot3_gazebo/include//turtlebot3_gazebo/traffic_bar_plugin.hpp
[2.437s] -- Symlinking: /home/hug/tb3_sim_ws/install/turtlebot3_gazebo/include//turtlebot3_gazebo/traffic_light_plugin.hpp
[2.446s] -- Symlinking: /home/hug/tb3_sim_ws/install/turtlebot3_gazebo/include//turtlebot3_gazebo/turtlebot3_drive.hpp
[2.455s] -- Symlinking: /home/hug/tb3_sim_ws/install/turtlebot3_gazebo/share/ament_index/resource_index/package_run_dependencies/turtlebot3_gazebo
[2.464s] -- Symlinking: /home/hug/tb3_sim_ws/install/turtlebot3_gazebo/share/ament_index/resource_index/parent_prefix_path/turtlebot3_gazebo
[2.469s] -- Symlinking: /home/hug/tb3_sim_ws/install/turtlebot3_gazebo/share/turtlebot3_gazebo/environment/ament_prefix_path.sh
[2.476s] -- Symlinking: /home/hug/tb3_sim_ws/install/turtlebot3_gazebo/share/turtlebot3_gazebo/environment/ament_prefix_path.dsv
[2.484s] -- Symlinking: /home/hug/tb3_sim_ws/install/turtlebot3_gazebo/share/turtlebot3_gazebo/environment/path.sh
[2.491s] -- Symlinking: /home/hug/tb3_sim_ws/install/turtlebot3_gazebo/share/turtlebot3_gazebo/environment/path.dsv
[2.499s] -- Symlinking: /home/hug/tb3_sim_ws/install/turtlebot3_gazebo/share/turtlebot3_gazebo/local_setup.bash
[2.506s] -- Symlinking: /home/hug/tb3_sim_ws/install/turtlebot3_gazebo/share/turtlebot3_gazebo/local_setup.sh
[2.512s] -- Symlinking: /home/hug/tb3_sim_ws/install/turtlebot3_gazebo/share/turtlebot3_gazebo/local_setup.zsh
[2.518s] -- Symlinking: /home/hug/tb3_sim_ws/install/turtlebot3_gazebo/share/turtlebot3_gazebo/local_setup.dsv
[2.525s] -- Symlinking: /home/hug/tb3_sim_ws/install/turtlebot3_gazebo/share/turtlebot3_gazebo/package.dsv
[2.532s] -- Symlinking: /home/hug/tb3_sim_ws/install/turtlebot3_gazebo/share/ament_index/resource_index/packages/turtlebot3_gazebo
[2.540s] -- Symlinking: /home/hug/tb3_sim_ws/install/turtlebot3_gazebo/share/turtlebot3_gazebo/cmake/ament_cmake_export_include_directories-extras.cmake
[2.545s] -- Symlinking: /home/hug/tb3_sim_ws/install/turtlebot3_gazebo/share/turtlebot3_gazebo/cmake/ament_cmake_export_dependencies-extras.cmake
[2.553s] -- Symlinking: /home/hug/tb3_sim_ws/install/turtlebot3_gazebo/share/turtlebot3_gazebo/cmake/turtlebot3_gazeboConfig.cmake
[2.559s] -- Symlinking: /home/hug/tb3_sim_ws/install/turtlebot3_gazebo/share/turtlebot3_gazebo/cmake/turtlebot3_gazeboConfig-version.cmake
[2.567s] -- Symlinking: /home/hug/tb3_sim_ws/install/turtlebot3_gazebo/share/turtlebot3_gazebo/package.xml
[2.575s] Invoked command in '/home/hug/tb3_sim_ws/build/turtlebot3_gazebo' returned '0': CMAKE_PREFIX_PATH=/opt/ros/humble /usr/bin/cmake --install /home/hug/tb3_sim_ws/build/turtlebot3_gazebo
