[0.119s] DEBUG:colcon:Command line arguments: ['/usr/bin/colcon', 'build', '--symlink-install', '--packages-select', 'turtlebot3_drl_local_planner', 'turtlebot3_gazebo']
[0.119s] DEBUG:colcon:Parsed command line arguments: Namespace(log_base=None, log_level=None, verb_name='build', build_base='build', install_base='install', merge_install=False, symlink_install=True, test_result_base=None, continue_on_error=False, executor='parallel', parallel_workers=16, event_handlers=None, ignore_user_meta=False, metas=['./colcon.meta'], base_paths=['.'], packages_ignore=None, packages_ignore_regex=None, paths=None, packages_up_to=None, packages_up_to_regex=None, packages_above=None, packages_above_and_dependencies=None, packages_above_depth=None, packages_select_by_dep=None, packages_skip_by_dep=None, packages_skip_up_to=None, packages_select_build_failed=False, packages_skip_build_finished=False, packages_select_test_failures=False, packages_skip_test_passed=False, packages_select=['turtlebot3_drl_local_planner', 'turtlebot3_gazebo'], packages_skip=None, packages_select_regex=None, packages_skip_regex=None, packages_start=None, packages_end=None, allow_overriding=[], cmake_args=None, cmake_target=None, cmake_target_skip_unavailable=False, cmake_clean_cache=False, cmake_clean_first=False, cmake_force_configure=False, ament_cmake_args=None, catkin_cmake_args=None, catkin_skip_building_tests=False, mixin_files=None, mixin=None, verb_parser=<colcon_mixin.mixin.mixin_argument.MixinArgumentDecorator object at 0x78e821d91660>, verb_extension=<colcon_core.verb.build.BuildVerb object at 0x78e821da6680>, main=<bound method BuildVerb.main of <colcon_core.verb.build.BuildVerb object at 0x78e821da6680>>, mixin_verb=('build',))
[0.253s] Level 1:colcon.colcon_core.package_discovery:discover_packages(colcon_meta) check parameters
[0.254s] Level 1:colcon.colcon_core.package_discovery:discover_packages(recursive) check parameters
[0.254s] Level 1:colcon.colcon_core.package_discovery:discover_packages(ignore) check parameters
[0.254s] Level 1:colcon.colcon_core.package_discovery:discover_packages(path) check parameters
[0.254s] Level 1:colcon.colcon_core.package_discovery:discover_packages(colcon_meta) discover
[0.254s] Level 1:colcon.colcon_core.package_discovery:discover_packages(recursive) discover
[0.254s] INFO:colcon.colcon_core.package_discovery:Crawling recursively for packages in '/home/hug/tb3_sim_ws'
[0.254s] Level 1:colcon.colcon_core.package_identification:_identify(.) by extensions ['ignore', 'ignore_ament_install']
[0.254s] Level 1:colcon.colcon_core.package_identification:_identify(.) by extension 'ignore'
[0.254s] Level 1:colcon.colcon_core.package_identification:_identify(.) by extension 'ignore_ament_install'
[0.254s] Level 1:colcon.colcon_core.package_identification:_identify(.) by extensions ['colcon_pkg']
[0.254s] Level 1:colcon.colcon_core.package_identification:_identify(.) by extension 'colcon_pkg'
[0.254s] Level 1:colcon.colcon_core.package_identification:_identify(.) by extensions ['colcon_meta']
[0.254s] Level 1:colcon.colcon_core.package_identification:_identify(.) by extension 'colcon_meta'
[0.254s] Level 1:colcon.colcon_core.package_identification:_identify(.) by extensions ['ros']
[0.254s] Level 1:colcon.colcon_core.package_identification:_identify(.) by extension 'ros'
[0.266s] Level 1:colcon.colcon_core.package_identification:_identify(.) by extensions ['cmake', 'python']
[0.266s] Level 1:colcon.colcon_core.package_identification:_identify(.) by extension 'cmake'
[0.266s] Level 1:colcon.colcon_core.package_identification:_identify(.) by extension 'python'
[0.266s] Level 1:colcon.colcon_core.package_identification:_identify(.) by extensions ['python_setup_py']
[0.266s] Level 1:colcon.colcon_core.package_identification:_identify(.) by extension 'python_setup_py'
[0.266s] Level 1:colcon.colcon_core.package_identification:_identify(build) by extensions ['ignore', 'ignore_ament_install']
[0.266s] Level 1:colcon.colcon_core.package_identification:_identify(build) by extension 'ignore'
[0.266s] Level 1:colcon.colcon_core.package_identification:_identify(build) ignored
[0.266s] Level 1:colcon.colcon_core.package_identification:_identify(docs) by extensions ['ignore', 'ignore_ament_install']
[0.266s] Level 1:colcon.colcon_core.package_identification:_identify(docs) by extension 'ignore'
[0.266s] Level 1:colcon.colcon_core.package_identification:_identify(docs) by extension 'ignore_ament_install'
[0.266s] Level 1:colcon.colcon_core.package_identification:_identify(docs) by extensions ['colcon_pkg']
[0.266s] Level 1:colcon.colcon_core.package_identification:_identify(docs) by extension 'colcon_pkg'
[0.266s] Level 1:colcon.colcon_core.package_identification:_identify(docs) by extensions ['colcon_meta']
[0.266s] Level 1:colcon.colcon_core.package_identification:_identify(docs) by extension 'colcon_meta'
[0.266s] Level 1:colcon.colcon_core.package_identification:_identify(docs) by extensions ['ros']
[0.266s] Level 1:colcon.colcon_core.package_identification:_identify(docs) by extension 'ros'
[0.267s] Level 1:colcon.colcon_core.package_identification:_identify(docs) by extensions ['cmake', 'python']
[0.267s] Level 1:colcon.colcon_core.package_identification:_identify(docs) by extension 'cmake'
[0.267s] Level 1:colcon.colcon_core.package_identification:_identify(docs) by extension 'python'
[0.267s] Level 1:colcon.colcon_core.package_identification:_identify(docs) by extensions ['python_setup_py']
[0.267s] Level 1:colcon.colcon_core.package_identification:_identify(docs) by extension 'python_setup_py'
[0.267s] Level 1:colcon.colcon_core.package_identification:_identify(install) by extensions ['ignore', 'ignore_ament_install']
[0.267s] Level 1:colcon.colcon_core.package_identification:_identify(install) by extension 'ignore'
[0.267s] Level 1:colcon.colcon_core.package_identification:_identify(install) ignored
[0.267s] Level 1:colcon.colcon_core.package_identification:_identify(log) by extensions ['ignore', 'ignore_ament_install']
[0.267s] Level 1:colcon.colcon_core.package_identification:_identify(log) by extension 'ignore'
[0.267s] Level 1:colcon.colcon_core.package_identification:_identify(log) ignored
[0.267s] Level 1:colcon.colcon_core.package_identification:_identify(runs) by extensions ['ignore', 'ignore_ament_install']
[0.267s] Level 1:colcon.colcon_core.package_identification:_identify(runs) by extension 'ignore'
[0.267s] Level 1:colcon.colcon_core.package_identification:_identify(runs) by extension 'ignore_ament_install'
[0.267s] Level 1:colcon.colcon_core.package_identification:_identify(runs) by extensions ['colcon_pkg']
[0.267s] Level 1:colcon.colcon_core.package_identification:_identify(runs) by extension 'colcon_pkg'
[0.267s] Level 1:colcon.colcon_core.package_identification:_identify(runs) by extensions ['colcon_meta']
[0.267s] Level 1:colcon.colcon_core.package_identification:_identify(runs) by extension 'colcon_meta'
[0.267s] Level 1:colcon.colcon_core.package_identification:_identify(runs) by extensions ['ros']
[0.267s] Level 1:colcon.colcon_core.package_identification:_identify(runs) by extension 'ros'
[0.267s] Level 1:colcon.colcon_core.package_identification:_identify(runs) by extensions ['cmake', 'python']
[0.267s] Level 1:colcon.colcon_core.package_identification:_identify(runs) by extension 'cmake'
[0.267s] Level 1:colcon.colcon_core.package_identification:_identify(runs) by extension 'python'
[0.267s] Level 1:colcon.colcon_core.package_identification:_identify(runs) by extensions ['python_setup_py']
[0.267s] Level 1:colcon.colcon_core.package_identification:_identify(runs) by extension 'python_setup_py'
[0.267s] Level 1:colcon.colcon_core.package_identification:_identify(runs/gap_sac_20260428_231530) by extensions ['ignore', 'ignore_ament_install']
[0.267s] Level 1:colcon.colcon_core.package_identification:_identify(runs/gap_sac_20260428_231530) by extension 'ignore'
[0.267s] Level 1:colcon.colcon_core.package_identification:_identify(runs/gap_sac_20260428_231530) by extension 'ignore_ament_install'
[0.267s] Level 1:colcon.colcon_core.package_identification:_identify(runs/gap_sac_20260428_231530) by extensions ['colcon_pkg']
[0.267s] Level 1:colcon.colcon_core.package_identification:_identify(runs/gap_sac_20260428_231530) by extension 'colcon_pkg'
[0.267s] Level 1:colcon.colcon_core.package_identification:_identify(runs/gap_sac_20260428_231530) by extensions ['colcon_meta']
[0.267s] Level 1:colcon.colcon_core.package_identification:_identify(runs/gap_sac_20260428_231530) by extension 'colcon_meta'
[0.268s] Level 1:colcon.colcon_core.package_identification:_identify(runs/gap_sac_20260428_231530) by extensions ['ros']
[0.268s] Level 1:colcon.colcon_core.package_identification:_identify(runs/gap_sac_20260428_231530) by extension 'ros'
[0.268s] Level 1:colcon.colcon_core.package_identification:_identify(runs/gap_sac_20260428_231530) by extensions ['cmake', 'python']
[0.268s] Level 1:colcon.colcon_core.package_identification:_identify(runs/gap_sac_20260428_231530) by extension 'cmake'
[0.268s] Level 1:colcon.colcon_core.package_identification:_identify(runs/gap_sac_20260428_231530) by extension 'python'
[0.268s] Level 1:colcon.colcon_core.package_identification:_identify(runs/gap_sac_20260428_231530) by extensions ['python_setup_py']
[0.268s] Level 1:colcon.colcon_core.package_identification:_identify(runs/gap_sac_20260428_231530) by extension 'python_setup_py'
[0.268s] Level 1:colcon.colcon_core.package_identification:_identify(runs/gap_sac_20260428_233155) by extensions ['ignore', 'ignore_ament_install']
[0.268s] Level 1:colcon.colcon_core.package_identification:_identify(runs/gap_sac_20260428_233155) by extension 'ignore'
[0.268s] Level 1:colcon.colcon_core.package_identification:_identify(runs/gap_sac_20260428_233155) by extension 'ignore_ament_install'
[0.268s] Level 1:colcon.colcon_core.package_identification:_identify(runs/gap_sac_20260428_233155) by extensions ['colcon_pkg']
[0.268s] Level 1:colcon.colcon_core.package_identification:_identify(runs/gap_sac_20260428_233155) by extension 'colcon_pkg'
[0.268s] Level 1:colcon.colcon_core.package_identification:_identify(runs/gap_sac_20260428_233155) by extensions ['colcon_meta']
[0.268s] Level 1:colcon.colcon_core.package_identification:_identify(runs/gap_sac_20260428_233155) by extension 'colcon_meta'
[0.268s] Level 1:colcon.colcon_core.package_identification:_identify(runs/gap_sac_20260428_233155) by extensions ['ros']
[0.268s] Level 1:colcon.colcon_core.package_identification:_identify(runs/gap_sac_20260428_233155) by extension 'ros'
[0.268s] Level 1:colcon.colcon_core.package_identification:_identify(runs/gap_sac_20260428_233155) by extensions ['cmake', 'python']
[0.268s] Level 1:colcon.colcon_core.package_identification:_identify(runs/gap_sac_20260428_233155) by extension 'cmake'
[0.268s] Level 1:colcon.colcon_core.package_identification:_identify(runs/gap_sac_20260428_233155) by extension 'python'
[0.268s] Level 1:colcon.colcon_core.package_identification:_identify(runs/gap_sac_20260428_233155) by extensions ['python_setup_py']
[0.268s] Level 1:colcon.colcon_core.package_identification:_identify(runs/gap_sac_20260428_233155) by extension 'python_setup_py'
[0.268s] Level 1:colcon.colcon_core.package_identification:_identify(runs/gap_sac_20260428_234305) by extensions ['ignore', 'ignore_ament_install']
[0.268s] Level 1:colcon.colcon_core.package_identification:_identify(runs/gap_sac_20260428_234305) by extension 'ignore'
[0.268s] Level 1:colcon.colcon_core.package_identification:_identify(runs/gap_sac_20260428_234305) by extension 'ignore_ament_install'
[0.268s] Level 1:colcon.colcon_core.package_identification:_identify(runs/gap_sac_20260428_234305) by extensions ['colcon_pkg']
[0.268s] Level 1:colcon.colcon_core.package_identification:_identify(runs/gap_sac_20260428_234305) by extension 'colcon_pkg'
[0.268s] Level 1:colcon.colcon_core.package_identification:_identify(runs/gap_sac_20260428_234305) by extensions ['colcon_meta']
[0.268s] Level 1:colcon.colcon_core.package_identification:_identify(runs/gap_sac_20260428_234305) by extension 'colcon_meta'
[0.268s] Level 1:colcon.colcon_core.package_identification:_identify(runs/gap_sac_20260428_234305) by extensions ['ros']
[0.268s] Level 1:colcon.colcon_core.package_identification:_identify(runs/gap_sac_20260428_234305) by extension 'ros'
[0.268s] Level 1:colcon.colcon_core.package_identification:_identify(runs/gap_sac_20260428_234305) by extensions ['cmake', 'python']
[0.268s] Level 1:colcon.colcon_core.package_identification:_identify(runs/gap_sac_20260428_234305) by extension 'cmake'
[0.268s] Level 1:colcon.colcon_core.package_identification:_identify(runs/gap_sac_20260428_234305) by extension 'python'
[0.268s] Level 1:colcon.colcon_core.package_identification:_identify(runs/gap_sac_20260428_234305) by extensions ['python_setup_py']
[0.268s] Level 1:colcon.colcon_core.package_identification:_identify(runs/gap_sac_20260428_234305) by extension 'python_setup_py'
[0.268s] Level 1:colcon.colcon_core.package_identification:_identify(runs/gap_sac_20260428_235424) by extensions ['ignore', 'ignore_ament_install']
[0.268s] Level 1:colcon.colcon_core.package_identification:_identify(runs/gap_sac_20260428_235424) by extension 'ignore'
[0.268s] Level 1:colcon.colcon_core.package_identification:_identify(runs/gap_sac_20260428_235424) by extension 'ignore_ament_install'
[0.269s] Level 1:colcon.colcon_core.package_identification:_identify(runs/gap_sac_20260428_235424) by extensions ['colcon_pkg']
[0.269s] Level 1:colcon.colcon_core.package_identification:_identify(runs/gap_sac_20260428_235424) by extension 'colcon_pkg'
[0.269s] Level 1:colcon.colcon_core.package_identification:_identify(runs/gap_sac_20260428_235424) by extensions ['colcon_meta']
[0.269s] Level 1:colcon.colcon_core.package_identification:_identify(runs/gap_sac_20260428_235424) by extension 'colcon_meta'
[0.269s] Level 1:colcon.colcon_core.package_identification:_identify(runs/gap_sac_20260428_235424) by extensions ['ros']
[0.269s] Level 1:colcon.colcon_core.package_identification:_identify(runs/gap_sac_20260428_235424) by extension 'ros'
[0.269s] Level 1:colcon.colcon_core.package_identification:_identify(runs/gap_sac_20260428_235424) by extensions ['cmake', 'python']
[0.269s] Level 1:colcon.colcon_core.package_identification:_identify(runs/gap_sac_20260428_235424) by extension 'cmake'
[0.269s] Level 1:colcon.colcon_core.package_identification:_identify(runs/gap_sac_20260428_235424) by extension 'python'
[0.269s] Level 1:colcon.colcon_core.package_identification:_identify(runs/gap_sac_20260428_235424) by extensions ['python_setup_py']
[0.269s] Level 1:colcon.colcon_core.package_identification:_identify(runs/gap_sac_20260428_235424) by extension 'python_setup_py'
[0.269s] Level 1:colcon.colcon_core.package_identification:_identify(runs/gap_sac_20260429_002929) by extensions ['ignore', 'ignore_ament_install']
[0.269s] Level 1:colcon.colcon_core.package_identification:_identify(runs/gap_sac_20260429_002929) by extension 'ignore'
[0.269s] Level 1:colcon.colcon_core.package_identification:_identify(runs/gap_sac_20260429_002929) by extension 'ignore_ament_install'
[0.269s] Level 1:colcon.colcon_core.package_identification:_identify(runs/gap_sac_20260429_002929) by extensions ['colcon_pkg']
[0.269s] Level 1:colcon.colcon_core.package_identification:_identify(runs/gap_sac_20260429_002929) by extension 'colcon_pkg'
[0.269s] Level 1:colcon.colcon_core.package_identification:_identify(runs/gap_sac_20260429_002929) by extensions ['colcon_meta']
[0.269s] Level 1:colcon.colcon_core.package_identification:_identify(runs/gap_sac_20260429_002929) by extension 'colcon_meta'
[0.269s] Level 1:colcon.colcon_core.package_identification:_identify(runs/gap_sac_20260429_002929) by extensions ['ros']
[0.269s] Level 1:colcon.colcon_core.package_identification:_identify(runs/gap_sac_20260429_002929) by extension 'ros'
[0.269s] Level 1:colcon.colcon_core.package_identification:_identify(runs/gap_sac_20260429_002929) by extensions ['cmake', 'python']
[0.269s] Level 1:colcon.colcon_core.package_identification:_identify(runs/gap_sac_20260429_002929) by extension 'cmake'
[0.269s] Level 1:colcon.colcon_core.package_identification:_identify(runs/gap_sac_20260429_002929) by extension 'python'
[0.269s] Level 1:colcon.colcon_core.package_identification:_identify(runs/gap_sac_20260429_002929) by extensions ['python_setup_py']
[0.269s] Level 1:colcon.colcon_core.package_identification:_identify(runs/gap_sac_20260429_002929) by extension 'python_setup_py'
[0.269s] Level 1:colcon.colcon_core.package_identification:_identify(runs/gap_sac_20260429_004859) by extensions ['ignore', 'ignore_ament_install']
[0.269s] Level 1:colcon.colcon_core.package_identification:_identify(runs/gap_sac_20260429_004859) by extension 'ignore'
[0.269s] Level 1:colcon.colcon_core.package_identification:_identify(runs/gap_sac_20260429_004859) by extension 'ignore_ament_install'
[0.269s] Level 1:colcon.colcon_core.package_identification:_identify(runs/gap_sac_20260429_004859) by extensions ['colcon_pkg']
[0.269s] Level 1:colcon.colcon_core.package_identification:_identify(runs/gap_sac_20260429_004859) by extension 'colcon_pkg'
[0.269s] Level 1:colcon.colcon_core.package_identification:_identify(runs/gap_sac_20260429_004859) by extensions ['colcon_meta']
[0.269s] Level 1:colcon.colcon_core.package_identification:_identify(runs/gap_sac_20260429_004859) by extension 'colcon_meta'
[0.269s] Level 1:colcon.colcon_core.package_identification:_identify(runs/gap_sac_20260429_004859) by extensions ['ros']
[0.269s] Level 1:colcon.colcon_core.package_identification:_identify(runs/gap_sac_20260429_004859) by extension 'ros'
[0.269s] Level 1:colcon.colcon_core.package_identification:_identify(runs/gap_sac_20260429_004859) by extensions ['cmake', 'python']
[0.269s] Level 1:colcon.colcon_core.package_identification:_identify(runs/gap_sac_20260429_004859) by extension 'cmake'
[0.269s] Level 1:colcon.colcon_core.package_identification:_identify(runs/gap_sac_20260429_004859) by extension 'python'
[0.269s] Level 1:colcon.colcon_core.package_identification:_identify(runs/gap_sac_20260429_004859) by extensions ['python_setup_py']
[0.269s] Level 1:colcon.colcon_core.package_identification:_identify(runs/gap_sac_20260429_004859) by extension 'python_setup_py'
[0.269s] Level 1:colcon.colcon_core.package_identification:_identify(runs/gap_sac_20260429_075529) by extensions ['ignore', 'ignore_ament_install']
[0.269s] Level 1:colcon.colcon_core.package_identification:_identify(runs/gap_sac_20260429_075529) by extension 'ignore'
[0.270s] Level 1:colcon.colcon_core.package_identification:_identify(runs/gap_sac_20260429_075529) by extension 'ignore_ament_install'
[0.270s] Level 1:colcon.colcon_core.package_identification:_identify(runs/gap_sac_20260429_075529) by extensions ['colcon_pkg']
[0.270s] Level 1:colcon.colcon_core.package_identification:_identify(runs/gap_sac_20260429_075529) by extension 'colcon_pkg'
[0.270s] Level 1:colcon.colcon_core.package_identification:_identify(runs/gap_sac_20260429_075529) by extensions ['colcon_meta']
[0.270s] Level 1:colcon.colcon_core.package_identification:_identify(runs/gap_sac_20260429_075529) by extension 'colcon_meta'
[0.270s] Level 1:colcon.colcon_core.package_identification:_identify(runs/gap_sac_20260429_075529) by extensions ['ros']
[0.270s] Level 1:colcon.colcon_core.package_identification:_identify(runs/gap_sac_20260429_075529) by extension 'ros'
[0.270s] Level 1:colcon.colcon_core.package_identification:_identify(runs/gap_sac_20260429_075529) by extensions ['cmake', 'python']
[0.270s] Level 1:colcon.colcon_core.package_identification:_identify(runs/gap_sac_20260429_075529) by extension 'cmake'
[0.270s] Level 1:colcon.colcon_core.package_identification:_identify(runs/gap_sac_20260429_075529) by extension 'python'
[0.270s] Level 1:colcon.colcon_core.package_identification:_identify(runs/gap_sac_20260429_075529) by extensions ['python_setup_py']
[0.270s] Level 1:colcon.colcon_core.package_identification:_identify(runs/gap_sac_20260429_075529) by extension 'python_setup_py'
[0.270s] Level 1:colcon.colcon_core.package_identification:_identify(runs/gap_sac_20260429_093042) by extensions ['ignore', 'ignore_ament_install']
[0.270s] Level 1:colcon.colcon_core.package_identification:_identify(runs/gap_sac_20260429_093042) by extension 'ignore'
[0.270s] Level 1:colcon.colcon_core.package_identification:_identify(runs/gap_sac_20260429_093042) by extension 'ignore_ament_install'
[0.270s] Level 1:colcon.colcon_core.package_identification:_identify(runs/gap_sac_20260429_093042) by extensions ['colcon_pkg']
[0.270s] Level 1:colcon.colcon_core.package_identification:_identify(runs/gap_sac_20260429_093042) by extension 'colcon_pkg'
[0.270s] Level 1:colcon.colcon_core.package_identification:_identify(runs/gap_sac_20260429_093042) by extensions ['colcon_meta']
[0.270s] Level 1:colcon.colcon_core.package_identification:_identify(runs/gap_sac_20260429_093042) by extension 'colcon_meta'
[0.270s] Level 1:colcon.colcon_core.package_identification:_identify(runs/gap_sac_20260429_093042) by extensions ['ros']
[0.270s] Level 1:colcon.colcon_core.package_identification:_identify(runs/gap_sac_20260429_093042) by extension 'ros'
[0.270s] Level 1:colcon.colcon_core.package_identification:_identify(runs/gap_sac_20260429_093042) by extensions ['cmake', 'python']
[0.270s] Level 1:colcon.colcon_core.package_identification:_identify(runs/gap_sac_20260429_093042) by extension 'cmake'
[0.270s] Level 1:colcon.colcon_core.package_identification:_identify(runs/gap_sac_20260429_093042) by extension 'python'
[0.270s] Level 1:colcon.colcon_core.package_identification:_identify(runs/gap_sac_20260429_093042) by extensions ['python_setup_py']
[0.270s] Level 1:colcon.colcon_core.package_identification:_identify(runs/gap_sac_20260429_093042) by extension 'python_setup_py'
[0.270s] Level 1:colcon.colcon_core.package_identification:_identify(runs/gap_sac_20260429_102608) by extensions ['ignore', 'ignore_ament_install']
[0.271s] Level 1:colcon.colcon_core.package_identification:_identify(runs/gap_sac_20260429_102608) by extension 'ignore'
[0.271s] Level 1:colcon.colcon_core.package_identification:_identify(runs/gap_sac_20260429_102608) by extension 'ignore_ament_install'
[0.271s] Level 1:colcon.colcon_core.package_identification:_identify(runs/gap_sac_20260429_102608) by extensions ['colcon_pkg']
[0.271s] Level 1:colcon.colcon_core.package_identification:_identify(runs/gap_sac_20260429_102608) by extension 'colcon_pkg'
[0.271s] Level 1:colcon.colcon_core.package_identification:_identify(runs/gap_sac_20260429_102608) by extensions ['colcon_meta']
[0.271s] Level 1:colcon.colcon_core.package_identification:_identify(runs/gap_sac_20260429_102608) by extension 'colcon_meta'
[0.271s] Level 1:colcon.colcon_core.package_identification:_identify(runs/gap_sac_20260429_102608) by extensions ['ros']
[0.271s] Level 1:colcon.colcon_core.package_identification:_identify(runs/gap_sac_20260429_102608) by extension 'ros'
[0.271s] Level 1:colcon.colcon_core.package_identification:_identify(runs/gap_sac_20260429_102608) by extensions ['cmake', 'python']
[0.271s] Level 1:colcon.colcon_core.package_identification:_identify(runs/gap_sac_20260429_102608) by extension 'cmake'
[0.271s] Level 1:colcon.colcon_core.package_identification:_identify(runs/gap_sac_20260429_102608) by extension 'python'
[0.271s] Level 1:colcon.colcon_core.package_identification:_identify(runs/gap_sac_20260429_102608) by extensions ['python_setup_py']
[0.271s] Level 1:colcon.colcon_core.package_identification:_identify(runs/gap_sac_20260429_102608) by extension 'python_setup_py'
[0.271s] Level 1:colcon.colcon_core.package_identification:_identify(runs/gap_sac_20260430_103009) by extensions ['ignore', 'ignore_ament_install']
[0.271s] Level 1:colcon.colcon_core.package_identification:_identify(runs/gap_sac_20260430_103009) by extension 'ignore'
[0.271s] Level 1:colcon.colcon_core.package_identification:_identify(runs/gap_sac_20260430_103009) by extension 'ignore_ament_install'
[0.271s] Level 1:colcon.colcon_core.package_identification:_identify(runs/gap_sac_20260430_103009) by extensions ['colcon_pkg']
[0.271s] Level 1:colcon.colcon_core.package_identification:_identify(runs/gap_sac_20260430_103009) by extension 'colcon_pkg'
[0.271s] Level 1:colcon.colcon_core.package_identification:_identify(runs/gap_sac_20260430_103009) by extensions ['colcon_meta']
[0.271s] Level 1:colcon.colcon_core.package_identification:_identify(runs/gap_sac_20260430_103009) by extension 'colcon_meta'
[0.271s] Level 1:colcon.colcon_core.package_identification:_identify(runs/gap_sac_20260430_103009) by extensions ['ros']
[0.271s] Level 1:colcon.colcon_core.package_identification:_identify(runs/gap_sac_20260430_103009) by extension 'ros'
[0.271s] Level 1:colcon.colcon_core.package_identification:_identify(runs/gap_sac_20260430_103009) by extensions ['cmake', 'python']
[0.271s] Level 1:colcon.colcon_core.package_identification:_identify(runs/gap_sac_20260430_103009) by extension 'cmake'
[0.271s] Level 1:colcon.colcon_core.package_identification:_identify(runs/gap_sac_20260430_103009) by extension 'python'
[0.271s] Level 1:colcon.colcon_core.package_identification:_identify(runs/gap_sac_20260430_103009) by extensions ['python_setup_py']
[0.271s] Level 1:colcon.colcon_core.package_identification:_identify(runs/gap_sac_20260430_103009) by extension 'python_setup_py'
[0.271s] Level 1:colcon.colcon_core.package_identification:_identify(runs/gap_sac_20260430_234251) by extensions ['ignore', 'ignore_ament_install']
[0.271s] Level 1:colcon.colcon_core.package_identification:_identify(runs/gap_sac_20260430_234251) by extension 'ignore'
[0.271s] Level 1:colcon.colcon_core.package_identification:_identify(runs/gap_sac_20260430_234251) by extension 'ignore_ament_install'
[0.271s] Level 1:colcon.colcon_core.package_identification:_identify(runs/gap_sac_20260430_234251) by extensions ['colcon_pkg']
[0.271s] Level 1:colcon.colcon_core.package_identification:_identify(runs/gap_sac_20260430_234251) by extension 'colcon_pkg'
[0.271s] Level 1:colcon.colcon_core.package_identification:_identify(runs/gap_sac_20260430_234251) by extensions ['colcon_meta']
[0.271s] Level 1:colcon.colcon_core.package_identification:_identify(runs/gap_sac_20260430_234251) by extension 'colcon_meta'
[0.271s] Level 1:colcon.colcon_core.package_identification:_identify(runs/gap_sac_20260430_234251) by extensions ['ros']
[0.271s] Level 1:colcon.colcon_core.package_identification:_identify(runs/gap_sac_20260430_234251) by extension 'ros'
[0.271s] Level 1:colcon.colcon_core.package_identification:_identify(runs/gap_sac_20260430_234251) by extensions ['cmake', 'python']
[0.271s] Level 1:colcon.colcon_core.package_identification:_identify(runs/gap_sac_20260430_234251) by extension 'cmake'
[0.271s] Level 1:colcon.colcon_core.package_identification:_identify(runs/gap_sac_20260430_234251) by extension 'python'
[0.271s] Level 1:colcon.colcon_core.package_identification:_identify(runs/gap_sac_20260430_234251) by extensions ['python_setup_py']
[0.271s] Level 1:colcon.colcon_core.package_identification:_identify(runs/gap_sac_20260430_234251) by extension 'python_setup_py'
[0.271s] Level 1:colcon.colcon_core.package_identification:_identify(runs/gap_sac_20260502_145623) by extensions ['ignore', 'ignore_ament_install']
[0.299s] Level 1:colcon.colcon_core.package_identification:_identify(runs/gap_sac_20260502_145623) by extension 'ignore'
[0.299s] Level 1:colcon.colcon_core.package_identification:_identify(runs/gap_sac_20260502_145623) by extension 'ignore_ament_install'
[0.300s] Level 1:colcon.colcon_core.package_identification:_identify(runs/gap_sac_20260502_145623) by extensions ['colcon_pkg']
[0.300s] Level 1:colcon.colcon_core.package_identification:_identify(runs/gap_sac_20260502_145623) by extension 'colcon_pkg'
[0.300s] Level 1:colcon.colcon_core.package_identification:_identify(runs/gap_sac_20260502_145623) by extensions ['colcon_meta']
[0.300s] Level 1:colcon.colcon_core.package_identification:_identify(runs/gap_sac_20260502_145623) by extension 'colcon_meta'
[0.300s] Level 1:colcon.colcon_core.package_identification:_identify(runs/gap_sac_20260502_145623) by extensions ['ros']
[0.300s] Level 1:colcon.colcon_core.package_identification:_identify(runs/gap_sac_20260502_145623) by extension 'ros'
[0.300s] Level 1:colcon.colcon_core.package_identification:_identify(runs/gap_sac_20260502_145623) by extensions ['cmake', 'python']
[0.300s] Level 1:colcon.colcon_core.package_identification:_identify(runs/gap_sac_20260502_145623) by extension 'cmake'
[0.300s] Level 1:colcon.colcon_core.package_identification:_identify(runs/gap_sac_20260502_145623) by extension 'python'
[0.300s] Level 1:colcon.colcon_core.package_identification:_identify(runs/gap_sac_20260502_145623) by extensions ['python_setup_py']
[0.300s] Level 1:colcon.colcon_core.package_identification:_identify(runs/gap_sac_20260502_145623) by extension 'python_setup_py'
[0.300s] Level 1:colcon.colcon_core.package_identification:_identify(runs/gap_sac_20260502_221944) by extensions ['ignore', 'ignore_ament_install']
[0.300s] Level 1:colcon.colcon_core.package_identification:_identify(runs/gap_sac_20260502_221944) by extension 'ignore'
[0.300s] Level 1:colcon.colcon_core.package_identification:_identify(runs/gap_sac_20260502_221944) by extension 'ignore_ament_install'
[0.300s] Level 1:colcon.colcon_core.package_identification:_identify(runs/gap_sac_20260502_221944) by extensions ['colcon_pkg']
[0.300s] Level 1:colcon.colcon_core.package_identification:_identify(runs/gap_sac_20260502_221944) by extension 'colcon_pkg'
[0.300s] Level 1:colcon.colcon_core.package_identification:_identify(runs/gap_sac_20260502_221944) by extensions ['colcon_meta']
[0.300s] Level 1:colcon.colcon_core.package_identification:_identify(runs/gap_sac_20260502_221944) by extension 'colcon_meta'
[0.300s] Level 1:colcon.colcon_core.package_identification:_identify(runs/gap_sac_20260502_221944) by extensions ['ros']
[0.300s] Level 1:colcon.colcon_core.package_identification:_identify(runs/gap_sac_20260502_221944) by extension 'ros'
[0.300s] Level 1:colcon.colcon_core.package_identification:_identify(runs/gap_sac_20260502_221944) by extensions ['cmake', 'python']
[0.300s] Level 1:colcon.colcon_core.package_identification:_identify(runs/gap_sac_20260502_221944) by extension 'cmake'
[0.300s] Level 1:colcon.colcon_core.package_identification:_identify(runs/gap_sac_20260502_221944) by extension 'python'
[0.300s] Level 1:colcon.colcon_core.package_identification:_identify(runs/gap_sac_20260502_221944) by extensions ['python_setup_py']
[0.300s] Level 1:colcon.colcon_core.package_identification:_identify(runs/gap_sac_20260502_221944) by extension 'python_setup_py'
[0.300s] Level 1:colcon.colcon_core.package_identification:_identify(runs/gap_sac_20260503_105341) by extensions ['ignore', 'ignore_ament_install']
[0.301s] Level 1:colcon.colcon_core.package_identification:_identify(runs/gap_sac_20260503_105341) by extension 'ignore'
[0.301s] Level 1:colcon.colcon_core.package_identification:_identify(runs/gap_sac_20260503_105341) by extension 'ignore_ament_install'
[0.301s] Level 1:colcon.colcon_core.package_identification:_identify(runs/gap_sac_20260503_105341) by extensions ['colcon_pkg']
[0.301s] Level 1:colcon.colcon_core.package_identification:_identify(runs/gap_sac_20260503_105341) by extension 'colcon_pkg'
[0.301s] Level 1:colcon.colcon_core.package_identification:_identify(runs/gap_sac_20260503_105341) by extensions ['colcon_meta']
[0.301s] Level 1:colcon.colcon_core.package_identification:_identify(runs/gap_sac_20260503_105341) by extension 'colcon_meta'
[0.301s] Level 1:colcon.colcon_core.package_identification:_identify(runs/gap_sac_20260503_105341) by extensions ['ros']
[0.301s] Level 1:colcon.colcon_core.package_identification:_identify(runs/gap_sac_20260503_105341) by extension 'ros'
[0.301s] Level 1:colcon.colcon_core.package_identification:_identify(runs/gap_sac_20260503_105341) by extensions ['cmake', 'python']
[0.301s] Level 1:colcon.colcon_core.package_identification:_identify(runs/gap_sac_20260503_105341) by extension 'cmake'
[0.301s] Level 1:colcon.colcon_core.package_identification:_identify(runs/gap_sac_20260503_105341) by extension 'python'
[0.301s] Level 1:colcon.colcon_core.package_identification:_identify(runs/gap_sac_20260503_105341) by extensions ['python_setup_py']
[0.301s] Level 1:colcon.colcon_core.package_identification:_identify(runs/gap_sac_20260503_105341) by extension 'python_setup_py'
[0.301s] Level 1:colcon.colcon_core.package_identification:_identify(runs/gap_sac_20260503_120107) by extensions ['ignore', 'ignore_ament_install']
[0.301s] Level 1:colcon.colcon_core.package_identification:_identify(runs/gap_sac_20260503_120107) by extension 'ignore'
[0.301s] Level 1:colcon.colcon_core.package_identification:_identify(runs/gap_sac_20260503_120107) by extension 'ignore_ament_install'
[0.301s] Level 1:colcon.colcon_core.package_identification:_identify(runs/gap_sac_20260503_120107) by extensions ['colcon_pkg']
[0.301s] Level 1:colcon.colcon_core.package_identification:_identify(runs/gap_sac_20260503_120107) by extension 'colcon_pkg'
[0.301s] Level 1:colcon.colcon_core.package_identification:_identify(runs/gap_sac_20260503_120107) by extensions ['colcon_meta']
[0.301s] Level 1:colcon.colcon_core.package_identification:_identify(runs/gap_sac_20260503_120107) by extension 'colcon_meta'
[0.301s] Level 1:colcon.colcon_core.package_identification:_identify(runs/gap_sac_20260503_120107) by extensions ['ros']
[0.301s] Level 1:colcon.colcon_core.package_identification:_identify(runs/gap_sac_20260503_120107) by extension 'ros'
[0.301s] Level 1:colcon.colcon_core.package_identification:_identify(runs/gap_sac_20260503_120107) by extensions ['cmake', 'python']
[0.301s] Level 1:colcon.colcon_core.package_identification:_identify(runs/gap_sac_20260503_120107) by extension 'cmake'
[0.301s] Level 1:colcon.colcon_core.package_identification:_identify(runs/gap_sac_20260503_120107) by extension 'python'
[0.301s] Level 1:colcon.colcon_core.package_identification:_identify(runs/gap_sac_20260503_120107) by extensions ['python_setup_py']
[0.301s] Level 1:colcon.colcon_core.package_identification:_identify(runs/gap_sac_20260503_120107) by extension 'python_setup_py'
[0.301s] Level 1:colcon.colcon_core.package_identification:_identify(runs/gap_sac_20260503_125608) by extensions ['ignore', 'ignore_ament_install']
[0.301s] Level 1:colcon.colcon_core.package_identification:_identify(runs/gap_sac_20260503_125608) by extension 'ignore'
[0.301s] Level 1:colcon.colcon_core.package_identification:_identify(runs/gap_sac_20260503_125608) by extension 'ignore_ament_install'
[0.301s] Level 1:colcon.colcon_core.package_identification:_identify(runs/gap_sac_20260503_125608) by extensions ['colcon_pkg']
[0.301s] Level 1:colcon.colcon_core.package_identification:_identify(runs/gap_sac_20260503_125608) by extension 'colcon_pkg'
[0.301s] Level 1:colcon.colcon_core.package_identification:_identify(runs/gap_sac_20260503_125608) by extensions ['colcon_meta']
[0.301s] Level 1:colcon.colcon_core.package_identification:_identify(runs/gap_sac_20260503_125608) by extension 'colcon_meta'
[0.301s] Level 1:colcon.colcon_core.package_identification:_identify(runs/gap_sac_20260503_125608) by extensions ['ros']
[0.301s] Level 1:colcon.colcon_core.package_identification:_identify(runs/gap_sac_20260503_125608) by extension 'ros'
[0.302s] Level 1:colcon.colcon_core.package_identification:_identify(runs/gap_sac_20260503_125608) by extensions ['cmake', 'python']
[0.302s] Level 1:colcon.colcon_core.package_identification:_identify(runs/gap_sac_20260503_125608) by extension 'cmake'
[0.302s] Level 1:colcon.colcon_core.package_identification:_identify(runs/gap_sac_20260503_125608) by extension 'python'
[0.302s] Level 1:colcon.colcon_core.package_identification:_identify(runs/gap_sac_20260503_125608) by extensions ['python_setup_py']
[0.302s] Level 1:colcon.colcon_core.package_identification:_identify(runs/gap_sac_20260503_125608) by extension 'python_setup_py'
[0.302s] Level 1:colcon.colcon_core.package_identification:_identify(runs/gap_sac_20260503_143312) by extensions ['ignore', 'ignore_ament_install']
[0.302s] Level 1:colcon.colcon_core.package_identification:_identify(runs/gap_sac_20260503_143312) by extension 'ignore'
[0.302s] Level 1:colcon.colcon_core.package_identification:_identify(runs/gap_sac_20260503_143312) by extension 'ignore_ament_install'
[0.302s] Level 1:colcon.colcon_core.package_identification:_identify(runs/gap_sac_20260503_143312) by extensions ['colcon_pkg']
[0.302s] Level 1:colcon.colcon_core.package_identification:_identify(runs/gap_sac_20260503_143312) by extension 'colcon_pkg'
[0.302s] Level 1:colcon.colcon_core.package_identification:_identify(runs/gap_sac_20260503_143312) by extensions ['colcon_meta']
[0.302s] Level 1:colcon.colcon_core.package_identification:_identify(runs/gap_sac_20260503_143312) by extension 'colcon_meta'
[0.302s] Level 1:colcon.colcon_core.package_identification:_identify(runs/gap_sac_20260503_143312) by extensions ['ros']
[0.302s] Level 1:colcon.colcon_core.package_identification:_identify(runs/gap_sac_20260503_143312) by extension 'ros'
[0.302s] Level 1:colcon.colcon_core.package_identification:_identify(runs/gap_sac_20260503_143312) by extensions ['cmake', 'python']
[0.302s] Level 1:colcon.colcon_core.package_identification:_identify(runs/gap_sac_20260503_143312) by extension 'cmake'
[0.302s] Level 1:colcon.colcon_core.package_identification:_identify(runs/gap_sac_20260503_143312) by extension 'python'
[0.302s] Level 1:colcon.colcon_core.package_identification:_identify(runs/gap_sac_20260503_143312) by extensions ['python_setup_py']
[0.302s] Level 1:colcon.colcon_core.package_identification:_identify(runs/gap_sac_20260503_143312) by extension 'python_setup_py'
[0.302s] Level 1:colcon.colcon_core.package_identification:_identify(runs/gap_sac_20260503_164614) by extensions ['ignore', 'ignore_ament_install']
[0.302s] Level 1:colcon.colcon_core.package_identification:_identify(runs/gap_sac_20260503_164614) by extension 'ignore'
[0.302s] Level 1:colcon.colcon_core.package_identification:_identify(runs/gap_sac_20260503_164614) by extension 'ignore_ament_install'
[0.302s] Level 1:colcon.colcon_core.package_identification:_identify(runs/gap_sac_20260503_164614) by extensions ['colcon_pkg']
[0.302s] Level 1:colcon.colcon_core.package_identification:_identify(runs/gap_sac_20260503_164614) by extension 'colcon_pkg'
[0.302s] Level 1:colcon.colcon_core.package_identification:_identify(runs/gap_sac_20260503_164614) by extensions ['colcon_meta']
[0.302s] Level 1:colcon.colcon_core.package_identification:_identify(runs/gap_sac_20260503_164614) by extension 'colcon_meta'
[0.302s] Level 1:colcon.colcon_core.package_identification:_identify(runs/gap_sac_20260503_164614) by extensions ['ros']
[0.302s] Level 1:colcon.colcon_core.package_identification:_identify(runs/gap_sac_20260503_164614) by extension 'ros'
[0.302s] Level 1:colcon.colcon_core.package_identification:_identify(runs/gap_sac_20260503_164614) by extensions ['cmake', 'python']
[0.302s] Level 1:colcon.colcon_core.package_identification:_identify(runs/gap_sac_20260503_164614) by extension 'cmake'
[0.302s] Level 1:colcon.colcon_core.package_identification:_identify(runs/gap_sac_20260503_164614) by extension 'python'
[0.302s] Level 1:colcon.colcon_core.package_identification:_identify(runs/gap_sac_20260503_164614) by extensions ['python_setup_py']
[0.302s] Level 1:colcon.colcon_core.package_identification:_identify(runs/gap_sac_20260503_164614) by extension 'python_setup_py'
[0.302s] Level 1:colcon.colcon_core.package_identification:_identify(runs/gap_sac_20260504_233207) by extensions ['ignore', 'ignore_ament_install']
[0.302s] Level 1:colcon.colcon_core.package_identification:_identify(runs/gap_sac_20260504_233207) by extension 'ignore'
[0.303s] Level 1:colcon.colcon_core.package_identification:_identify(runs/gap_sac_20260504_233207) by extension 'ignore_ament_install'
[0.303s] Level 1:colcon.colcon_core.package_identification:_identify(runs/gap_sac_20260504_233207) by extensions ['colcon_pkg']
[0.303s] Level 1:colcon.colcon_core.package_identification:_identify(runs/gap_sac_20260504_233207) by extension 'colcon_pkg'
[0.303s] Level 1:colcon.colcon_core.package_identification:_identify(runs/gap_sac_20260504_233207) by extensions ['colcon_meta']
[0.303s] Level 1:colcon.colcon_core.package_identification:_identify(runs/gap_sac_20260504_233207) by extension 'colcon_meta'
[0.303s] Level 1:colcon.colcon_core.package_identification:_identify(runs/gap_sac_20260504_233207) by extensions ['ros']
[0.303s] Level 1:colcon.colcon_core.package_identification:_identify(runs/gap_sac_20260504_233207) by extension 'ros'
[0.303s] Level 1:colcon.colcon_core.package_identification:_identify(runs/gap_sac_20260504_233207) by extensions ['cmake', 'python']
[0.303s] Level 1:colcon.colcon_core.package_identification:_identify(runs/gap_sac_20260504_233207) by extension 'cmake'
[0.303s] Level 1:colcon.colcon_core.package_identification:_identify(runs/gap_sac_20260504_233207) by extension 'python'
[0.303s] Level 1:colcon.colcon_core.package_identification:_identify(runs/gap_sac_20260504_233207) by extensions ['python_setup_py']
[0.303s] Level 1:colcon.colcon_core.package_identification:_identify(runs/gap_sac_20260504_233207) by extension 'python_setup_py'
[0.303s] Level 1:colcon.colcon_core.package_identification:_identify(runs/gap_sac_20260506_000851) by extensions ['ignore', 'ignore_ament_install']
[0.303s] Level 1:colcon.colcon_core.package_identification:_identify(runs/gap_sac_20260506_000851) by extension 'ignore'
[0.303s] Level 1:colcon.colcon_core.package_identification:_identify(runs/gap_sac_20260506_000851) by extension 'ignore_ament_install'
[0.303s] Level 1:colcon.colcon_core.package_identification:_identify(runs/gap_sac_20260506_000851) by extensions ['colcon_pkg']
[0.303s] Level 1:colcon.colcon_core.package_identification:_identify(runs/gap_sac_20260506_000851) by extension 'colcon_pkg'
[0.303s] Level 1:colcon.colcon_core.package_identification:_identify(runs/gap_sac_20260506_000851) by extensions ['colcon_meta']
[0.303s] Level 1:colcon.colcon_core.package_identification:_identify(runs/gap_sac_20260506_000851) by extension 'colcon_meta'
[0.303s] Level 1:colcon.colcon_core.package_identification:_identify(runs/gap_sac_20260506_000851) by extensions ['ros']
[0.303s] Level 1:colcon.colcon_core.package_identification:_identify(runs/gap_sac_20260506_000851) by extension 'ros'
[0.303s] Level 1:colcon.colcon_core.package_identification:_identify(runs/gap_sac_20260506_000851) by extensions ['cmake', 'python']
[0.303s] Level 1:colcon.colcon_core.package_identification:_identify(runs/gap_sac_20260506_000851) by extension 'cmake'
[0.303s] Level 1:colcon.colcon_core.package_identification:_identify(runs/gap_sac_20260506_000851) by extension 'python'
[0.303s] Level 1:colcon.colcon_core.package_identification:_identify(runs/gap_sac_20260506_000851) by extensions ['python_setup_py']
[0.303s] Level 1:colcon.colcon_core.package_identification:_identify(runs/gap_sac_20260506_000851) by extension 'python_setup_py'
[0.303s] Level 1:colcon.colcon_core.package_identification:_identify(src) by extensions ['ignore', 'ignore_ament_install']
[0.303s] Level 1:colcon.colcon_core.package_identification:_identify(src) by extension 'ignore'
[0.303s] Level 1:colcon.colcon_core.package_identification:_identify(src) by extension 'ignore_ament_install'
[0.303s] Level 1:colcon.colcon_core.package_identification:_identify(src) by extensions ['colcon_pkg']
[0.303s] Level 1:colcon.colcon_core.package_identification:_identify(src) by extension 'colcon_pkg'
[0.303s] Level 1:colcon.colcon_core.package_identification:_identify(src) by extensions ['colcon_meta']
[0.303s] Level 1:colcon.colcon_core.package_identification:_identify(src) by extension 'colcon_meta'
[0.303s] Level 1:colcon.colcon_core.package_identification:_identify(src) by extensions ['ros']
[0.303s] Level 1:colcon.colcon_core.package_identification:_identify(src) by extension 'ros'
[0.303s] Level 1:colcon.colcon_core.package_identification:_identify(src) by extensions ['cmake', 'python']
[0.303s] Level 1:colcon.colcon_core.package_identification:_identify(src) by extension 'cmake'
[0.303s] Level 1:colcon.colcon_core.package_identification:_identify(src) by extension 'python'
[0.303s] Level 1:colcon.colcon_core.package_identification:_identify(src) by extensions ['python_setup_py']
[0.303s] Level 1:colcon.colcon_core.package_identification:_identify(src) by extension 'python_setup_py'
[0.304s] Level 1:colcon.colcon_core.package_identification:_identify(src/turtlebot3_drl_local_planner) by extensions ['ignore', 'ignore_ament_install']
[0.304s] Level 1:colcon.colcon_core.package_identification:_identify(src/turtlebot3_drl_local_planner) by extension 'ignore'
[0.304s] Level 1:colcon.colcon_core.package_identification:_identify(src/turtlebot3_drl_local_planner) by extension 'ignore_ament_install'
[0.304s] Level 1:colcon.colcon_core.package_identification:_identify(src/turtlebot3_drl_local_planner) by extensions ['colcon_pkg']
[0.304s] Level 1:colcon.colcon_core.package_identification:_identify(src/turtlebot3_drl_local_planner) by extension 'colcon_pkg'
[0.304s] Level 1:colcon.colcon_core.package_identification:_identify(src/turtlebot3_drl_local_planner) by extensions ['colcon_meta']
[0.304s] Level 1:colcon.colcon_core.package_identification:_identify(src/turtlebot3_drl_local_planner) by extension 'colcon_meta'
[0.304s] Level 1:colcon.colcon_core.package_identification:_identify(src/turtlebot3_drl_local_planner) by extensions ['ros']
[0.304s] Level 1:colcon.colcon_core.package_identification:_identify(src/turtlebot3_drl_local_planner) by extension 'ros'
[0.308s] DEBUG:colcon.colcon_core.package_identification:Package 'src/turtlebot3_drl_local_planner' with type 'ros.ament_python' and name 'turtlebot3_drl_local_planner'
[0.308s] Level 1:colcon.colcon_core.package_identification:_identify(src/turtlebot3_drl_nav2_controller) by extensions ['ignore', 'ignore_ament_install']
[0.309s] Level 1:colcon.colcon_core.package_identification:_identify(src/turtlebot3_drl_nav2_controller) by extension 'ignore'
[0.309s] Level 1:colcon.colcon_core.package_identification:_identify(src/turtlebot3_drl_nav2_controller) by extension 'ignore_ament_install'
[0.309s] Level 1:colcon.colcon_core.package_identification:_identify(src/turtlebot3_drl_nav2_controller) by extensions ['colcon_pkg']
[0.309s] Level 1:colcon.colcon_core.package_identification:_identify(src/turtlebot3_drl_nav2_controller) by extension 'colcon_pkg'
[0.309s] Level 1:colcon.colcon_core.package_identification:_identify(src/turtlebot3_drl_nav2_controller) by extensions ['colcon_meta']
[0.309s] Level 1:colcon.colcon_core.package_identification:_identify(src/turtlebot3_drl_nav2_controller) by extension 'colcon_meta'
[0.309s] Level 1:colcon.colcon_core.package_identification:_identify(src/turtlebot3_drl_nav2_controller) by extensions ['ros']
[0.309s] Level 1:colcon.colcon_core.package_identification:_identify(src/turtlebot3_drl_nav2_controller) by extension 'ros'
[0.310s] DEBUG:colcon.colcon_core.package_identification:Package 'src/turtlebot3_drl_nav2_controller' with type 'ros.ament_cmake' and name 'turtlebot3_drl_nav2_controller'
[0.311s] Level 1:colcon.colcon_core.package_identification:_identify(src/turtlebot3_gazebo) by extensions ['ignore', 'ignore_ament_install']
[0.311s] Level 1:colcon.colcon_core.package_identification:_identify(src/turtlebot3_gazebo) by extension 'ignore'
[0.311s] Level 1:colcon.colcon_core.package_identification:_identify(src/turtlebot3_gazebo) by extension 'ignore_ament_install'
[0.311s] Level 1:colcon.colcon_core.package_identification:_identify(src/turtlebot3_gazebo) by extensions ['colcon_pkg']
[0.311s] Level 1:colcon.colcon_core.package_identification:_identify(src/turtlebot3_gazebo) by extension 'colcon_pkg'
[0.311s] Level 1:colcon.colcon_core.package_identification:_identify(src/turtlebot3_gazebo) by extensions ['colcon_meta']
[0.311s] Level 1:colcon.colcon_core.package_identification:_identify(src/turtlebot3_gazebo) by extension 'colcon_meta'
[0.311s] Level 1:colcon.colcon_core.package_identification:_identify(src/turtlebot3_gazebo) by extensions ['ros']
[0.311s] Level 1:colcon.colcon_core.package_identification:_identify(src/turtlebot3_gazebo) by extension 'ros'
[0.312s] DEBUG:colcon.colcon_core.package_identification:Package 'src/turtlebot3_gazebo' with type 'ros.ament_cmake' and name 'turtlebot3_gazebo'
[0.312s] Level 1:colcon.colcon_core.package_discovery:discover_packages(recursive) using defaults
[0.312s] Level 1:colcon.colcon_core.package_discovery:discover_packages(ignore) discover
[0.312s] Level 1:colcon.colcon_core.package_discovery:discover_packages(ignore) using defaults
[0.312s] Level 1:colcon.colcon_core.package_discovery:discover_packages(path) discover
[0.312s] Level 1:colcon.colcon_core.package_discovery:discover_packages(path) using defaults
[0.327s] INFO:colcon.colcon_core.package_selection:Skipping not selected package 'turtlebot3_drl_nav2_controller' in 'src/turtlebot3_drl_nav2_controller'
[0.328s] Level 1:colcon.colcon_core.package_discovery:discover_packages(prefix_path) check parameters
[0.328s] Level 1:colcon.colcon_core.package_discovery:discover_packages(prefix_path) discover
[0.330s] DEBUG:colcon.colcon_installed_package_information.package_discovery:Found 448 installed packages in /opt/ros/humble
[0.332s] Level 1:colcon.colcon_core.package_discovery:discover_packages(prefix_path) using defaults
[0.370s] WARNING:colcon.colcon_core.package_selection:Some selected packages are already built in one or more underlay workspaces:
	'turtlebot3_gazebo' is in: /opt/ros/humble
If a package in a merged underlay workspace is overridden and it installs headers, then all packages in the overlay must sort their include directories by workspace order. Failure to do so may result in build failures or undefined behavior at run time.
If the overridden package is used by another package in any underlay, then the overriding package in the overlay must be API and ABI compatible or undefined behavior at run time may occur.

If you understand the risks and want to override a package anyways, add the following to the command line:
	--allow-overriding turtlebot3_gazebo

This may be promoted to an error in a future release of colcon-override-check.
[0.371s] Level 5:colcon.colcon_core.verb:set package 'turtlebot3_drl_local_planner' build argument 'cmake_args' from command line to 'None'
[0.371s] Level 5:colcon.colcon_core.verb:set package 'turtlebot3_drl_local_planner' build argument 'cmake_target' from command line to 'None'
[0.371s] Level 5:colcon.colcon_core.verb:set package 'turtlebot3_drl_local_planner' build argument 'cmake_target_skip_unavailable' from command line to 'False'
[0.371s] Level 5:colcon.colcon_core.verb:set package 'turtlebot3_drl_local_planner' build argument 'cmake_clean_cache' from command line to 'False'
[0.371s] Level 5:colcon.colcon_core.verb:set package 'turtlebot3_drl_local_planner' build argument 'cmake_clean_first' from command line to 'False'
[0.371s] Level 5:colcon.colcon_core.verb:set package 'turtlebot3_drl_local_planner' build argument 'cmake_force_configure' from command line to 'False'
[0.371s] Level 5:colcon.colcon_core.verb:set package 'turtlebot3_drl_local_planner' build argument 'ament_cmake_args' from command line to 'None'
[0.371s] Level 5:colcon.colcon_core.verb:set package 'turtlebot3_drl_local_planner' build argument 'catkin_cmake_args' from command line to 'None'
[0.371s] Level 5:colcon.colcon_core.verb:set package 'turtlebot3_drl_local_planner' build argument 'catkin_skip_building_tests' from command line to 'False'
[0.371s] DEBUG:colcon.colcon_core.verb:Building package 'turtlebot3_drl_local_planner' with the following arguments: {'ament_cmake_args': None, 'build_base': '/home/hug/tb3_sim_ws/build/turtlebot3_drl_local_planner', 'catkin_cmake_args': None, 'catkin_skip_building_tests': False, 'cmake_args': None, 'cmake_clean_cache': False, 'cmake_clean_first': False, 'cmake_force_configure': False, 'cmake_target': None, 'cmake_target_skip_unavailable': False, 'install_base': '/home/hug/tb3_sim_ws/install/turtlebot3_drl_local_planner', 'merge_install': False, 'path': '/home/hug/tb3_sim_ws/src/turtlebot3_drl_local_planner', 'symlink_install': True, 'test_result_base': None}
[0.372s] Level 5:colcon.colcon_core.verb:set package 'turtlebot3_gazebo' build argument 'cmake_args' from command line to 'None'
[0.372s] Level 5:colcon.colcon_core.verb:set package 'turtlebot3_gazebo' build argument 'cmake_target' from command line to 'None'
[0.372s] Level 5:colcon.colcon_core.verb:set package 'turtlebot3_gazebo' build argument 'cmake_target_skip_unavailable' from command line to 'False'
[0.372s] Level 5:colcon.colcon_core.verb:set package 'turtlebot3_gazebo' build argument 'cmake_clean_cache' from command line to 'False'
[0.372s] Level 5:colcon.colcon_core.verb:set package 'turtlebot3_gazebo' build argument 'cmake_clean_first' from command line to 'False'
[0.372s] Level 5:colcon.colcon_core.verb:set package 'turtlebot3_gazebo' build argument 'cmake_force_configure' from command line to 'False'
[0.372s] Level 5:colcon.colcon_core.verb:set package 'turtlebot3_gazebo' build argument 'ament_cmake_args' from command line to 'None'
[0.372s] Level 5:colcon.colcon_core.verb:set package 'turtlebot3_gazebo' build argument 'catkin_cmake_args' from command line to 'None'
[0.372s] Level 5:colcon.colcon_core.verb:set package 'turtlebot3_gazebo' build argument 'catkin_skip_building_tests' from command line to 'False'
[0.372s] DEBUG:colcon.colcon_core.verb:Building package 'turtlebot3_gazebo' with the following arguments: {'ament_cmake_args': None, 'build_base': '/home/hug/tb3_sim_ws/build/turtlebot3_gazebo', 'catkin_cmake_args': None, 'catkin_skip_building_tests': False, 'cmake_args': None, 'cmake_clean_cache': False, 'cmake_clean_first': False, 'cmake_force_configure': False, 'cmake_target': None, 'cmake_target_skip_unavailable': False, 'install_base': '/home/hug/tb3_sim_ws/install/turtlebot3_gazebo', 'merge_install': False, 'path': '/home/hug/tb3_sim_ws/src/turtlebot3_gazebo', 'symlink_install': True, 'test_result_base': None}
[0.372s] INFO:colcon.colcon_core.executor:Executing jobs using 'parallel' executor
[0.374s] DEBUG:colcon.colcon_parallel_executor.executor.parallel:run_until_complete
[0.374s] INFO:colcon.colcon_ros.task.ament_python.build:Building ROS package in '/home/hug/tb3_sim_ws/src/turtlebot3_drl_local_planner' with build type 'ament_python'
[0.374s] Level 1:colcon.colcon_core.shell:create_environment_hook('turtlebot3_drl_local_planner', 'ament_prefix_path')
[0.378s] INFO:colcon.colcon_core.plugin_system:Skipping extension 'colcon_core.shell.bat': Not used on non-Windows systems
[0.378s] INFO:colcon.colcon_core.shell:Creating environment hook '/home/hug/tb3_sim_ws/install/turtlebot3_drl_local_planner/share/turtlebot3_drl_local_planner/hook/ament_prefix_path.ps1'
[0.379s] INFO:colcon.colcon_core.shell:Creating environment descriptor '/home/hug/tb3_sim_ws/install/turtlebot3_drl_local_planner/share/turtlebot3_drl_local_planner/hook/ament_prefix_path.dsv'
[0.379s] INFO:colcon.colcon_core.shell:Creating environment hook '/home/hug/tb3_sim_ws/install/turtlebot3_drl_local_planner/share/turtlebot3_drl_local_planner/hook/ament_prefix_path.sh'
[0.380s] INFO:colcon.colcon_core.shell:Skip shell extension 'powershell' for command environment: Not usable outside of PowerShell
[0.380s] DEBUG:colcon.colcon_core.shell:Skip shell extension 'dsv' for command environment
[0.622s] INFO:colcon.colcon_core.task.python.build:Building Python package in '/home/hug/tb3_sim_ws/src/turtlebot3_drl_local_planner'
[0.623s] INFO:colcon.colcon_core.shell:Skip shell extension 'powershell' for command environment: Not usable outside of PowerShell
[0.623s] DEBUG:colcon.colcon_core.shell:Skip shell extension 'dsv' for command environment
[1.029s] DEBUG:colcon.colcon_core.task.python.build:While undoing a previous installation files outside the Python library path are being ignored: /home/hug/tb3_sim_ws/install/turtlebot3_drl_local_planner/share/ament_index/resource_index/packages/turtlebot3_drl_local_planner
[1.029s] DEBUG:colcon.colcon_core.task.python.build:While undoing a previous installation files outside the Python library path are being ignored: /home/hug/tb3_sim_ws/install/turtlebot3_drl_local_planner/share/turtlebot3_drl_local_planner/package.xml
[1.029s] DEBUG:colcon.colcon_core.task.python.build:While undoing a previous installation files outside the Python library path are being ignored: /home/hug/tb3_sim_ws/install/turtlebot3_drl_local_planner/share/turtlebot3_drl_local_planner/README.md
[1.029s] DEBUG:colcon.colcon_core.task.python.build:While undoing a previous installation files outside the Python library path are being ignored: /home/hug/tb3_sim_ws/install/turtlebot3_drl_local_planner/share/turtlebot3_drl_local_planner/config/gap_sac.yaml
[1.029s] DEBUG:colcon.colcon_core.task.python.build:While undoing a previous installation files outside the Python library path are being ignored: /home/hug/tb3_sim_ws/install/turtlebot3_drl_local_planner/share/turtlebot3_drl_local_planner/launch/drl_nav2_replacement.launch.py
[1.029s] DEBUG:colcon.colcon_core.task.python.build:While undoing a previous installation files outside the Python library path are being ignored: /home/hug/tb3_sim_ws/install/turtlebot3_drl_local_planner/share/turtlebot3_drl_local_planner/launch/drl_controller.launch.py
[1.029s] DEBUG:colcon.colcon_core.task.python.build:While undoing a previous installation files outside the Python library path are being ignored: /home/hug/tb3_sim_ws/install/turtlebot3_drl_local_planner/share/turtlebot3_drl_local_planner/launch/train_gap_sac.launch.py
[1.029s] DEBUG:colcon.colcon_core.task.python.build:While undoing a previous installation files outside the Python library path are being ignored: /home/hug/tb3_sim_ws/install/turtlebot3_drl_local_planner/share/turtlebot3_drl_local_planner/launch/eval_gap_sac.launch.py
[1.029s] DEBUG:colcon.colcon_core.task.python.build:While undoing a previous installation files outside the Python library path are being ignored: /home/hug/tb3_sim_ws/install/turtlebot3_drl_local_planner/lib/turtlebot3_drl_local_planner/drl_controller_node
[1.029s] DEBUG:colcon.colcon_core.task.python.build:While undoing a previous installation files outside the Python library path are being ignored: /home/hug/tb3_sim_ws/install/turtlebot3_drl_local_planner/lib/turtlebot3_drl_local_planner/eval_policy
[1.029s] DEBUG:colcon.colcon_core.task.python.build:While undoing a previous installation files outside the Python library path are being ignored: /home/hug/tb3_sim_ws/install/turtlebot3_drl_local_planner/lib/turtlebot3_drl_local_planner/eval_shadow_compare
[1.029s] DEBUG:colcon.colcon_core.task.python.build:While undoing a previous installation files outside the Python library path are being ignored: /home/hug/tb3_sim_ws/install/turtlebot3_drl_local_planner/lib/turtlebot3_drl_local_planner/export_policy
[1.029s] DEBUG:colcon.colcon_core.task.python.build:While undoing a previous installation files outside the Python library path are being ignored: /home/hug/tb3_sim_ws/install/turtlebot3_drl_local_planner/lib/turtlebot3_drl_local_planner/train_gap_sac
[1.034s] DEBUG:colcon.colcon_core.event_handler.log_command:Invoking command in '/home/hug/tb3_sim_ws/build/turtlebot3_drl_local_planner': PYTHONPATH=/home/hug/tb3_sim_ws/build/turtlebot3_drl_local_planner/prefix_override:/usr/lib/python3/dist-packages/colcon_core/task/python/colcon_distutils_commands:/home/hug/tb3_sim_ws/install/turtlebot3_drl_local_planner/lib/python3.10/site-packages:${PYTHONPATH} /usr/bin/python3 -W ignore:setup.py install is deprecated -W ignore:easy_install command is deprecated setup.py develop --editable --build-directory /home/hug/tb3_sim_ws/build/turtlebot3_drl_local_planner/build --no-deps symlink_data --force
[1.427s] Level 1:colcon.colcon_core.shell:create_environment_hook('turtlebot3_drl_local_planner', 'pythonpath_develop')
[1.427s] INFO:colcon.colcon_core.shell:Creating environment hook '/home/hug/tb3_sim_ws/build/turtlebot3_drl_local_planner/share/turtlebot3_drl_local_planner/hook/pythonpath_develop.ps1'
[1.428s] DEBUG:colcon.colcon_core.event_handler.log_command:Invoked command in '/home/hug/tb3_sim_ws/build/turtlebot3_drl_local_planner' returned '0': PYTHONPATH=/home/hug/tb3_sim_ws/build/turtlebot3_drl_local_planner/prefix_override:/usr/lib/python3/dist-packages/colcon_core/task/python/colcon_distutils_commands:/home/hug/tb3_sim_ws/install/turtlebot3_drl_local_planner/lib/python3.10/site-packages:${PYTHONPATH} /usr/bin/python3 -W ignore:setup.py install is deprecated -W ignore:easy_install command is deprecated setup.py develop --editable --build-directory /home/hug/tb3_sim_ws/build/turtlebot3_drl_local_planner/build --no-deps symlink_data --force
[1.428s] INFO:colcon.colcon_core.shell:Creating environment descriptor '/home/hug/tb3_sim_ws/build/turtlebot3_drl_local_planner/share/turtlebot3_drl_local_planner/hook/pythonpath_develop.dsv'
[1.428s] INFO:colcon.colcon_core.shell:Creating environment hook '/home/hug/tb3_sim_ws/build/turtlebot3_drl_local_planner/share/turtlebot3_drl_local_planner/hook/pythonpath_develop.sh'
[1.431s] Level 1:colcon.colcon_core.environment:checking '/home/hug/tb3_sim_ws/install/turtlebot3_drl_local_planner' for CMake module files
[1.432s] Level 1:colcon.colcon_core.environment:checking '/home/hug/tb3_sim_ws/install/turtlebot3_drl_local_planner' for CMake config files
[1.432s] Level 1:colcon.colcon_core.environment:checking '/home/hug/tb3_sim_ws/install/turtlebot3_drl_local_planner/lib'
[1.432s] Level 1:colcon.colcon_core.environment:checking '/home/hug/tb3_sim_ws/install/turtlebot3_drl_local_planner/bin'
[1.432s] Level 1:colcon.colcon_core.environment:checking '/home/hug/tb3_sim_ws/install/turtlebot3_drl_local_planner/lib/pkgconfig/turtlebot3_drl_local_planner.pc'
[1.432s] Level 1:colcon.colcon_core.environment:checking '/home/hug/tb3_sim_ws/install/turtlebot3_drl_local_planner/lib/python3.10/site-packages'
[1.432s] Level 1:colcon.colcon_core.shell:create_environment_hook('turtlebot3_drl_local_planner', 'pythonpath')
[1.432s] INFO:colcon.colcon_core.shell:Creating environment hook '/home/hug/tb3_sim_ws/install/turtlebot3_drl_local_planner/share/turtlebot3_drl_local_planner/hook/pythonpath.ps1'
[1.433s] INFO:colcon.colcon_core.shell:Creating environment descriptor '/home/hug/tb3_sim_ws/install/turtlebot3_drl_local_planner/share/turtlebot3_drl_local_planner/hook/pythonpath.dsv'
[1.433s] INFO:colcon.colcon_core.shell:Creating environment hook '/home/hug/tb3_sim_ws/install/turtlebot3_drl_local_planner/share/turtlebot3_drl_local_planner/hook/pythonpath.sh'
[1.433s] Level 1:colcon.colcon_core.environment:checking '/home/hug/tb3_sim_ws/install/turtlebot3_drl_local_planner/bin'
[1.433s] Level 1:colcon.colcon_core.environment:create_environment_scripts_only(turtlebot3_drl_local_planner)
[1.434s] INFO:colcon.colcon_core.shell:Creating package script '/home/hug/tb3_sim_ws/install/turtlebot3_drl_local_planner/share/turtlebot3_drl_local_planner/package.ps1'
[1.434s] INFO:colcon.colcon_core.shell:Creating package descriptor '/home/hug/tb3_sim_ws/install/turtlebot3_drl_local_planner/share/turtlebot3_drl_local_planner/package.dsv'
[1.434s] INFO:colcon.colcon_core.shell:Creating package script '/home/hug/tb3_sim_ws/install/turtlebot3_drl_local_planner/share/turtlebot3_drl_local_planner/package.sh'
[1.435s] INFO:colcon.colcon_core.shell:Creating package script '/home/hug/tb3_sim_ws/install/turtlebot3_drl_local_planner/share/turtlebot3_drl_local_planner/package.bash'
[1.435s] INFO:colcon.colcon_core.shell:Creating package script '/home/hug/tb3_sim_ws/install/turtlebot3_drl_local_planner/share/turtlebot3_drl_local_planner/package.zsh'
[1.436s] Level 1:colcon.colcon_core.environment:create_file_with_runtime_dependencies(/home/hug/tb3_sim_ws/install/turtlebot3_drl_local_planner/share/colcon-core/packages/turtlebot3_drl_local_planner)
[1.437s] INFO:colcon.colcon_ros.task.ament_cmake.build:Building ROS package in '/home/hug/tb3_sim_ws/src/turtlebot3_gazebo' with build type 'ament_cmake'
[1.437s] INFO:colcon.colcon_cmake.task.cmake.build:Building CMake package in '/home/hug/tb3_sim_ws/src/turtlebot3_gazebo'
[1.437s] INFO:colcon.colcon_core.shell:Skip shell extension 'powershell' for command environment: Not usable outside of PowerShell
[1.437s] DEBUG:colcon.colcon_core.shell:Skip shell extension 'dsv' for command environment
[1.446s] DEBUG:colcon.colcon_core.event_handler.log_command:Invoking command in '/home/hug/tb3_sim_ws/build/turtlebot3_gazebo': AMENT_PREFIX_PATH=/home/hug/tb3_sim_ws/install/turtlebot3_drl_local_planner:${AMENT_PREFIX_PATH} CMAKE_PREFIX_PATH=/opt/ros/humble PYTHONPATH=/home/hug/tb3_sim_ws/build/turtlebot3_drl_local_planner:/home/hug/tb3_sim_ws/install/turtlebot3_drl_local_planner/lib/python3.10/site-packages:${PYTHONPATH} /usr/bin/cmake /home/hug/tb3_sim_ws/src/turtlebot3_gazebo -DAMENT_CMAKE_SYMLINK_INSTALL=1 -DCMAKE_INSTALL_PREFIX=/home/hug/tb3_sim_ws/install/turtlebot3_gazebo
[2.503s] DEBUG:colcon.colcon_core.event_handler.log_command:Invoked command in '/home/hug/tb3_sim_ws/build/turtlebot3_gazebo' returned '0': AMENT_PREFIX_PATH=/home/hug/tb3_sim_ws/install/turtlebot3_drl_local_planner:${AMENT_PREFIX_PATH} CMAKE_PREFIX_PATH=/opt/ros/humble PYTHONPATH=/home/hug/tb3_sim_ws/build/turtlebot3_drl_local_planner:/home/hug/tb3_sim_ws/install/turtlebot3_drl_local_planner/lib/python3.10/site-packages:${PYTHONPATH} /usr/bin/cmake /home/hug/tb3_sim_ws/src/turtlebot3_gazebo -DAMENT_CMAKE_SYMLINK_INSTALL=1 -DCMAKE_INSTALL_PREFIX=/home/hug/tb3_sim_ws/install/turtlebot3_gazebo
[2.506s] DEBUG:colcon.colcon_core.event_handler.log_command:Invoking command in '/home/hug/tb3_sim_ws/build/turtlebot3_gazebo': AMENT_PREFIX_PATH=/home/hug/tb3_sim_ws/install/turtlebot3_drl_local_planner:${AMENT_PREFIX_PATH} CMAKE_PREFIX_PATH=/opt/ros/humble PYTHONPATH=/home/hug/tb3_sim_ws/build/turtlebot3_drl_local_planner:/home/hug/tb3_sim_ws/install/turtlebot3_drl_local_planner/lib/python3.10/site-packages:${PYTHONPATH} /usr/bin/cmake --build /home/hug/tb3_sim_ws/build/turtlebot3_gazebo -- -j16 -l16
[2.670s] DEBUG:colcon.colcon_core.event_handler.log_command:Invoked command in '/home/hug/tb3_sim_ws/build/turtlebot3_gazebo' returned '0': AMENT_PREFIX_PATH=/home/hug/tb3_sim_ws/install/turtlebot3_drl_local_planner:${AMENT_PREFIX_PATH} CMAKE_PREFIX_PATH=/opt/ros/humble PYTHONPATH=/home/hug/tb3_sim_ws/build/turtlebot3_drl_local_planner:/home/hug/tb3_sim_ws/install/turtlebot3_drl_local_planner/lib/python3.10/site-packages:${PYTHONPATH} /usr/bin/cmake --build /home/hug/tb3_sim_ws/build/turtlebot3_gazebo -- -j16 -l16
[2.680s] DEBUG:colcon.colcon_core.event_handler.log_command:Invoking command in '/home/hug/tb3_sim_ws/build/turtlebot3_gazebo': AMENT_PREFIX_PATH=/home/hug/tb3_sim_ws/install/turtlebot3_drl_local_planner:${AMENT_PREFIX_PATH} CMAKE_PREFIX_PATH=/opt/ros/humble PYTHONPATH=/home/hug/tb3_sim_ws/build/turtlebot3_drl_local_planner:/home/hug/tb3_sim_ws/install/turtlebot3_drl_local_planner/lib/python3.10/site-packages:${PYTHONPATH} /usr/bin/cmake --install /home/hug/tb3_sim_ws/build/turtlebot3_gazebo
[2.727s] Level 1:colcon.colcon_core.environment:create_environment_scripts_only(turtlebot3_gazebo)
[2.728s] Level 1:colcon.colcon_core.environment:checking '/home/hug/tb3_sim_ws/install/turtlebot3_gazebo' for CMake module files
[2.731s] Level 1:colcon.colcon_core.environment:checking '/home/hug/tb3_sim_ws/install/turtlebot3_gazebo' for CMake config files
[2.731s] DEBUG:colcon.colcon_core.event_handler.log_command:Invoked command in '/home/hug/tb3_sim_ws/build/turtlebot3_gazebo' returned '0': AMENT_PREFIX_PATH=/home/hug/tb3_sim_ws/install/turtlebot3_drl_local_planner:${AMENT_PREFIX_PATH} CMAKE_PREFIX_PATH=/opt/ros/humble PYTHONPATH=/home/hug/tb3_sim_ws/build/turtlebot3_drl_local_planner:/home/hug/tb3_sim_ws/install/turtlebot3_drl_local_planner/lib/python3.10/site-packages:${PYTHONPATH} /usr/bin/cmake --install /home/hug/tb3_sim_ws/build/turtlebot3_gazebo
[2.733s] Level 1:colcon.colcon_core.shell:create_environment_hook('turtlebot3_gazebo', 'cmake_prefix_path')
[2.733s] INFO:colcon.colcon_core.shell:Creating environment hook '/home/hug/tb3_sim_ws/install/turtlebot3_gazebo/share/turtlebot3_gazebo/hook/cmake_prefix_path.ps1'
[2.734s] INFO:colcon.colcon_core.shell:Creating environment descriptor '/home/hug/tb3_sim_ws/install/turtlebot3_gazebo/share/turtlebot3_gazebo/hook/cmake_prefix_path.dsv'
[2.734s] INFO:colcon.colcon_core.shell:Creating environment hook '/home/hug/tb3_sim_ws/install/turtlebot3_gazebo/share/turtlebot3_gazebo/hook/cmake_prefix_path.sh'
[2.735s] Level 1:colcon.colcon_core.environment:checking '/home/hug/tb3_sim_ws/install/turtlebot3_gazebo/lib'
[2.735s] Level 1:colcon.colcon_core.environment:checking '/home/hug/tb3_sim_ws/install/turtlebot3_gazebo/bin'
[2.735s] Level 1:colcon.colcon_core.environment:checking '/home/hug/tb3_sim_ws/install/turtlebot3_gazebo/lib/pkgconfig/turtlebot3_gazebo.pc'
[2.735s] Level 1:colcon.colcon_core.environment:checking '/home/hug/tb3_sim_ws/install/turtlebot3_gazebo/lib/python3.10/site-packages'
[2.735s] Level 1:colcon.colcon_core.environment:checking '/home/hug/tb3_sim_ws/install/turtlebot3_gazebo/bin'
[2.736s] INFO:colcon.colcon_core.shell:Creating package script '/home/hug/tb3_sim_ws/install/turtlebot3_gazebo/share/turtlebot3_gazebo/package.ps1'
[2.736s] INFO:colcon.colcon_core.shell:Creating package descriptor '/home/hug/tb3_sim_ws/install/turtlebot3_gazebo/share/turtlebot3_gazebo/package.dsv'
[2.736s] INFO:colcon.colcon_core.shell:Creating package script '/home/hug/tb3_sim_ws/install/turtlebot3_gazebo/share/turtlebot3_gazebo/package.sh'
[2.737s] INFO:colcon.colcon_core.shell:Creating package script '/home/hug/tb3_sim_ws/install/turtlebot3_gazebo/share/turtlebot3_gazebo/package.bash'
[2.737s] INFO:colcon.colcon_core.shell:Creating package script '/home/hug/tb3_sim_ws/install/turtlebot3_gazebo/share/turtlebot3_gazebo/package.zsh'
[2.737s] Level 1:colcon.colcon_core.environment:create_file_with_runtime_dependencies(/home/hug/tb3_sim_ws/install/turtlebot3_gazebo/share/colcon-core/packages/turtlebot3_gazebo)
[2.738s] Level 1:colcon.colcon_core.environment:create_environment_scripts_only(turtlebot3_gazebo)
[2.738s] Level 1:colcon.colcon_core.environment:checking '/home/hug/tb3_sim_ws/install/turtlebot3_gazebo' for CMake module files
[2.739s] Level 1:colcon.colcon_core.environment:checking '/home/hug/tb3_sim_ws/install/turtlebot3_gazebo' for CMake config files
[2.741s] Level 1:colcon.colcon_core.shell:create_environment_hook('turtlebot3_gazebo', 'cmake_prefix_path')
[2.742s] INFO:colcon.colcon_core.shell:Creating environment hook '/home/hug/tb3_sim_ws/install/turtlebot3_gazebo/share/turtlebot3_gazebo/hook/cmake_prefix_path.ps1'
[2.742s] INFO:colcon.colcon_core.shell:Creating environment descriptor '/home/hug/tb3_sim_ws/install/turtlebot3_gazebo/share/turtlebot3_gazebo/hook/cmake_prefix_path.dsv'
[2.743s] INFO:colcon.colcon_core.shell:Creating environment hook '/home/hug/tb3_sim_ws/install/turtlebot3_gazebo/share/turtlebot3_gazebo/hook/cmake_prefix_path.sh'
[2.743s] Level 1:colcon.colcon_core.environment:checking '/home/hug/tb3_sim_ws/install/turtlebot3_gazebo/lib'
[2.743s] Level 1:colcon.colcon_core.environment:checking '/home/hug/tb3_sim_ws/install/turtlebot3_gazebo/bin'
[2.743s] Level 1:colcon.colcon_core.environment:checking '/home/hug/tb3_sim_ws/install/turtlebot3_gazebo/lib/pkgconfig/turtlebot3_gazebo.pc'
[2.744s] Level 1:colcon.colcon_core.environment:checking '/home/hug/tb3_sim_ws/install/turtlebot3_gazebo/lib/python3.10/site-packages'
[2.744s] Level 1:colcon.colcon_core.environment:checking '/home/hug/tb3_sim_ws/install/turtlebot3_gazebo/bin'
[2.744s] INFO:colcon.colcon_core.shell:Creating package script '/home/hug/tb3_sim_ws/install/turtlebot3_gazebo/share/turtlebot3_gazebo/package.ps1'
[2.745s] INFO:colcon.colcon_core.shell:Creating package descriptor '/home/hug/tb3_sim_ws/install/turtlebot3_gazebo/share/turtlebot3_gazebo/package.dsv'
[2.745s] INFO:colcon.colcon_core.shell:Creating package script '/home/hug/tb3_sim_ws/install/turtlebot3_gazebo/share/turtlebot3_gazebo/package.sh'
[2.746s] INFO:colcon.colcon_core.shell:Creating package script '/home/hug/tb3_sim_ws/install/turtlebot3_gazebo/share/turtlebot3_gazebo/package.bash'
[2.746s] INFO:colcon.colcon_core.shell:Creating package script '/home/hug/tb3_sim_ws/install/turtlebot3_gazebo/share/turtlebot3_gazebo/package.zsh'
[2.746s] Level 1:colcon.colcon_core.environment:create_file_with_runtime_dependencies(/home/hug/tb3_sim_ws/install/turtlebot3_gazebo/share/colcon-core/packages/turtlebot3_gazebo)
[2.747s] DEBUG:colcon.colcon_parallel_executor.executor.parallel:closing loop
[2.747s] DEBUG:colcon.colcon_parallel_executor.executor.parallel:loop closed
[2.747s] DEBUG:colcon.colcon_parallel_executor.executor.parallel:run_until_complete finished with '0'
[2.747s] DEBUG:colcon.colcon_core.event_reactor:joining thread
[2.755s] INFO:colcon.colcon_core.plugin_system:Skipping extension 'colcon_notification.desktop_notification.terminal_notifier': Not used on non-Darwin systems
[2.755s] INFO:colcon.colcon_core.plugin_system:Skipping extension 'colcon_notification.desktop_notification.win32': Not used on non-Windows systems
[2.756s] INFO:colcon.colcon_notification.desktop_notification:Sending desktop notification using 'notify2'
[2.774s] DEBUG:colcon.colcon_core.event_reactor:joined thread
[2.774s] INFO:colcon.colcon_core.shell:Creating prefix script '/home/hug/tb3_sim_ws/install/local_setup.ps1'
[2.775s] INFO:colcon.colcon_core.shell:Creating prefix util module '/home/hug/tb3_sim_ws/install/_local_setup_util_ps1.py'
[2.777s] INFO:colcon.colcon_core.shell:Creating prefix chain script '/home/hug/tb3_sim_ws/install/setup.ps1'
[2.778s] INFO:colcon.colcon_core.shell:Creating prefix script '/home/hug/tb3_sim_ws/install/local_setup.sh'
[2.779s] INFO:colcon.colcon_core.shell:Creating prefix util module '/home/hug/tb3_sim_ws/install/_local_setup_util_sh.py'
[2.779s] INFO:colcon.colcon_core.shell:Creating prefix chain script '/home/hug/tb3_sim_ws/install/setup.sh'
[2.780s] INFO:colcon.colcon_core.shell:Creating prefix script '/home/hug/tb3_sim_ws/install/local_setup.bash'
[2.780s] INFO:colcon.colcon_core.shell:Creating prefix chain script '/home/hug/tb3_sim_ws/install/setup.bash'
[2.782s] INFO:colcon.colcon_core.shell:Creating prefix script '/home/hug/tb3_sim_ws/install/local_setup.zsh'
[2.782s] INFO:colcon.colcon_core.shell:Creating prefix chain script '/home/hug/tb3_sim_ws/install/setup.zsh'
