-- The C compiler identification is GNU 11.4.0
-- The CXX compiler identification is GNU 11.4.0
-- Detecting C compiler ABI info
-- Detecting C compiler ABI info - done
-- Check for working C compiler: /usr/bin/cc - skipped
-- Detecting C compile features
-- Detecting C compile features - done
-- Detecting CXX compiler ABI info
-- Detecting CXX compiler ABI info - done
-- Check for working CXX compiler: /usr/bin/c++ - skipped
-- Detecting CXX compile features
-- Detecting CXX compile features - done
-- Found ament_cmake: 1.3.12 (/opt/ros/humble/share/ament_cmake/cmake)
-- Found Python3: /usr/bin/python3 (found version "3.10.12") found components: Interpreter 
-- Configuring done
-- Generating done
-- Build files have been written to: /home/hug/turtlebot3_ws/src/turtlebot3_simulations_and_reality/build/turtlebot3_opentcs_reality
-- Install configuration: ""
-- Installing: /home/hug/turtlebot3_ws/src/turtlebot3_simulations_and_reality/install/turtlebot3_opentcs_reality/share/ament_index/resource_index/package_run_dependencies/turtlebot3_opentcs_reality
-- Installing: /home/hug/turtlebot3_ws/src/turtlebot3_simulations_and_reality/install/turtlebot3_opentcs_reality/share/ament_index/resource_index/parent_prefix_path/turtlebot3_opentcs_reality
-- Installing: /home/hug/turtlebot3_ws/src/turtlebot3_simulations_and_reality/install/turtlebot3_opentcs_reality/share/turtlebot3_opentcs_reality/environment/ament_prefix_path.sh
-- Installing: /home/hug/turtlebot3_ws/src/turtlebot3_simulations_and_reality/install/turtlebot3_opentcs_reality/share/turtlebot3_opentcs_reality/environment/ament_prefix_path.dsv
-- Installing: /home/hug/turtlebot3_ws/src/turtlebot3_simulations_and_reality/install/turtlebot3_opentcs_reality/share/turtlebot3_opentcs_reality/environment/path.sh
-- Installing: /home/hug/turtlebot3_ws/src/turtlebot3_simulations_and_reality/install/turtlebot3_opentcs_reality/share/turtlebot3_opentcs_reality/environment/path.dsv
-- Installing: /home/hug/turtlebot3_ws/src/turtlebot3_simulations_and_reality/install/turtlebot3_opentcs_reality/share/turtlebot3_opentcs_reality/local_setup.bash
-- Installing: /home/hug/turtlebot3_ws/src/turtlebot3_simulations_and_reality/install/turtlebot3_opentcs_reality/share/turtlebot3_opentcs_reality/local_setup.sh
-- Installing: /home/hug/turtlebot3_ws/src/turtlebot3_simulations_and_reality/install/turtlebot3_opentcs_reality/share/turtlebot3_opentcs_reality/local_setup.zsh
-- Installing: /home/hug/turtlebot3_ws/src/turtlebot3_simulations_and_reality/install/turtlebot3_opentcs_reality/share/turtlebot3_opentcs_reality/local_setup.dsv
-- Installing: /home/hug/turtlebot3_ws/src/turtlebot3_simulations_and_reality/install/turtlebot3_opentcs_reality/share/turtlebot3_opentcs_reality/package.dsv
-- Installing: /home/hug/turtlebot3_ws/src/turtlebot3_simulations_and_reality/install/turtlebot3_opentcs_reality/share/ament_index/resource_index/packages/turtlebot3_opentcs_reality
-- Installing: /home/hug/turtlebot3_ws/src/turtlebot3_simulations_and_reality/install/turtlebot3_opentcs_reality/share/turtlebot3_opentcs_reality/cmake/turtlebot3_opentcs_realityConfig.cmake
-- Installing: /home/hug/turtlebot3_ws/src/turtlebot3_simulations_and_reality/install/turtlebot3_opentcs_reality/share/turtlebot3_opentcs_reality/cmake/turtlebot3_opentcs_realityConfig-version.cmake
-- Installing: /home/hug/turtlebot3_ws/src/turtlebot3_simulations_and_reality/install/turtlebot3_opentcs_reality/share/turtlebot3_opentcs_reality/package.xml
