[0.007s] Invoking command in '/home/hug/turtlebot3_ws/src/turtlebot3_simulations_and_reality/build/turtlebot3_opentcs_reality': AMENT_PREFIX_PATH=/home/hug/turtlebot3_ws/src/turtlebot3_simulations_and_reality/install/turtlebot3_manipulation_gazebo:/home/hug/turtlebot3_ws/src/turtlebot3_simulations_and_reality/install/turtlebot3_gazebo:/home/hug/turtlebot3_ws/src/turtlebot3_simulations_and_reality/install/turtlebot3_fake_node:${AMENT_PREFIX_PATH} CMAKE_PREFIX_PATH=/home/hug/turtlebot3_ws/src/turtlebot3_simulations_and_reality/install/turtlebot3_manipulation_gazebo:/home/hug/turtlebot3_ws/src/turtlebot3_simulations_and_reality/install/turtlebot3_gazebo:/home/hug/turtlebot3_ws/src/turtlebot3_simulations_and_reality/install/turtlebot3_fake_node:/home/hug/opentcs_ws/install/opentcs_ros2:/opt/ros/humble /usr/bin/cmake /home/hug/turtlebot3_ws/src/turtlebot3_simulations_and_reality/turtlebot3_opentcs_reality -DCMAKE_INSTALL_PREFIX=/home/hug/turtlebot3_ws/src/turtlebot3_simulations_and_reality/install/turtlebot3_opentcs_reality
[0.059s] -- The C compiler identification is GNU 11.4.0
[0.100s] -- The CXX compiler identification is GNU 11.4.0
[0.106s] -- Detecting C compiler ABI info
[0.162s] -- Detecting C compiler ABI info - done
[0.170s] -- Check for working C compiler: /usr/bin/cc - skipped
[0.171s] -- Detecting C compile features
[0.171s] -- Detecting C compile features - done
[0.173s] -- Detecting CXX compiler ABI info
[0.232s] -- Detecting CXX compiler ABI info - done
[0.237s] -- Check for working CXX compiler: /usr/bin/c++ - skipped
[0.237s] -- Detecting CXX compile features
[0.238s] -- Detecting CXX compile features - done
[0.241s] -- Found ament_cmake: 1.3.12 (/opt/ros/humble/share/ament_cmake/cmake)
[0.360s] -- Found Python3: /usr/bin/python3 (found version "3.10.12") found components: Interpreter 
[0.479s] -- Configuring done
[0.481s] -- Generating done
[0.482s] -- Build files have been written to: /home/hug/turtlebot3_ws/src/turtlebot3_simulations_and_reality/build/turtlebot3_opentcs_reality
[0.485s] Invoked command in '/home/hug/turtlebot3_ws/src/turtlebot3_simulations_and_reality/build/turtlebot3_opentcs_reality' returned '0': AMENT_PREFIX_PATH=/home/hug/turtlebot3_ws/src/turtlebot3_simulations_and_reality/install/turtlebot3_manipulation_gazebo:/home/hug/turtlebot3_ws/src/turtlebot3_simulations_and_reality/install/turtlebot3_gazebo:/home/hug/turtlebot3_ws/src/turtlebot3_simulations_and_reality/install/turtlebot3_fake_node:${AMENT_PREFIX_PATH} CMAKE_PREFIX_PATH=/home/hug/turtlebot3_ws/src/turtlebot3_simulations_and_reality/install/turtlebot3_manipulation_gazebo:/home/hug/turtlebot3_ws/src/turtlebot3_simulations_and_reality/install/turtlebot3_gazebo:/home/hug/turtlebot3_ws/src/turtlebot3_simulations_and_reality/install/turtlebot3_fake_node:/home/hug/opentcs_ws/install/opentcs_ros2:/opt/ros/humble /usr/bin/cmake /home/hug/turtlebot3_ws/src/turtlebot3_simulations_and_reality/turtlebot3_opentcs_reality -DCMAKE_INSTALL_PREFIX=/home/hug/turtlebot3_ws/src/turtlebot3_simulations_and_reality/install/turtlebot3_opentcs_reality
[0.486s] Invoking command in '/home/hug/turtlebot3_ws/src/turtlebot3_simulations_and_reality/build/turtlebot3_opentcs_reality': AMENT_PREFIX_PATH=/home/hug/turtlebot3_ws/src/turtlebot3_simulations_and_reality/install/turtlebot3_manipulation_gazebo:/home/hug/turtlebot3_ws/src/turtlebot3_simulations_and_reality/install/turtlebot3_gazebo:/home/hug/turtlebot3_ws/src/turtlebot3_simulations_and_reality/install/turtlebot3_fake_node:${AMENT_PREFIX_PATH} CMAKE_PREFIX_PATH=/home/hug/turtlebot3_ws/src/turtlebot3_simulations_and_reality/install/turtlebot3_manipulation_gazebo:/home/hug/turtlebot3_ws/src/turtlebot3_simulations_and_reality/install/turtlebot3_gazebo:/home/hug/turtlebot3_ws/src/turtlebot3_simulations_and_reality/install/turtlebot3_fake_node:/home/hug/opentcs_ws/install/opentcs_ros2:/opt/ros/humble /usr/bin/cmake --build /home/hug/turtlebot3_ws/src/turtlebot3_simulations_and_reality/build/turtlebot3_opentcs_reality -- -j16 -l16
[0.515s] Invoked command in '/home/hug/turtlebot3_ws/src/turtlebot3_simulations_and_reality/build/turtlebot3_opentcs_reality' returned '0': AMENT_PREFIX_PATH=/home/hug/turtlebot3_ws/src/turtlebot3_simulations_and_reality/install/turtlebot3_manipulation_gazebo:/home/hug/turtlebot3_ws/src/turtlebot3_simulations_and_reality/install/turtlebot3_gazebo:/home/hug/turtlebot3_ws/src/turtlebot3_simulations_and_reality/install/turtlebot3_fake_node:${AMENT_PREFIX_PATH} CMAKE_PREFIX_PATH=/home/hug/turtlebot3_ws/src/turtlebot3_simulations_and_reality/install/turtlebot3_manipulation_gazebo:/home/hug/turtlebot3_ws/src/turtlebot3_simulations_and_reality/install/turtlebot3_gazebo:/home/hug/turtlebot3_ws/src/turtlebot3_simulations_and_reality/install/turtlebot3_fake_node:/home/hug/opentcs_ws/install/opentcs_ros2:/opt/ros/humble /usr/bin/cmake --build /home/hug/turtlebot3_ws/src/turtlebot3_simulations_and_reality/build/turtlebot3_opentcs_reality -- -j16 -l16
[0.516s] Invoking command in '/home/hug/turtlebot3_ws/src/turtlebot3_simulations_and_reality/build/turtlebot3_opentcs_reality': AMENT_PREFIX_PATH=/home/hug/turtlebot3_ws/src/turtlebot3_simulations_and_reality/install/turtlebot3_manipulation_gazebo:/home/hug/turtlebot3_ws/src/turtlebot3_simulations_and_reality/install/turtlebot3_gazebo:/home/hug/turtlebot3_ws/src/turtlebot3_simulations_and_reality/install/turtlebot3_fake_node:${AMENT_PREFIX_PATH} CMAKE_PREFIX_PATH=/home/hug/turtlebot3_ws/src/turtlebot3_simulations_and_reality/install/turtlebot3_manipulation_gazebo:/home/hug/turtlebot3_ws/src/turtlebot3_simulations_and_reality/install/turtlebot3_gazebo:/home/hug/turtlebot3_ws/src/turtlebot3_simulations_and_reality/install/turtlebot3_fake_node:/home/hug/opentcs_ws/install/opentcs_ros2:/opt/ros/humble /usr/bin/cmake --install /home/hug/turtlebot3_ws/src/turtlebot3_simulations_and_reality/build/turtlebot3_opentcs_reality
[0.521s] -- Install configuration: ""
[0.521s] -- Installing: /home/hug/turtlebot3_ws/src/turtlebot3_simulations_and_reality/install/turtlebot3_opentcs_reality/share/ament_index/resource_index/package_run_dependencies/turtlebot3_opentcs_reality
[0.521s] -- Installing: /home/hug/turtlebot3_ws/src/turtlebot3_simulations_and_reality/install/turtlebot3_opentcs_reality/share/ament_index/resource_index/parent_prefix_path/turtlebot3_opentcs_reality
[0.521s] -- Installing: /home/hug/turtlebot3_ws/src/turtlebot3_simulations_and_reality/install/turtlebot3_opentcs_reality/share/turtlebot3_opentcs_reality/environment/ament_prefix_path.sh
[0.521s] -- Installing: /home/hug/turtlebot3_ws/src/turtlebot3_simulations_and_reality/install/turtlebot3_opentcs_reality/share/turtlebot3_opentcs_reality/environment/ament_prefix_path.dsv
[0.521s] -- Installing: /home/hug/turtlebot3_ws/src/turtlebot3_simulations_and_reality/install/turtlebot3_opentcs_reality/share/turtlebot3_opentcs_reality/environment/path.sh
[0.521s] -- Installing: /home/hug/turtlebot3_ws/src/turtlebot3_simulations_and_reality/install/turtlebot3_opentcs_reality/share/turtlebot3_opentcs_reality/environment/path.dsv
[0.521s] -- Installing: /home/hug/turtlebot3_ws/src/turtlebot3_simulations_and_reality/install/turtlebot3_opentcs_reality/share/turtlebot3_opentcs_reality/local_setup.bash
[0.521s] -- Installing: /home/hug/turtlebot3_ws/src/turtlebot3_simulations_and_reality/install/turtlebot3_opentcs_reality/share/turtlebot3_opentcs_reality/local_setup.sh
[0.521s] -- Installing: /home/hug/turtlebot3_ws/src/turtlebot3_simulations_and_reality/install/turtlebot3_opentcs_reality/share/turtlebot3_opentcs_reality/local_setup.zsh
[0.521s] -- Installing: /home/hug/turtlebot3_ws/src/turtlebot3_simulations_and_reality/install/turtlebot3_opentcs_reality/share/turtlebot3_opentcs_reality/local_setup.dsv
[0.521s] -- Installing: /home/hug/turtlebot3_ws/src/turtlebot3_simulations_and_reality/install/turtlebot3_opentcs_reality/share/turtlebot3_opentcs_reality/package.dsv
[0.522s] -- Installing: /home/hug/turtlebot3_ws/src/turtlebot3_simulations_and_reality/install/turtlebot3_opentcs_reality/share/ament_index/resource_index/packages/turtlebot3_opentcs_reality
[0.522s] -- Installing: /home/hug/turtlebot3_ws/src/turtlebot3_simulations_and_reality/install/turtlebot3_opentcs_reality/share/turtlebot3_opentcs_reality/cmake/turtlebot3_opentcs_realityConfig.cmake
[0.522s] -- Installing: /home/hug/turtlebot3_ws/src/turtlebot3_simulations_and_reality/install/turtlebot3_opentcs_reality/share/turtlebot3_opentcs_reality/cmake/turtlebot3_opentcs_realityConfig-version.cmake
[0.522s] -- Installing: /home/hug/turtlebot3_ws/src/turtlebot3_simulations_and_reality/install/turtlebot3_opentcs_reality/share/turtlebot3_opentcs_reality/package.xml
[0.523s] Invoked command in '/home/hug/turtlebot3_ws/src/turtlebot3_simulations_and_reality/build/turtlebot3_opentcs_reality' returned '0': AMENT_PREFIX_PATH=/home/hug/turtlebot3_ws/src/turtlebot3_simulations_and_reality/install/turtlebot3_manipulation_gazebo:/home/hug/turtlebot3_ws/src/turtlebot3_simulations_and_reality/install/turtlebot3_gazebo:/home/hug/turtlebot3_ws/src/turtlebot3_simulations_and_reality/install/turtlebot3_fake_node:${AMENT_PREFIX_PATH} CMAKE_PREFIX_PATH=/home/hug/turtlebot3_ws/src/turtlebot3_simulations_and_reality/install/turtlebot3_manipulation_gazebo:/home/hug/turtlebot3_ws/src/turtlebot3_simulations_and_reality/install/turtlebot3_gazebo:/home/hug/turtlebot3_ws/src/turtlebot3_simulations_and_reality/install/turtlebot3_fake_node:/home/hug/opentcs_ws/install/opentcs_ros2:/opt/ros/humble /usr/bin/cmake --install /home/hug/turtlebot3_ws/src/turtlebot3_simulations_and_reality/build/turtlebot3_opentcs_reality
