[0.113s] DEBUG:colcon:Command line arguments: ['/usr/bin/colcon', 'build']
[0.113s] DEBUG:colcon:Parsed command line arguments: Namespace(log_base=None, log_level=None, verb_name='build', build_base='build', install_base='install', merge_install=False, symlink_install=False, test_result_base=None, continue_on_error=False, executor='parallel', parallel_workers=16, event_handlers=None, ignore_user_meta=False, metas=['./colcon.meta'], base_paths=['.'], packages_ignore=None, packages_ignore_regex=None, paths=None, packages_up_to=None, packages_up_to_regex=None, packages_above=None, packages_above_and_dependencies=None, packages_above_depth=None, packages_select_by_dep=None, packages_skip_by_dep=None, packages_skip_up_to=None, packages_select_build_failed=False, packages_skip_build_finished=False, packages_select_test_failures=False, packages_skip_test_passed=False, packages_select=None, packages_skip=None, packages_select_regex=None, packages_skip_regex=None, packages_start=None, packages_end=None, allow_overriding=[], cmake_args=None, cmake_target=None, cmake_target_skip_unavailable=False, cmake_clean_cache=False, cmake_clean_first=False, cmake_force_configure=False, ament_cmake_args=None, catkin_cmake_args=None, catkin_skip_building_tests=False, mixin_files=None, mixin=None, verb_parser=<colcon_mixin.mixin.mixin_argument.MixinArgumentDecorator object at 0x713441390910>, verb_extension=<colcon_core.verb.build.BuildVerb object at 0x7134413a5270>, main=<bound method BuildVerb.main of <colcon_core.verb.build.BuildVerb object at 0x7134413a5270>>, mixin_verb=('build',))
[0.219s] Level 1:colcon.colcon_core.package_discovery:discover_packages(colcon_meta) check parameters
[0.220s] Level 1:colcon.colcon_core.package_discovery:discover_packages(recursive) check parameters
[0.220s] Level 1:colcon.colcon_core.package_discovery:discover_packages(ignore) check parameters
[0.220s] Level 1:colcon.colcon_core.package_discovery:discover_packages(path) check parameters
[0.220s] Level 1:colcon.colcon_core.package_discovery:discover_packages(colcon_meta) discover
[0.220s] Level 1:colcon.colcon_core.package_discovery:discover_packages(recursive) discover
[0.220s] INFO:colcon.colcon_core.package_discovery:Crawling recursively for packages in '/home/hug/tb3_sim_ws'
[0.220s] Level 1:colcon.colcon_core.package_identification:_identify(.) by extensions ['ignore', 'ignore_ament_install']
[0.220s] Level 1:colcon.colcon_core.package_identification:_identify(.) by extension 'ignore'
[0.220s] Level 1:colcon.colcon_core.package_identification:_identify(.) by extension 'ignore_ament_install'
[0.220s] Level 1:colcon.colcon_core.package_identification:_identify(.) by extensions ['colcon_pkg']
[0.220s] Level 1:colcon.colcon_core.package_identification:_identify(.) by extension 'colcon_pkg'
[0.220s] Level 1:colcon.colcon_core.package_identification:_identify(.) by extensions ['colcon_meta']
[0.220s] Level 1:colcon.colcon_core.package_identification:_identify(.) by extension 'colcon_meta'
[0.220s] Level 1:colcon.colcon_core.package_identification:_identify(.) by extensions ['ros']
[0.220s] Level 1:colcon.colcon_core.package_identification:_identify(.) by extension 'ros'
[0.228s] Level 1:colcon.colcon_core.package_identification:_identify(.) by extensions ['cmake', 'python']
[0.228s] Level 1:colcon.colcon_core.package_identification:_identify(.) by extension 'cmake'
[0.228s] Level 1:colcon.colcon_core.package_identification:_identify(.) by extension 'python'
[0.228s] Level 1:colcon.colcon_core.package_identification:_identify(.) by extensions ['python_setup_py']
[0.228s] Level 1:colcon.colcon_core.package_identification:_identify(.) by extension 'python_setup_py'
[0.228s] Level 1:colcon.colcon_core.package_identification:_identify(build) by extensions ['ignore', 'ignore_ament_install']
[0.228s] Level 1:colcon.colcon_core.package_identification:_identify(build) by extension 'ignore'
[0.228s] Level 1:colcon.colcon_core.package_identification:_identify(build) ignored
[0.228s] Level 1:colcon.colcon_core.package_identification:_identify(docs) by extensions ['ignore', 'ignore_ament_install']
[0.228s] Level 1:colcon.colcon_core.package_identification:_identify(docs) by extension 'ignore'
[0.228s] Level 1:colcon.colcon_core.package_identification:_identify(docs) by extension 'ignore_ament_install'
[0.228s] Level 1:colcon.colcon_core.package_identification:_identify(docs) by extensions ['colcon_pkg']
[0.228s] Level 1:colcon.colcon_core.package_identification:_identify(docs) by extension 'colcon_pkg'
[0.228s] Level 1:colcon.colcon_core.package_identification:_identify(docs) by extensions ['colcon_meta']
[0.228s] Level 1:colcon.colcon_core.package_identification:_identify(docs) by extension 'colcon_meta'
[0.228s] Level 1:colcon.colcon_core.package_identification:_identify(docs) by extensions ['ros']
[0.228s] Level 1:colcon.colcon_core.package_identification:_identify(docs) by extension 'ros'
[0.228s] Level 1:colcon.colcon_core.package_identification:_identify(docs) by extensions ['cmake', 'python']
[0.228s] Level 1:colcon.colcon_core.package_identification:_identify(docs) by extension 'cmake'
[0.228s] Level 1:colcon.colcon_core.package_identification:_identify(docs) by extension 'python'
[0.228s] Level 1:colcon.colcon_core.package_identification:_identify(docs) by extensions ['python_setup_py']
[0.228s] Level 1:colcon.colcon_core.package_identification:_identify(docs) by extension 'python_setup_py'
[0.228s] Level 1:colcon.colcon_core.package_identification:_identify(install) by extensions ['ignore', 'ignore_ament_install']
[0.229s] Level 1:colcon.colcon_core.package_identification:_identify(install) by extension 'ignore'
[0.229s] Level 1:colcon.colcon_core.package_identification:_identify(install) ignored
[0.229s] Level 1:colcon.colcon_core.package_identification:_identify(log) by extensions ['ignore', 'ignore_ament_install']
[0.229s] Level 1:colcon.colcon_core.package_identification:_identify(log) by extension 'ignore'
[0.229s] Level 1:colcon.colcon_core.package_identification:_identify(log) ignored
[0.229s] Level 1:colcon.colcon_core.package_identification:_identify(runs) by extensions ['ignore', 'ignore_ament_install']
[0.229s] Level 1:colcon.colcon_core.package_identification:_identify(runs) by extension 'ignore'
[0.229s] Level 1:colcon.colcon_core.package_identification:_identify(runs) by extension 'ignore_ament_install'
[0.229s] Level 1:colcon.colcon_core.package_identification:_identify(runs) by extensions ['colcon_pkg']
[0.229s] Level 1:colcon.colcon_core.package_identification:_identify(runs) by extension 'colcon_pkg'
[0.229s] Level 1:colcon.colcon_core.package_identification:_identify(runs) by extensions ['colcon_meta']
[0.229s] Level 1:colcon.colcon_core.package_identification:_identify(runs) by extension 'colcon_meta'
[0.229s] Level 1:colcon.colcon_core.package_identification:_identify(runs) by extensions ['ros']
[0.229s] Level 1:colcon.colcon_core.package_identification:_identify(runs) by extension 'ros'
[0.229s] Level 1:colcon.colcon_core.package_identification:_identify(runs) by extensions ['cmake', 'python']
[0.229s] Level 1:colcon.colcon_core.package_identification:_identify(runs) by extension 'cmake'
[0.229s] Level 1:colcon.colcon_core.package_identification:_identify(runs) by extension 'python'
[0.229s] Level 1:colcon.colcon_core.package_identification:_identify(runs) by extensions ['python_setup_py']
[0.229s] Level 1:colcon.colcon_core.package_identification:_identify(runs) by extension 'python_setup_py'
[0.229s] Level 1:colcon.colcon_core.package_identification:_identify(runs/gap_sac_20260428_231530) by extensions ['ignore', 'ignore_ament_install']
[0.229s] Level 1:colcon.colcon_core.package_identification:_identify(runs/gap_sac_20260428_231530) by extension 'ignore'
[0.229s] Level 1:colcon.colcon_core.package_identification:_identify(runs/gap_sac_20260428_231530) by extension 'ignore_ament_install'
[0.229s] Level 1:colcon.colcon_core.package_identification:_identify(runs/gap_sac_20260428_231530) by extensions ['colcon_pkg']
[0.229s] Level 1:colcon.colcon_core.package_identification:_identify(runs/gap_sac_20260428_231530) by extension 'colcon_pkg'
[0.229s] Level 1:colcon.colcon_core.package_identification:_identify(runs/gap_sac_20260428_231530) by extensions ['colcon_meta']
[0.229s] Level 1:colcon.colcon_core.package_identification:_identify(runs/gap_sac_20260428_231530) by extension 'colcon_meta'
[0.229s] Level 1:colcon.colcon_core.package_identification:_identify(runs/gap_sac_20260428_231530) by extensions ['ros']
[0.229s] Level 1:colcon.colcon_core.package_identification:_identify(runs/gap_sac_20260428_231530) by extension 'ros'
[0.229s] Level 1:colcon.colcon_core.package_identification:_identify(runs/gap_sac_20260428_231530) by extensions ['cmake', 'python']
[0.229s] Level 1:colcon.colcon_core.package_identification:_identify(runs/gap_sac_20260428_231530) by extension 'cmake'
[0.229s] Level 1:colcon.colcon_core.package_identification:_identify(runs/gap_sac_20260428_231530) by extension 'python'
[0.229s] Level 1:colcon.colcon_core.package_identification:_identify(runs/gap_sac_20260428_231530) by extensions ['python_setup_py']
[0.229s] Level 1:colcon.colcon_core.package_identification:_identify(runs/gap_sac_20260428_231530) by extension 'python_setup_py'
[0.229s] Level 1:colcon.colcon_core.package_identification:_identify(runs/gap_sac_20260428_233155) by extensions ['ignore', 'ignore_ament_install']
[0.229s] Level 1:colcon.colcon_core.package_identification:_identify(runs/gap_sac_20260428_233155) by extension 'ignore'
[0.229s] Level 1:colcon.colcon_core.package_identification:_identify(runs/gap_sac_20260428_233155) by extension 'ignore_ament_install'
[0.229s] Level 1:colcon.colcon_core.package_identification:_identify(runs/gap_sac_20260428_233155) by extensions ['colcon_pkg']
[0.229s] Level 1:colcon.colcon_core.package_identification:_identify(runs/gap_sac_20260428_233155) by extension 'colcon_pkg'
[0.229s] Level 1:colcon.colcon_core.package_identification:_identify(runs/gap_sac_20260428_233155) by extensions ['colcon_meta']
[0.229s] Level 1:colcon.colcon_core.package_identification:_identify(runs/gap_sac_20260428_233155) by extension 'colcon_meta'
[0.229s] Level 1:colcon.colcon_core.package_identification:_identify(runs/gap_sac_20260428_233155) by extensions ['ros']
[0.229s] Level 1:colcon.colcon_core.package_identification:_identify(runs/gap_sac_20260428_233155) by extension 'ros'
[0.230s] Level 1:colcon.colcon_core.package_identification:_identify(runs/gap_sac_20260428_233155) by extensions ['cmake', 'python']
[0.230s] Level 1:colcon.colcon_core.package_identification:_identify(runs/gap_sac_20260428_233155) by extension 'cmake'
[0.230s] Level 1:colcon.colcon_core.package_identification:_identify(runs/gap_sac_20260428_233155) by extension 'python'
[0.230s] Level 1:colcon.colcon_core.package_identification:_identify(runs/gap_sac_20260428_233155) by extensions ['python_setup_py']
[0.230s] Level 1:colcon.colcon_core.package_identification:_identify(runs/gap_sac_20260428_233155) by extension 'python_setup_py'
[0.230s] Level 1:colcon.colcon_core.package_identification:_identify(runs/gap_sac_20260428_234305) by extensions ['ignore', 'ignore_ament_install']
[0.230s] Level 1:colcon.colcon_core.package_identification:_identify(runs/gap_sac_20260428_234305) by extension 'ignore'
[0.230s] Level 1:colcon.colcon_core.package_identification:_identify(runs/gap_sac_20260428_234305) by extension 'ignore_ament_install'
[0.230s] Level 1:colcon.colcon_core.package_identification:_identify(runs/gap_sac_20260428_234305) by extensions ['colcon_pkg']
[0.230s] Level 1:colcon.colcon_core.package_identification:_identify(runs/gap_sac_20260428_234305) by extension 'colcon_pkg'
[0.230s] Level 1:colcon.colcon_core.package_identification:_identify(runs/gap_sac_20260428_234305) by extensions ['colcon_meta']
[0.230s] Level 1:colcon.colcon_core.package_identification:_identify(runs/gap_sac_20260428_234305) by extension 'colcon_meta'
[0.230s] Level 1:colcon.colcon_core.package_identification:_identify(runs/gap_sac_20260428_234305) by extensions ['ros']
[0.230s] Level 1:colcon.colcon_core.package_identification:_identify(runs/gap_sac_20260428_234305) by extension 'ros'
[0.230s] Level 1:colcon.colcon_core.package_identification:_identify(runs/gap_sac_20260428_234305) by extensions ['cmake', 'python']
[0.230s] Level 1:colcon.colcon_core.package_identification:_identify(runs/gap_sac_20260428_234305) by extension 'cmake'
[0.230s] Level 1:colcon.colcon_core.package_identification:_identify(runs/gap_sac_20260428_234305) by extension 'python'
[0.230s] Level 1:colcon.colcon_core.package_identification:_identify(runs/gap_sac_20260428_234305) by extensions ['python_setup_py']
[0.230s] Level 1:colcon.colcon_core.package_identification:_identify(runs/gap_sac_20260428_234305) by extension 'python_setup_py'
[0.230s] Level 1:colcon.colcon_core.package_identification:_identify(runs/gap_sac_20260428_235424) by extensions ['ignore', 'ignore_ament_install']
[0.230s] Level 1:colcon.colcon_core.package_identification:_identify(runs/gap_sac_20260428_235424) by extension 'ignore'
[0.230s] Level 1:colcon.colcon_core.package_identification:_identify(runs/gap_sac_20260428_235424) by extension 'ignore_ament_install'
[0.230s] Level 1:colcon.colcon_core.package_identification:_identify(runs/gap_sac_20260428_235424) by extensions ['colcon_pkg']
[0.230s] Level 1:colcon.colcon_core.package_identification:_identify(runs/gap_sac_20260428_235424) by extension 'colcon_pkg'
[0.230s] Level 1:colcon.colcon_core.package_identification:_identify(runs/gap_sac_20260428_235424) by extensions ['colcon_meta']
[0.230s] Level 1:colcon.colcon_core.package_identification:_identify(runs/gap_sac_20260428_235424) by extension 'colcon_meta'
[0.230s] Level 1:colcon.colcon_core.package_identification:_identify(runs/gap_sac_20260428_235424) by extensions ['ros']
[0.230s] Level 1:colcon.colcon_core.package_identification:_identify(runs/gap_sac_20260428_235424) by extension 'ros'
[0.230s] Level 1:colcon.colcon_core.package_identification:_identify(runs/gap_sac_20260428_235424) by extensions ['cmake', 'python']
[0.230s] Level 1:colcon.colcon_core.package_identification:_identify(runs/gap_sac_20260428_235424) by extension 'cmake'
[0.230s] Level 1:colcon.colcon_core.package_identification:_identify(runs/gap_sac_20260428_235424) by extension 'python'
[0.230s] Level 1:colcon.colcon_core.package_identification:_identify(runs/gap_sac_20260428_235424) by extensions ['python_setup_py']
[0.230s] Level 1:colcon.colcon_core.package_identification:_identify(runs/gap_sac_20260428_235424) by extension 'python_setup_py'
[0.230s] Level 1:colcon.colcon_core.package_identification:_identify(runs/gap_sac_20260429_002929) by extensions ['ignore', 'ignore_ament_install']
[0.230s] Level 1:colcon.colcon_core.package_identification:_identify(runs/gap_sac_20260429_002929) by extension 'ignore'
[0.230s] Level 1:colcon.colcon_core.package_identification:_identify(runs/gap_sac_20260429_002929) by extension 'ignore_ament_install'
[0.230s] Level 1:colcon.colcon_core.package_identification:_identify(runs/gap_sac_20260429_002929) by extensions ['colcon_pkg']
[0.230s] Level 1:colcon.colcon_core.package_identification:_identify(runs/gap_sac_20260429_002929) by extension 'colcon_pkg'
[0.230s] Level 1:colcon.colcon_core.package_identification:_identify(runs/gap_sac_20260429_002929) by extensions ['colcon_meta']
[0.230s] Level 1:colcon.colcon_core.package_identification:_identify(runs/gap_sac_20260429_002929) by extension 'colcon_meta'
[0.230s] Level 1:colcon.colcon_core.package_identification:_identify(runs/gap_sac_20260429_002929) by extensions ['ros']
[0.230s] Level 1:colcon.colcon_core.package_identification:_identify(runs/gap_sac_20260429_002929) by extension 'ros'
[0.230s] Level 1:colcon.colcon_core.package_identification:_identify(runs/gap_sac_20260429_002929) by extensions ['cmake', 'python']
[0.230s] Level 1:colcon.colcon_core.package_identification:_identify(runs/gap_sac_20260429_002929) by extension 'cmake'
[0.230s] Level 1:colcon.colcon_core.package_identification:_identify(runs/gap_sac_20260429_002929) by extension 'python'
[0.230s] Level 1:colcon.colcon_core.package_identification:_identify(runs/gap_sac_20260429_002929) by extensions ['python_setup_py']
[0.230s] Level 1:colcon.colcon_core.package_identification:_identify(runs/gap_sac_20260429_002929) by extension 'python_setup_py'
[0.230s] Level 1:colcon.colcon_core.package_identification:_identify(runs/gap_sac_20260429_004859) by extensions ['ignore', 'ignore_ament_install']
[0.231s] Level 1:colcon.colcon_core.package_identification:_identify(runs/gap_sac_20260429_004859) by extension 'ignore'
[0.231s] Level 1:colcon.colcon_core.package_identification:_identify(runs/gap_sac_20260429_004859) by extension 'ignore_ament_install'
[0.231s] Level 1:colcon.colcon_core.package_identification:_identify(runs/gap_sac_20260429_004859) by extensions ['colcon_pkg']
[0.231s] Level 1:colcon.colcon_core.package_identification:_identify(runs/gap_sac_20260429_004859) by extension 'colcon_pkg'
[0.231s] Level 1:colcon.colcon_core.package_identification:_identify(runs/gap_sac_20260429_004859) by extensions ['colcon_meta']
[0.231s] Level 1:colcon.colcon_core.package_identification:_identify(runs/gap_sac_20260429_004859) by extension 'colcon_meta'
[0.231s] Level 1:colcon.colcon_core.package_identification:_identify(runs/gap_sac_20260429_004859) by extensions ['ros']
[0.231s] Level 1:colcon.colcon_core.package_identification:_identify(runs/gap_sac_20260429_004859) by extension 'ros'
[0.231s] Level 1:colcon.colcon_core.package_identification:_identify(runs/gap_sac_20260429_004859) by extensions ['cmake', 'python']
[0.231s] Level 1:colcon.colcon_core.package_identification:_identify(runs/gap_sac_20260429_004859) by extension 'cmake'
[0.231s] Level 1:colcon.colcon_core.package_identification:_identify(runs/gap_sac_20260429_004859) by extension 'python'
[0.231s] Level 1:colcon.colcon_core.package_identification:_identify(runs/gap_sac_20260429_004859) by extensions ['python_setup_py']
[0.231s] Level 1:colcon.colcon_core.package_identification:_identify(runs/gap_sac_20260429_004859) by extension 'python_setup_py'
[0.231s] Level 1:colcon.colcon_core.package_identification:_identify(runs/gap_sac_20260429_075529) by extensions ['ignore', 'ignore_ament_install']
[0.231s] Level 1:colcon.colcon_core.package_identification:_identify(runs/gap_sac_20260429_075529) by extension 'ignore'
[0.231s] Level 1:colcon.colcon_core.package_identification:_identify(runs/gap_sac_20260429_075529) by extension 'ignore_ament_install'
[0.231s] Level 1:colcon.colcon_core.package_identification:_identify(runs/gap_sac_20260429_075529) by extensions ['colcon_pkg']
[0.231s] Level 1:colcon.colcon_core.package_identification:_identify(runs/gap_sac_20260429_075529) by extension 'colcon_pkg'
[0.231s] Level 1:colcon.colcon_core.package_identification:_identify(runs/gap_sac_20260429_075529) by extensions ['colcon_meta']
[0.231s] Level 1:colcon.colcon_core.package_identification:_identify(runs/gap_sac_20260429_075529) by extension 'colcon_meta'
[0.231s] Level 1:colcon.colcon_core.package_identification:_identify(runs/gap_sac_20260429_075529) by extensions ['ros']
[0.231s] Level 1:colcon.colcon_core.package_identification:_identify(runs/gap_sac_20260429_075529) by extension 'ros'
[0.231s] Level 1:colcon.colcon_core.package_identification:_identify(runs/gap_sac_20260429_075529) by extensions ['cmake', 'python']
[0.231s] Level 1:colcon.colcon_core.package_identification:_identify(runs/gap_sac_20260429_075529) by extension 'cmake'
[0.231s] Level 1:colcon.colcon_core.package_identification:_identify(runs/gap_sac_20260429_075529) by extension 'python'
[0.231s] Level 1:colcon.colcon_core.package_identification:_identify(runs/gap_sac_20260429_075529) by extensions ['python_setup_py']
[0.231s] Level 1:colcon.colcon_core.package_identification:_identify(runs/gap_sac_20260429_075529) by extension 'python_setup_py'
[0.231s] Level 1:colcon.colcon_core.package_identification:_identify(runs/gap_sac_20260429_093042) by extensions ['ignore', 'ignore_ament_install']
[0.231s] Level 1:colcon.colcon_core.package_identification:_identify(runs/gap_sac_20260429_093042) by extension 'ignore'
[0.231s] Level 1:colcon.colcon_core.package_identification:_identify(runs/gap_sac_20260429_093042) by extension 'ignore_ament_install'
[0.231s] Level 1:colcon.colcon_core.package_identification:_identify(runs/gap_sac_20260429_093042) by extensions ['colcon_pkg']
[0.231s] Level 1:colcon.colcon_core.package_identification:_identify(runs/gap_sac_20260429_093042) by extension 'colcon_pkg'
[0.231s] Level 1:colcon.colcon_core.package_identification:_identify(runs/gap_sac_20260429_093042) by extensions ['colcon_meta']
[0.231s] Level 1:colcon.colcon_core.package_identification:_identify(runs/gap_sac_20260429_093042) by extension 'colcon_meta'
[0.231s] Level 1:colcon.colcon_core.package_identification:_identify(runs/gap_sac_20260429_093042) by extensions ['ros']
[0.231s] Level 1:colcon.colcon_core.package_identification:_identify(runs/gap_sac_20260429_093042) by extension 'ros'
[0.231s] Level 1:colcon.colcon_core.package_identification:_identify(runs/gap_sac_20260429_093042) by extensions ['cmake', 'python']
[0.231s] Level 1:colcon.colcon_core.package_identification:_identify(runs/gap_sac_20260429_093042) by extension 'cmake'
[0.231s] Level 1:colcon.colcon_core.package_identification:_identify(runs/gap_sac_20260429_093042) by extension 'python'
[0.231s] Level 1:colcon.colcon_core.package_identification:_identify(runs/gap_sac_20260429_093042) by extensions ['python_setup_py']
[0.231s] Level 1:colcon.colcon_core.package_identification:_identify(runs/gap_sac_20260429_093042) by extension 'python_setup_py'
[0.231s] Level 1:colcon.colcon_core.package_identification:_identify(runs/gap_sac_20260429_102608) by extensions ['ignore', 'ignore_ament_install']
[0.231s] Level 1:colcon.colcon_core.package_identification:_identify(runs/gap_sac_20260429_102608) by extension 'ignore'
[0.231s] Level 1:colcon.colcon_core.package_identification:_identify(runs/gap_sac_20260429_102608) by extension 'ignore_ament_install'
[0.231s] Level 1:colcon.colcon_core.package_identification:_identify(runs/gap_sac_20260429_102608) by extensions ['colcon_pkg']
[0.231s] Level 1:colcon.colcon_core.package_identification:_identify(runs/gap_sac_20260429_102608) by extension 'colcon_pkg'
[0.231s] Level 1:colcon.colcon_core.package_identification:_identify(runs/gap_sac_20260429_102608) by extensions ['colcon_meta']
[0.231s] Level 1:colcon.colcon_core.package_identification:_identify(runs/gap_sac_20260429_102608) by extension 'colcon_meta'
[0.231s] Level 1:colcon.colcon_core.package_identification:_identify(runs/gap_sac_20260429_102608) by extensions ['ros']
[0.231s] Level 1:colcon.colcon_core.package_identification:_identify(runs/gap_sac_20260429_102608) by extension 'ros'
[0.232s] Level 1:colcon.colcon_core.package_identification:_identify(runs/gap_sac_20260429_102608) by extensions ['cmake', 'python']
[0.232s] Level 1:colcon.colcon_core.package_identification:_identify(runs/gap_sac_20260429_102608) by extension 'cmake'
[0.232s] Level 1:colcon.colcon_core.package_identification:_identify(runs/gap_sac_20260429_102608) by extension 'python'
[0.232s] Level 1:colcon.colcon_core.package_identification:_identify(runs/gap_sac_20260429_102608) by extensions ['python_setup_py']
[0.232s] Level 1:colcon.colcon_core.package_identification:_identify(runs/gap_sac_20260429_102608) by extension 'python_setup_py'
[0.232s] Level 1:colcon.colcon_core.package_identification:_identify(runs/gap_sac_20260430_103009) by extensions ['ignore', 'ignore_ament_install']
[0.232s] Level 1:colcon.colcon_core.package_identification:_identify(runs/gap_sac_20260430_103009) by extension 'ignore'
[0.232s] Level 1:colcon.colcon_core.package_identification:_identify(runs/gap_sac_20260430_103009) by extension 'ignore_ament_install'
[0.232s] Level 1:colcon.colcon_core.package_identification:_identify(runs/gap_sac_20260430_103009) by extensions ['colcon_pkg']
[0.232s] Level 1:colcon.colcon_core.package_identification:_identify(runs/gap_sac_20260430_103009) by extension 'colcon_pkg'
[0.232s] Level 1:colcon.colcon_core.package_identification:_identify(runs/gap_sac_20260430_103009) by extensions ['colcon_meta']
[0.232s] Level 1:colcon.colcon_core.package_identification:_identify(runs/gap_sac_20260430_103009) by extension 'colcon_meta'
[0.232s] Level 1:colcon.colcon_core.package_identification:_identify(runs/gap_sac_20260430_103009) by extensions ['ros']
[0.232s] Level 1:colcon.colcon_core.package_identification:_identify(runs/gap_sac_20260430_103009) by extension 'ros'
[0.232s] Level 1:colcon.colcon_core.package_identification:_identify(runs/gap_sac_20260430_103009) by extensions ['cmake', 'python']
[0.232s] Level 1:colcon.colcon_core.package_identification:_identify(runs/gap_sac_20260430_103009) by extension 'cmake'
[0.232s] Level 1:colcon.colcon_core.package_identification:_identify(runs/gap_sac_20260430_103009) by extension 'python'
[0.232s] Level 1:colcon.colcon_core.package_identification:_identify(runs/gap_sac_20260430_103009) by extensions ['python_setup_py']
[0.232s] Level 1:colcon.colcon_core.package_identification:_identify(runs/gap_sac_20260430_103009) by extension 'python_setup_py'
[0.232s] Level 1:colcon.colcon_core.package_identification:_identify(runs/gap_sac_20260430_234251) by extensions ['ignore', 'ignore_ament_install']
[0.232s] Level 1:colcon.colcon_core.package_identification:_identify(runs/gap_sac_20260430_234251) by extension 'ignore'
[0.232s] Level 1:colcon.colcon_core.package_identification:_identify(runs/gap_sac_20260430_234251) by extension 'ignore_ament_install'
[0.232s] Level 1:colcon.colcon_core.package_identification:_identify(runs/gap_sac_20260430_234251) by extensions ['colcon_pkg']
[0.232s] Level 1:colcon.colcon_core.package_identification:_identify(runs/gap_sac_20260430_234251) by extension 'colcon_pkg'
[0.232s] Level 1:colcon.colcon_core.package_identification:_identify(runs/gap_sac_20260430_234251) by extensions ['colcon_meta']
[0.232s] Level 1:colcon.colcon_core.package_identification:_identify(runs/gap_sac_20260430_234251) by extension 'colcon_meta'
[0.232s] Level 1:colcon.colcon_core.package_identification:_identify(runs/gap_sac_20260430_234251) by extensions ['ros']
[0.232s] Level 1:colcon.colcon_core.package_identification:_identify(runs/gap_sac_20260430_234251) by extension 'ros'
[0.232s] Level 1:colcon.colcon_core.package_identification:_identify(runs/gap_sac_20260430_234251) by extensions ['cmake', 'python']
[0.232s] Level 1:colcon.colcon_core.package_identification:_identify(runs/gap_sac_20260430_234251) by extension 'cmake'
[0.232s] Level 1:colcon.colcon_core.package_identification:_identify(runs/gap_sac_20260430_234251) by extension 'python'
[0.232s] Level 1:colcon.colcon_core.package_identification:_identify(runs/gap_sac_20260430_234251) by extensions ['python_setup_py']
[0.232s] Level 1:colcon.colcon_core.package_identification:_identify(runs/gap_sac_20260430_234251) by extension 'python_setup_py'
[0.232s] Level 1:colcon.colcon_core.package_identification:_identify(runs/gap_sac_20260502_145623) by extensions ['ignore', 'ignore_ament_install']
[0.232s] Level 1:colcon.colcon_core.package_identification:_identify(runs/gap_sac_20260502_145623) by extension 'ignore'
[0.232s] Level 1:colcon.colcon_core.package_identification:_identify(runs/gap_sac_20260502_145623) by extension 'ignore_ament_install'
[0.232s] Level 1:colcon.colcon_core.package_identification:_identify(runs/gap_sac_20260502_145623) by extensions ['colcon_pkg']
[0.232s] Level 1:colcon.colcon_core.package_identification:_identify(runs/gap_sac_20260502_145623) by extension 'colcon_pkg'
[0.232s] Level 1:colcon.colcon_core.package_identification:_identify(runs/gap_sac_20260502_145623) by extensions ['colcon_meta']
[0.232s] Level 1:colcon.colcon_core.package_identification:_identify(runs/gap_sac_20260502_145623) by extension 'colcon_meta'
[0.232s] Level 1:colcon.colcon_core.package_identification:_identify(runs/gap_sac_20260502_145623) by extensions ['ros']
[0.232s] Level 1:colcon.colcon_core.package_identification:_identify(runs/gap_sac_20260502_145623) by extension 'ros'
[0.232s] Level 1:colcon.colcon_core.package_identification:_identify(runs/gap_sac_20260502_145623) by extensions ['cmake', 'python']
[0.232s] Level 1:colcon.colcon_core.package_identification:_identify(runs/gap_sac_20260502_145623) by extension 'cmake'
[0.232s] Level 1:colcon.colcon_core.package_identification:_identify(runs/gap_sac_20260502_145623) by extension 'python'
[0.232s] Level 1:colcon.colcon_core.package_identification:_identify(runs/gap_sac_20260502_145623) by extensions ['python_setup_py']
[0.232s] Level 1:colcon.colcon_core.package_identification:_identify(runs/gap_sac_20260502_145623) by extension 'python_setup_py'
[0.232s] Level 1:colcon.colcon_core.package_identification:_identify(runs/gap_sac_20260502_221944) by extensions ['ignore', 'ignore_ament_install']
[0.233s] Level 1:colcon.colcon_core.package_identification:_identify(runs/gap_sac_20260502_221944) by extension 'ignore'
[0.233s] Level 1:colcon.colcon_core.package_identification:_identify(runs/gap_sac_20260502_221944) by extension 'ignore_ament_install'
[0.233s] Level 1:colcon.colcon_core.package_identification:_identify(runs/gap_sac_20260502_221944) by extensions ['colcon_pkg']
[0.233s] Level 1:colcon.colcon_core.package_identification:_identify(runs/gap_sac_20260502_221944) by extension 'colcon_pkg'
[0.233s] Level 1:colcon.colcon_core.package_identification:_identify(runs/gap_sac_20260502_221944) by extensions ['colcon_meta']
[0.233s] Level 1:colcon.colcon_core.package_identification:_identify(runs/gap_sac_20260502_221944) by extension 'colcon_meta'
[0.233s] Level 1:colcon.colcon_core.package_identification:_identify(runs/gap_sac_20260502_221944) by extensions ['ros']
[0.233s] Level 1:colcon.colcon_core.package_identification:_identify(runs/gap_sac_20260502_221944) by extension 'ros'
[0.233s] Level 1:colcon.colcon_core.package_identification:_identify(runs/gap_sac_20260502_221944) by extensions ['cmake', 'python']
[0.233s] Level 1:colcon.colcon_core.package_identification:_identify(runs/gap_sac_20260502_221944) by extension 'cmake'
[0.233s] Level 1:colcon.colcon_core.package_identification:_identify(runs/gap_sac_20260502_221944) by extension 'python'
[0.233s] Level 1:colcon.colcon_core.package_identification:_identify(runs/gap_sac_20260502_221944) by extensions ['python_setup_py']
[0.233s] Level 1:colcon.colcon_core.package_identification:_identify(runs/gap_sac_20260502_221944) by extension 'python_setup_py'
[0.233s] Level 1:colcon.colcon_core.package_identification:_identify(runs/gap_sac_20260503_105341) by extensions ['ignore', 'ignore_ament_install']
[0.233s] Level 1:colcon.colcon_core.package_identification:_identify(runs/gap_sac_20260503_105341) by extension 'ignore'
[0.233s] Level 1:colcon.colcon_core.package_identification:_identify(runs/gap_sac_20260503_105341) by extension 'ignore_ament_install'
[0.233s] Level 1:colcon.colcon_core.package_identification:_identify(runs/gap_sac_20260503_105341) by extensions ['colcon_pkg']
[0.233s] Level 1:colcon.colcon_core.package_identification:_identify(runs/gap_sac_20260503_105341) by extension 'colcon_pkg'
[0.233s] Level 1:colcon.colcon_core.package_identification:_identify(runs/gap_sac_20260503_105341) by extensions ['colcon_meta']
[0.233s] Level 1:colcon.colcon_core.package_identification:_identify(runs/gap_sac_20260503_105341) by extension 'colcon_meta'
[0.233s] Level 1:colcon.colcon_core.package_identification:_identify(runs/gap_sac_20260503_105341) by extensions ['ros']
[0.233s] Level 1:colcon.colcon_core.package_identification:_identify(runs/gap_sac_20260503_105341) by extension 'ros'
[0.233s] Level 1:colcon.colcon_core.package_identification:_identify(runs/gap_sac_20260503_105341) by extensions ['cmake', 'python']
[0.233s] Level 1:colcon.colcon_core.package_identification:_identify(runs/gap_sac_20260503_105341) by extension 'cmake'
[0.233s] Level 1:colcon.colcon_core.package_identification:_identify(runs/gap_sac_20260503_105341) by extension 'python'
[0.233s] Level 1:colcon.colcon_core.package_identification:_identify(runs/gap_sac_20260503_105341) by extensions ['python_setup_py']
[0.233s] Level 1:colcon.colcon_core.package_identification:_identify(runs/gap_sac_20260503_105341) by extension 'python_setup_py'
[0.233s] Level 1:colcon.colcon_core.package_identification:_identify(runs/gap_sac_20260503_120107) by extensions ['ignore', 'ignore_ament_install']
[0.233s] Level 1:colcon.colcon_core.package_identification:_identify(runs/gap_sac_20260503_120107) by extension 'ignore'
[0.233s] Level 1:colcon.colcon_core.package_identification:_identify(runs/gap_sac_20260503_120107) by extension 'ignore_ament_install'
[0.233s] Level 1:colcon.colcon_core.package_identification:_identify(runs/gap_sac_20260503_120107) by extensions ['colcon_pkg']
[0.233s] Level 1:colcon.colcon_core.package_identification:_identify(runs/gap_sac_20260503_120107) by extension 'colcon_pkg'
[0.233s] Level 1:colcon.colcon_core.package_identification:_identify(runs/gap_sac_20260503_120107) by extensions ['colcon_meta']
[0.233s] Level 1:colcon.colcon_core.package_identification:_identify(runs/gap_sac_20260503_120107) by extension 'colcon_meta'
[0.233s] Level 1:colcon.colcon_core.package_identification:_identify(runs/gap_sac_20260503_120107) by extensions ['ros']
[0.233s] Level 1:colcon.colcon_core.package_identification:_identify(runs/gap_sac_20260503_120107) by extension 'ros'
[0.233s] Level 1:colcon.colcon_core.package_identification:_identify(runs/gap_sac_20260503_120107) by extensions ['cmake', 'python']
[0.233s] Level 1:colcon.colcon_core.package_identification:_identify(runs/gap_sac_20260503_120107) by extension 'cmake'
[0.233s] Level 1:colcon.colcon_core.package_identification:_identify(runs/gap_sac_20260503_120107) by extension 'python'
[0.233s] Level 1:colcon.colcon_core.package_identification:_identify(runs/gap_sac_20260503_120107) by extensions ['python_setup_py']
[0.233s] Level 1:colcon.colcon_core.package_identification:_identify(runs/gap_sac_20260503_120107) by extension 'python_setup_py'
[0.233s] Level 1:colcon.colcon_core.package_identification:_identify(runs/gap_sac_20260503_125608) by extensions ['ignore', 'ignore_ament_install']
[0.233s] Level 1:colcon.colcon_core.package_identification:_identify(runs/gap_sac_20260503_125608) by extension 'ignore'
[0.233s] Level 1:colcon.colcon_core.package_identification:_identify(runs/gap_sac_20260503_125608) by extension 'ignore_ament_install'
[0.233s] Level 1:colcon.colcon_core.package_identification:_identify(runs/gap_sac_20260503_125608) by extensions ['colcon_pkg']
[0.233s] Level 1:colcon.colcon_core.package_identification:_identify(runs/gap_sac_20260503_125608) by extension 'colcon_pkg'
[0.233s] Level 1:colcon.colcon_core.package_identification:_identify(runs/gap_sac_20260503_125608) by extensions ['colcon_meta']
[0.234s] Level 1:colcon.colcon_core.package_identification:_identify(runs/gap_sac_20260503_125608) by extension 'colcon_meta'
[0.234s] Level 1:colcon.colcon_core.package_identification:_identify(runs/gap_sac_20260503_125608) by extensions ['ros']
[0.234s] Level 1:colcon.colcon_core.package_identification:_identify(runs/gap_sac_20260503_125608) by extension 'ros'
[0.234s] Level 1:colcon.colcon_core.package_identification:_identify(runs/gap_sac_20260503_125608) by extensions ['cmake', 'python']
[0.234s] Level 1:colcon.colcon_core.package_identification:_identify(runs/gap_sac_20260503_125608) by extension 'cmake'
[0.234s] Level 1:colcon.colcon_core.package_identification:_identify(runs/gap_sac_20260503_125608) by extension 'python'
[0.234s] Level 1:colcon.colcon_core.package_identification:_identify(runs/gap_sac_20260503_125608) by extensions ['python_setup_py']
[0.234s] Level 1:colcon.colcon_core.package_identification:_identify(runs/gap_sac_20260503_125608) by extension 'python_setup_py'
[0.234s] Level 1:colcon.colcon_core.package_identification:_identify(runs/gap_sac_20260503_143312) by extensions ['ignore', 'ignore_ament_install']
[0.234s] Level 1:colcon.colcon_core.package_identification:_identify(runs/gap_sac_20260503_143312) by extension 'ignore'
[0.234s] Level 1:colcon.colcon_core.package_identification:_identify(runs/gap_sac_20260503_143312) by extension 'ignore_ament_install'
[0.234s] Level 1:colcon.colcon_core.package_identification:_identify(runs/gap_sac_20260503_143312) by extensions ['colcon_pkg']
[0.234s] Level 1:colcon.colcon_core.package_identification:_identify(runs/gap_sac_20260503_143312) by extension 'colcon_pkg'
[0.234s] Level 1:colcon.colcon_core.package_identification:_identify(runs/gap_sac_20260503_143312) by extensions ['colcon_meta']
[0.234s] Level 1:colcon.colcon_core.package_identification:_identify(runs/gap_sac_20260503_143312) by extension 'colcon_meta'
[0.234s] Level 1:colcon.colcon_core.package_identification:_identify(runs/gap_sac_20260503_143312) by extensions ['ros']
[0.234s] Level 1:colcon.colcon_core.package_identification:_identify(runs/gap_sac_20260503_143312) by extension 'ros'
[0.234s] Level 1:colcon.colcon_core.package_identification:_identify(runs/gap_sac_20260503_143312) by extensions ['cmake', 'python']
[0.234s] Level 1:colcon.colcon_core.package_identification:_identify(runs/gap_sac_20260503_143312) by extension 'cmake'
[0.234s] Level 1:colcon.colcon_core.package_identification:_identify(runs/gap_sac_20260503_143312) by extension 'python'
[0.234s] Level 1:colcon.colcon_core.package_identification:_identify(runs/gap_sac_20260503_143312) by extensions ['python_setup_py']
[0.234s] Level 1:colcon.colcon_core.package_identification:_identify(runs/gap_sac_20260503_143312) by extension 'python_setup_py'
[0.234s] Level 1:colcon.colcon_core.package_identification:_identify(runs/gap_sac_20260503_164614) by extensions ['ignore', 'ignore_ament_install']
[0.234s] Level 1:colcon.colcon_core.package_identification:_identify(runs/gap_sac_20260503_164614) by extension 'ignore'
[0.234s] Level 1:colcon.colcon_core.package_identification:_identify(runs/gap_sac_20260503_164614) by extension 'ignore_ament_install'
[0.234s] Level 1:colcon.colcon_core.package_identification:_identify(runs/gap_sac_20260503_164614) by extensions ['colcon_pkg']
[0.234s] Level 1:colcon.colcon_core.package_identification:_identify(runs/gap_sac_20260503_164614) by extension 'colcon_pkg'
[0.234s] Level 1:colcon.colcon_core.package_identification:_identify(runs/gap_sac_20260503_164614) by extensions ['colcon_meta']
[0.234s] Level 1:colcon.colcon_core.package_identification:_identify(runs/gap_sac_20260503_164614) by extension 'colcon_meta'
[0.234s] Level 1:colcon.colcon_core.package_identification:_identify(runs/gap_sac_20260503_164614) by extensions ['ros']
[0.234s] Level 1:colcon.colcon_core.package_identification:_identify(runs/gap_sac_20260503_164614) by extension 'ros'
[0.234s] Level 1:colcon.colcon_core.package_identification:_identify(runs/gap_sac_20260503_164614) by extensions ['cmake', 'python']
[0.234s] Level 1:colcon.colcon_core.package_identification:_identify(runs/gap_sac_20260503_164614) by extension 'cmake'
[0.234s] Level 1:colcon.colcon_core.package_identification:_identify(runs/gap_sac_20260503_164614) by extension 'python'
[0.234s] Level 1:colcon.colcon_core.package_identification:_identify(runs/gap_sac_20260503_164614) by extensions ['python_setup_py']
[0.234s] Level 1:colcon.colcon_core.package_identification:_identify(runs/gap_sac_20260503_164614) by extension 'python_setup_py'
[0.234s] Level 1:colcon.colcon_core.package_identification:_identify(runs/gap_sac_20260504_233207) by extensions ['ignore', 'ignore_ament_install']
[0.234s] Level 1:colcon.colcon_core.package_identification:_identify(runs/gap_sac_20260504_233207) by extension 'ignore'
[0.234s] Level 1:colcon.colcon_core.package_identification:_identify(runs/gap_sac_20260504_233207) by extension 'ignore_ament_install'
[0.234s] Level 1:colcon.colcon_core.package_identification:_identify(runs/gap_sac_20260504_233207) by extensions ['colcon_pkg']
[0.234s] Level 1:colcon.colcon_core.package_identification:_identify(runs/gap_sac_20260504_233207) by extension 'colcon_pkg'
[0.234s] Level 1:colcon.colcon_core.package_identification:_identify(runs/gap_sac_20260504_233207) by extensions ['colcon_meta']
[0.234s] Level 1:colcon.colcon_core.package_identification:_identify(runs/gap_sac_20260504_233207) by extension 'colcon_meta'
[0.234s] Level 1:colcon.colcon_core.package_identification:_identify(runs/gap_sac_20260504_233207) by extensions ['ros']
[0.235s] Level 1:colcon.colcon_core.package_identification:_identify(runs/gap_sac_20260504_233207) by extension 'ros'
[0.235s] Level 1:colcon.colcon_core.package_identification:_identify(runs/gap_sac_20260504_233207) by extensions ['cmake', 'python']
[0.235s] Level 1:colcon.colcon_core.package_identification:_identify(runs/gap_sac_20260504_233207) by extension 'cmake'
[0.235s] Level 1:colcon.colcon_core.package_identification:_identify(runs/gap_sac_20260504_233207) by extension 'python'
[0.235s] Level 1:colcon.colcon_core.package_identification:_identify(runs/gap_sac_20260504_233207) by extensions ['python_setup_py']
[0.235s] Level 1:colcon.colcon_core.package_identification:_identify(runs/gap_sac_20260504_233207) by extension 'python_setup_py'
[0.235s] Level 1:colcon.colcon_core.package_identification:_identify(runs/gap_sac_20260506_000851) by extensions ['ignore', 'ignore_ament_install']
[0.235s] Level 1:colcon.colcon_core.package_identification:_identify(runs/gap_sac_20260506_000851) by extension 'ignore'
[0.235s] Level 1:colcon.colcon_core.package_identification:_identify(runs/gap_sac_20260506_000851) by extension 'ignore_ament_install'
[0.235s] Level 1:colcon.colcon_core.package_identification:_identify(runs/gap_sac_20260506_000851) by extensions ['colcon_pkg']
[0.235s] Level 1:colcon.colcon_core.package_identification:_identify(runs/gap_sac_20260506_000851) by extension 'colcon_pkg'
[0.235s] Level 1:colcon.colcon_core.package_identification:_identify(runs/gap_sac_20260506_000851) by extensions ['colcon_meta']
[0.235s] Level 1:colcon.colcon_core.package_identification:_identify(runs/gap_sac_20260506_000851) by extension 'colcon_meta'
[0.235s] Level 1:colcon.colcon_core.package_identification:_identify(runs/gap_sac_20260506_000851) by extensions ['ros']
[0.235s] Level 1:colcon.colcon_core.package_identification:_identify(runs/gap_sac_20260506_000851) by extension 'ros'
[0.235s] Level 1:colcon.colcon_core.package_identification:_identify(runs/gap_sac_20260506_000851) by extensions ['cmake', 'python']
[0.235s] Level 1:colcon.colcon_core.package_identification:_identify(runs/gap_sac_20260506_000851) by extension 'cmake'
[0.235s] Level 1:colcon.colcon_core.package_identification:_identify(runs/gap_sac_20260506_000851) by extension 'python'
[0.235s] Level 1:colcon.colcon_core.package_identification:_identify(runs/gap_sac_20260506_000851) by extensions ['python_setup_py']
[0.235s] Level 1:colcon.colcon_core.package_identification:_identify(runs/gap_sac_20260506_000851) by extension 'python_setup_py'
[0.235s] Level 1:colcon.colcon_core.package_identification:_identify(src) by extensions ['ignore', 'ignore_ament_install']
[0.235s] Level 1:colcon.colcon_core.package_identification:_identify(src) by extension 'ignore'
[0.235s] Level 1:colcon.colcon_core.package_identification:_identify(src) by extension 'ignore_ament_install'
[0.235s] Level 1:colcon.colcon_core.package_identification:_identify(src) by extensions ['colcon_pkg']
[0.235s] Level 1:colcon.colcon_core.package_identification:_identify(src) by extension 'colcon_pkg'
[0.235s] Level 1:colcon.colcon_core.package_identification:_identify(src) by extensions ['colcon_meta']
[0.235s] Level 1:colcon.colcon_core.package_identification:_identify(src) by extension 'colcon_meta'
[0.235s] Level 1:colcon.colcon_core.package_identification:_identify(src) by extensions ['ros']
[0.235s] Level 1:colcon.colcon_core.package_identification:_identify(src) by extension 'ros'
[0.235s] Level 1:colcon.colcon_core.package_identification:_identify(src) by extensions ['cmake', 'python']
[0.235s] Level 1:colcon.colcon_core.package_identification:_identify(src) by extension 'cmake'
[0.235s] Level 1:colcon.colcon_core.package_identification:_identify(src) by extension 'python'
[0.235s] Level 1:colcon.colcon_core.package_identification:_identify(src) by extensions ['python_setup_py']
[0.235s] Level 1:colcon.colcon_core.package_identification:_identify(src) by extension 'python_setup_py'
[0.235s] Level 1:colcon.colcon_core.package_identification:_identify(src/turtlebot3_drl_local_planner) by extensions ['ignore', 'ignore_ament_install']
[0.235s] Level 1:colcon.colcon_core.package_identification:_identify(src/turtlebot3_drl_local_planner) by extension 'ignore'
[0.235s] Level 1:colcon.colcon_core.package_identification:_identify(src/turtlebot3_drl_local_planner) by extension 'ignore_ament_install'
[0.235s] Level 1:colcon.colcon_core.package_identification:_identify(src/turtlebot3_drl_local_planner) by extensions ['colcon_pkg']
[0.235s] Level 1:colcon.colcon_core.package_identification:_identify(src/turtlebot3_drl_local_planner) by extension 'colcon_pkg'
[0.235s] Level 1:colcon.colcon_core.package_identification:_identify(src/turtlebot3_drl_local_planner) by extensions ['colcon_meta']
[0.235s] Level 1:colcon.colcon_core.package_identification:_identify(src/turtlebot3_drl_local_planner) by extension 'colcon_meta'
[0.235s] Level 1:colcon.colcon_core.package_identification:_identify(src/turtlebot3_drl_local_planner) by extensions ['ros']
[0.235s] Level 1:colcon.colcon_core.package_identification:_identify(src/turtlebot3_drl_local_planner) by extension 'ros'
[0.244s] DEBUG:colcon.colcon_core.package_identification:Package 'src/turtlebot3_drl_local_planner' with type 'ros.ament_python' and name 'turtlebot3_drl_local_planner'
[0.244s] Level 1:colcon.colcon_core.package_identification:_identify(src/turtlebot3_drl_nav2_controller) by extensions ['ignore', 'ignore_ament_install']
[0.244s] Level 1:colcon.colcon_core.package_identification:_identify(src/turtlebot3_drl_nav2_controller) by extension 'ignore'
[0.244s] Level 1:colcon.colcon_core.package_identification:_identify(src/turtlebot3_drl_nav2_controller) by extension 'ignore_ament_install'
[0.244s] Level 1:colcon.colcon_core.package_identification:_identify(src/turtlebot3_drl_nav2_controller) by extensions ['colcon_pkg']
[0.244s] Level 1:colcon.colcon_core.package_identification:_identify(src/turtlebot3_drl_nav2_controller) by extension 'colcon_pkg'
[0.244s] Level 1:colcon.colcon_core.package_identification:_identify(src/turtlebot3_drl_nav2_controller) by extensions ['colcon_meta']
[0.244s] Level 1:colcon.colcon_core.package_identification:_identify(src/turtlebot3_drl_nav2_controller) by extension 'colcon_meta'
[0.244s] Level 1:colcon.colcon_core.package_identification:_identify(src/turtlebot3_drl_nav2_controller) by extensions ['ros']
[0.244s] Level 1:colcon.colcon_core.package_identification:_identify(src/turtlebot3_drl_nav2_controller) by extension 'ros'
[0.245s] DEBUG:colcon.colcon_core.package_identification:Package 'src/turtlebot3_drl_nav2_controller' with type 'ros.ament_cmake' and name 'turtlebot3_drl_nav2_controller'
[0.245s] Level 1:colcon.colcon_core.package_identification:_identify(src/turtlebot3_gazebo) by extensions ['ignore', 'ignore_ament_install']
[0.246s] Level 1:colcon.colcon_core.package_identification:_identify(src/turtlebot3_gazebo) by extension 'ignore'
[0.246s] Level 1:colcon.colcon_core.package_identification:_identify(src/turtlebot3_gazebo) by extension 'ignore_ament_install'
[0.246s] Level 1:colcon.colcon_core.package_identification:_identify(src/turtlebot3_gazebo) by extensions ['colcon_pkg']
[0.246s] Level 1:colcon.colcon_core.package_identification:_identify(src/turtlebot3_gazebo) by extension 'colcon_pkg'
[0.246s] Level 1:colcon.colcon_core.package_identification:_identify(src/turtlebot3_gazebo) by extensions ['colcon_meta']
[0.246s] Level 1:colcon.colcon_core.package_identification:_identify(src/turtlebot3_gazebo) by extension 'colcon_meta'
[0.246s] Level 1:colcon.colcon_core.package_identification:_identify(src/turtlebot3_gazebo) by extensions ['ros']
[0.246s] Level 1:colcon.colcon_core.package_identification:_identify(src/turtlebot3_gazebo) by extension 'ros'
[0.246s] DEBUG:colcon.colcon_core.package_identification:Package 'src/turtlebot3_gazebo' with type 'ros.ament_cmake' and name 'turtlebot3_gazebo'
[0.246s] Level 1:colcon.colcon_core.package_discovery:discover_packages(recursive) using defaults
[0.246s] Level 1:colcon.colcon_core.package_discovery:discover_packages(ignore) discover
[0.246s] Level 1:colcon.colcon_core.package_discovery:discover_packages(ignore) using defaults
[0.247s] Level 1:colcon.colcon_core.package_discovery:discover_packages(path) discover
[0.247s] Level 1:colcon.colcon_core.package_discovery:discover_packages(path) using defaults
[0.262s] Level 1:colcon.colcon_core.package_discovery:discover_packages(prefix_path) check parameters
[0.262s] Level 1:colcon.colcon_core.package_discovery:discover_packages(prefix_path) discover
[0.264s] DEBUG:colcon.colcon_installed_package_information.package_discovery:Found 448 installed packages in /opt/ros/humble
[0.265s] Level 1:colcon.colcon_core.package_discovery:discover_packages(prefix_path) using defaults
[0.294s] WARNING:colcon.colcon_core.package_selection:Some selected packages are already built in one or more underlay workspaces:
	'turtlebot3_gazebo' is in: /opt/ros/humble
If a package in a merged underlay workspace is overridden and it installs headers, then all packages in the overlay must sort their include directories by workspace order. Failure to do so may result in build failures or undefined behavior at run time.
If the overridden package is used by another package in any underlay, then the overriding package in the overlay must be API and ABI compatible or undefined behavior at run time may occur.

If you understand the risks and want to override a package anyways, add the following to the command line:
	--allow-overriding turtlebot3_gazebo

This may be promoted to an error in a future release of colcon-override-check.
[0.295s] Level 5:colcon.colcon_core.verb:set package 'turtlebot3_drl_local_planner' build argument 'cmake_args' from command line to 'None'
[0.295s] Level 5:colcon.colcon_core.verb:set package 'turtlebot3_drl_local_planner' build argument 'cmake_target' from command line to 'None'
[0.295s] Level 5:colcon.colcon_core.verb:set package 'turtlebot3_drl_local_planner' build argument 'cmake_target_skip_unavailable' from command line to 'False'
[0.295s] Level 5:colcon.colcon_core.verb:set package 'turtlebot3_drl_local_planner' build argument 'cmake_clean_cache' from command line to 'False'
[0.295s] Level 5:colcon.colcon_core.verb:set package 'turtlebot3_drl_local_planner' build argument 'cmake_clean_first' from command line to 'False'
[0.295s] Level 5:colcon.colcon_core.verb:set package 'turtlebot3_drl_local_planner' build argument 'cmake_force_configure' from command line to 'False'
[0.295s] Level 5:colcon.colcon_core.verb:set package 'turtlebot3_drl_local_planner' build argument 'ament_cmake_args' from command line to 'None'
[0.295s] Level 5:colcon.colcon_core.verb:set package 'turtlebot3_drl_local_planner' build argument 'catkin_cmake_args' from command line to 'None'
[0.295s] Level 5:colcon.colcon_core.verb:set package 'turtlebot3_drl_local_planner' build argument 'catkin_skip_building_tests' from command line to 'False'
[0.295s] DEBUG:colcon.colcon_core.verb:Building package 'turtlebot3_drl_local_planner' with the following arguments: {'ament_cmake_args': None, 'build_base': '/home/hug/tb3_sim_ws/build/turtlebot3_drl_local_planner', 'catkin_cmake_args': None, 'catkin_skip_building_tests': False, 'cmake_args': None, 'cmake_clean_cache': False, 'cmake_clean_first': False, 'cmake_force_configure': False, 'cmake_target': None, 'cmake_target_skip_unavailable': False, 'install_base': '/home/hug/tb3_sim_ws/install/turtlebot3_drl_local_planner', 'merge_install': False, 'path': '/home/hug/tb3_sim_ws/src/turtlebot3_drl_local_planner', 'symlink_install': False, 'test_result_base': None}
[0.295s] Level 5:colcon.colcon_core.verb:set package 'turtlebot3_drl_nav2_controller' build argument 'cmake_args' from command line to 'None'
[0.295s] Level 5:colcon.colcon_core.verb:set package 'turtlebot3_drl_nav2_controller' build argument 'cmake_target' from command line to 'None'
[0.295s] Level 5:colcon.colcon_core.verb:set package 'turtlebot3_drl_nav2_controller' build argument 'cmake_target_skip_unavailable' from command line to 'False'
[0.295s] Level 5:colcon.colcon_core.verb:set package 'turtlebot3_drl_nav2_controller' build argument 'cmake_clean_cache' from command line to 'False'
[0.295s] Level 5:colcon.colcon_core.verb:set package 'turtlebot3_drl_nav2_controller' build argument 'cmake_clean_first' from command line to 'False'
[0.295s] Level 5:colcon.colcon_core.verb:set package 'turtlebot3_drl_nav2_controller' build argument 'cmake_force_configure' from command line to 'False'
[0.295s] Level 5:colcon.colcon_core.verb:set package 'turtlebot3_drl_nav2_controller' build argument 'ament_cmake_args' from command line to 'None'
[0.295s] Level 5:colcon.colcon_core.verb:set package 'turtlebot3_drl_nav2_controller' build argument 'catkin_cmake_args' from command line to 'None'
[0.295s] Level 5:colcon.colcon_core.verb:set package 'turtlebot3_drl_nav2_controller' build argument 'catkin_skip_building_tests' from command line to 'False'
[0.295s] DEBUG:colcon.colcon_core.verb:Building package 'turtlebot3_drl_nav2_controller' with the following arguments: {'ament_cmake_args': None, 'build_base': '/home/hug/tb3_sim_ws/build/turtlebot3_drl_nav2_controller', 'catkin_cmake_args': None, 'catkin_skip_building_tests': False, 'cmake_args': None, 'cmake_clean_cache': False, 'cmake_clean_first': False, 'cmake_force_configure': False, 'cmake_target': None, 'cmake_target_skip_unavailable': False, 'install_base': '/home/hug/tb3_sim_ws/install/turtlebot3_drl_nav2_controller', 'merge_install': False, 'path': '/home/hug/tb3_sim_ws/src/turtlebot3_drl_nav2_controller', 'symlink_install': False, 'test_result_base': None}
[0.296s] Level 5:colcon.colcon_core.verb:set package 'turtlebot3_gazebo' build argument 'cmake_args' from command line to 'None'
[0.296s] Level 5:colcon.colcon_core.verb:set package 'turtlebot3_gazebo' build argument 'cmake_target' from command line to 'None'
[0.296s] Level 5:colcon.colcon_core.verb:set package 'turtlebot3_gazebo' build argument 'cmake_target_skip_unavailable' from command line to 'False'
[0.296s] Level 5:colcon.colcon_core.verb:set package 'turtlebot3_gazebo' build argument 'cmake_clean_cache' from command line to 'False'
[0.296s] Level 5:colcon.colcon_core.verb:set package 'turtlebot3_gazebo' build argument 'cmake_clean_first' from command line to 'False'
[0.296s] Level 5:colcon.colcon_core.verb:set package 'turtlebot3_gazebo' build argument 'cmake_force_configure' from command line to 'False'
[0.296s] Level 5:colcon.colcon_core.verb:set package 'turtlebot3_gazebo' build argument 'ament_cmake_args' from command line to 'None'
[0.296s] Level 5:colcon.colcon_core.verb:set package 'turtlebot3_gazebo' build argument 'catkin_cmake_args' from command line to 'None'
[0.296s] Level 5:colcon.colcon_core.verb:set package 'turtlebot3_gazebo' build argument 'catkin_skip_building_tests' from command line to 'False'
[0.296s] DEBUG:colcon.colcon_core.verb:Building package 'turtlebot3_gazebo' with the following arguments: {'ament_cmake_args': None, 'build_base': '/home/hug/tb3_sim_ws/build/turtlebot3_gazebo', 'catkin_cmake_args': None, 'catkin_skip_building_tests': False, 'cmake_args': None, 'cmake_clean_cache': False, 'cmake_clean_first': False, 'cmake_force_configure': False, 'cmake_target': None, 'cmake_target_skip_unavailable': False, 'install_base': '/home/hug/tb3_sim_ws/install/turtlebot3_gazebo', 'merge_install': False, 'path': '/home/hug/tb3_sim_ws/src/turtlebot3_gazebo', 'symlink_install': False, 'test_result_base': None}
[0.296s] INFO:colcon.colcon_core.executor:Executing jobs using 'parallel' executor
[0.296s] DEBUG:colcon.colcon_parallel_executor.executor.parallel:run_until_complete
[0.297s] INFO:colcon.colcon_ros.task.ament_python.build:Building ROS package in '/home/hug/tb3_sim_ws/src/turtlebot3_drl_local_planner' with build type 'ament_python'
[0.297s] Level 1:colcon.colcon_core.shell:create_environment_hook('turtlebot3_drl_local_planner', 'ament_prefix_path')
[0.299s] INFO:colcon.colcon_core.plugin_system:Skipping extension 'colcon_core.shell.bat': Not used on non-Windows systems
[0.299s] INFO:colcon.colcon_core.shell:Creating environment hook '/home/hug/tb3_sim_ws/install/turtlebot3_drl_local_planner/share/turtlebot3_drl_local_planner/hook/ament_prefix_path.ps1'
[0.299s] INFO:colcon.colcon_core.shell:Creating environment descriptor '/home/hug/tb3_sim_ws/install/turtlebot3_drl_local_planner/share/turtlebot3_drl_local_planner/hook/ament_prefix_path.dsv'
[0.299s] INFO:colcon.colcon_core.shell:Creating environment hook '/home/hug/tb3_sim_ws/install/turtlebot3_drl_local_planner/share/turtlebot3_drl_local_planner/hook/ament_prefix_path.sh'
[0.300s] INFO:colcon.colcon_core.shell:Skip shell extension 'powershell' for command environment: Not usable outside of PowerShell
[0.300s] DEBUG:colcon.colcon_core.shell:Skip shell extension 'dsv' for command environment
[0.486s] INFO:colcon.colcon_core.task.python.build:Building Python package in '/home/hug/tb3_sim_ws/src/turtlebot3_drl_local_planner'
[0.487s] INFO:colcon.colcon_core.shell:Skip shell extension 'powershell' for command environment: Not usable outside of PowerShell
[0.487s] DEBUG:colcon.colcon_core.shell:Skip shell extension 'dsv' for command environment
[0.807s] DEBUG:colcon.colcon_core.event_handler.log_command:Invoking command in '/home/hug/tb3_sim_ws/src/turtlebot3_drl_local_planner': PYTHONPATH=/home/hug/tb3_sim_ws/build/turtlebot3_drl_local_planner/prefix_override:/usr/lib/python3/dist-packages/colcon_core/task/python/colcon_distutils_commands:/home/hug/tb3_sim_ws/install/turtlebot3_drl_local_planner/lib/python3.10/site-packages:${PYTHONPATH} /usr/bin/python3 -W ignore:setup.py install is deprecated -W ignore:easy_install command is deprecated setup.py egg_info --egg-base ../../build/turtlebot3_drl_local_planner build --build-base /home/hug/tb3_sim_ws/build/turtlebot3_drl_local_planner/build install --record /home/hug/tb3_sim_ws/build/turtlebot3_drl_local_planner/install.log --single-version-externally-managed install_data
[1.047s] DEBUG:colcon.colcon_core.event_handler.log_command:Invoked command in '/home/hug/tb3_sim_ws/src/turtlebot3_drl_local_planner' returned '0': PYTHONPATH=/home/hug/tb3_sim_ws/build/turtlebot3_drl_local_planner/prefix_override:/usr/lib/python3/dist-packages/colcon_core/task/python/colcon_distutils_commands:/home/hug/tb3_sim_ws/install/turtlebot3_drl_local_planner/lib/python3.10/site-packages:${PYTHONPATH} /usr/bin/python3 -W ignore:setup.py install is deprecated -W ignore:easy_install command is deprecated setup.py egg_info --egg-base ../../build/turtlebot3_drl_local_planner build --build-base /home/hug/tb3_sim_ws/build/turtlebot3_drl_local_planner/build install --record /home/hug/tb3_sim_ws/build/turtlebot3_drl_local_planner/install.log --single-version-externally-managed install_data
[1.051s] Level 1:colcon.colcon_core.environment:checking '/home/hug/tb3_sim_ws/install/turtlebot3_drl_local_planner' for CMake module files
[1.052s] Level 1:colcon.colcon_core.environment:checking '/home/hug/tb3_sim_ws/install/turtlebot3_drl_local_planner' for CMake config files
[1.053s] Level 1:colcon.colcon_core.environment:checking '/home/hug/tb3_sim_ws/install/turtlebot3_drl_local_planner/lib'
[1.053s] Level 1:colcon.colcon_core.environment:checking '/home/hug/tb3_sim_ws/install/turtlebot3_drl_local_planner/bin'
[1.053s] Level 1:colcon.colcon_core.environment:checking '/home/hug/tb3_sim_ws/install/turtlebot3_drl_local_planner/lib/pkgconfig/turtlebot3_drl_local_planner.pc'
[1.053s] Level 1:colcon.colcon_core.environment:checking '/home/hug/tb3_sim_ws/install/turtlebot3_drl_local_planner/lib/python3.10/site-packages'
[1.053s] Level 1:colcon.colcon_core.shell:create_environment_hook('turtlebot3_drl_local_planner', 'pythonpath')
[1.054s] INFO:colcon.colcon_core.shell:Creating environment hook '/home/hug/tb3_sim_ws/install/turtlebot3_drl_local_planner/share/turtlebot3_drl_local_planner/hook/pythonpath.ps1'
[1.054s] INFO:colcon.colcon_core.shell:Creating environment descriptor '/home/hug/tb3_sim_ws/install/turtlebot3_drl_local_planner/share/turtlebot3_drl_local_planner/hook/pythonpath.dsv'
[1.054s] INFO:colcon.colcon_core.shell:Creating environment hook '/home/hug/tb3_sim_ws/install/turtlebot3_drl_local_planner/share/turtlebot3_drl_local_planner/hook/pythonpath.sh'
[1.055s] Level 1:colcon.colcon_core.environment:checking '/home/hug/tb3_sim_ws/install/turtlebot3_drl_local_planner/bin'
[1.056s] Level 1:colcon.colcon_core.environment:create_environment_scripts_only(turtlebot3_drl_local_planner)
[1.056s] INFO:colcon.colcon_core.shell:Creating package script '/home/hug/tb3_sim_ws/install/turtlebot3_drl_local_planner/share/turtlebot3_drl_local_planner/package.ps1'
[1.057s] INFO:colcon.colcon_core.shell:Creating package descriptor '/home/hug/tb3_sim_ws/install/turtlebot3_drl_local_planner/share/turtlebot3_drl_local_planner/package.dsv'
[1.058s] INFO:colcon.colcon_core.shell:Creating package script '/home/hug/tb3_sim_ws/install/turtlebot3_drl_local_planner/share/turtlebot3_drl_local_planner/package.sh'
[1.059s] INFO:colcon.colcon_core.shell:Creating package script '/home/hug/tb3_sim_ws/install/turtlebot3_drl_local_planner/share/turtlebot3_drl_local_planner/package.bash'
[1.059s] INFO:colcon.colcon_core.shell:Creating package script '/home/hug/tb3_sim_ws/install/turtlebot3_drl_local_planner/share/turtlebot3_drl_local_planner/package.zsh'
[1.060s] Level 1:colcon.colcon_core.environment:create_file_with_runtime_dependencies(/home/hug/tb3_sim_ws/install/turtlebot3_drl_local_planner/share/colcon-core/packages/turtlebot3_drl_local_planner)
[1.060s] INFO:colcon.colcon_ros.task.ament_cmake.build:Building ROS package in '/home/hug/tb3_sim_ws/src/turtlebot3_drl_nav2_controller' with build type 'ament_cmake'
[1.060s] INFO:colcon.colcon_cmake.task.cmake.build:Building CMake package in '/home/hug/tb3_sim_ws/src/turtlebot3_drl_nav2_controller'
[1.061s] INFO:colcon.colcon_core.shell:Skip shell extension 'powershell' for command environment: Not usable outside of PowerShell
[1.061s] DEBUG:colcon.colcon_core.shell:Skip shell extension 'dsv' for command environment
[1.063s] INFO:colcon.colcon_ros.task.ament_cmake.build:Building ROS package in '/home/hug/tb3_sim_ws/src/turtlebot3_gazebo' with build type 'ament_cmake'
[1.063s] INFO:colcon.colcon_cmake.task.cmake.build:Building CMake package in '/home/hug/tb3_sim_ws/src/turtlebot3_gazebo'
[1.063s] INFO:colcon.colcon_core.shell:Skip shell extension 'powershell' for command environment: Not usable outside of PowerShell
[1.063s] DEBUG:colcon.colcon_core.shell:Skip shell extension 'dsv' for command environment
[1.068s] DEBUG:colcon.colcon_core.event_handler.log_command:Invoking command in '/home/hug/tb3_sim_ws/build/turtlebot3_drl_nav2_controller': AMENT_PREFIX_PATH=/home/hug/tb3_sim_ws/install/turtlebot3_drl_local_planner:${AMENT_PREFIX_PATH} CMAKE_PREFIX_PATH=/opt/ros/humble PYTHONPATH=/home/hug/tb3_sim_ws/install/turtlebot3_drl_local_planner/lib/python3.10/site-packages:${PYTHONPATH} /usr/bin/cmake --build /home/hug/tb3_sim_ws/build/turtlebot3_drl_nav2_controller -- -j16 -l16
[1.071s] DEBUG:colcon.colcon_core.event_handler.log_command:Invoking command in '/home/hug/tb3_sim_ws/build/turtlebot3_gazebo': AMENT_PREFIX_PATH=/home/hug/tb3_sim_ws/install/turtlebot3_drl_local_planner:${AMENT_PREFIX_PATH} CMAKE_PREFIX_PATH=/opt/ros/humble PYTHONPATH=/home/hug/tb3_sim_ws/install/turtlebot3_drl_local_planner/lib/python3.10/site-packages:${PYTHONPATH} /usr/bin/cmake --build /home/hug/tb3_sim_ws/build/turtlebot3_gazebo -- -j16 -l16
[1.174s] DEBUG:colcon.colcon_core.event_handler.log_command:Invoked command in '/home/hug/tb3_sim_ws/build/turtlebot3_gazebo' returned '0': AMENT_PREFIX_PATH=/home/hug/tb3_sim_ws/install/turtlebot3_drl_local_planner:${AMENT_PREFIX_PATH} CMAKE_PREFIX_PATH=/opt/ros/humble PYTHONPATH=/home/hug/tb3_sim_ws/install/turtlebot3_drl_local_planner/lib/python3.10/site-packages:${PYTHONPATH} /usr/bin/cmake --build /home/hug/tb3_sim_ws/build/turtlebot3_gazebo -- -j16 -l16
[1.184s] DEBUG:colcon.colcon_core.event_handler.log_command:Invoking command in '/home/hug/tb3_sim_ws/build/turtlebot3_gazebo': AMENT_PREFIX_PATH=/home/hug/tb3_sim_ws/install/turtlebot3_drl_local_planner:${AMENT_PREFIX_PATH} CMAKE_PREFIX_PATH=/opt/ros/humble PYTHONPATH=/home/hug/tb3_sim_ws/install/turtlebot3_drl_local_planner/lib/python3.10/site-packages:${PYTHONPATH} /usr/bin/cmake --install /home/hug/tb3_sim_ws/build/turtlebot3_gazebo
[1.211s] Level 1:colcon.colcon_core.environment:create_environment_scripts_only(turtlebot3_gazebo)
[1.211s] Level 1:colcon.colcon_core.environment:checking '/home/hug/tb3_sim_ws/install/turtlebot3_gazebo' for CMake module files
[1.212s] DEBUG:colcon.colcon_core.event_handler.log_command:Invoked command in '/home/hug/tb3_sim_ws/build/turtlebot3_gazebo' returned '0': AMENT_PREFIX_PATH=/home/hug/tb3_sim_ws/install/turtlebot3_drl_local_planner:${AMENT_PREFIX_PATH} CMAKE_PREFIX_PATH=/opt/ros/humble PYTHONPATH=/home/hug/tb3_sim_ws/install/turtlebot3_drl_local_planner/lib/python3.10/site-packages:${PYTHONPATH} /usr/bin/cmake --install /home/hug/tb3_sim_ws/build/turtlebot3_gazebo
[1.212s] Level 1:colcon.colcon_core.environment:checking '/home/hug/tb3_sim_ws/install/turtlebot3_gazebo' for CMake config files
[1.214s] Level 1:colcon.colcon_core.shell:create_environment_hook('turtlebot3_gazebo', 'cmake_prefix_path')
[1.215s] INFO:colcon.colcon_core.shell:Creating environment hook '/home/hug/tb3_sim_ws/install/turtlebot3_gazebo/share/turtlebot3_gazebo/hook/cmake_prefix_path.ps1'
[1.215s] INFO:colcon.colcon_core.shell:Creating environment descriptor '/home/hug/tb3_sim_ws/install/turtlebot3_gazebo/share/turtlebot3_gazebo/hook/cmake_prefix_path.dsv'
[1.216s] INFO:colcon.colcon_core.shell:Creating environment hook '/home/hug/tb3_sim_ws/install/turtlebot3_gazebo/share/turtlebot3_gazebo/hook/cmake_prefix_path.sh'
[1.216s] Level 1:colcon.colcon_core.environment:checking '/home/hug/tb3_sim_ws/install/turtlebot3_gazebo/lib'
[1.217s] Level 1:colcon.colcon_core.environment:checking '/home/hug/tb3_sim_ws/install/turtlebot3_gazebo/bin'
[1.217s] Level 1:colcon.colcon_core.environment:checking '/home/hug/tb3_sim_ws/install/turtlebot3_gazebo/lib/pkgconfig/turtlebot3_gazebo.pc'
[1.217s] Level 1:colcon.colcon_core.environment:checking '/home/hug/tb3_sim_ws/install/turtlebot3_gazebo/lib/python3.10/site-packages'
[1.217s] Level 1:colcon.colcon_core.environment:checking '/home/hug/tb3_sim_ws/install/turtlebot3_gazebo/bin'
[1.218s] INFO:colcon.colcon_core.shell:Creating package script '/home/hug/tb3_sim_ws/install/turtlebot3_gazebo/share/turtlebot3_gazebo/package.ps1'
[1.218s] INFO:colcon.colcon_core.shell:Creating package descriptor '/home/hug/tb3_sim_ws/install/turtlebot3_gazebo/share/turtlebot3_gazebo/package.dsv'
[1.219s] INFO:colcon.colcon_core.shell:Creating package script '/home/hug/tb3_sim_ws/install/turtlebot3_gazebo/share/turtlebot3_gazebo/package.sh'
[1.220s] INFO:colcon.colcon_core.shell:Creating package script '/home/hug/tb3_sim_ws/install/turtlebot3_gazebo/share/turtlebot3_gazebo/package.bash'
[1.221s] INFO:colcon.colcon_core.shell:Creating package script '/home/hug/tb3_sim_ws/install/turtlebot3_gazebo/share/turtlebot3_gazebo/package.zsh'
[1.222s] Level 1:colcon.colcon_core.environment:create_file_with_runtime_dependencies(/home/hug/tb3_sim_ws/install/turtlebot3_gazebo/share/colcon-core/packages/turtlebot3_gazebo)
[1.223s] Level 1:colcon.colcon_core.environment:create_environment_scripts_only(turtlebot3_gazebo)
[1.225s] Level 1:colcon.colcon_core.environment:checking '/home/hug/tb3_sim_ws/install/turtlebot3_gazebo' for CMake module files
[1.226s] Level 1:colcon.colcon_core.environment:checking '/home/hug/tb3_sim_ws/install/turtlebot3_gazebo' for CMake config files
[1.230s] Level 1:colcon.colcon_core.shell:create_environment_hook('turtlebot3_gazebo', 'cmake_prefix_path')
[1.231s] INFO:colcon.colcon_core.shell:Creating environment hook '/home/hug/tb3_sim_ws/install/turtlebot3_gazebo/share/turtlebot3_gazebo/hook/cmake_prefix_path.ps1'
[1.232s] INFO:colcon.colcon_core.shell:Creating environment descriptor '/home/hug/tb3_sim_ws/install/turtlebot3_gazebo/share/turtlebot3_gazebo/hook/cmake_prefix_path.dsv'
[1.233s] INFO:colcon.colcon_core.shell:Creating environment hook '/home/hug/tb3_sim_ws/install/turtlebot3_gazebo/share/turtlebot3_gazebo/hook/cmake_prefix_path.sh'
[1.234s] Level 1:colcon.colcon_core.environment:checking '/home/hug/tb3_sim_ws/install/turtlebot3_gazebo/lib'
[1.234s] Level 1:colcon.colcon_core.environment:checking '/home/hug/tb3_sim_ws/install/turtlebot3_gazebo/bin'
[1.234s] Level 1:colcon.colcon_core.environment:checking '/home/hug/tb3_sim_ws/install/turtlebot3_gazebo/lib/pkgconfig/turtlebot3_gazebo.pc'
[1.234s] Level 1:colcon.colcon_core.environment:checking '/home/hug/tb3_sim_ws/install/turtlebot3_gazebo/lib/python3.10/site-packages'
[1.235s] Level 1:colcon.colcon_core.environment:checking '/home/hug/tb3_sim_ws/install/turtlebot3_gazebo/bin'
[1.235s] INFO:colcon.colcon_core.shell:Creating package script '/home/hug/tb3_sim_ws/install/turtlebot3_gazebo/share/turtlebot3_gazebo/package.ps1'
[1.236s] INFO:colcon.colcon_core.shell:Creating package descriptor '/home/hug/tb3_sim_ws/install/turtlebot3_gazebo/share/turtlebot3_gazebo/package.dsv'
[1.237s] INFO:colcon.colcon_core.shell:Creating package script '/home/hug/tb3_sim_ws/install/turtlebot3_gazebo/share/turtlebot3_gazebo/package.sh'
[1.237s] INFO:colcon.colcon_core.shell:Creating package script '/home/hug/tb3_sim_ws/install/turtlebot3_gazebo/share/turtlebot3_gazebo/package.bash'
[1.238s] INFO:colcon.colcon_core.shell:Creating package script '/home/hug/tb3_sim_ws/install/turtlebot3_gazebo/share/turtlebot3_gazebo/package.zsh'
[1.238s] Level 1:colcon.colcon_core.environment:create_file_with_runtime_dependencies(/home/hug/tb3_sim_ws/install/turtlebot3_gazebo/share/colcon-core/packages/turtlebot3_gazebo)
[1.374s] DEBUG:colcon.colcon_core.event_handler.log_command:Invoked command in '/home/hug/tb3_sim_ws/build/turtlebot3_drl_nav2_controller' returned '0': AMENT_PREFIX_PATH=/home/hug/tb3_sim_ws/install/turtlebot3_drl_local_planner:${AMENT_PREFIX_PATH} CMAKE_PREFIX_PATH=/opt/ros/humble PYTHONPATH=/home/hug/tb3_sim_ws/install/turtlebot3_drl_local_planner/lib/python3.10/site-packages:${PYTHONPATH} /usr/bin/cmake --build /home/hug/tb3_sim_ws/build/turtlebot3_drl_nav2_controller -- -j16 -l16
[1.375s] DEBUG:colcon.colcon_core.event_handler.log_command:Invoking command in '/home/hug/tb3_sim_ws/build/turtlebot3_drl_nav2_controller': AMENT_PREFIX_PATH=/home/hug/tb3_sim_ws/install/turtlebot3_drl_local_planner:${AMENT_PREFIX_PATH} CMAKE_PREFIX_PATH=/opt/ros/humble PYTHONPATH=/home/hug/tb3_sim_ws/install/turtlebot3_drl_local_planner/lib/python3.10/site-packages:${PYTHONPATH} /usr/bin/cmake --install /home/hug/tb3_sim_ws/build/turtlebot3_drl_nav2_controller
[1.435s] Level 1:colcon.colcon_core.environment:create_environment_scripts_only(turtlebot3_drl_nav2_controller)
[1.435s] Level 1:colcon.colcon_core.environment:checking '/home/hug/tb3_sim_ws/install/turtlebot3_drl_nav2_controller' for CMake module files
[1.436s] DEBUG:colcon.colcon_core.event_handler.log_command:Invoked command in '/home/hug/tb3_sim_ws/build/turtlebot3_drl_nav2_controller' returned '0': AMENT_PREFIX_PATH=/home/hug/tb3_sim_ws/install/turtlebot3_drl_local_planner:${AMENT_PREFIX_PATH} CMAKE_PREFIX_PATH=/opt/ros/humble PYTHONPATH=/home/hug/tb3_sim_ws/install/turtlebot3_drl_local_planner/lib/python3.10/site-packages:${PYTHONPATH} /usr/bin/cmake --install /home/hug/tb3_sim_ws/build/turtlebot3_drl_nav2_controller
[1.436s] Level 1:colcon.colcon_core.environment:checking '/home/hug/tb3_sim_ws/install/turtlebot3_drl_nav2_controller' for CMake config files
[1.437s] Level 1:colcon.colcon_core.shell:create_environment_hook('turtlebot3_drl_nav2_controller', 'cmake_prefix_path')
[1.437s] INFO:colcon.colcon_core.shell:Creating environment hook '/home/hug/tb3_sim_ws/install/turtlebot3_drl_nav2_controller/share/turtlebot3_drl_nav2_controller/hook/cmake_prefix_path.ps1'
[1.437s] INFO:colcon.colcon_core.shell:Creating environment descriptor '/home/hug/tb3_sim_ws/install/turtlebot3_drl_nav2_controller/share/turtlebot3_drl_nav2_controller/hook/cmake_prefix_path.dsv'
[1.437s] INFO:colcon.colcon_core.shell:Creating environment hook '/home/hug/tb3_sim_ws/install/turtlebot3_drl_nav2_controller/share/turtlebot3_drl_nav2_controller/hook/cmake_prefix_path.sh'
[1.438s] Level 1:colcon.colcon_core.environment:checking '/home/hug/tb3_sim_ws/install/turtlebot3_drl_nav2_controller/lib'
[1.438s] Level 1:colcon.colcon_core.shell:create_environment_hook('turtlebot3_drl_nav2_controller', 'ld_library_path_lib')
[1.438s] INFO:colcon.colcon_core.shell:Creating environment hook '/home/hug/tb3_sim_ws/install/turtlebot3_drl_nav2_controller/share/turtlebot3_drl_nav2_controller/hook/ld_library_path_lib.ps1'
[1.438s] INFO:colcon.colcon_core.shell:Creating environment descriptor '/home/hug/tb3_sim_ws/install/turtlebot3_drl_nav2_controller/share/turtlebot3_drl_nav2_controller/hook/ld_library_path_lib.dsv'
[1.439s] INFO:colcon.colcon_core.shell:Creating environment hook '/home/hug/tb3_sim_ws/install/turtlebot3_drl_nav2_controller/share/turtlebot3_drl_nav2_controller/hook/ld_library_path_lib.sh'
[1.439s] Level 1:colcon.colcon_core.environment:checking '/home/hug/tb3_sim_ws/install/turtlebot3_drl_nav2_controller/bin'
[1.439s] Level 1:colcon.colcon_core.environment:checking '/home/hug/tb3_sim_ws/install/turtlebot3_drl_nav2_controller/lib/pkgconfig/turtlebot3_drl_nav2_controller.pc'
[1.439s] Level 1:colcon.colcon_core.environment:checking '/home/hug/tb3_sim_ws/install/turtlebot3_drl_nav2_controller/lib/python3.10/site-packages'
[1.440s] Level 1:colcon.colcon_core.environment:checking '/home/hug/tb3_sim_ws/install/turtlebot3_drl_nav2_controller/bin'
[1.440s] INFO:colcon.colcon_core.shell:Creating package script '/home/hug/tb3_sim_ws/install/turtlebot3_drl_nav2_controller/share/turtlebot3_drl_nav2_controller/package.ps1'
[1.441s] INFO:colcon.colcon_core.shell:Creating package descriptor '/home/hug/tb3_sim_ws/install/turtlebot3_drl_nav2_controller/share/turtlebot3_drl_nav2_controller/package.dsv'
[1.441s] INFO:colcon.colcon_core.shell:Creating package script '/home/hug/tb3_sim_ws/install/turtlebot3_drl_nav2_controller/share/turtlebot3_drl_nav2_controller/package.sh'
[1.441s] INFO:colcon.colcon_core.shell:Creating package script '/home/hug/tb3_sim_ws/install/turtlebot3_drl_nav2_controller/share/turtlebot3_drl_nav2_controller/package.bash'
[1.442s] INFO:colcon.colcon_core.shell:Creating package script '/home/hug/tb3_sim_ws/install/turtlebot3_drl_nav2_controller/share/turtlebot3_drl_nav2_controller/package.zsh'
[1.442s] Level 1:colcon.colcon_core.environment:create_file_with_runtime_dependencies(/home/hug/tb3_sim_ws/install/turtlebot3_drl_nav2_controller/share/colcon-core/packages/turtlebot3_drl_nav2_controller)
[1.443s] Level 1:colcon.colcon_core.environment:create_environment_scripts_only(turtlebot3_drl_nav2_controller)
[1.443s] Level 1:colcon.colcon_core.environment:checking '/home/hug/tb3_sim_ws/install/turtlebot3_drl_nav2_controller' for CMake module files
[1.444s] Level 1:colcon.colcon_core.environment:checking '/home/hug/tb3_sim_ws/install/turtlebot3_drl_nav2_controller' for CMake config files
[1.445s] Level 1:colcon.colcon_core.shell:create_environment_hook('turtlebot3_drl_nav2_controller', 'cmake_prefix_path')
[1.445s] INFO:colcon.colcon_core.shell:Creating environment hook '/home/hug/tb3_sim_ws/install/turtlebot3_drl_nav2_controller/share/turtlebot3_drl_nav2_controller/hook/cmake_prefix_path.ps1'
[1.445s] INFO:colcon.colcon_core.shell:Creating environment descriptor '/home/hug/tb3_sim_ws/install/turtlebot3_drl_nav2_controller/share/turtlebot3_drl_nav2_controller/hook/cmake_prefix_path.dsv'
[1.446s] INFO:colcon.colcon_core.shell:Creating environment hook '/home/hug/tb3_sim_ws/install/turtlebot3_drl_nav2_controller/share/turtlebot3_drl_nav2_controller/hook/cmake_prefix_path.sh'
[1.446s] Level 1:colcon.colcon_core.environment:checking '/home/hug/tb3_sim_ws/install/turtlebot3_drl_nav2_controller/lib'
[1.446s] Level 1:colcon.colcon_core.shell:create_environment_hook('turtlebot3_drl_nav2_controller', 'ld_library_path_lib')
[1.447s] INFO:colcon.colcon_core.shell:Creating environment hook '/home/hug/tb3_sim_ws/install/turtlebot3_drl_nav2_controller/share/turtlebot3_drl_nav2_controller/hook/ld_library_path_lib.ps1'
[1.447s] INFO:colcon.colcon_core.shell:Creating environment descriptor '/home/hug/tb3_sim_ws/install/turtlebot3_drl_nav2_controller/share/turtlebot3_drl_nav2_controller/hook/ld_library_path_lib.dsv'
[1.447s] INFO:colcon.colcon_core.shell:Creating environment hook '/home/hug/tb3_sim_ws/install/turtlebot3_drl_nav2_controller/share/turtlebot3_drl_nav2_controller/hook/ld_library_path_lib.sh'
[1.448s] Level 1:colcon.colcon_core.environment:checking '/home/hug/tb3_sim_ws/install/turtlebot3_drl_nav2_controller/bin'
[1.448s] Level 1:colcon.colcon_core.environment:checking '/home/hug/tb3_sim_ws/install/turtlebot3_drl_nav2_controller/lib/pkgconfig/turtlebot3_drl_nav2_controller.pc'
[1.448s] Level 1:colcon.colcon_core.environment:checking '/home/hug/tb3_sim_ws/install/turtlebot3_drl_nav2_controller/lib/python3.10/site-packages'
[1.448s] Level 1:colcon.colcon_core.environment:checking '/home/hug/tb3_sim_ws/install/turtlebot3_drl_nav2_controller/bin'
[1.449s] INFO:colcon.colcon_core.shell:Creating package script '/home/hug/tb3_sim_ws/install/turtlebot3_drl_nav2_controller/share/turtlebot3_drl_nav2_controller/package.ps1'
[1.449s] INFO:colcon.colcon_core.shell:Creating package descriptor '/home/hug/tb3_sim_ws/install/turtlebot3_drl_nav2_controller/share/turtlebot3_drl_nav2_controller/package.dsv'
[1.450s] INFO:colcon.colcon_core.shell:Creating package script '/home/hug/tb3_sim_ws/install/turtlebot3_drl_nav2_controller/share/turtlebot3_drl_nav2_controller/package.sh'
[1.450s] INFO:colcon.colcon_core.shell:Creating package script '/home/hug/tb3_sim_ws/install/turtlebot3_drl_nav2_controller/share/turtlebot3_drl_nav2_controller/package.bash'
[1.451s] INFO:colcon.colcon_core.shell:Creating package script '/home/hug/tb3_sim_ws/install/turtlebot3_drl_nav2_controller/share/turtlebot3_drl_nav2_controller/package.zsh'
[1.451s] Level 1:colcon.colcon_core.environment:create_file_with_runtime_dependencies(/home/hug/tb3_sim_ws/install/turtlebot3_drl_nav2_controller/share/colcon-core/packages/turtlebot3_drl_nav2_controller)
[1.451s] DEBUG:colcon.colcon_parallel_executor.executor.parallel:closing loop
[1.451s] DEBUG:colcon.colcon_parallel_executor.executor.parallel:loop closed
[1.452s] DEBUG:colcon.colcon_parallel_executor.executor.parallel:run_until_complete finished with '0'
[1.452s] DEBUG:colcon.colcon_core.event_reactor:joining thread
[1.462s] INFO:colcon.colcon_core.plugin_system:Skipping extension 'colcon_notification.desktop_notification.terminal_notifier': Not used on non-Darwin systems
[1.462s] INFO:colcon.colcon_core.plugin_system:Skipping extension 'colcon_notification.desktop_notification.win32': Not used on non-Windows systems
[1.462s] INFO:colcon.colcon_notification.desktop_notification:Sending desktop notification using 'notify2'
[1.476s] DEBUG:colcon.colcon_core.event_reactor:joined thread
[1.477s] INFO:colcon.colcon_core.shell:Creating prefix script '/home/hug/tb3_sim_ws/install/local_setup.ps1'
[1.479s] INFO:colcon.colcon_core.shell:Creating prefix util module '/home/hug/tb3_sim_ws/install/_local_setup_util_ps1.py'
[1.481s] INFO:colcon.colcon_core.shell:Creating prefix chain script '/home/hug/tb3_sim_ws/install/setup.ps1'
[1.483s] INFO:colcon.colcon_core.shell:Creating prefix script '/home/hug/tb3_sim_ws/install/local_setup.sh'
[1.483s] INFO:colcon.colcon_core.shell:Creating prefix util module '/home/hug/tb3_sim_ws/install/_local_setup_util_sh.py'
[1.484s] INFO:colcon.colcon_core.shell:Creating prefix chain script '/home/hug/tb3_sim_ws/install/setup.sh'
[1.486s] INFO:colcon.colcon_core.shell:Creating prefix script '/home/hug/tb3_sim_ws/install/local_setup.bash'
[1.486s] INFO:colcon.colcon_core.shell:Creating prefix chain script '/home/hug/tb3_sim_ws/install/setup.bash'
[1.487s] INFO:colcon.colcon_core.shell:Creating prefix script '/home/hug/tb3_sim_ws/install/local_setup.zsh'
[1.488s] INFO:colcon.colcon_core.shell:Creating prefix chain script '/home/hug/tb3_sim_ws/install/setup.zsh'
