-- Found ament_cmake: 1.3.12 (/opt/ros/humble/share/ament_cmake/cmake)
-- Configuring done
-- Generating done
-- Build files have been written to: /home/hug/turtlebot3_ws/src/turtlebot3_simulations_and_reality/build/turtlebot3_opentcs_simulations
-- Install configuration: ""
-- Installing: /home/hug/turtlebot3_ws/src/turtlebot3_simulations_and_reality/install/turtlebot3_opentcs_simulations/share/ament_index/resource_index/package_run_dependencies/turtlebot3_opentcs_simulations
-- Installing: /home/hug/turtlebot3_ws/src/turtlebot3_simulations_and_reality/install/turtlebot3_opentcs_simulations/share/ament_index/resource_index/parent_prefix_path/turtlebot3_opentcs_simulations
-- Installing: /home/hug/turtlebot3_ws/src/turtlebot3_simulations_and_reality/install/turtlebot3_opentcs_simulations/share/turtlebot3_opentcs_simulations/environment/ament_prefix_path.sh
-- Installing: /home/hug/turtlebot3_ws/src/turtlebot3_simulations_and_reality/install/turtlebot3_opentcs_simulations/share/turtlebot3_opentcs_simulations/environment/ament_prefix_path.dsv
-- Installing: /home/hug/turtlebot3_ws/src/turtlebot3_simulations_and_reality/install/turtlebot3_opentcs_simulations/share/turtlebot3_opentcs_simulations/environment/path.sh
-- Installing: /home/hug/turtlebot3_ws/src/turtlebot3_simulations_and_reality/install/turtlebot3_opentcs_simulations/share/turtlebot3_opentcs_simulations/environment/path.dsv
-- Installing: /home/hug/turtlebot3_ws/src/turtlebot3_simulations_and_reality/install/turtlebot3_opentcs_simulations/share/turtlebot3_opentcs_simulations/local_setup.bash
-- Installing: /home/hug/turtlebot3_ws/src/turtlebot3_simulations_and_reality/install/turtlebot3_opentcs_simulations/share/turtlebot3_opentcs_simulations/local_setup.sh
-- Installing: /home/hug/turtlebot3_ws/src/turtlebot3_simulations_and_reality/install/turtlebot3_opentcs_simulations/share/turtlebot3_opentcs_simulations/local_setup.zsh
-- Installing: /home/hug/turtlebot3_ws/src/turtlebot3_simulations_and_reality/install/turtlebot3_opentcs_simulations/share/turtlebot3_opentcs_simulations/local_setup.dsv
-- Installing: /home/hug/turtlebot3_ws/src/turtlebot3_simulations_and_reality/install/turtlebot3_opentcs_simulations/share/turtlebot3_opentcs_simulations/package.dsv
-- Installing: /home/hug/turtlebot3_ws/src/turtlebot3_simulations_and_reality/install/turtlebot3_opentcs_simulations/share/ament_index/resource_index/packages/turtlebot3_opentcs_simulations
-- Installing: /home/hug/turtlebot3_ws/src/turtlebot3_simulations_and_reality/install/turtlebot3_opentcs_simulations/share/turtlebot3_opentcs_simulations/cmake/turtlebot3_opentcs_simulationsConfig.cmake
-- Installing: /home/hug/turtlebot3_ws/src/turtlebot3_simulations_and_reality/install/turtlebot3_opentcs_simulations/share/turtlebot3_opentcs_simulations/cmake/turtlebot3_opentcs_simulationsConfig-version.cmake
-- Installing: /home/hug/turtlebot3_ws/src/turtlebot3_simulations_and_reality/install/turtlebot3_opentcs_simulations/share/turtlebot3_opentcs_simulations/package.xml
