[0.015s] Invoking command in '/home/hug/turtlebot3_ws/src/turtlebot3_simulations_and_reality/build/turtlebot3_manipulation_gazebo': CMAKE_PREFIX_PATH=/home/hug/opentcs_ws/install/opentcs_ros2:/opt/ros/humble /usr/bin/cmake /home/hug/turtlebot3_ws/src/turtlebot3_simulations_and_reality/turtlebot3_manipulation_gazebo -DCMAKE_INSTALL_PREFIX=/home/hug/turtlebot3_ws/src/turtlebot3_simulations_and_reality/install/turtlebot3_manipulation_gazebo
[0.053s] -- The C compiler identification is GNU 11.4.0
[0.094s] -- The CXX compiler identification is GNU 11.4.0
[0.101s] -- Detecting C compiler ABI info
[0.156s] -- Detecting C compiler ABI info - done
[0.164s] -- Check for working C compiler: /usr/bin/cc - skipped
[0.164s] -- Detecting C compile features
[0.164s] -- Detecting C compile features - done
[0.166s] -- Detecting CXX compiler ABI info
[0.221s] -- Detecting CXX compiler ABI info - done
[0.230s] -- Check for working CXX compiler: /usr/bin/c++ - skipped
[0.230s] -- Detecting CXX compile features
[0.230s] -- Detecting CXX compile features - done
[0.233s] -- Found ament_cmake: 1.3.12 (/opt/ros/humble/share/ament_cmake/cmake)
[0.347s] -- Found Python3: /usr/bin/python3 (found version "3.10.12") found components: Interpreter 
[0.465s] -- Configuring done
[0.468s] -- Generating done
[0.470s] -- Build files have been written to: /home/hug/turtlebot3_ws/src/turtlebot3_simulations_and_reality/build/turtlebot3_manipulation_gazebo
[0.474s] Invoked command in '/home/hug/turtlebot3_ws/src/turtlebot3_simulations_and_reality/build/turtlebot3_manipulation_gazebo' returned '0': CMAKE_PREFIX_PATH=/home/hug/opentcs_ws/install/opentcs_ros2:/opt/ros/humble /usr/bin/cmake /home/hug/turtlebot3_ws/src/turtlebot3_simulations_and_reality/turtlebot3_manipulation_gazebo -DCMAKE_INSTALL_PREFIX=/home/hug/turtlebot3_ws/src/turtlebot3_simulations_and_reality/install/turtlebot3_manipulation_gazebo
[0.476s] Invoking command in '/home/hug/turtlebot3_ws/src/turtlebot3_simulations_and_reality/build/turtlebot3_manipulation_gazebo': CMAKE_PREFIX_PATH=/home/hug/opentcs_ws/install/opentcs_ros2:/opt/ros/humble /usr/bin/cmake --build /home/hug/turtlebot3_ws/src/turtlebot3_simulations_and_reality/build/turtlebot3_manipulation_gazebo -- -j16 -l16
[0.510s] Invoked command in '/home/hug/turtlebot3_ws/src/turtlebot3_simulations_and_reality/build/turtlebot3_manipulation_gazebo' returned '0': CMAKE_PREFIX_PATH=/home/hug/opentcs_ws/install/opentcs_ros2:/opt/ros/humble /usr/bin/cmake --build /home/hug/turtlebot3_ws/src/turtlebot3_simulations_and_reality/build/turtlebot3_manipulation_gazebo -- -j16 -l16
[0.517s] Invoking command in '/home/hug/turtlebot3_ws/src/turtlebot3_simulations_and_reality/build/turtlebot3_manipulation_gazebo': CMAKE_PREFIX_PATH=/home/hug/opentcs_ws/install/opentcs_ros2:/opt/ros/humble /usr/bin/cmake --install /home/hug/turtlebot3_ws/src/turtlebot3_simulations_and_reality/build/turtlebot3_manipulation_gazebo
[0.522s] -- Install configuration: ""
[0.522s] -- Installing: /home/hug/turtlebot3_ws/src/turtlebot3_simulations_and_reality/install/turtlebot3_manipulation_gazebo/share/turtlebot3_manipulation_gazebo/config
[0.522s] -- Installing: /home/hug/turtlebot3_ws/src/turtlebot3_simulations_and_reality/install/turtlebot3_manipulation_gazebo/share/turtlebot3_manipulation_gazebo/config/gazebo_controller_manager.yaml
[0.522s] -- Installing: /home/hug/turtlebot3_ws/src/turtlebot3_simulations_and_reality/install/turtlebot3_manipulation_gazebo/share/turtlebot3_manipulation_gazebo/config/hardware_controller_manager.yaml
[0.522s] -- Installing: /home/hug/turtlebot3_ws/src/turtlebot3_simulations_and_reality/install/turtlebot3_manipulation_gazebo/share/turtlebot3_manipulation_gazebo/gazebo
[0.522s] -- Installing: /home/hug/turtlebot3_ws/src/turtlebot3_simulations_and_reality/install/turtlebot3_manipulation_gazebo/share/turtlebot3_manipulation_gazebo/gazebo/open_manipulator_x.gazebo.xacro
[0.522s] -- Installing: /home/hug/turtlebot3_ws/src/turtlebot3_simulations_and_reality/install/turtlebot3_manipulation_gazebo/share/turtlebot3_manipulation_gazebo/gazebo/materials.xacro
[0.523s] -- Installing: /home/hug/turtlebot3_ws/src/turtlebot3_simulations_and_reality/install/turtlebot3_manipulation_gazebo/share/turtlebot3_manipulation_gazebo/gazebo/turtlebot3_waffle_pi.gazebo.xacro
[0.523s] -- Installing: /home/hug/turtlebot3_ws/src/turtlebot3_simulations_and_reality/install/turtlebot3_manipulation_gazebo/share/turtlebot3_manipulation_gazebo/launch
[0.523s] -- Installing: /home/hug/turtlebot3_ws/src/turtlebot3_simulations_and_reality/install/turtlebot3_manipulation_gazebo/share/turtlebot3_manipulation_gazebo/launch/gazebo.launch.py
[0.523s] -- Installing: /home/hug/turtlebot3_ws/src/turtlebot3_simulations_and_reality/install/turtlebot3_manipulation_gazebo/share/turtlebot3_manipulation_gazebo/launch/base.launch.py
[0.523s] -- Installing: /home/hug/turtlebot3_ws/src/turtlebot3_simulations_and_reality/install/turtlebot3_manipulation_gazebo/share/turtlebot3_manipulation_gazebo/launch/fake.launch.py
[0.524s] -- Installing: /home/hug/turtlebot3_ws/src/turtlebot3_simulations_and_reality/install/turtlebot3_manipulation_gazebo/share/turtlebot3_manipulation_gazebo/launch/turtlebot3_home_service_challenge.launch.py
[0.524s] -- Installing: /home/hug/turtlebot3_ws/src/turtlebot3_simulations_and_reality/install/turtlebot3_manipulation_gazebo/share/turtlebot3_manipulation_gazebo/ros2_control
[0.524s] -- Installing: /home/hug/turtlebot3_ws/src/turtlebot3_simulations_and_reality/install/turtlebot3_manipulation_gazebo/share/turtlebot3_manipulation_gazebo/ros2_control/turtlebot3_manipulation_system.ros2_control.xacro
[0.524s] -- Installing: /home/hug/turtlebot3_ws/src/turtlebot3_simulations_and_reality/install/turtlebot3_manipulation_gazebo/share/turtlebot3_manipulation_gazebo/rviz
[0.524s] -- Installing: /home/hug/turtlebot3_ws/src/turtlebot3_simulations_and_reality/install/turtlebot3_manipulation_gazebo/share/turtlebot3_manipulation_gazebo/rviz/turtlebot3_manipulation.rviz
[0.524s] -- Installing: /home/hug/turtlebot3_ws/src/turtlebot3_simulations_and_reality/install/turtlebot3_manipulation_gazebo/share/turtlebot3_manipulation_gazebo/urdf
[0.525s] -- Installing: /home/hug/turtlebot3_ws/src/turtlebot3_simulations_and_reality/install/turtlebot3_manipulation_gazebo/share/turtlebot3_manipulation_gazebo/urdf/turtlebot3_waffle_pi.urdf.xacro
[0.525s] -- Installing: /home/hug/turtlebot3_ws/src/turtlebot3_simulations_and_reality/install/turtlebot3_manipulation_gazebo/share/turtlebot3_manipulation_gazebo/urdf/turtlebot3_manipulation.urdf.xacro
[0.525s] -- Installing: /home/hug/turtlebot3_ws/src/turtlebot3_simulations_and_reality/install/turtlebot3_manipulation_gazebo/share/turtlebot3_manipulation_gazebo/urdf/open_manipulator_x.urdf.xacro
[0.525s] -- Installing: /home/hug/turtlebot3_ws/src/turtlebot3_simulations_and_reality/install/turtlebot3_manipulation_gazebo/share/turtlebot3_manipulation_gazebo/worlds
[0.525s] -- Installing: /home/hug/turtlebot3_ws/src/turtlebot3_simulations_and_reality/install/turtlebot3_manipulation_gazebo/share/turtlebot3_manipulation_gazebo/worlds/turtlebot3_home_service_challenge.world
[0.526s] -- Installing: /home/hug/turtlebot3_ws/src/turtlebot3_simulations_and_reality/install/turtlebot3_manipulation_gazebo/share/turtlebot3_manipulation_gazebo/models
[0.526s] -- Installing: /home/hug/turtlebot3_ws/src/turtlebot3_simulations_and_reality/install/turtlebot3_manipulation_gazebo/share/turtlebot3_manipulation_gazebo/models/turtlebot3_home_service_challenge
[0.526s] -- Installing: /home/hug/turtlebot3_ws/src/turtlebot3_simulations_and_reality/install/turtlebot3_manipulation_gazebo/share/turtlebot3_manipulation_gazebo/models/turtlebot3_home_service_challenge/marker4
[0.526s] -- Installing: /home/hug/turtlebot3_ws/src/turtlebot3_simulations_and_reality/install/turtlebot3_manipulation_gazebo/share/turtlebot3_manipulation_gazebo/models/turtlebot3_home_service_challenge/marker4/model.sdf
[0.527s] -- Installing: /home/hug/turtlebot3_ws/src/turtlebot3_simulations_and_reality/install/turtlebot3_manipulation_gazebo/share/turtlebot3_manipulation_gazebo/models/turtlebot3_home_service_challenge/marker4/model.config
[0.527s] -- Installing: /home/hug/turtlebot3_ws/src/turtlebot3_simulations_and_reality/install/turtlebot3_manipulation_gazebo/share/turtlebot3_manipulation_gazebo/models/turtlebot3_home_service_challenge/marker4/meshes
[0.527s] -- Installing: /home/hug/turtlebot3_ws/src/turtlebot3_simulations_and_reality/install/turtlebot3_manipulation_gazebo/share/turtlebot3_manipulation_gazebo/models/turtlebot3_home_service_challenge/marker4/meshes/Marker4.dae
[0.528s] -- Installing: /home/hug/turtlebot3_ws/src/turtlebot3_simulations_and_reality/install/turtlebot3_manipulation_gazebo/share/turtlebot3_manipulation_gazebo/models/turtlebot3_home_service_challenge/marker4/model-1_5.sdf
[0.528s] -- Installing: /home/hug/turtlebot3_ws/src/turtlebot3_simulations_and_reality/install/turtlebot3_manipulation_gazebo/share/turtlebot3_manipulation_gazebo/models/turtlebot3_home_service_challenge/marker4/materials
[0.528s] -- Installing: /home/hug/turtlebot3_ws/src/turtlebot3_simulations_and_reality/install/turtlebot3_manipulation_gazebo/share/turtlebot3_manipulation_gazebo/models/turtlebot3_home_service_challenge/marker4/materials/textures
[0.528s] -- Installing: /home/hug/turtlebot3_ws/src/turtlebot3_simulations_and_reality/install/turtlebot3_manipulation_gazebo/share/turtlebot3_manipulation_gazebo/models/turtlebot3_home_service_challenge/marker4/materials/textures/Marker4.png
[0.528s] -- Installing: /home/hug/turtlebot3_ws/src/turtlebot3_simulations_and_reality/install/turtlebot3_manipulation_gazebo/share/turtlebot3_manipulation_gazebo/models/turtlebot3_home_service_challenge/marker4/model-1_4.sdf
[0.528s] -- Installing: /home/hug/turtlebot3_ws/src/turtlebot3_simulations_and_reality/install/turtlebot3_manipulation_gazebo/share/turtlebot3_manipulation_gazebo/models/turtlebot3_home_service_challenge/marker6
[0.528s] -- Installing: /home/hug/turtlebot3_ws/src/turtlebot3_simulations_and_reality/install/turtlebot3_manipulation_gazebo/share/turtlebot3_manipulation_gazebo/models/turtlebot3_home_service_challenge/marker6/model.sdf
[0.528s] -- Installing: /home/hug/turtlebot3_ws/src/turtlebot3_simulations_and_reality/install/turtlebot3_manipulation_gazebo/share/turtlebot3_manipulation_gazebo/models/turtlebot3_home_service_challenge/marker6/model.config
[0.529s] -- Installing: /home/hug/turtlebot3_ws/src/turtlebot3_simulations_and_reality/install/turtlebot3_manipulation_gazebo/share/turtlebot3_manipulation_gazebo/models/turtlebot3_home_service_challenge/marker6/meshes
[0.529s] -- Installing: /home/hug/turtlebot3_ws/src/turtlebot3_simulations_and_reality/install/turtlebot3_manipulation_gazebo/share/turtlebot3_manipulation_gazebo/models/turtlebot3_home_service_challenge/marker6/meshes/Marker6.dae
[0.530s] -- Installing: /home/hug/turtlebot3_ws/src/turtlebot3_simulations_and_reality/install/turtlebot3_manipulation_gazebo/share/turtlebot3_manipulation_gazebo/models/turtlebot3_home_service_challenge/marker6/model-1_5.sdf
[0.530s] -- Installing: /home/hug/turtlebot3_ws/src/turtlebot3_simulations_and_reality/install/turtlebot3_manipulation_gazebo/share/turtlebot3_manipulation_gazebo/models/turtlebot3_home_service_challenge/marker6/materials
[0.530s] -- Installing: /home/hug/turtlebot3_ws/src/turtlebot3_simulations_and_reality/install/turtlebot3_manipulation_gazebo/share/turtlebot3_manipulation_gazebo/models/turtlebot3_home_service_challenge/marker6/materials/textures
[0.530s] -- Installing: /home/hug/turtlebot3_ws/src/turtlebot3_simulations_and_reality/install/turtlebot3_manipulation_gazebo/share/turtlebot3_manipulation_gazebo/models/turtlebot3_home_service_challenge/marker6/materials/textures/Marker6.png
[0.530s] -- Installing: /home/hug/turtlebot3_ws/src/turtlebot3_simulations_and_reality/install/turtlebot3_manipulation_gazebo/share/turtlebot3_manipulation_gazebo/models/turtlebot3_home_service_challenge/marker6/model-1_4.sdf
[0.530s] -- Installing: /home/hug/turtlebot3_ws/src/turtlebot3_simulations_and_reality/install/turtlebot3_manipulation_gazebo/share/turtlebot3_manipulation_gazebo/models/turtlebot3_home_service_challenge/marker8
[0.530s] -- Installing: /home/hug/turtlebot3_ws/src/turtlebot3_simulations_and_reality/install/turtlebot3_manipulation_gazebo/share/turtlebot3_manipulation_gazebo/models/turtlebot3_home_service_challenge/marker8/model.sdf
[0.531s] -- Installing: /home/hug/turtlebot3_ws/src/turtlebot3_simulations_and_reality/install/turtlebot3_manipulation_gazebo/share/turtlebot3_manipulation_gazebo/models/turtlebot3_home_service_challenge/marker8/model.config
[0.531s] -- Installing: /home/hug/turtlebot3_ws/src/turtlebot3_simulations_and_reality/install/turtlebot3_manipulation_gazebo/share/turtlebot3_manipulation_gazebo/models/turtlebot3_home_service_challenge/marker8/meshes
[0.532s] -- Installing: /home/hug/turtlebot3_ws/src/turtlebot3_simulations_and_reality/install/turtlebot3_manipulation_gazebo/share/turtlebot3_manipulation_gazebo/models/turtlebot3_home_service_challenge/marker8/meshes/Marker8.dae
[0.532s] -- Installing: /home/hug/turtlebot3_ws/src/turtlebot3_simulations_and_reality/install/turtlebot3_manipulation_gazebo/share/turtlebot3_manipulation_gazebo/models/turtlebot3_home_service_challenge/marker8/model-1_5.sdf
[0.533s] -- Installing: /home/hug/turtlebot3_ws/src/turtlebot3_simulations_and_reality/install/turtlebot3_manipulation_gazebo/share/turtlebot3_manipulation_gazebo/models/turtlebot3_home_service_challenge/marker8/materials
[0.534s] -- Installing: /home/hug/turtlebot3_ws/src/turtlebot3_simulations_and_reality/install/turtlebot3_manipulation_gazebo/share/turtlebot3_manipulation_gazebo/models/turtlebot3_home_service_challenge/marker8/materials/textures
[0.534s] -- Installing: /home/hug/turtlebot3_ws/src/turtlebot3_simulations_and_reality/install/turtlebot3_manipulation_gazebo/share/turtlebot3_manipulation_gazebo/models/turtlebot3_home_service_challenge/marker8/materials/textures/Marker8.png
[0.535s] -- Installing: /home/hug/turtlebot3_ws/src/turtlebot3_simulations_and_reality/install/turtlebot3_manipulation_gazebo/share/turtlebot3_manipulation_gazebo/models/turtlebot3_home_service_challenge/marker8/model-1_4.sdf
[0.535s] -- Installing: /home/hug/turtlebot3_ws/src/turtlebot3_simulations_and_reality/install/turtlebot3_manipulation_gazebo/share/turtlebot3_manipulation_gazebo/models/turtlebot3_home_service_challenge/marker0
[0.535s] -- Installing: /home/hug/turtlebot3_ws/src/turtlebot3_simulations_and_reality/install/turtlebot3_manipulation_gazebo/share/turtlebot3_manipulation_gazebo/models/turtlebot3_home_service_challenge/marker0/model.sdf
[0.536s] -- Installing: /home/hug/turtlebot3_ws/src/turtlebot3_simulations_and_reality/install/turtlebot3_manipulation_gazebo/share/turtlebot3_manipulation_gazebo/models/turtlebot3_home_service_challenge/marker0/model.config
[0.536s] -- Installing: /home/hug/turtlebot3_ws/src/turtlebot3_simulations_and_reality/install/turtlebot3_manipulation_gazebo/share/turtlebot3_manipulation_gazebo/models/turtlebot3_home_service_challenge/marker0/meshes
[0.536s] -- Installing: /home/hug/turtlebot3_ws/src/turtlebot3_simulations_and_reality/install/turtlebot3_manipulation_gazebo/share/turtlebot3_manipulation_gazebo/models/turtlebot3_home_service_challenge/marker0/meshes/Marker0.dae
[0.536s] -- Installing: /home/hug/turtlebot3_ws/src/turtlebot3_simulations_and_reality/install/turtlebot3_manipulation_gazebo/share/turtlebot3_manipulation_gazebo/models/turtlebot3_home_service_challenge/marker0/model-1_5.sdf
[0.537s] -- Installing: /home/hug/turtlebot3_ws/src/turtlebot3_simulations_and_reality/install/turtlebot3_manipulation_gazebo/share/turtlebot3_manipulation_gazebo/models/turtlebot3_home_service_challenge/marker0/materials
[0.537s] -- Installing: /home/hug/turtlebot3_ws/src/turtlebot3_simulations_and_reality/install/turtlebot3_manipulation_gazebo/share/turtlebot3_manipulation_gazebo/models/turtlebot3_home_service_challenge/marker0/materials/textures
[0.537s] -- Installing: /home/hug/turtlebot3_ws/src/turtlebot3_simulations_and_reality/install/turtlebot3_manipulation_gazebo/share/turtlebot3_manipulation_gazebo/models/turtlebot3_home_service_challenge/marker0/materials/textures/Marker0.png
[0.537s] -- Installing: /home/hug/turtlebot3_ws/src/turtlebot3_simulations_and_reality/install/turtlebot3_manipulation_gazebo/share/turtlebot3_manipulation_gazebo/models/turtlebot3_home_service_challenge/marker0/model-1_4.sdf
[0.537s] -- Installing: /home/hug/turtlebot3_ws/src/turtlebot3_simulations_and_reality/install/turtlebot3_manipulation_gazebo/share/turtlebot3_manipulation_gazebo/models/turtlebot3_home_service_challenge/marker3
[0.537s] -- Installing: /home/hug/turtlebot3_ws/src/turtlebot3_simulations_and_reality/install/turtlebot3_manipulation_gazebo/share/turtlebot3_manipulation_gazebo/models/turtlebot3_home_service_challenge/marker3/model.sdf
[0.537s] -- Installing: /home/hug/turtlebot3_ws/src/turtlebot3_simulations_and_reality/install/turtlebot3_manipulation_gazebo/share/turtlebot3_manipulation_gazebo/models/turtlebot3_home_service_challenge/marker3/model.config
[0.537s] -- Installing: /home/hug/turtlebot3_ws/src/turtlebot3_simulations_and_reality/install/turtlebot3_manipulation_gazebo/share/turtlebot3_manipulation_gazebo/models/turtlebot3_home_service_challenge/marker3/meshes
[0.538s] -- Installing: /home/hug/turtlebot3_ws/src/turtlebot3_simulations_and_reality/install/turtlebot3_manipulation_gazebo/share/turtlebot3_manipulation_gazebo/models/turtlebot3_home_service_challenge/marker3/meshes/Marker3.dae
[0.538s] -- Installing: /home/hug/turtlebot3_ws/src/turtlebot3_simulations_and_reality/install/turtlebot3_manipulation_gazebo/share/turtlebot3_manipulation_gazebo/models/turtlebot3_home_service_challenge/marker3/model-1_5.sdf
[0.538s] -- Installing: /home/hug/turtlebot3_ws/src/turtlebot3_simulations_and_reality/install/turtlebot3_manipulation_gazebo/share/turtlebot3_manipulation_gazebo/models/turtlebot3_home_service_challenge/marker3/materials
[0.538s] -- Installing: /home/hug/turtlebot3_ws/src/turtlebot3_simulations_and_reality/install/turtlebot3_manipulation_gazebo/share/turtlebot3_manipulation_gazebo/models/turtlebot3_home_service_challenge/marker3/materials/textures
[0.538s] -- Installing: /home/hug/turtlebot3_ws/src/turtlebot3_simulations_and_reality/install/turtlebot3_manipulation_gazebo/share/turtlebot3_manipulation_gazebo/models/turtlebot3_home_service_challenge/marker3/materials/textures/Marker3.png
[0.538s] -- Installing: /home/hug/turtlebot3_ws/src/turtlebot3_simulations_and_reality/install/turtlebot3_manipulation_gazebo/share/turtlebot3_manipulation_gazebo/models/turtlebot3_home_service_challenge/marker3/model-1_4.sdf
[0.538s] -- Installing: /home/hug/turtlebot3_ws/src/turtlebot3_simulations_and_reality/install/turtlebot3_manipulation_gazebo/share/turtlebot3_manipulation_gazebo/models/turtlebot3_home_service_challenge/marker2
[0.538s] -- Installing: /home/hug/turtlebot3_ws/src/turtlebot3_simulations_and_reality/install/turtlebot3_manipulation_gazebo/share/turtlebot3_manipulation_gazebo/models/turtlebot3_home_service_challenge/marker2/model.sdf
[0.538s] -- Installing: /home/hug/turtlebot3_ws/src/turtlebot3_simulations_and_reality/install/turtlebot3_manipulation_gazebo/share/turtlebot3_manipulation_gazebo/models/turtlebot3_home_service_challenge/marker2/model.config
[0.538s] -- Installing: /home/hug/turtlebot3_ws/src/turtlebot3_simulations_and_reality/install/turtlebot3_manipulation_gazebo/share/turtlebot3_manipulation_gazebo/models/turtlebot3_home_service_challenge/marker2/meshes
[0.538s] -- Installing: /home/hug/turtlebot3_ws/src/turtlebot3_simulations_and_reality/install/turtlebot3_manipulation_gazebo/share/turtlebot3_manipulation_gazebo/models/turtlebot3_home_service_challenge/marker2/meshes/Marker2.dae
[0.539s] -- Installing: /home/hug/turtlebot3_ws/src/turtlebot3_simulations_and_reality/install/turtlebot3_manipulation_gazebo/share/turtlebot3_manipulation_gazebo/models/turtlebot3_home_service_challenge/marker2/model-1_5.sdf
[0.539s] -- Installing: /home/hug/turtlebot3_ws/src/turtlebot3_simulations_and_reality/install/turtlebot3_manipulation_gazebo/share/turtlebot3_manipulation_gazebo/models/turtlebot3_home_service_challenge/marker2/materials
[0.539s] -- Installing: /home/hug/turtlebot3_ws/src/turtlebot3_simulations_and_reality/install/turtlebot3_manipulation_gazebo/share/turtlebot3_manipulation_gazebo/models/turtlebot3_home_service_challenge/marker2/materials/textures
[0.539s] -- Installing: /home/hug/turtlebot3_ws/src/turtlebot3_simulations_and_reality/install/turtlebot3_manipulation_gazebo/share/turtlebot3_manipulation_gazebo/models/turtlebot3_home_service_challenge/marker2/materials/textures/Marker2.png
[0.539s] -- Installing: /home/hug/turtlebot3_ws/src/turtlebot3_simulations_and_reality/install/turtlebot3_manipulation_gazebo/share/turtlebot3_manipulation_gazebo/models/turtlebot3_home_service_challenge/marker2/model-1_4.sdf
[0.539s] -- Installing: /home/hug/turtlebot3_ws/src/turtlebot3_simulations_and_reality/install/turtlebot3_manipulation_gazebo/share/turtlebot3_manipulation_gazebo/models/turtlebot3_home_service_challenge/marker9
[0.539s] -- Installing: /home/hug/turtlebot3_ws/src/turtlebot3_simulations_and_reality/install/turtlebot3_manipulation_gazebo/share/turtlebot3_manipulation_gazebo/models/turtlebot3_home_service_challenge/marker9/model.sdf
[0.539s] -- Installing: /home/hug/turtlebot3_ws/src/turtlebot3_simulations_and_reality/install/turtlebot3_manipulation_gazebo/share/turtlebot3_manipulation_gazebo/models/turtlebot3_home_service_challenge/marker9/model.config
[0.540s] -- Installing: /home/hug/turtlebot3_ws/src/turtlebot3_simulations_and_reality/install/turtlebot3_manipulation_gazebo/share/turtlebot3_manipulation_gazebo/models/turtlebot3_home_service_challenge/marker9/meshes
[0.540s] -- Installing: /home/hug/turtlebot3_ws/src/turtlebot3_simulations_and_reality/install/turtlebot3_manipulation_gazebo/share/turtlebot3_manipulation_gazebo/models/turtlebot3_home_service_challenge/marker9/meshes/Marker9.dae
[0.540s] -- Installing: /home/hug/turtlebot3_ws/src/turtlebot3_simulations_and_reality/install/turtlebot3_manipulation_gazebo/share/turtlebot3_manipulation_gazebo/models/turtlebot3_home_service_challenge/marker9/model-1_5.sdf
[0.540s] -- Installing: /home/hug/turtlebot3_ws/src/turtlebot3_simulations_and_reality/install/turtlebot3_manipulation_gazebo/share/turtlebot3_manipulation_gazebo/models/turtlebot3_home_service_challenge/marker9/materials
[0.540s] -- Installing: /home/hug/turtlebot3_ws/src/turtlebot3_simulations_and_reality/install/turtlebot3_manipulation_gazebo/share/turtlebot3_manipulation_gazebo/models/turtlebot3_home_service_challenge/marker9/materials/textures
[0.540s] -- Installing: /home/hug/turtlebot3_ws/src/turtlebot3_simulations_and_reality/install/turtlebot3_manipulation_gazebo/share/turtlebot3_manipulation_gazebo/models/turtlebot3_home_service_challenge/marker9/materials/textures/Marker9.png
[0.540s] -- Installing: /home/hug/turtlebot3_ws/src/turtlebot3_simulations_and_reality/install/turtlebot3_manipulation_gazebo/share/turtlebot3_manipulation_gazebo/models/turtlebot3_home_service_challenge/marker9/model-1_4.sdf
[0.540s] -- Installing: /home/hug/turtlebot3_ws/src/turtlebot3_simulations_and_reality/install/turtlebot3_manipulation_gazebo/share/turtlebot3_manipulation_gazebo/models/turtlebot3_home_service_challenge/marker5
[0.540s] -- Installing: /home/hug/turtlebot3_ws/src/turtlebot3_simulations_and_reality/install/turtlebot3_manipulation_gazebo/share/turtlebot3_manipulation_gazebo/models/turtlebot3_home_service_challenge/marker5/model.sdf
[0.540s] -- Installing: /home/hug/turtlebot3_ws/src/turtlebot3_simulations_and_reality/install/turtlebot3_manipulation_gazebo/share/turtlebot3_manipulation_gazebo/models/turtlebot3_home_service_challenge/marker5/model.config
[0.540s] -- Installing: /home/hug/turtlebot3_ws/src/turtlebot3_simulations_and_reality/install/turtlebot3_manipulation_gazebo/share/turtlebot3_manipulation_gazebo/models/turtlebot3_home_service_challenge/marker5/meshes
[0.540s] -- Installing: /home/hug/turtlebot3_ws/src/turtlebot3_simulations_and_reality/install/turtlebot3_manipulation_gazebo/share/turtlebot3_manipulation_gazebo/models/turtlebot3_home_service_challenge/marker5/meshes/Marker5.dae
[0.540s] -- Installing: /home/hug/turtlebot3_ws/src/turtlebot3_simulations_and_reality/install/turtlebot3_manipulation_gazebo/share/turtlebot3_manipulation_gazebo/models/turtlebot3_home_service_challenge/marker5/model-1_5.sdf
[0.541s] -- Installing: /home/hug/turtlebot3_ws/src/turtlebot3_simulations_and_reality/install/turtlebot3_manipulation_gazebo/share/turtlebot3_manipulation_gazebo/models/turtlebot3_home_service_challenge/marker5/materials
[0.541s] -- Installing: /home/hug/turtlebot3_ws/src/turtlebot3_simulations_and_reality/install/turtlebot3_manipulation_gazebo/share/turtlebot3_manipulation_gazebo/models/turtlebot3_home_service_challenge/marker5/materials/textures
[0.541s] -- Installing: /home/hug/turtlebot3_ws/src/turtlebot3_simulations_and_reality/install/turtlebot3_manipulation_gazebo/share/turtlebot3_manipulation_gazebo/models/turtlebot3_home_service_challenge/marker5/materials/textures/Marker5.png
[0.541s] -- Installing: /home/hug/turtlebot3_ws/src/turtlebot3_simulations_and_reality/install/turtlebot3_manipulation_gazebo/share/turtlebot3_manipulation_gazebo/models/turtlebot3_home_service_challenge/marker5/model-1_4.sdf
[0.541s] -- Installing: /home/hug/turtlebot3_ws/src/turtlebot3_simulations_and_reality/install/turtlebot3_manipulation_gazebo/share/turtlebot3_manipulation_gazebo/models/turtlebot3_home_service_challenge/marker7
[0.541s] -- Installing: /home/hug/turtlebot3_ws/src/turtlebot3_simulations_and_reality/install/turtlebot3_manipulation_gazebo/share/turtlebot3_manipulation_gazebo/models/turtlebot3_home_service_challenge/marker7/model.sdf
[0.541s] -- Installing: /home/hug/turtlebot3_ws/src/turtlebot3_simulations_and_reality/install/turtlebot3_manipulation_gazebo/share/turtlebot3_manipulation_gazebo/models/turtlebot3_home_service_challenge/marker7/model.config
[0.541s] -- Installing: /home/hug/turtlebot3_ws/src/turtlebot3_simulations_and_reality/install/turtlebot3_manipulation_gazebo/share/turtlebot3_manipulation_gazebo/models/turtlebot3_home_service_challenge/marker7/meshes
[0.541s] -- Installing: /home/hug/turtlebot3_ws/src/turtlebot3_simulations_and_reality/install/turtlebot3_manipulation_gazebo/share/turtlebot3_manipulation_gazebo/models/turtlebot3_home_service_challenge/marker7/meshes/Marker7.dae
[0.541s] -- Installing: /home/hug/turtlebot3_ws/src/turtlebot3_simulations_and_reality/install/turtlebot3_manipulation_gazebo/share/turtlebot3_manipulation_gazebo/models/turtlebot3_home_service_challenge/marker7/model-1_5.sdf
[0.541s] -- Installing: /home/hug/turtlebot3_ws/src/turtlebot3_simulations_and_reality/install/turtlebot3_manipulation_gazebo/share/turtlebot3_manipulation_gazebo/models/turtlebot3_home_service_challenge/marker7/materials
[0.541s] -- Installing: /home/hug/turtlebot3_ws/src/turtlebot3_simulations_and_reality/install/turtlebot3_manipulation_gazebo/share/turtlebot3_manipulation_gazebo/models/turtlebot3_home_service_challenge/marker7/materials/textures
[0.541s] -- Installing: /home/hug/turtlebot3_ws/src/turtlebot3_simulations_and_reality/install/turtlebot3_manipulation_gazebo/share/turtlebot3_manipulation_gazebo/models/turtlebot3_home_service_challenge/marker7/materials/textures/Marker7.png
[0.542s] -- Installing: /home/hug/turtlebot3_ws/src/turtlebot3_simulations_and_reality/install/turtlebot3_manipulation_gazebo/share/turtlebot3_manipulation_gazebo/models/turtlebot3_home_service_challenge/marker7/model-1_4.sdf
[0.542s] -- Installing: /home/hug/turtlebot3_ws/src/turtlebot3_simulations_and_reality/install/turtlebot3_manipulation_gazebo/share/turtlebot3_manipulation_gazebo/models/turtlebot3_home_service_challenge/marker1
[0.542s] -- Installing: /home/hug/turtlebot3_ws/src/turtlebot3_simulations_and_reality/install/turtlebot3_manipulation_gazebo/share/turtlebot3_manipulation_gazebo/models/turtlebot3_home_service_challenge/marker1/model.sdf
[0.542s] -- Installing: /home/hug/turtlebot3_ws/src/turtlebot3_simulations_and_reality/install/turtlebot3_manipulation_gazebo/share/turtlebot3_manipulation_gazebo/models/turtlebot3_home_service_challenge/marker1/model.config
[0.542s] -- Installing: /home/hug/turtlebot3_ws/src/turtlebot3_simulations_and_reality/install/turtlebot3_manipulation_gazebo/share/turtlebot3_manipulation_gazebo/models/turtlebot3_home_service_challenge/marker1/meshes
[0.542s] -- Installing: /home/hug/turtlebot3_ws/src/turtlebot3_simulations_and_reality/install/turtlebot3_manipulation_gazebo/share/turtlebot3_manipulation_gazebo/models/turtlebot3_home_service_challenge/marker1/meshes/Marker1.dae
[0.542s] -- Installing: /home/hug/turtlebot3_ws/src/turtlebot3_simulations_and_reality/install/turtlebot3_manipulation_gazebo/share/turtlebot3_manipulation_gazebo/models/turtlebot3_home_service_challenge/marker1/model-1_5.sdf
[0.542s] -- Installing: /home/hug/turtlebot3_ws/src/turtlebot3_simulations_and_reality/install/turtlebot3_manipulation_gazebo/share/turtlebot3_manipulation_gazebo/models/turtlebot3_home_service_challenge/marker1/materials
[0.542s] -- Installing: /home/hug/turtlebot3_ws/src/turtlebot3_simulations_and_reality/install/turtlebot3_manipulation_gazebo/share/turtlebot3_manipulation_gazebo/models/turtlebot3_home_service_challenge/marker1/materials/textures
[0.542s] -- Installing: /home/hug/turtlebot3_ws/src/turtlebot3_simulations_and_reality/install/turtlebot3_manipulation_gazebo/share/turtlebot3_manipulation_gazebo/models/turtlebot3_home_service_challenge/marker1/materials/textures/Marker1.png
[0.543s] -- Installing: /home/hug/turtlebot3_ws/src/turtlebot3_simulations_and_reality/install/turtlebot3_manipulation_gazebo/share/turtlebot3_manipulation_gazebo/models/turtlebot3_home_service_challenge/marker1/model-1_4.sdf
[0.543s] -- Installing: /home/hug/turtlebot3_ws/src/turtlebot3_simulations_and_reality/install/turtlebot3_manipulation_gazebo/share/turtlebot3_manipulation_gazebo/meshes
[0.543s] -- Installing: /home/hug/turtlebot3_ws/src/turtlebot3_simulations_and_reality/install/turtlebot3_manipulation_gazebo/share/turtlebot3_manipulation_gazebo/meshes/open_manipulator_x
[0.543s] -- Installing: /home/hug/turtlebot3_ws/src/turtlebot3_simulations_and_reality/install/turtlebot3_manipulation_gazebo/share/turtlebot3_manipulation_gazebo/meshes/open_manipulator_x/gripper_right_palm.stl
[0.544s] -- Installing: /home/hug/turtlebot3_ws/src/turtlebot3_simulations_and_reality/install/turtlebot3_manipulation_gazebo/share/turtlebot3_manipulation_gazebo/meshes/open_manipulator_x/link1.stl
[0.547s] -- Installing: /home/hug/turtlebot3_ws/src/turtlebot3_simulations_and_reality/install/turtlebot3_manipulation_gazebo/share/turtlebot3_manipulation_gazebo/meshes/open_manipulator_x/link4.stl
[0.549s] -- Installing: /home/hug/turtlebot3_ws/src/turtlebot3_simulations_and_reality/install/turtlebot3_manipulation_gazebo/share/turtlebot3_manipulation_gazebo/meshes/open_manipulator_x/link2.stl
[0.550s] -- Installing: /home/hug/turtlebot3_ws/src/turtlebot3_simulations_and_reality/install/turtlebot3_manipulation_gazebo/share/turtlebot3_manipulation_gazebo/meshes/open_manipulator_x/gripper_left_palm.stl
[0.551s] -- Installing: /home/hug/turtlebot3_ws/src/turtlebot3_simulations_and_reality/install/turtlebot3_manipulation_gazebo/share/turtlebot3_manipulation_gazebo/meshes/open_manipulator_x/link3.stl
[0.553s] -- Installing: /home/hug/turtlebot3_ws/src/turtlebot3_simulations_and_reality/install/turtlebot3_manipulation_gazebo/share/turtlebot3_manipulation_gazebo/meshes/open_manipulator_x/link5.stl
[0.554s] -- Installing: /home/hug/turtlebot3_ws/src/turtlebot3_simulations_and_reality/install/turtlebot3_manipulation_gazebo/share/turtlebot3_manipulation_gazebo/meshes/turtlebot3_waffle_pi
[0.554s] -- Installing: /home/hug/turtlebot3_ws/src/turtlebot3_simulations_and_reality/install/turtlebot3_manipulation_gazebo/share/turtlebot3_manipulation_gazebo/meshes/turtlebot3_waffle_pi/base.stl
[0.567s] -- Installing: /home/hug/turtlebot3_ws/src/turtlebot3_simulations_and_reality/install/turtlebot3_manipulation_gazebo/share/turtlebot3_manipulation_gazebo/meshes/turtlebot3_waffle_pi/ladar.stl
[0.569s] -- Installing: /home/hug/turtlebot3_ws/src/turtlebot3_simulations_and_reality/install/turtlebot3_manipulation_gazebo/share/turtlebot3_manipulation_gazebo/meshes/turtlebot3_waffle_pi/right_tire.stl
[0.572s] -- Installing: /home/hug/turtlebot3_ws/src/turtlebot3_simulations_and_reality/install/turtlebot3_manipulation_gazebo/share/turtlebot3_manipulation_gazebo/meshes/turtlebot3_waffle_pi/left_tire.stl
[0.575s] -- Installing: /home/hug/turtlebot3_ws/src/turtlebot3_simulations_and_reality/install/turtlebot3_manipulation_gazebo/share/ament_index/resource_index/package_run_dependencies/turtlebot3_manipulation_gazebo
[0.575s] -- Installing: /home/hug/turtlebot3_ws/src/turtlebot3_simulations_and_reality/install/turtlebot3_manipulation_gazebo/share/ament_index/resource_index/parent_prefix_path/turtlebot3_manipulation_gazebo
[0.575s] -- Installing: /home/hug/turtlebot3_ws/src/turtlebot3_simulations_and_reality/install/turtlebot3_manipulation_gazebo/share/turtlebot3_manipulation_gazebo/environment/ament_prefix_path.sh
[0.575s] -- Installing: /home/hug/turtlebot3_ws/src/turtlebot3_simulations_and_reality/install/turtlebot3_manipulation_gazebo/share/turtlebot3_manipulation_gazebo/environment/ament_prefix_path.dsv
[0.576s] -- Installing: /home/hug/turtlebot3_ws/src/turtlebot3_simulations_and_reality/install/turtlebot3_manipulation_gazebo/share/turtlebot3_manipulation_gazebo/environment/path.sh
[0.576s] -- Installing: /home/hug/turtlebot3_ws/src/turtlebot3_simulations_and_reality/install/turtlebot3_manipulation_gazebo/share/turtlebot3_manipulation_gazebo/environment/path.dsv
[0.576s] -- Installing: /home/hug/turtlebot3_ws/src/turtlebot3_simulations_and_reality/install/turtlebot3_manipulation_gazebo/share/turtlebot3_manipulation_gazebo/local_setup.bash
[0.576s] -- Installing: /home/hug/turtlebot3_ws/src/turtlebot3_simulations_and_reality/install/turtlebot3_manipulation_gazebo/share/turtlebot3_manipulation_gazebo/local_setup.sh
[0.576s] -- Installing: /home/hug/turtlebot3_ws/src/turtlebot3_simulations_and_reality/install/turtlebot3_manipulation_gazebo/share/turtlebot3_manipulation_gazebo/local_setup.zsh
[0.576s] -- Installing: /home/hug/turtlebot3_ws/src/turtlebot3_simulations_and_reality/install/turtlebot3_manipulation_gazebo/share/turtlebot3_manipulation_gazebo/local_setup.dsv
[0.577s] -- Installing: /home/hug/turtlebot3_ws/src/turtlebot3_simulations_and_reality/install/turtlebot3_manipulation_gazebo/share/turtlebot3_manipulation_gazebo/package.dsv
[0.577s] -- Installing: /home/hug/turtlebot3_ws/src/turtlebot3_simulations_and_reality/install/turtlebot3_manipulation_gazebo/share/ament_index/resource_index/packages/turtlebot3_manipulation_gazebo
[0.577s] -- Installing: /home/hug/turtlebot3_ws/src/turtlebot3_simulations_and_reality/install/turtlebot3_manipulation_gazebo/share/turtlebot3_manipulation_gazebo/cmake/turtlebot3_manipulation_gazeboConfig.cmake
[0.577s] -- Installing: /home/hug/turtlebot3_ws/src/turtlebot3_simulations_and_reality/install/turtlebot3_manipulation_gazebo/share/turtlebot3_manipulation_gazebo/cmake/turtlebot3_manipulation_gazeboConfig-version.cmake
[0.577s] -- Installing: /home/hug/turtlebot3_ws/src/turtlebot3_simulations_and_reality/install/turtlebot3_manipulation_gazebo/share/turtlebot3_manipulation_gazebo/package.xml
