[0.014s] Invoking command in '/home/hug/turtlebot3_ws/src/turtlebot3_simulations_and_reality/build/turtlebot3_opentcs_simulations': /usr/bin/cmake /home/hug/turtlebot3_ws/src/turtlebot3_simulations_and_reality/turtlebot3_opentcs_simulations -DCATKIN_INSTALL_INTO_PREFIX_ROOT=0 -DCMAKE_INSTALL_PREFIX=/home/hug/turtlebot3_ws/src/turtlebot3_simulations_and_reality/install/turtlebot3_opentcs_simulations
[0.065s] -- The C compiler identification is GNU 11.4.0
[0.115s] -- The CXX compiler identification is GNU 11.4.0
[0.121s] -- Detecting C compiler ABI info
[0.167s] -- Detecting C compiler ABI info - done
[0.175s] -- Check for working C compiler: /usr/bin/cc - skipped
[0.176s] -- Detecting C compile features
[0.176s] -- Detecting C compile features - done
[0.179s] -- Detecting CXX compiler ABI info
[0.252s] -- Detecting CXX compiler ABI info - done
[0.257s] -- Check for working CXX compiler: /usr/bin/c++ - skipped
[0.257s] -- Detecting CXX compile features
[0.258s] -- Detecting CXX compile features - done
[0.259s] -- Found ament_cmake: 1.3.12 (/opt/ros/humble/share/ament_cmake/cmake)
[0.377s] -- Found Python3: /usr/bin/python3 (found version "3.10.12") found components: Interpreter 
[0.507s] [31mCMake Error at /opt/ros/humble/share/ament_cmake_core/cmake/core/ament_package_xml.cmake:53 (message):
[0.507s]   ament_package_xml() package name 'turtlebot3_opentcs_simulations' in
[0.507s]   '/package.xml' does not match current PROJECT_NAME
[0.507s]   'turtlebot3_simulations'.  You must call project() with the same package
[0.507s]   name before.
[0.507s] Call Stack (most recent call first):
[0.508s]   /opt/ros/humble/share/ament_cmake_core/cmake/core/ament_package.cmake:63 (ament_package_xml)
[0.508s]   CMakeLists.txt:9 (ament_package)
[0.508s] 
[0.508s] [0m
[0.508s] -- Configuring incomplete, errors occurred!
[0.508s] See also "/home/hug/turtlebot3_ws/src/turtlebot3_simulations_and_reality/build/turtlebot3_opentcs_simulations/CMakeFiles/CMakeOutput.log".
[0.514s] Invoked command in '/home/hug/turtlebot3_ws/src/turtlebot3_simulations_and_reality/build/turtlebot3_opentcs_simulations' returned '1': /usr/bin/cmake /home/hug/turtlebot3_ws/src/turtlebot3_simulations_and_reality/turtlebot3_opentcs_simulations -DCATKIN_INSTALL_INTO_PREFIX_ROOT=0 -DCMAKE_INSTALL_PREFIX=/home/hug/turtlebot3_ws/src/turtlebot3_simulations_and_reality/install/turtlebot3_opentcs_simulations
