[0.787s] Invoking command in '/home/hug/tb3_sim_ws/src/turtlebot3_drl_local_planner': PYTHONPATH=/home/hug/tb3_sim_ws/build/turtlebot3_drl_local_planner/prefix_override:/usr/lib/python3/dist-packages/colcon_core/task/python/colcon_distutils_commands:/home/hug/tb3_sim_ws/install/turtlebot3_drl_local_planner/lib/python3.10/site-packages:${PYTHONPATH} /usr/bin/python3 -W ignore:setup.py install is deprecated -W ignore:easy_install command is deprecated setup.py egg_info --egg-base ../../build/turtlebot3_drl_local_planner build --build-base /home/hug/tb3_sim_ws/build/turtlebot3_drl_local_planner/build install --record /home/hug/tb3_sim_ws/build/turtlebot3_drl_local_planner/install.log --single-version-externally-managed install_data
[1.033s] running egg_info
[1.034s] writing ../../build/turtlebot3_drl_local_planner/turtlebot3_drl_local_planner.egg-info/PKG-INFO
[1.035s] writing dependency_links to ../../build/turtlebot3_drl_local_planner/turtlebot3_drl_local_planner.egg-info/dependency_links.txt
[1.035s] writing entry points to ../../build/turtlebot3_drl_local_planner/turtlebot3_drl_local_planner.egg-info/entry_points.txt
[1.035s] writing requirements to ../../build/turtlebot3_drl_local_planner/turtlebot3_drl_local_planner.egg-info/requires.txt
[1.035s] writing top-level names to ../../build/turtlebot3_drl_local_planner/turtlebot3_drl_local_planner.egg-info/top_level.txt
[1.038s] reading manifest file '../../build/turtlebot3_drl_local_planner/turtlebot3_drl_local_planner.egg-info/SOURCES.txt'
[1.039s] writing manifest file '../../build/turtlebot3_drl_local_planner/turtlebot3_drl_local_planner.egg-info/SOURCES.txt'
[1.040s] running build
[1.040s] running build_py
[1.041s] running install
[1.041s] running install_lib
[1.044s] running install_data
[1.044s] running install_egg_info
[1.046s] removing '/home/hug/tb3_sim_ws/install/turtlebot3_drl_local_planner/lib/python3.10/site-packages/turtlebot3_drl_local_planner-0.1.0-py3.10.egg-info' (and everything under it)
[1.047s] Copying ../../build/turtlebot3_drl_local_planner/turtlebot3_drl_local_planner.egg-info to /home/hug/tb3_sim_ws/install/turtlebot3_drl_local_planner/lib/python3.10/site-packages/turtlebot3_drl_local_planner-0.1.0-py3.10.egg-info
[1.048s] running install_scripts
[1.070s] Installing drl_controller_node script to /home/hug/tb3_sim_ws/install/turtlebot3_drl_local_planner/lib/turtlebot3_drl_local_planner
[1.070s] Installing eval_policy script to /home/hug/tb3_sim_ws/install/turtlebot3_drl_local_planner/lib/turtlebot3_drl_local_planner
[1.070s] Installing eval_shadow_compare script to /home/hug/tb3_sim_ws/install/turtlebot3_drl_local_planner/lib/turtlebot3_drl_local_planner
[1.071s] Installing export_policy script to /home/hug/tb3_sim_ws/install/turtlebot3_drl_local_planner/lib/turtlebot3_drl_local_planner
[1.071s] Installing train_gap_sac script to /home/hug/tb3_sim_ws/install/turtlebot3_drl_local_planner/lib/turtlebot3_drl_local_planner
[1.071s] writing list of installed files to '/home/hug/tb3_sim_ws/build/turtlebot3_drl_local_planner/install.log'
[1.127s] Invoked command in '/home/hug/tb3_sim_ws/src/turtlebot3_drl_local_planner' returned '0': PYTHONPATH=/home/hug/tb3_sim_ws/build/turtlebot3_drl_local_planner/prefix_override:/usr/lib/python3/dist-packages/colcon_core/task/python/colcon_distutils_commands:/home/hug/tb3_sim_ws/install/turtlebot3_drl_local_planner/lib/python3.10/site-packages:${PYTHONPATH} /usr/bin/python3 -W ignore:setup.py install is deprecated -W ignore:easy_install command is deprecated setup.py egg_info --egg-base ../../build/turtlebot3_drl_local_planner build --build-base /home/hug/tb3_sim_ws/build/turtlebot3_drl_local_planner/build install --record /home/hug/tb3_sim_ws/build/turtlebot3_drl_local_planner/install.log --single-version-externally-managed install_data
